[2022-12-18T08:43:06.148+0900][gc] Using G1
[2022-12-18T08:43:06.149+0900][gc,init] Version: 17.0.5+8-LTS (release)
[2022-12-18T08:43:06.149+0900][gc,init] CPUs: 8 total, 8 available
[2022-12-18T08:43:06.149+0900][gc,init] Memory: 8192M
[2022-12-18T08:43:06.149+0900][gc,init] Large Page Support: Disabled
[2022-12-18T08:43:06.149+0900][gc,init] NUMA Support: Disabled
[2022-12-18T08:43:06.149+0900][gc,init] Compressed Oops: Enabled (Zero based)
[2022-12-18T08:43:06.149+0900][gc,init] Heap Region Size: 1M
[2022-12-18T08:43:06.149+0900][gc,init] Heap Min Capacity: 1G
[2022-12-18T08:43:06.149+0900][gc,init] Heap Initial Capacity: 1G
[2022-12-18T08:43:06.149+0900][gc,init] Heap Max Capacity: 1G
[2022-12-18T08:43:06.149+0900][gc,init] Pre-touch: Disabled
[2022-12-18T08:43:06.149+0900][gc,init] Parallel Workers: 8
[2022-12-18T08:43:06.149+0900][gc,init] Concurrent Workers: 2
[2022-12-18T08:43:06.149+0900][gc,init] Concurrent Refinement Workers: 8
[2022-12-18T08:43:06.149+0900][gc,init] Periodic GC: Disabled
[2022-12-18T08:43:06.149+0900][gc,metaspace] CDS archive(s) mapped at: [0x0000000800000000-0x0000000800bd8000-0x0000000800bd8000), size 12419072, SharedBaseAddress: 0x0000000800000000, ArchiveRelocationMode: 0.
[2022-12-18T08:43:06.149+0900][gc,metaspace] Compressed class space mapped at: 0x0000000800c00000-0x0000000840c00000, reserved size: 1073741824
[2022-12-18T08:43:06.149+0900][gc,metaspace] Narrow klass base: 0x0000000800000000, Narrow klass shift: 0, Narrow klass range: 0x100000000
[2022-12-18T08:43:07.018+0900][gc,start    ] GC(0) Pause Young (Normal) (G1 Evacuation Pause)
[2022-12-18T08:43:07.018+0900][gc,task     ] GC(0) Using 8 workers of 8 for evacuation
[2022-12-18T08:43:07.021+0900][gc,phases   ] GC(0)   Pre Evacuate Collection Set: 0.1ms
[2022-12-18T08:43:07.021+0900][gc,phases   ] GC(0)   Merge Heap Roots: 0.0ms
[2022-12-18T08:43:07.021+0900][gc,phases   ] GC(0)   Evacuate Collection Set: 2.4ms
[2022-12-18T08:43:07.021+0900][gc,phases   ] GC(0)   Post Evacuate Collection Set: 0.2ms
[2022-12-18T08:43:07.021+0900][gc,phases   ] GC(0)   Other: 0.2ms
[2022-12-18T08:43:07.021+0900][gc,heap     ] GC(0) Eden regions: 51->0(44)
[2022-12-18T08:43:07.021+0900][gc,heap     ] GC(0) Survivor regions: 0->7(7)
[2022-12-18T08:43:07.021+0900][gc,heap     ] GC(0) Old regions: 0->1
[2022-12-18T08:43:07.021+0900][gc,heap     ] GC(0) Archive regions: 2->2
[2022-12-18T08:43:07.021+0900][gc,heap     ] GC(0) Humongous regions: 0->0
[2022-12-18T08:43:07.021+0900][gc,metaspace] GC(0) Metaspace: 18687K(18880K)->18687K(18880K) NonClass: 16184K(16256K)->16184K(16256K) Class: 2503K(2624K)->2503K(2624K)
[2022-12-18T08:43:07.021+0900][gc          ] GC(0) Pause Young (Normal) (G1 Evacuation Pause) 51M->8M(1024M) 3.103ms
[2022-12-18T08:43:07.021+0900][gc,cpu      ] GC(0) User=0.01s Sys=0.00s Real=0.01s
[2022-12-18T08:43:07.114+0900][gc,start    ] GC(1) Pause Young (Concurrent Start) (Metadata GC Threshold)
[2022-12-18T08:43:07.114+0900][gc,task     ] GC(1) Using 8 workers of 8 for evacuation
[2022-12-18T08:43:07.117+0900][gc,phases   ] GC(1)   Pre Evacuate Collection Set: 0.1ms
[2022-12-18T08:43:07.118+0900][gc,phases   ] GC(1)   Merge Heap Roots: 0.0ms
[2022-12-18T08:43:07.118+0900][gc,phases   ] GC(1)   Evacuate Collection Set: 3.2ms
[2022-12-18T08:43:07.118+0900][gc,phases   ] GC(1)   Post Evacuate Collection Set: 0.2ms
[2022-12-18T08:43:07.118+0900][gc,phases   ] GC(1)   Other: 0.1ms
[2022-12-18T08:43:07.118+0900][gc,heap     ] GC(1) Eden regions: 10->0(49)
[2022-12-18T08:43:07.118+0900][gc,heap     ] GC(1) Survivor regions: 7->2(7)
[2022-12-18T08:43:07.118+0900][gc,heap     ] GC(1) Old regions: 1->8
[2022-12-18T08:43:07.118+0900][gc,heap     ] GC(1) Archive regions: 2->2
[2022-12-18T08:43:07.118+0900][gc,heap     ] GC(1) Humongous regions: 0->0
[2022-12-18T08:43:07.118+0900][gc,metaspace] GC(1) Metaspace: 21290K(21504K)->21290K(21504K) NonClass: 18427K(18496K)->18427K(18496K) Class: 2863K(3008K)->2863K(3008K)
[2022-12-18T08:43:07.118+0900][gc          ] GC(1) Pause Young (Concurrent Start) (Metadata GC Threshold) 18M->9M(1024M) 3.715ms
[2022-12-18T08:43:07.118+0900][gc,cpu      ] GC(1) User=0.01s Sys=0.01s Real=0.00s
[2022-12-18T08:43:07.118+0900][gc          ] GC(2) Concurrent Mark Cycle
[2022-12-18T08:43:07.118+0900][gc,marking  ] GC(2) Concurrent Clear Claimed Marks
[2022-12-18T08:43:07.118+0900][gc,marking  ] GC(2) Concurrent Clear Claimed Marks 0.012ms
[2022-12-18T08:43:07.118+0900][gc,marking  ] GC(2) Concurrent Scan Root Regions
[2022-12-18T08:43:07.119+0900][gc,marking  ] GC(2) Concurrent Scan Root Regions 1.681ms
[2022-12-18T08:43:07.119+0900][gc,marking  ] GC(2) Concurrent Mark
[2022-12-18T08:43:07.119+0900][gc,marking  ] GC(2) Concurrent Mark From Roots
[2022-12-18T08:43:07.119+0900][gc,task     ] GC(2) Using 2 workers of 2 for marking
[2022-12-18T08:43:07.120+0900][gc,marking  ] GC(2) Concurrent Mark From Roots 0.657ms
[2022-12-18T08:43:07.120+0900][gc,marking  ] GC(2) Concurrent Preclean
[2022-12-18T08:43:07.120+0900][gc,marking  ] GC(2) Concurrent Preclean 0.013ms
[2022-12-18T08:43:07.120+0900][gc,start    ] GC(2) Pause Remark
[2022-12-18T08:43:07.121+0900][gc          ] GC(2) Pause Remark 9M->9M(1024M) 0.894ms
[2022-12-18T08:43:07.121+0900][gc,cpu      ] GC(2) User=0.00s Sys=0.00s Real=0.00s
[2022-12-18T08:43:07.121+0900][gc,marking  ] GC(2) Concurrent Mark 1.670ms
[2022-12-18T08:43:07.121+0900][gc,marking  ] GC(2) Concurrent Rebuild Remembered Sets
[2022-12-18T08:43:07.123+0900][gc,marking  ] GC(2) Concurrent Rebuild Remembered Sets 1.562ms
[2022-12-18T08:43:07.123+0900][gc,start    ] GC(2) Pause Cleanup
[2022-12-18T08:43:07.123+0900][gc          ] GC(2) Pause Cleanup 9M->9M(1024M) 0.068ms
[2022-12-18T08:43:07.123+0900][gc,cpu      ] GC(2) User=0.00s Sys=0.00s Real=0.00s
[2022-12-18T08:43:07.123+0900][gc,marking  ] GC(2) Concurrent Cleanup for Next Mark
[2022-12-18T08:43:07.124+0900][gc,marking  ] GC(2) Concurrent Cleanup for Next Mark 1.402ms
[2022-12-18T08:43:07.124+0900][gc          ] GC(2) Concurrent Mark Cycle 6.644ms
[2022-12-18T08:43:07.619+0900][gc,start    ] GC(3) Pause Young (Normal) (G1 Evacuation Pause)
[2022-12-18T08:43:07.619+0900][gc,task     ] GC(3) Using 8 workers of 8 for evacuation
[2022-12-18T08:43:07.623+0900][gc,phases   ] GC(3)   Pre Evacuate Collection Set: 0.1ms
[2022-12-18T08:43:07.623+0900][gc,phases   ] GC(3)   Merge Heap Roots: 0.1ms
[2022-12-18T08:43:07.623+0900][gc,phases   ] GC(3)   Evacuate Collection Set: 2.5ms
[2022-12-18T08:43:07.623+0900][gc,phases   ] GC(3)   Post Evacuate Collection Set: 0.4ms
[2022-12-18T08:43:07.623+0900][gc,phases   ] GC(3)   Other: 0.1ms
[2022-12-18T08:43:07.623+0900][gc,heap     ] GC(3) Eden regions: 49->0(45)
[2022-12-18T08:43:07.623+0900][gc,heap     ] GC(3) Survivor regions: 2->6(7)
[2022-12-18T08:43:07.623+0900][gc,heap     ] GC(3) Old regions: 8->8
[2022-12-18T08:43:07.623+0900][gc,heap     ] GC(3) Archive regions: 2->2
[2022-12-18T08:43:07.623+0900][gc,heap     ] GC(3) Humongous regions: 129->129
[2022-12-18T08:43:07.623+0900][gc,metaspace] GC(3) Metaspace: 32968K(33216K)->32968K(33216K) NonClass: 28976K(29120K)->28976K(29120K) Class: 3992K(4096K)->3992K(4096K)
[2022-12-18T08:43:07.623+0900][gc          ] GC(3) Pause Young (Normal) (G1 Evacuation Pause) 187M->142M(1024M) 3.283ms
[2022-12-18T08:43:07.623+0900][gc,cpu      ] GC(3) User=0.01s Sys=0.00s Real=0.01s
[2022-12-18T08:43:07.743+0900][gc,start    ] GC(4) Pause Young (Concurrent Start) (Metadata GC Threshold)
[2022-12-18T08:43:07.743+0900][gc,task     ] GC(4) Using 8 workers of 8 for evacuation
[2022-12-18T08:43:07.748+0900][gc,phases   ] GC(4)   Pre Evacuate Collection Set: 0.2ms
[2022-12-18T08:43:07.759+0900][gc,phases   ] GC(4)   Merge Heap Roots: 0.2ms
[2022-12-18T08:43:07.759+0900][gc,phases   ] GC(4)   Evacuate Collection Set: 4.0ms
[2022-12-18T08:43:07.759+0900][gc,phases   ] GC(4)   Post Evacuate Collection Set: 0.3ms
[2022-12-18T08:43:07.759+0900][gc,phases   ] GC(4)   Other: 0.2ms
[2022-12-18T08:43:07.759+0900][gc,heap     ] GC(4) Eden regions: 13->0(49)
[2022-12-18T08:43:07.759+0900][gc,heap     ] GC(4) Survivor regions: 6->2(7)
[2022-12-18T08:43:07.759+0900][gc,heap     ] GC(4) Old regions: 8->13
[2022-12-18T08:43:07.759+0900][gc,heap     ] GC(4) Archive regions: 2->2
[2022-12-18T08:43:07.760+0900][gc,heap     ] GC(4) Humongous regions: 129->129
[2022-12-18T08:43:07.760+0900][gc,metaspace] GC(4) Metaspace: 35585K(35968K)->35585K(35968K) NonClass: 31163K(31424K)->31163K(31424K) Class: 4421K(4544K)->4421K(4544K)
[2022-12-18T08:43:07.760+0900][gc          ] GC(4) Pause Young (Concurrent Start) (Metadata GC Threshold) 154M->143M(1024M) 16.406ms
[2022-12-18T08:43:07.760+0900][gc,cpu      ] GC(4) User=0.02s Sys=0.00s Real=0.02s
[2022-12-18T08:43:07.760+0900][gc          ] GC(5) Concurrent Mark Cycle
[2022-12-18T08:43:07.760+0900][gc,marking  ] GC(5) Concurrent Clear Claimed Marks
[2022-12-18T08:43:07.760+0900][gc,marking  ] GC(5) Concurrent Clear Claimed Marks 0.026ms
[2022-12-18T08:43:07.760+0900][gc,marking  ] GC(5) Concurrent Scan Root Regions
[2022-12-18T08:43:07.763+0900][gc,marking  ] GC(5) Concurrent Scan Root Regions 3.051ms
[2022-12-18T08:43:07.763+0900][gc,marking  ] GC(5) Concurrent Mark
[2022-12-18T08:43:07.763+0900][gc,marking  ] GC(5) Concurrent Mark From Roots
[2022-12-18T08:43:07.763+0900][gc,task     ] GC(5) Using 2 workers of 2 for marking
[2022-12-18T08:43:07.767+0900][gc,marking  ] GC(5) Concurrent Mark From Roots 3.943ms
[2022-12-18T08:43:07.767+0900][gc,marking  ] GC(5) Concurrent Preclean
[2022-12-18T08:43:07.767+0900][gc,marking  ] GC(5) Concurrent Preclean 0.072ms
[2022-12-18T08:43:07.767+0900][gc,start    ] GC(5) Pause Remark
[2022-12-18T08:43:07.768+0900][gc          ] GC(5) Pause Remark 144M->144M(1024M) 1.194ms
[2022-12-18T08:43:07.768+0900][gc,cpu      ] GC(5) User=0.01s Sys=0.00s Real=0.00s
[2022-12-18T08:43:07.768+0900][gc,marking  ] GC(5) Concurrent Mark 5.497ms
[2022-12-18T08:43:07.768+0900][gc,marking  ] GC(5) Concurrent Rebuild Remembered Sets
[2022-12-18T08:43:07.772+0900][gc,marking  ] GC(5) Concurrent Rebuild Remembered Sets 4.124ms
[2022-12-18T08:43:07.773+0900][gc,start    ] GC(5) Pause Cleanup
[2022-12-18T08:43:07.773+0900][gc          ] GC(5) Pause Cleanup 144M->144M(1024M) 0.098ms
[2022-12-18T08:43:07.773+0900][gc,cpu      ] GC(5) User=0.00s Sys=0.00s Real=0.00s
[2022-12-18T08:43:07.773+0900][gc,marking  ] GC(5) Concurrent Cleanup for Next Mark
[2022-12-18T08:43:07.775+0900][gc,marking  ] GC(5) Concurrent Cleanup for Next Mark 1.716ms
[2022-12-18T08:43:07.775+0900][gc          ] GC(5) Concurrent Mark Cycle 14.920ms
[2022-12-18T08:49:14.436+0900][gc,start    ] GC(6) Pause Young (Prepare Mixed) (G1 Evacuation Pause)
[2022-12-18T08:49:14.437+0900][gc,task     ] GC(6) Using 8 workers of 8 for evacuation
[2022-12-18T08:49:14.451+0900][gc,phases   ] GC(6)   Pre Evacuate Collection Set: 0.6ms
[2022-12-18T08:49:14.451+0900][gc,phases   ] GC(6)   Merge Heap Roots: 0.3ms
[2022-12-18T08:49:14.451+0900][gc,phases   ] GC(6)   Evacuate Collection Set: 12.1ms
[2022-12-18T08:49:14.451+0900][gc,phases   ] GC(6)   Post Evacuate Collection Set: 0.8ms
[2022-12-18T08:49:14.452+0900][gc,phases   ] GC(6)   Other: 1.4ms
[2022-12-18T08:49:14.452+0900][gc,heap     ] GC(6) Eden regions: 49->0(47)
[2022-12-18T08:49:14.452+0900][gc,heap     ] GC(6) Survivor regions: 2->4(7)
[2022-12-18T08:49:14.452+0900][gc,heap     ] GC(6) Old regions: 13->13
[2022-12-18T08:49:14.452+0900][gc,heap     ] GC(6) Archive regions: 2->2
[2022-12-18T08:49:14.452+0900][gc,heap     ] GC(6) Humongous regions: 129->129
[2022-12-18T08:49:14.452+0900][gc,metaspace] GC(6) Metaspace: 38720K(39232K)->38720K(39232K) NonClass: 33957K(34240K)->33957K(34240K) Class: 4762K(4992K)->4762K(4992K)
[2022-12-18T08:49:14.452+0900][gc          ] GC(6) Pause Young (Prepare Mixed) (G1 Evacuation Pause) 192M->145M(1024M) 15.349ms
[2022-12-18T08:49:14.452+0900][gc,cpu      ] GC(6) User=0.03s Sys=0.02s Real=0.02s
[2022-12-18T08:56:47.535+0900][gc,start    ] GC(7) Pause Young (Mixed) (G1 Evacuation Pause)
[2022-12-18T08:56:47.537+0900][gc,task     ] GC(7) Using 8 workers of 8 for evacuation
[2022-12-18T08:56:47.545+0900][gc,phases   ] GC(7)   Pre Evacuate Collection Set: 0.6ms
[2022-12-18T08:56:47.545+0900][gc,phases   ] GC(7)   Merge Heap Roots: 0.2ms
[2022-12-18T08:56:47.545+0900][gc,phases   ] GC(7)   Evacuate Collection Set: 7.1ms
[2022-12-18T08:56:47.545+0900][gc,phases   ] GC(7)   Post Evacuate Collection Set: 0.5ms
[2022-12-18T08:56:47.545+0900][gc,phases   ] GC(7)   Other: 1.5ms
[2022-12-18T08:56:47.545+0900][gc,heap     ] GC(7) Eden regions: 47->0(47)
[2022-12-18T08:56:47.545+0900][gc,heap     ] GC(7) Survivor regions: 4->4(7)
[2022-12-18T08:56:47.545+0900][gc,heap     ] GC(7) Old regions: 13->13
[2022-12-18T08:56:47.545+0900][gc,heap     ] GC(7) Archive regions: 2->2
[2022-12-18T08:56:47.545+0900][gc,heap     ] GC(7) Humongous regions: 129->129
[2022-12-18T08:56:47.545+0900][gc,metaspace] GC(7) Metaspace: 38947K(39488K)->38947K(39488K) NonClass: 34146K(34432K)->34146K(34432K) Class: 4801K(5056K)->4801K(5056K)
[2022-12-18T08:56:47.545+0900][gc          ] GC(7) Pause Young (Mixed) (G1 Evacuation Pause) 192M->145M(1024M) 10.034ms
[2022-12-18T08:56:47.545+0900][gc,cpu      ] GC(7) User=0.03s Sys=0.01s Real=0.01s
[2022-12-18T09:05:02.678+0900][gc,start    ] GC(8) Pause Young (Normal) (G1 Evacuation Pause)
[2022-12-18T09:05:02.679+0900][gc,task     ] GC(8) Using 8 workers of 8 for evacuation
[2022-12-18T09:05:02.693+0900][gc,phases   ] GC(8)   Pre Evacuate Collection Set: 0.7ms
[2022-12-18T09:05:02.693+0900][gc,phases   ] GC(8)   Merge Heap Roots: 0.2ms
[2022-12-18T09:05:02.693+0900][gc,phases   ] GC(8)   Evacuate Collection Set: 12.3ms
[2022-12-18T09:05:02.693+0900][gc,phases   ] GC(8)   Post Evacuate Collection Set: 0.5ms
[2022-12-18T09:05:02.693+0900][gc,phases   ] GC(8)   Other: 1.6ms
[2022-12-18T09:05:02.693+0900][gc,heap     ] GC(8) Eden regions: 47->0(47)
[2022-12-18T09:05:02.693+0900][gc,heap     ] GC(8) Survivor regions: 4->4(7)
[2022-12-18T09:05:02.693+0900][gc,heap     ] GC(8) Old regions: 13->13
[2022-12-18T09:05:02.693+0900][gc,heap     ] GC(8) Archive regions: 2->2
[2022-12-18T09:05:02.693+0900][gc,heap     ] GC(8) Humongous regions: 129->129
[2022-12-18T09:05:02.694+0900][gc,metaspace] GC(8) Metaspace: 39055K(39552K)->39055K(39552K) NonClass: 34253K(34496K)->34253K(34496K) Class: 4801K(5056K)->4801K(5056K)
[2022-12-18T09:05:02.694+0900][gc          ] GC(8) Pause Young (Normal) (G1 Evacuation Pause) 192M->145M(1024M) 15.418ms
[2022-12-18T09:05:02.694+0900][gc,cpu      ] GC(8) User=0.02s Sys=0.01s Real=0.02s
[2022-12-18T09:13:42.180+0900][gc,start    ] GC(9) Pause Young (Normal) (G1 Evacuation Pause)
[2022-12-18T09:13:42.180+0900][gc,task     ] GC(9) Using 8 workers of 8 for evacuation
[2022-12-18T09:13:42.200+0900][gc,phases   ] GC(9)   Pre Evacuate Collection Set: 0.7ms
[2022-12-18T09:13:42.200+0900][gc,phases   ] GC(9)   Merge Heap Roots: 0.2ms
[2022-12-18T09:13:42.201+0900][gc,phases   ] GC(9)   Evacuate Collection Set: 18.3ms
[2022-12-18T09:13:42.201+0900][gc,phases   ] GC(9)   Post Evacuate Collection Set: 0.8ms
[2022-12-18T09:13:42.201+0900][gc,phases   ] GC(9)   Other: 0.9ms
[2022-12-18T09:13:42.201+0900][gc,heap     ] GC(9) Eden regions: 47->0(47)
[2022-12-18T09:13:42.201+0900][gc,heap     ] GC(9) Survivor regions: 4->4(7)
[2022-12-18T09:13:42.201+0900][gc,heap     ] GC(9) Old regions: 13->13
[2022-12-18T09:13:42.201+0900][gc,heap     ] GC(9) Archive regions: 2->2
[2022-12-18T09:13:42.201+0900][gc,heap     ] GC(9) Humongous regions: 129->129
[2022-12-18T09:13:42.201+0900][gc,metaspace] GC(9) Metaspace: 39070K(39616K)->39070K(39616K) NonClass: 34269K(34560K)->34269K(34560K) Class: 4801K(5056K)->4801K(5056K)
[2022-12-18T09:13:42.201+0900][gc          ] GC(9) Pause Young (Normal) (G1 Evacuation Pause) 192M->145M(1024M) 21.118ms
[2022-12-18T09:13:42.201+0900][gc,cpu      ] GC(9) User=0.02s Sys=0.02s Real=0.02s
[2022-12-18T09:22:35.097+0900][gc,start    ] GC(10) Pause Young (Normal) (G1 Evacuation Pause)
[2022-12-18T09:22:35.097+0900][gc,task     ] GC(10) Using 8 workers of 8 for evacuation
[2022-12-18T09:22:35.114+0900][gc,phases   ] GC(10)   Pre Evacuate Collection Set: 0.4ms
[2022-12-18T09:22:35.114+0900][gc,phases   ] GC(10)   Merge Heap Roots: 0.2ms
[2022-12-18T09:22:35.114+0900][gc,phases   ] GC(10)   Evacuate Collection Set: 13.9ms
[2022-12-18T09:22:35.114+0900][gc,phases   ] GC(10)   Post Evacuate Collection Set: 1.4ms
[2022-12-18T09:22:35.114+0900][gc,phases   ] GC(10)   Other: 0.8ms
[2022-12-18T09:22:35.114+0900][gc,heap     ] GC(10) Eden regions: 47->0(48)
[2022-12-18T09:22:35.114+0900][gc,heap     ] GC(10) Survivor regions: 4->4(7)
[2022-12-18T09:22:35.114+0900][gc,heap     ] GC(10) Old regions: 13->13
[2022-12-18T09:22:35.114+0900][gc,heap     ] GC(10) Archive regions: 2->2
[2022-12-18T09:22:35.114+0900][gc,heap     ] GC(10) Humongous regions: 129->129
[2022-12-18T09:22:35.114+0900][gc,metaspace] GC(10) Metaspace: 39095K(39616K)->39095K(39616K) NonClass: 34294K(34560K)->34294K(34560K) Class: 4801K(5056K)->4801K(5056K)
[2022-12-18T09:22:35.114+0900][gc          ] GC(10) Pause Young (Normal) (G1 Evacuation Pause) 192M->145M(1024M) 16.845ms
[2022-12-18T09:22:35.114+0900][gc,cpu      ] GC(10) User=0.02s Sys=0.02s Real=0.02s
[2022-12-18T09:31:36.974+0900][gc,start    ] GC(11) Pause Young (Normal) (G1 Evacuation Pause)
[2022-12-18T09:31:36.975+0900][gc,task     ] GC(11) Using 8 workers of 8 for evacuation
[2022-12-18T09:31:36.989+0900][gc,phases   ] GC(11)   Pre Evacuate Collection Set: 0.4ms
[2022-12-18T09:31:36.989+0900][gc,phases   ] GC(11)   Merge Heap Roots: 0.2ms
[2022-12-18T09:31:36.989+0900][gc,phases   ] GC(11)   Evacuate Collection Set: 12.2ms
[2022-12-18T09:31:36.989+0900][gc,phases   ] GC(11)   Post Evacuate Collection Set: 1.0ms
[2022-12-18T09:31:36.989+0900][gc,phases   ] GC(11)   Other: 1.3ms
[2022-12-18T09:31:36.989+0900][gc,heap     ] GC(11) Eden regions: 48->0(60)
[2022-12-18T09:31:36.989+0900][gc,heap     ] GC(11) Survivor regions: 4->4(7)
[2022-12-18T09:31:36.989+0900][gc,heap     ] GC(11) Old regions: 13->13
[2022-12-18T09:31:36.989+0900][gc,heap     ] GC(11) Archive regions: 2->2
[2022-12-18T09:31:36.989+0900][gc,heap     ] GC(11) Humongous regions: 129->129
[2022-12-18T09:31:36.989+0900][gc,metaspace] GC(11) Metaspace: 39116K(39616K)->39116K(39616K) NonClass: 34315K(34560K)->34315K(34560K) Class: 4801K(5056K)->4801K(5056K)
[2022-12-18T09:31:36.989+0900][gc          ] GC(11) Pause Young (Normal) (G1 Evacuation Pause) 193M->145M(1024M) 15.387ms
[2022-12-18T09:31:36.989+0900][gc,cpu      ] GC(11) User=0.03s Sys=0.02s Real=0.01s
[2022-12-18T09:42:54.858+0900][gc,start    ] GC(12) Pause Young (Normal) (G1 Evacuation Pause)
[2022-12-18T09:42:54.858+0900][gc,task     ] GC(12) Using 8 workers of 8 for evacuation
[2022-12-18T09:42:54.873+0900][gc,phases   ] GC(12)   Pre Evacuate Collection Set: 0.4ms
[2022-12-18T09:42:54.873+0900][gc,phases   ] GC(12)   Merge Heap Roots: 0.2ms
[2022-12-18T09:42:54.873+0900][gc,phases   ] GC(12)   Evacuate Collection Set: 13.1ms
[2022-12-18T09:42:54.873+0900][gc,phases   ] GC(12)   Post Evacuate Collection Set: 0.7ms
[2022-12-18T09:42:54.873+0900][gc,phases   ] GC(12)   Other: 0.7ms
[2022-12-18T09:42:54.873+0900][gc,heap     ] GC(12) Eden regions: 60->0(419)
[2022-12-18T09:42:54.873+0900][gc,heap     ] GC(12) Survivor regions: 4->4(8)
[2022-12-18T09:42:54.873+0900][gc,heap     ] GC(12) Old regions: 13->13
[2022-12-18T09:42:54.873+0900][gc,heap     ] GC(12) Archive regions: 2->2
[2022-12-18T09:42:54.873+0900][gc,heap     ] GC(12) Humongous regions: 129->129
[2022-12-18T09:42:54.873+0900][gc,metaspace] GC(12) Metaspace: 39161K(39680K)->39161K(39680K) NonClass: 34359K(34624K)->34359K(34624K) Class: 4801K(5056K)->4801K(5056K)
[2022-12-18T09:42:54.873+0900][gc          ] GC(12) Pause Young (Normal) (G1 Evacuation Pause) 205M->145M(1024M) 15.450ms
[2022-12-18T09:42:54.873+0900][gc,cpu      ] GC(12) User=0.03s Sys=0.01s Real=0.02s
[2022-12-18T11:02:17.498+0900][gc,start    ] GC(13) Pause Young (Normal) (G1 Evacuation Pause)
[2022-12-18T11:02:17.498+0900][gc,task     ] GC(13) Using 8 workers of 8 for evacuation
[2022-12-18T11:02:17.521+0900][gc,mmu      ] GC(13) MMU target violated: 21.0ms (20.0ms/21.0ms)
[2022-12-18T11:02:17.521+0900][gc,phases   ] GC(13)   Pre Evacuate Collection Set: 0.3ms
[2022-12-18T11:02:17.521+0900][gc,phases   ] GC(13)   Merge Heap Roots: 0.8ms
[2022-12-18T11:02:17.521+0900][gc,phases   ] GC(13)   Evacuate Collection Set: 20.2ms
[2022-12-18T11:02:17.521+0900][gc,phases   ] GC(13)   Post Evacuate Collection Set: 1.2ms
[2022-12-18T11:02:17.521+0900][gc,phases   ] GC(13)   Other: 1.6ms
[2022-12-18T11:02:17.521+0900][gc,heap     ] GC(13) Eden regions: 419->0(610)
[2022-12-18T11:02:17.521+0900][gc,heap     ] GC(13) Survivor regions: 4->4(53)
[2022-12-18T11:02:17.521+0900][gc,heap     ] GC(13) Old regions: 13->13
[2022-12-18T11:02:17.522+0900][gc,heap     ] GC(13) Archive regions: 2->2
[2022-12-18T11:02:17.522+0900][gc,heap     ] GC(13) Humongous regions: 129->129
[2022-12-18T11:02:17.522+0900][gc,metaspace] GC(13) Metaspace: 39285K(39808K)->39285K(39808K) NonClass: 34480K(34752K)->34480K(34752K) Class: 4805K(5056K)->4805K(5056K)
[2022-12-18T11:02:17.522+0900][gc          ] GC(13) Pause Young (Normal) (G1 Evacuation Pause) 564M->145M(1024M) 23.490ms
[2022-12-18T11:02:17.522+0900][gc,cpu      ] GC(13) User=0.04s Sys=0.04s Real=0.03s
[2022-12-18T13:31:19.815+0900][gc,start    ] GC(14) Pause Young (Normal) (G1 Evacuation Pause)
[2022-12-18T13:31:19.816+0900][gc,task     ] GC(14) Using 8 workers of 8 for evacuation
[2022-12-18T13:31:19.852+0900][gc,mmu      ] GC(14) MMU target violated: 21.0ms (20.0ms/21.0ms)
[2022-12-18T13:31:19.852+0900][gc,phases   ] GC(14)   Pre Evacuate Collection Set: 0.5ms
[2022-12-18T13:31:19.852+0900][gc,phases   ] GC(14)   Merge Heap Roots: 0.4ms
[2022-12-18T13:31:19.852+0900][gc,phases   ] GC(14)   Evacuate Collection Set: 30.0ms
[2022-12-18T13:31:19.852+0900][gc,phases   ] GC(14)   Post Evacuate Collection Set: 5.1ms
[2022-12-18T13:31:19.852+0900][gc,phases   ] GC(14)   Other: 2.0ms
[2022-12-18T13:31:19.852+0900][gc,heap     ] GC(14) Eden regions: 610->0(196)
[2022-12-18T13:31:19.853+0900][gc,heap     ] GC(14) Survivor regions: 4->5(77)
[2022-12-18T13:31:19.853+0900][gc,heap     ] GC(14) Old regions: 13->13
[2022-12-18T13:31:19.853+0900][gc,heap     ] GC(14) Archive regions: 2->2
[2022-12-18T13:31:19.853+0900][gc,heap     ] GC(14) Humongous regions: 129->129
[2022-12-18T13:31:19.853+0900][gc,metaspace] GC(14) Metaspace: 39394K(39872K)->39394K(39872K) NonClass: 34572K(34816K)->34572K(34816K) Class: 4822K(5056K)->4822K(5056K)
[2022-12-18T13:31:19.853+0900][gc          ] GC(14) Pause Young (Normal) (G1 Evacuation Pause) 755M->146M(1024M) 38.059ms
[2022-12-18T13:31:19.853+0900][gc,cpu      ] GC(14) User=0.05s Sys=0.03s Real=0.04s
[2022-12-18T14:40:27.008+0900][gc,start    ] GC(15) Pause Young (Normal) (G1 Evacuation Pause)
[2022-12-18T14:40:27.009+0900][gc,task     ] GC(15) Using 8 workers of 8 for evacuation
[2022-12-18T14:40:27.056+0900][gc,mmu      ] GC(15) MMU target violated: 21.0ms (20.0ms/21.0ms)
[2022-12-18T14:40:27.056+0900][gc,phases   ] GC(15)   Pre Evacuate Collection Set: 0.6ms
[2022-12-18T14:40:27.056+0900][gc,phases   ] GC(15)   Merge Heap Roots: 0.3ms
[2022-12-18T14:40:27.056+0900][gc,phases   ] GC(15)   Evacuate Collection Set: 43.4ms
[2022-12-18T14:40:27.056+0900][gc,phases   ] GC(15)   Post Evacuate Collection Set: 2.2ms
[2022-12-18T14:40:27.056+0900][gc,phases   ] GC(15)   Other: 1.9ms
[2022-12-18T14:40:27.056+0900][gc,heap     ] GC(15) Eden regions: 196->0(191)
[2022-12-18T14:40:27.056+0900][gc,heap     ] GC(15) Survivor regions: 5->5(26)
[2022-12-18T14:40:27.056+0900][gc,heap     ] GC(15) Old regions: 13->13
[2022-12-18T14:40:27.056+0900][gc,heap     ] GC(15) Archive regions: 2->2
[2022-12-18T14:40:27.056+0900][gc,heap     ] GC(15) Humongous regions: 129->129
[2022-12-18T14:40:27.056+0900][gc,metaspace] GC(15) Metaspace: 39398K(39872K)->39398K(39872K) NonClass: 34576K(34816K)->34576K(34816K) Class: 4822K(5056K)->4822K(5056K)
[2022-12-18T14:40:27.056+0900][gc          ] GC(15) Pause Young (Normal) (G1 Evacuation Pause) 342M->146M(1024M) 48.386ms
[2022-12-18T14:40:27.056+0900][gc,cpu      ] GC(15) User=0.04s Sys=0.03s Real=0.05s
[2022-12-18T15:16:31.705+0900][gc,start    ] GC(16) Pause Young (Normal) (G1 Evacuation Pause)
[2022-12-18T15:16:31.706+0900][gc,task     ] GC(16) Using 8 workers of 8 for evacuation
[2022-12-18T15:16:31.772+0900][gc,mmu      ] GC(16) MMU target violated: 21.0ms (20.0ms/21.0ms)
[2022-12-18T15:16:31.772+0900][gc,phases   ] GC(16)   Pre Evacuate Collection Set: 1.4ms
[2022-12-18T15:16:31.772+0900][gc,phases   ] GC(16)   Merge Heap Roots: 0.6ms
[2022-12-18T15:16:31.772+0900][gc,phases   ] GC(16)   Evacuate Collection Set: 61.0ms
[2022-12-18T15:16:31.772+0900][gc,phases   ] GC(16)   Post Evacuate Collection Set: 1.8ms
[2022-12-18T15:16:31.772+0900][gc,phases   ] GC(16)   Other: 3.5ms
[2022-12-18T15:16:31.772+0900][gc,heap     ] GC(16) Eden regions: 191->0(47)
[2022-12-18T15:16:31.772+0900][gc,heap     ] GC(16) Survivor regions: 5->4(25)
[2022-12-18T15:16:31.772+0900][gc,heap     ] GC(16) Old regions: 13->13
[2022-12-18T15:16:31.772+0900][gc,heap     ] GC(16) Archive regions: 2->2
[2022-12-18T15:16:31.772+0900][gc,heap     ] GC(16) Humongous regions: 129->129
[2022-12-18T15:16:31.772+0900][gc,metaspace] GC(16) Metaspace: 39401K(39872K)->39401K(39872K) NonClass: 34579K(34816K)->34579K(34816K) Class: 4822K(5056K)->4822K(5056K)
[2022-12-18T15:16:31.772+0900][gc          ] GC(16) Pause Young (Normal) (G1 Evacuation Pause) 337M->146M(1024M) 67.346ms
[2022-12-18T15:16:31.772+0900][gc,cpu      ] GC(16) User=0.05s Sys=0.05s Real=0.07s
[2022-12-18T15:25:32.197+0900][gc,start    ] GC(17) Pause Young (Normal) (G1 Evacuation Pause)
[2022-12-18T15:25:32.199+0900][gc,task     ] GC(17) Using 8 workers of 8 for evacuation
[2022-12-18T15:25:32.225+0900][gc,mmu      ] GC(17) MMU target violated: 21.0ms (20.0ms/21.0ms)
[2022-12-18T15:25:32.225+0900][gc,phases   ] GC(17)   Pre Evacuate Collection Set: 0.6ms
[2022-12-18T15:25:32.225+0900][gc,phases   ] GC(17)   Merge Heap Roots: 0.4ms
[2022-12-18T15:25:32.225+0900][gc,phases   ] GC(17)   Evacuate Collection Set: 23.2ms
[2022-12-18T15:25:32.225+0900][gc,phases   ] GC(17)   Post Evacuate Collection Set: 1.3ms
[2022-12-18T15:25:32.225+0900][gc,phases   ] GC(17)   Other: 2.3ms
[2022-12-18T15:25:32.225+0900][gc,heap     ] GC(17) Eden regions: 47->0(47)
[2022-12-18T15:25:32.225+0900][gc,heap     ] GC(17) Survivor regions: 4->4(7)
[2022-12-18T15:25:32.225+0900][gc,heap     ] GC(17) Old regions: 13->13
[2022-12-18T15:25:32.225+0900][gc,heap     ] GC(17) Archive regions: 2->2
[2022-12-18T15:25:32.225+0900][gc,heap     ] GC(17) Humongous regions: 129->129
[2022-12-18T15:25:32.225+0900][gc,metaspace] GC(17) Metaspace: 39401K(39872K)->39401K(39872K) NonClass: 34579K(34816K)->34579K(34816K) Class: 4822K(5056K)->4822K(5056K)
[2022-12-18T15:25:32.225+0900][gc          ] GC(17) Pause Young (Normal) (G1 Evacuation Pause) 193M->146M(1024M) 27.849ms
[2022-12-18T15:25:32.225+0900][gc,cpu      ] GC(17) User=0.02s Sys=0.03s Real=0.03s
[2022-12-18T15:34:31.580+0900][gc,start    ] GC(18) Pause Young (Normal) (G1 Evacuation Pause)
[2022-12-18T15:34:31.581+0900][gc,task     ] GC(18) Using 8 workers of 8 for evacuation
[2022-12-18T15:34:31.603+0900][gc,mmu      ] GC(18) MMU target violated: 21.0ms (20.0ms/21.0ms)
[2022-12-18T15:34:31.603+0900][gc,phases   ] GC(18)   Pre Evacuate Collection Set: 0.5ms
[2022-12-18T15:34:31.603+0900][gc,phases   ] GC(18)   Merge Heap Roots: 0.3ms
[2022-12-18T15:34:31.603+0900][gc,phases   ] GC(18)   Evacuate Collection Set: 18.2ms
[2022-12-18T15:34:31.603+0900][gc,phases   ] GC(18)   Post Evacuate Collection Set: 2.1ms
[2022-12-18T15:34:31.603+0900][gc,phases   ] GC(18)   Other: 2.6ms
[2022-12-18T15:34:31.603+0900][gc,heap     ] GC(18) Eden regions: 47->0(47)
[2022-12-18T15:34:31.603+0900][gc,heap     ] GC(18) Survivor regions: 4->4(7)
[2022-12-18T15:34:31.603+0900][gc,heap     ] GC(18) Old regions: 13->13
[2022-12-18T15:34:31.603+0900][gc,heap     ] GC(18) Archive regions: 2->2
[2022-12-18T15:34:31.603+0900][gc,heap     ] GC(18) Humongous regions: 129->129
[2022-12-18T15:34:31.603+0900][gc,metaspace] GC(18) Metaspace: 39401K(39872K)->39401K(39872K) NonClass: 34579K(34816K)->34579K(34816K) Class: 4822K(5056K)->4822K(5056K)
[2022-12-18T15:34:31.603+0900][gc          ] GC(18) Pause Young (Normal) (G1 Evacuation Pause) 193M->146M(1024M) 23.461ms
[2022-12-18T15:34:31.603+0900][gc,cpu      ] GC(18) User=0.02s Sys=0.04s Real=0.02s
[2022-12-18T15:43:31.549+0900][gc,start    ] GC(19) Pause Young (Normal) (G1 Evacuation Pause)
[2022-12-18T15:43:31.551+0900][gc,task     ] GC(19) Using 8 workers of 8 for evacuation
[2022-12-18T15:43:31.573+0900][gc,mmu      ] GC(19) MMU target violated: 21.0ms (20.0ms/21.0ms)
[2022-12-18T15:43:31.573+0900][gc,phases   ] GC(19)   Pre Evacuate Collection Set: 0.8ms
[2022-12-18T15:43:31.573+0900][gc,phases   ] GC(19)   Merge Heap Roots: 0.2ms
[2022-12-18T15:43:31.573+0900][gc,phases   ] GC(19)   Evacuate Collection Set: 19.2ms
[2022-12-18T15:43:31.573+0900][gc,phases   ] GC(19)   Post Evacuate Collection Set: 1.0ms
[2022-12-18T15:43:31.573+0900][gc,phases   ] GC(19)   Other: 2.5ms
[2022-12-18T15:43:31.573+0900][gc,heap     ] GC(19) Eden regions: 47->0(48)
[2022-12-18T15:43:31.573+0900][gc,heap     ] GC(19) Survivor regions: 4->4(7)
[2022-12-18T15:43:31.573+0900][gc,heap     ] GC(19) Old regions: 13->13
[2022-12-18T15:43:31.573+0900][gc,heap     ] GC(19) Archive regions: 2->2
[2022-12-18T15:43:31.573+0900][gc,heap     ] GC(19) Humongous regions: 129->129
[2022-12-18T15:43:31.573+0900][gc,metaspace] GC(19) Metaspace: 39401K(39872K)->39401K(39872K) NonClass: 34579K(34816K)->34579K(34816K) Class: 4822K(5056K)->4822K(5056K)
[2022-12-18T15:43:31.573+0900][gc          ] GC(19) Pause Young (Normal) (G1 Evacuation Pause) 193M->146M(1024M) 23.969ms
[2022-12-18T15:43:31.573+0900][gc,cpu      ] GC(19) User=0.03s Sys=0.03s Real=0.03s
[2022-12-18T15:52:16.616+0900][gc,start    ] GC(20) Pause Young (Normal) (G1 Evacuation Pause)
[2022-12-18T15:52:16.617+0900][gc,task     ] GC(20) Using 8 workers of 8 for evacuation
[2022-12-18T15:52:16.632+0900][gc,phases   ] GC(20)   Pre Evacuate Collection Set: 0.4ms
[2022-12-18T15:52:16.632+0900][gc,phases   ] GC(20)   Merge Heap Roots: 0.1ms
[2022-12-18T15:52:16.632+0900][gc,phases   ] GC(20)   Evacuate Collection Set: 13.1ms
[2022-12-18T15:52:16.632+0900][gc,phases   ] GC(20)   Post Evacuate Collection Set: 1.4ms
[2022-12-18T15:52:16.632+0900][gc,phases   ] GC(20)   Other: 1.2ms
[2022-12-18T15:52:16.632+0900][gc,heap     ] GC(20) Eden regions: 48->0(612)
[2022-12-18T15:52:16.632+0900][gc,heap     ] GC(20) Survivor regions: 4->2(7)
[2022-12-18T15:52:16.632+0900][gc,heap     ] GC(20) Old regions: 13->14
[2022-12-18T15:52:16.632+0900][gc,heap     ] GC(20) Archive regions: 2->2
[2022-12-18T15:52:16.632+0900][gc,heap     ] GC(20) Humongous regions: 129->129
[2022-12-18T15:52:16.632+0900][gc,metaspace] GC(20) Metaspace: 39401K(39872K)->39401K(39872K) NonClass: 34579K(34816K)->34579K(34816K) Class: 4822K(5056K)->4822K(5056K)
[2022-12-18T15:52:16.632+0900][gc          ] GC(20) Pause Young (Normal) (G1 Evacuation Pause) 194M->145M(1024M) 16.407ms
[2022-12-18T15:52:16.632+0900][gc,cpu      ] GC(20) User=0.02s Sys=0.02s Real=0.02s
[2022-12-18T17:44:07.360+0900][gc,start    ] GC(21) Pause Young (Normal) (G1 Evacuation Pause)
[2022-12-18T17:44:07.362+0900][gc,task     ] GC(21) Using 8 workers of 8 for evacuation
[2022-12-18T17:44:07.463+0900][gc,mmu      ] GC(21) MMU target violated: 21.0ms (20.0ms/21.0ms)
[2022-12-18T17:44:07.463+0900][gc,phases   ] GC(21)   Pre Evacuate Collection Set: 2.4ms
[2022-12-18T17:44:07.463+0900][gc,phases   ] GC(21)   Merge Heap Roots: 1.1ms
[2022-12-18T17:44:07.463+0900][gc,phases   ] GC(21)   Evacuate Collection Set: 93.2ms
[2022-12-18T17:44:07.463+0900][gc,phases   ] GC(21)   Post Evacuate Collection Set: 3.8ms
[2022-12-18T17:44:07.463+0900][gc,phases   ] GC(21)   Other: 2.7ms
[2022-12-18T17:44:07.464+0900][gc,heap     ] GC(21) Eden regions: 612->0(47)
[2022-12-18T17:44:07.464+0900][gc,heap     ] GC(21) Survivor regions: 2->4(77)
[2022-12-18T17:44:07.464+0900][gc,heap     ] GC(21) Old regions: 14->14
[2022-12-18T17:44:07.464+0900][gc,heap     ] GC(21) Archive regions: 2->2
[2022-12-18T17:44:07.464+0900][gc,heap     ] GC(21) Humongous regions: 129->129
[2022-12-18T17:44:07.464+0900][gc,metaspace] GC(21) Metaspace: 40751K(41344K)->40751K(41344K) NonClass: 35695K(36032K)->35695K(36032K) Class: 5056K(5312K)->5056K(5312K)
[2022-12-18T17:44:07.464+0900][gc          ] GC(21) Pause Young (Normal) (G1 Evacuation Pause) 757M->147M(1024M) 103.243ms
[2022-12-18T17:44:07.464+0900][gc,cpu      ] GC(21) User=0.09s Sys=0.07s Real=0.10s
[2022-12-18T17:50:09.648+0900][gc,start    ] GC(22) Pause Young (Normal) (G1 Evacuation Pause)
[2022-12-18T17:50:09.649+0900][gc,task     ] GC(22) Using 8 workers of 8 for evacuation
[2022-12-18T17:50:09.680+0900][gc,mmu      ] GC(22) MMU target violated: 21.0ms (20.0ms/21.0ms)
[2022-12-18T17:50:09.680+0900][gc,phases   ] GC(22)   Pre Evacuate Collection Set: 0.9ms
[2022-12-18T17:50:09.680+0900][gc,phases   ] GC(22)   Merge Heap Roots: 0.3ms
[2022-12-18T17:50:09.680+0900][gc,phases   ] GC(22)   Evacuate Collection Set: 29.3ms
[2022-12-18T17:50:09.680+0900][gc,phases   ] GC(22)   Post Evacuate Collection Set: 0.5ms
[2022-12-18T17:50:09.680+0900][gc,phases   ] GC(22)   Other: 2.7ms
[2022-12-18T17:50:09.680+0900][gc,heap     ] GC(22) Eden regions: 47->0(46)
[2022-12-18T17:50:09.680+0900][gc,heap     ] GC(22) Survivor regions: 4->5(7)
[2022-12-18T17:50:09.680+0900][gc,heap     ] GC(22) Old regions: 14->14
[2022-12-18T17:50:09.680+0900][gc,heap     ] GC(22) Archive regions: 2->2
[2022-12-18T17:50:09.680+0900][gc,heap     ] GC(22) Humongous regions: 129->129
[2022-12-18T17:50:09.680+0900][gc,metaspace] GC(22) Metaspace: 40778K(41344K)->40778K(41344K) NonClass: 35722K(36032K)->35722K(36032K) Class: 5056K(5312K)->5056K(5312K)
[2022-12-18T17:50:09.680+0900][gc          ] GC(22) Pause Young (Normal) (G1 Evacuation Pause) 194M->147M(1024M) 31.971ms
[2022-12-18T17:50:09.680+0900][gc,cpu      ] GC(22) User=0.02s Sys=0.04s Real=0.04s
[2022-12-18T17:53:59.880+0900][gc,start    ] GC(23) Pause Young (Normal) (G1 Evacuation Pause)
[2022-12-18T17:53:59.881+0900][gc,task     ] GC(23) Using 8 workers of 8 for evacuation
[2022-12-18T17:53:59.897+0900][gc,phases   ] GC(23)   Pre Evacuate Collection Set: 0.3ms
[2022-12-18T17:53:59.897+0900][gc,phases   ] GC(23)   Merge Heap Roots: 0.1ms
[2022-12-18T17:53:59.897+0900][gc,phases   ] GC(23)   Evacuate Collection Set: 14.9ms
[2022-12-18T17:53:59.897+0900][gc,phases   ] GC(23)   Post Evacuate Collection Set: 0.4ms
[2022-12-18T17:53:59.897+0900][gc,phases   ] GC(23)   Other: 1.1ms
[2022-12-18T17:53:59.897+0900][gc,heap     ] GC(23) Eden regions: 46->0(47)
[2022-12-18T17:53:59.897+0900][gc,heap     ] GC(23) Survivor regions: 5->4(7)
[2022-12-18T17:53:59.897+0900][gc,heap     ] GC(23) Old regions: 14->15
[2022-12-18T17:53:59.897+0900][gc,heap     ] GC(23) Archive regions: 2->2
[2022-12-18T17:53:59.897+0900][gc,heap     ] GC(23) Humongous regions: 129->129
[2022-12-18T17:53:59.897+0900][gc,metaspace] GC(23) Metaspace: 41141K(41728K)->41141K(41728K) NonClass: 36081K(36416K)->36081K(36416K) Class: 5059K(5312K)->5059K(5312K)
[2022-12-18T17:53:59.897+0900][gc          ] GC(23) Pause Young (Normal) (G1 Evacuation Pause) 193M->147M(1024M) 16.838ms
[2022-12-18T17:53:59.897+0900][gc,cpu      ] GC(23) User=0.01s Sys=0.01s Real=0.01s
[2022-12-18T17:54:02.141+0900][gc,start    ] GC(24) Pause Young (Normal) (G1 Evacuation Pause)
[2022-12-18T17:54:02.141+0900][gc,task     ] GC(24) Using 8 workers of 8 for evacuation
[2022-12-18T17:54:02.145+0900][gc,phases   ] GC(24)   Pre Evacuate Collection Set: 0.2ms
[2022-12-18T17:54:02.145+0900][gc,phases   ] GC(24)   Merge Heap Roots: 0.1ms
[2022-12-18T17:54:02.145+0900][gc,phases   ] GC(24)   Evacuate Collection Set: 3.4ms
[2022-12-18T17:54:02.145+0900][gc,phases   ] GC(24)   Post Evacuate Collection Set: 0.2ms
[2022-12-18T17:54:02.145+0900][gc,phases   ] GC(24)   Other: 0.1ms
[2022-12-18T17:54:02.145+0900][gc,heap     ] GC(24) Eden regions: 47->0(47)
[2022-12-18T17:54:02.145+0900][gc,heap     ] GC(24) Survivor regions: 4->4(7)
[2022-12-18T17:54:02.145+0900][gc,heap     ] GC(24) Old regions: 15->15
[2022-12-18T17:54:02.145+0900][gc,heap     ] GC(24) Archive regions: 2->2
[2022-12-18T17:54:02.145+0900][gc,heap     ] GC(24) Humongous regions: 129->129
[2022-12-18T17:54:02.145+0900][gc,metaspace] GC(24) Metaspace: 41385K(41920K)->41385K(41920K) NonClass: 36325K(36608K)->36325K(36608K) Class: 5059K(5312K)->5059K(5312K)
[2022-12-18T17:54:02.145+0900][gc          ] GC(24) Pause Young (Normal) (G1 Evacuation Pause) 194M->147M(1024M) 4.189ms
[2022-12-18T17:54:02.145+0900][gc,cpu      ] GC(24) User=0.01s Sys=0.01s Real=0.00s
[2022-12-18T17:54:03.063+0900][gc,start    ] GC(25) Pause Young (Normal) (G1 Evacuation Pause)
[2022-12-18T17:54:03.063+0900][gc,task     ] GC(25) Using 8 workers of 8 for evacuation
[2022-12-18T17:54:03.066+0900][gc,phases   ] GC(25)   Pre Evacuate Collection Set: 0.1ms
[2022-12-18T17:54:03.066+0900][gc,phases   ] GC(25)   Merge Heap Roots: 0.0ms
[2022-12-18T17:54:03.066+0900][gc,phases   ] GC(25)   Evacuate Collection Set: 3.2ms
[2022-12-18T17:54:03.066+0900][gc,phases   ] GC(25)   Post Evacuate Collection Set: 0.4ms
[2022-12-18T17:54:03.066+0900][gc,phases   ] GC(25)   Other: 0.1ms
[2022-12-18T17:54:03.066+0900][gc,heap     ] GC(25) Eden regions: 47->0(73)
[2022-12-18T17:54:03.066+0900][gc,heap     ] GC(25) Survivor regions: 4->4(7)
[2022-12-18T17:54:03.066+0900][gc,heap     ] GC(25) Old regions: 15->15
[2022-12-18T17:54:03.066+0900][gc,heap     ] GC(25) Archive regions: 2->2
[2022-12-18T17:54:03.066+0900][gc,heap     ] GC(25) Humongous regions: 129->129
[2022-12-18T17:54:03.066+0900][gc,metaspace] GC(25) Metaspace: 41400K(41984K)->41400K(41984K) NonClass: 36339K(36672K)->36339K(36672K) Class: 5060K(5312K)->5060K(5312K)
[2022-12-18T17:54:03.066+0900][gc          ] GC(25) Pause Young (Normal) (G1 Evacuation Pause) 194M->147M(1024M) 3.805ms
[2022-12-18T17:54:03.066+0900][gc,cpu      ] GC(25) User=0.01s Sys=0.00s Real=0.00s
[2022-12-18T17:54:05.189+0900][gc,start    ] GC(26) Pause Young (Normal) (G1 Evacuation Pause)
[2022-12-18T17:54:05.189+0900][gc,task     ] GC(26) Using 8 workers of 8 for evacuation
[2022-12-18T17:54:05.194+0900][gc,phases   ] GC(26)   Pre Evacuate Collection Set: 0.1ms
[2022-12-18T17:54:05.194+0900][gc,phases   ] GC(26)   Merge Heap Roots: 0.0ms
[2022-12-18T17:54:05.194+0900][gc,phases   ] GC(26)   Evacuate Collection Set: 4.4ms
[2022-12-18T17:54:05.194+0900][gc,phases   ] GC(26)   Post Evacuate Collection Set: 0.3ms
[2022-12-18T17:54:05.194+0900][gc,phases   ] GC(26)   Other: 0.3ms
[2022-12-18T17:54:05.194+0900][gc,heap     ] GC(26) Eden regions: 73->0(125)
[2022-12-18T17:54:05.194+0900][gc,heap     ] GC(26) Survivor regions: 4->4(10)
[2022-12-18T17:54:05.194+0900][gc,heap     ] GC(26) Old regions: 15->15
[2022-12-18T17:54:05.194+0900][gc,heap     ] GC(26) Archive regions: 2->2
[2022-12-18T17:54:05.194+0900][gc,heap     ] GC(26) Humongous regions: 129->129
[2022-12-18T17:54:05.194+0900][gc,metaspace] GC(26) Metaspace: 41408K(41984K)->41408K(41984K) NonClass: 36347K(36672K)->36347K(36672K) Class: 5060K(5312K)->5060K(5312K)
[2022-12-18T17:54:05.194+0900][gc          ] GC(26) Pause Young (Normal) (G1 Evacuation Pause) 220M->147M(1024M) 5.134ms
[2022-12-18T17:54:05.194+0900][gc,cpu      ] GC(26) User=0.01s Sys=0.01s Real=0.01s
[2022-12-18T17:54:07.909+0900][gc,start    ] GC(27) Pause Young (Normal) (G1 Evacuation Pause)
[2022-12-18T17:54:07.909+0900][gc,task     ] GC(27) Using 8 workers of 8 for evacuation
[2022-12-18T17:54:07.915+0900][gc,phases   ] GC(27)   Pre Evacuate Collection Set: 0.5ms
[2022-12-18T17:54:07.915+0900][gc,phases   ] GC(27)   Merge Heap Roots: 0.3ms
[2022-12-18T17:54:07.915+0900][gc,phases   ] GC(27)   Evacuate Collection Set: 4.0ms
[2022-12-18T17:54:07.915+0900][gc,phases   ] GC(27)   Post Evacuate Collection Set: 0.5ms
[2022-12-18T17:54:07.915+0900][gc,phases   ] GC(27)   Other: 0.1ms
[2022-12-18T17:54:07.915+0900][gc,heap     ] GC(27) Eden regions: 125->0(195)
[2022-12-18T17:54:07.915+0900][gc,heap     ] GC(27) Survivor regions: 4->4(17)
[2022-12-18T17:54:07.915+0900][gc,heap     ] GC(27) Old regions: 15->15
[2022-12-18T17:54:07.915+0900][gc,heap     ] GC(27) Archive regions: 2->2
[2022-12-18T17:54:07.915+0900][gc,heap     ] GC(27) Humongous regions: 129->129
[2022-12-18T17:54:07.915+0900][gc,metaspace] GC(27) Metaspace: 41417K(41984K)->41417K(41984K) NonClass: 36357K(36672K)->36357K(36672K) Class: 5060K(5312K)->5060K(5312K)
[2022-12-18T17:54:07.915+0900][gc          ] GC(27) Pause Young (Normal) (G1 Evacuation Pause) 272M->147M(1024M) 5.516ms
[2022-12-18T17:54:07.915+0900][gc,cpu      ] GC(27) User=0.01s Sys=0.00s Real=0.01s
[2022-12-18T17:54:10.837+0900][gc,start    ] GC(28) Pause Young (Normal) (G1 Evacuation Pause)
[2022-12-18T17:54:10.837+0900][gc,task     ] GC(28) Using 8 workers of 8 for evacuation
[2022-12-18T17:54:10.840+0900][gc,phases   ] GC(28)   Pre Evacuate Collection Set: 0.2ms
[2022-12-18T17:54:10.840+0900][gc,phases   ] GC(28)   Merge Heap Roots: 0.1ms
[2022-12-18T17:54:10.840+0900][gc,phases   ] GC(28)   Evacuate Collection Set: 2.6ms
[2022-12-18T17:54:10.840+0900][gc,phases   ] GC(28)   Post Evacuate Collection Set: 0.3ms
[2022-12-18T17:54:10.840+0900][gc,phases   ] GC(28)   Other: 0.3ms
[2022-12-18T17:54:10.840+0900][gc,heap     ] GC(28) Eden regions: 195->0(304)
[2022-12-18T17:54:10.840+0900][gc,heap     ] GC(28) Survivor regions: 4->4(25)
[2022-12-18T17:54:10.840+0900][gc,heap     ] GC(28) Old regions: 15->15
[2022-12-18T17:54:10.840+0900][gc,heap     ] GC(28) Archive regions: 2->2
[2022-12-18T17:54:10.840+0900][gc,heap     ] GC(28) Humongous regions: 129->129
[2022-12-18T17:54:10.840+0900][gc,metaspace] GC(28) Metaspace: 41421K(41984K)->41421K(41984K) NonClass: 36360K(36672K)->36360K(36672K) Class: 5061K(5312K)->5061K(5312K)
[2022-12-18T17:54:10.840+0900][gc          ] GC(28) Pause Young (Normal) (G1 Evacuation Pause) 342M->147M(1024M) 3.466ms
[2022-12-18T17:54:10.840+0900][gc,cpu      ] GC(28) User=0.01s Sys=0.01s Real=0.01s
[2022-12-18T17:54:30.850+0900][gc,start    ] GC(29) Pause Young (Normal) (G1 Evacuation Pause)
[2022-12-18T17:54:30.850+0900][gc,task     ] GC(29) Using 8 workers of 8 for evacuation
[2022-12-18T17:54:30.859+0900][gc,phases   ] GC(29)   Pre Evacuate Collection Set: 0.2ms
[2022-12-18T17:54:30.859+0900][gc,phases   ] GC(29)   Merge Heap Roots: 0.1ms
[2022-12-18T17:54:30.859+0900][gc,phases   ] GC(29)   Evacuate Collection Set: 7.3ms
[2022-12-18T17:54:30.859+0900][gc,phases   ] GC(29)   Post Evacuate Collection Set: 0.7ms
[2022-12-18T17:54:30.859+0900][gc,phases   ] GC(29)   Other: 0.4ms
[2022-12-18T17:54:30.859+0900][gc,heap     ] GC(29) Eden regions: 304->0(425)
[2022-12-18T17:54:30.859+0900][gc,heap     ] GC(29) Survivor regions: 4->4(39)
[2022-12-18T17:54:30.859+0900][gc,heap     ] GC(29) Old regions: 15->15
[2022-12-18T17:54:30.859+0900][gc,heap     ] GC(29) Archive regions: 2->2
[2022-12-18T17:54:30.859+0900][gc,heap     ] GC(29) Humongous regions: 129->129
[2022-12-18T17:54:30.859+0900][gc,metaspace] GC(29) Metaspace: 41421K(41984K)->41421K(41984K) NonClass: 36360K(36672K)->36360K(36672K) Class: 5061K(5312K)->5061K(5312K)
[2022-12-18T17:54:30.859+0900][gc          ] GC(29) Pause Young (Normal) (G1 Evacuation Pause) 451M->147M(1024M) 8.798ms
[2022-12-18T17:54:30.859+0900][gc,cpu      ] GC(29) User=0.01s Sys=0.01s Real=0.00s
[2022-12-18T17:54:36.657+0900][gc,start    ] GC(30) Pause Young (Normal) (G1 Evacuation Pause)
[2022-12-18T17:54:36.657+0900][gc,task     ] GC(30) Using 8 workers of 8 for evacuation
[2022-12-18T17:54:36.668+0900][gc,phases   ] GC(30)   Pre Evacuate Collection Set: 0.2ms
[2022-12-18T17:54:36.668+0900][gc,phases   ] GC(30)   Merge Heap Roots: 0.1ms
[2022-12-18T17:54:36.668+0900][gc,phases   ] GC(30)   Evacuate Collection Set: 9.7ms
[2022-12-18T17:54:36.668+0900][gc,phases   ] GC(30)   Post Evacuate Collection Set: 0.5ms
[2022-12-18T17:54:36.668+0900][gc,phases   ] GC(30)   Other: 0.3ms
[2022-12-18T17:54:36.668+0900][gc,heap     ] GC(30) Eden regions: 425->0(469)
[2022-12-18T17:54:36.668+0900][gc,heap     ] GC(30) Survivor regions: 4->4(54)
[2022-12-18T17:54:36.668+0900][gc,heap     ] GC(30) Old regions: 15->15
[2022-12-18T17:54:36.668+0900][gc,heap     ] GC(30) Archive regions: 2->2
[2022-12-18T17:54:36.668+0900][gc,heap     ] GC(30) Humongous regions: 129->129
[2022-12-18T17:54:36.668+0900][gc,metaspace] GC(30) Metaspace: 41421K(41984K)->41421K(41984K) NonClass: 36360K(36672K)->36360K(36672K) Class: 5061K(5312K)->5061K(5312K)
[2022-12-18T17:54:36.668+0900][gc          ] GC(30) Pause Young (Normal) (G1 Evacuation Pause) 572M->147M(1024M) 10.859ms
[2022-12-18T17:54:36.668+0900][gc,cpu      ] GC(30) User=0.01s Sys=0.01s Real=0.01s
[2022-12-18T17:54:41.361+0900][gc,start    ] GC(31) Pause Young (Normal) (G1 Evacuation Pause)
[2022-12-18T17:54:41.361+0900][gc,task     ] GC(31) Using 8 workers of 8 for evacuation
[2022-12-18T17:54:41.376+0900][gc,phases   ] GC(31)   Pre Evacuate Collection Set: 0.2ms
[2022-12-18T17:54:41.376+0900][gc,phases   ] GC(31)   Merge Heap Roots: 0.1ms
[2022-12-18T17:54:41.376+0900][gc,phases   ] GC(31)   Evacuate Collection Set: 13.7ms
[2022-12-18T17:54:41.376+0900][gc,phases   ] GC(31)   Post Evacuate Collection Set: 0.5ms
[2022-12-18T17:54:41.376+0900][gc,phases   ] GC(31)   Other: 0.2ms
[2022-12-18T17:54:41.376+0900][gc,heap     ] GC(31) Eden regions: 469->0(386)
[2022-12-18T17:54:41.376+0900][gc,heap     ] GC(31) Survivor regions: 4->4(60)
[2022-12-18T17:54:41.376+0900][gc,heap     ] GC(31) Old regions: 15->15
[2022-12-18T17:54:41.376+0900][gc,heap     ] GC(31) Archive regions: 2->2
[2022-12-18T17:54:41.376+0900][gc,heap     ] GC(31) Humongous regions: 129->129
[2022-12-18T17:54:41.376+0900][gc,metaspace] GC(31) Metaspace: 41421K(41984K)->41421K(41984K) NonClass: 36360K(36672K)->36360K(36672K) Class: 5061K(5312K)->5061K(5312K)
[2022-12-18T17:54:41.376+0900][gc          ] GC(31) Pause Young (Normal) (G1 Evacuation Pause) 616M->147M(1024M) 14.751ms
[2022-12-18T17:54:41.376+0900][gc,cpu      ] GC(31) User=0.01s Sys=0.03s Real=0.01s
[2022-12-18T17:54:46.421+0900][gc,start    ] GC(32) Pause Young (Normal) (G1 Evacuation Pause)
[2022-12-18T17:54:46.422+0900][gc,task     ] GC(32) Using 8 workers of 8 for evacuation
[2022-12-18T17:54:46.434+0900][gc,phases   ] GC(32)   Pre Evacuate Collection Set: 0.3ms
[2022-12-18T17:54:46.434+0900][gc,phases   ] GC(32)   Merge Heap Roots: 0.1ms
[2022-12-18T17:54:46.434+0900][gc,phases   ] GC(32)   Evacuate Collection Set: 11.3ms
[2022-12-18T17:54:46.434+0900][gc,phases   ] GC(32)   Post Evacuate Collection Set: 0.7ms
[2022-12-18T17:54:46.434+0900][gc,phases   ] GC(32)   Other: 1.0ms
[2022-12-18T17:54:46.434+0900][gc,heap     ] GC(32) Eden regions: 386->0(464)
[2022-12-18T17:54:46.434+0900][gc,heap     ] GC(32) Survivor regions: 4->4(49)
[2022-12-18T17:54:46.434+0900][gc,heap     ] GC(32) Old regions: 15->15
[2022-12-18T17:54:46.434+0900][gc,heap     ] GC(32) Archive regions: 2->2
[2022-12-18T17:54:46.434+0900][gc,heap     ] GC(32) Humongous regions: 129->129
[2022-12-18T17:54:46.434+0900][gc,metaspace] GC(32) Metaspace: 41421K(41984K)->41421K(41984K) NonClass: 36360K(36672K)->36360K(36672K) Class: 5061K(5312K)->5061K(5312K)
[2022-12-18T17:54:46.434+0900][gc          ] GC(32) Pause Young (Normal) (G1 Evacuation Pause) 533M->147M(1024M) 13.390ms
[2022-12-18T17:54:46.434+0900][gc,cpu      ] GC(32) User=0.01s Sys=0.02s Real=0.01s
[2022-12-18T17:57:50.380+0900][gc,start    ] GC(33) Pause Young (Normal) (G1 Evacuation Pause)
[2022-12-18T17:57:50.381+0900][gc,task     ] GC(33) Using 8 workers of 8 for evacuation
[2022-12-18T17:57:50.391+0900][gc,phases   ] GC(33)   Pre Evacuate Collection Set: 0.3ms
[2022-12-18T17:57:50.391+0900][gc,phases   ] GC(33)   Merge Heap Roots: 0.1ms
[2022-12-18T17:57:50.391+0900][gc,phases   ] GC(33)   Evacuate Collection Set: 8.8ms
[2022-12-18T17:57:50.391+0900][gc,phases   ] GC(33)   Post Evacuate Collection Set: 0.6ms
[2022-12-18T17:57:50.391+0900][gc,phases   ] GC(33)   Other: 1.1ms
[2022-12-18T17:57:50.391+0900][gc,heap     ] GC(33) Eden regions: 464->0(561)
[2022-12-18T17:57:50.391+0900][gc,heap     ] GC(33) Survivor regions: 4->4(59)
[2022-12-18T17:57:50.391+0900][gc,heap     ] GC(33) Old regions: 15->15
[2022-12-18T17:57:50.391+0900][gc,heap     ] GC(33) Archive regions: 2->2
[2022-12-18T17:57:50.391+0900][gc,heap     ] GC(33) Humongous regions: 129->129
[2022-12-18T17:57:50.391+0900][gc,metaspace] GC(33) Metaspace: 41421K(41984K)->41421K(41984K) NonClass: 36360K(36672K)->36360K(36672K) Class: 5061K(5312K)->5061K(5312K)
[2022-12-18T17:57:50.391+0900][gc          ] GC(33) Pause Young (Normal) (G1 Evacuation Pause) 611M->147M(1024M) 11.017ms
[2022-12-18T17:57:50.391+0900][gc,cpu      ] GC(33) User=0.01s Sys=0.02s Real=0.01s
[2022-12-18T17:58:32.869+0900][gc,start    ] GC(34) Pause Young (Normal) (G1 Evacuation Pause)
[2022-12-18T17:58:32.869+0900][gc,task     ] GC(34) Using 8 workers of 8 for evacuation
[2022-12-18T17:58:32.876+0900][gc,phases   ] GC(34)   Pre Evacuate Collection Set: 0.2ms
[2022-12-18T17:58:32.876+0900][gc,phases   ] GC(34)   Merge Heap Roots: 0.1ms
[2022-12-18T17:58:32.876+0900][gc,phases   ] GC(34)   Evacuate Collection Set: 6.2ms
[2022-12-18T17:58:32.876+0900][gc,phases   ] GC(34)   Post Evacuate Collection Set: 0.5ms
[2022-12-18T17:58:32.876+0900][gc,phases   ] GC(34)   Other: 0.3ms
[2022-12-18T17:58:32.876+0900][gc,heap     ] GC(34) Eden regions: 561->0(610)
[2022-12-18T17:58:32.876+0900][gc,heap     ] GC(34) Survivor regions: 4->4(71)
[2022-12-18T17:58:32.876+0900][gc,heap     ] GC(34) Old regions: 15->15
[2022-12-18T17:58:32.876+0900][gc,heap     ] GC(34) Archive regions: 2->2
[2022-12-18T17:58:32.876+0900][gc,heap     ] GC(34) Humongous regions: 129->129
[2022-12-18T17:58:32.876+0900][gc,metaspace] GC(34) Metaspace: 41425K(41984K)->41425K(41984K) NonClass: 36364K(36672K)->36364K(36672K) Class: 5061K(5312K)->5061K(5312K)
[2022-12-18T17:58:32.876+0900][gc          ] GC(34) Pause Young (Normal) (G1 Evacuation Pause) 708M->147M(1024M) 7.429ms
[2022-12-18T17:58:32.876+0900][gc,cpu      ] GC(34) User=0.01s Sys=0.01s Real=0.01s
[2022-12-18T17:58:38.889+0900][gc,start    ] GC(35) Pause Young (Normal) (G1 Evacuation Pause)
[2022-12-18T17:58:38.889+0900][gc,task     ] GC(35) Using 8 workers of 8 for evacuation
[2022-12-18T17:58:38.898+0900][gc,phases   ] GC(35)   Pre Evacuate Collection Set: 0.1ms
[2022-12-18T17:58:38.898+0900][gc,phases   ] GC(35)   Merge Heap Roots: 0.2ms
[2022-12-18T17:58:38.898+0900][gc,phases   ] GC(35)   Evacuate Collection Set: 8.3ms
[2022-12-18T17:58:38.898+0900][gc,phases   ] GC(35)   Post Evacuate Collection Set: 0.4ms
[2022-12-18T17:58:38.898+0900][gc,phases   ] GC(35)   Other: 0.2ms
[2022-12-18T17:58:38.898+0900][gc,heap     ] GC(35) Eden regions: 610->0(610)
[2022-12-18T17:58:38.898+0900][gc,heap     ] GC(35) Survivor regions: 4->4(77)
[2022-12-18T17:58:38.898+0900][gc,heap     ] GC(35) Old regions: 15->15
[2022-12-18T17:58:38.898+0900][gc,heap     ] GC(35) Archive regions: 2->2
[2022-12-18T17:58:38.898+0900][gc,heap     ] GC(35) Humongous regions: 129->129
[2022-12-18T17:58:38.898+0900][gc,metaspace] GC(35) Metaspace: 41425K(41984K)->41425K(41984K) NonClass: 36364K(36672K)->36364K(36672K) Class: 5061K(5312K)->5061K(5312K)
[2022-12-18T17:58:38.898+0900][gc          ] GC(35) Pause Young (Normal) (G1 Evacuation Pause) 757M->147M(1024M) 9.337ms
[2022-12-18T17:58:38.898+0900][gc,cpu      ] GC(35) User=0.01s Sys=0.02s Real=0.01s
[2022-12-18T17:58:46.253+0900][gc,start    ] GC(36) Pause Young (Normal) (G1 Evacuation Pause)
[2022-12-18T17:58:46.254+0900][gc,task     ] GC(36) Using 8 workers of 8 for evacuation
[2022-12-18T17:58:46.264+0900][gc,phases   ] GC(36)   Pre Evacuate Collection Set: 0.2ms
[2022-12-18T17:58:46.264+0900][gc,phases   ] GC(36)   Merge Heap Roots: 0.1ms
[2022-12-18T17:58:46.264+0900][gc,phases   ] GC(36)   Evacuate Collection Set: 9.6ms
[2022-12-18T17:58:46.264+0900][gc,phases   ] GC(36)   Post Evacuate Collection Set: 0.5ms
[2022-12-18T17:58:46.264+0900][gc,phases   ] GC(36)   Other: 0.9ms
[2022-12-18T17:58:46.265+0900][gc,heap     ] GC(36) Eden regions: 610->0(611)
[2022-12-18T17:58:46.265+0900][gc,heap     ] GC(36) Survivor regions: 4->3(77)
[2022-12-18T17:58:46.265+0900][gc,heap     ] GC(36) Old regions: 15->16
[2022-12-18T17:58:46.265+0900][gc,heap     ] GC(36) Archive regions: 2->2
[2022-12-18T17:58:46.265+0900][gc,heap     ] GC(36) Humongous regions: 129->129
[2022-12-18T17:58:46.265+0900][gc,metaspace] GC(36) Metaspace: 41426K(41984K)->41426K(41984K) NonClass: 36365K(36672K)->36365K(36672K) Class: 5061K(5312K)->5061K(5312K)
[2022-12-18T17:58:46.265+0900][gc          ] GC(36) Pause Young (Normal) (G1 Evacuation Pause) 757M->147M(1024M) 11.432ms
[2022-12-18T17:58:46.265+0900][gc,cpu      ] GC(36) User=0.01s Sys=0.02s Real=0.01s
[2022-12-18T17:58:53.061+0900][gc,start    ] GC(37) Pause Young (Normal) (G1 Evacuation Pause)
[2022-12-18T17:58:53.062+0900][gc,task     ] GC(37) Using 8 workers of 8 for evacuation
[2022-12-18T17:58:53.071+0900][gc,phases   ] GC(37)   Pre Evacuate Collection Set: 0.3ms
[2022-12-18T17:58:53.071+0900][gc,phases   ] GC(37)   Merge Heap Roots: 0.1ms
[2022-12-18T17:58:53.071+0900][gc,phases   ] GC(37)   Evacuate Collection Set: 6.8ms
[2022-12-18T17:58:53.071+0900][gc,phases   ] GC(37)   Post Evacuate Collection Set: 1.8ms
[2022-12-18T17:58:53.071+0900][gc,phases   ] GC(37)   Other: 0.4ms
[2022-12-18T17:58:53.071+0900][gc,heap     ] GC(37) Eden regions: 611->0(611)
[2022-12-18T17:58:53.071+0900][gc,heap     ] GC(37) Survivor regions: 3->3(77)
[2022-12-18T17:58:53.071+0900][gc,heap     ] GC(37) Old regions: 16->16
[2022-12-18T17:58:53.071+0900][gc,heap     ] GC(37) Archive regions: 2->2
[2022-12-18T17:58:53.071+0900][gc,heap     ] GC(37) Humongous regions: 129->129
[2022-12-18T17:58:53.071+0900][gc,metaspace] GC(37) Metaspace: 41426K(41984K)->41426K(41984K) NonClass: 36365K(36672K)->36365K(36672K) Class: 5061K(5312K)->5061K(5312K)
[2022-12-18T17:58:53.071+0900][gc          ] GC(37) Pause Young (Normal) (G1 Evacuation Pause) 758M->147M(1024M) 9.378ms
[2022-12-18T17:58:53.071+0900][gc,cpu      ] GC(37) User=0.01s Sys=0.02s Real=0.01s
[2022-12-18T17:59:00.287+0900][gc,start    ] GC(38) Pause Young (Normal) (G1 Evacuation Pause)
[2022-12-18T17:59:00.287+0900][gc,task     ] GC(38) Using 8 workers of 8 for evacuation
[2022-12-18T17:59:00.294+0900][gc,phases   ] GC(38)   Pre Evacuate Collection Set: 0.2ms
[2022-12-18T17:59:00.294+0900][gc,phases   ] GC(38)   Merge Heap Roots: 0.2ms
[2022-12-18T17:59:00.294+0900][gc,phases   ] GC(38)   Evacuate Collection Set: 5.9ms
[2022-12-18T17:59:00.294+0900][gc,phases   ] GC(38)   Post Evacuate Collection Set: 0.6ms
[2022-12-18T17:59:00.294+0900][gc,phases   ] GC(38)   Other: 0.4ms
[2022-12-18T17:59:00.294+0900][gc,heap     ] GC(38) Eden regions: 611->0(611)
[2022-12-18T17:59:00.294+0900][gc,heap     ] GC(38) Survivor regions: 3->3(77)
[2022-12-18T17:59:00.294+0900][gc,heap     ] GC(38) Old regions: 16->16
[2022-12-18T17:59:00.294+0900][gc,heap     ] GC(38) Archive regions: 2->2
[2022-12-18T17:59:00.294+0900][gc,heap     ] GC(38) Humongous regions: 129->129
[2022-12-18T17:59:00.294+0900][gc,metaspace] GC(38) Metaspace: 41427K(41984K)->41427K(41984K) NonClass: 36366K(36672K)->36366K(36672K) Class: 5061K(5312K)->5061K(5312K)
[2022-12-18T17:59:00.294+0900][gc          ] GC(38) Pause Young (Normal) (G1 Evacuation Pause) 758M->147M(1024M) 7.454ms
[2022-12-18T17:59:00.294+0900][gc,cpu      ] GC(38) User=0.01s Sys=0.02s Real=0.01s
[2022-12-18T17:59:53.410+0900][gc,start    ] GC(39) Pause Young (Normal) (G1 Evacuation Pause)
[2022-12-18T17:59:53.411+0900][gc,task     ] GC(39) Using 8 workers of 8 for evacuation
[2022-12-18T17:59:53.435+0900][gc,mmu      ] GC(39) MMU target violated: 21.0ms (20.0ms/21.0ms)
[2022-12-18T17:59:53.435+0900][gc,phases   ] GC(39)   Pre Evacuate Collection Set: 0.2ms
[2022-12-18T17:59:53.435+0900][gc,phases   ] GC(39)   Merge Heap Roots: 0.6ms
[2022-12-18T17:59:53.435+0900][gc,phases   ] GC(39)   Evacuate Collection Set: 23.0ms
[2022-12-18T17:59:53.435+0900][gc,phases   ] GC(39)   Post Evacuate Collection Set: 0.7ms
[2022-12-18T17:59:53.435+0900][gc,phases   ] GC(39)   Other: 1.0ms
[2022-12-18T17:59:53.435+0900][gc,heap     ] GC(39) Eden regions: 611->0(576)
[2022-12-18T17:59:53.435+0900][gc,heap     ] GC(39) Survivor regions: 3->3(77)
[2022-12-18T17:59:53.435+0900][gc,heap     ] GC(39) Old regions: 16->16
[2022-12-18T17:59:53.435+0900][gc,heap     ] GC(39) Archive regions: 2->2
[2022-12-18T17:59:53.435+0900][gc,heap     ] GC(39) Humongous regions: 129->129
[2022-12-18T17:59:53.435+0900][gc,metaspace] GC(39) Metaspace: 41428K(41984K)->41428K(41984K) NonClass: 36367K(36672K)->36367K(36672K) Class: 5061K(5312K)->5061K(5312K)
[2022-12-18T17:59:53.435+0900][gc          ] GC(39) Pause Young (Normal) (G1 Evacuation Pause) 758M->147M(1024M) 25.525ms
[2022-12-18T17:59:53.435+0900][gc,cpu      ] GC(39) User=0.01s Sys=0.03s Real=0.02s
[2022-12-18T18:00:48.690+0900][gc,start    ] GC(40) Pause Young (Normal) (G1 Evacuation Pause)
[2022-12-18T18:00:48.691+0900][gc,task     ] GC(40) Using 8 workers of 8 for evacuation
[2022-12-18T18:00:48.694+0900][gc,phases   ] GC(40)   Pre Evacuate Collection Set: 0.2ms
[2022-12-18T18:00:48.694+0900][gc,phases   ] GC(40)   Merge Heap Roots: 0.1ms
[2022-12-18T18:00:48.694+0900][gc,phases   ] GC(40)   Evacuate Collection Set: 2.3ms
[2022-12-18T18:00:48.694+0900][gc,phases   ] GC(40)   Post Evacuate Collection Set: 0.5ms
[2022-12-18T18:00:48.694+0900][gc,phases   ] GC(40)   Other: 1.3ms
[2022-12-18T18:00:48.694+0900][gc,heap     ] GC(40) Eden regions: 576->0(611)
[2022-12-18T18:00:48.694+0900][gc,heap     ] GC(40) Survivor regions: 3->3(73)
[2022-12-18T18:00:48.694+0900][gc,heap     ] GC(40) Old regions: 16->16
[2022-12-18T18:00:48.694+0900][gc,heap     ] GC(40) Archive regions: 2->2
[2022-12-18T18:00:48.694+0900][gc,heap     ] GC(40) Humongous regions: 129->129
[2022-12-18T18:00:48.694+0900][gc,metaspace] GC(40) Metaspace: 41429K(41984K)->41429K(41984K) NonClass: 36368K(36672K)->36368K(36672K) Class: 5061K(5312K)->5061K(5312K)
[2022-12-18T18:00:48.694+0900][gc          ] GC(40) Pause Young (Normal) (G1 Evacuation Pause) 723M->147M(1024M) 4.479ms
[2022-12-18T18:00:48.694+0900][gc,cpu      ] GC(40) User=0.00s Sys=0.01s Real=0.00s
[2022-12-18T18:00:56.272+0900][gc,start    ] GC(41) Pause Young (Normal) (G1 Evacuation Pause)
[2022-12-18T18:00:56.273+0900][gc,task     ] GC(41) Using 8 workers of 8 for evacuation
[2022-12-18T18:00:56.281+0900][gc,phases   ] GC(41)   Pre Evacuate Collection Set: 0.1ms
[2022-12-18T18:00:56.281+0900][gc,phases   ] GC(41)   Merge Heap Roots: 0.1ms
[2022-12-18T18:00:56.281+0900][gc,phases   ] GC(41)   Evacuate Collection Set: 7.2ms
[2022-12-18T18:00:56.281+0900][gc,phases   ] GC(41)   Post Evacuate Collection Set: 0.6ms
[2022-12-18T18:00:56.281+0900][gc,phases   ] GC(41)   Other: 0.4ms
[2022-12-18T18:00:56.281+0900][gc,heap     ] GC(41) Eden regions: 611->0(611)
[2022-12-18T18:00:56.281+0900][gc,heap     ] GC(41) Survivor regions: 3->3(77)
[2022-12-18T18:00:56.281+0900][gc,heap     ] GC(41) Old regions: 16->16
[2022-12-18T18:00:56.281+0900][gc,heap     ] GC(41) Archive regions: 2->2
[2022-12-18T18:00:56.281+0900][gc,heap     ] GC(41) Humongous regions: 129->129
[2022-12-18T18:00:56.281+0900][gc,metaspace] GC(41) Metaspace: 41432K(41984K)->41432K(41984K) NonClass: 36371K(36672K)->36371K(36672K) Class: 5061K(5312K)->5061K(5312K)
[2022-12-18T18:00:56.281+0900][gc          ] GC(41) Pause Young (Normal) (G1 Evacuation Pause) 758M->147M(1024M) 8.532ms
[2022-12-18T18:00:56.281+0900][gc,cpu      ] GC(41) User=0.00s Sys=0.02s Real=0.01s
[2022-12-18T18:01:03.665+0900][gc,start    ] GC(42) Pause Young (Normal) (G1 Evacuation Pause)
[2022-12-18T18:01:03.665+0900][gc,task     ] GC(42) Using 8 workers of 8 for evacuation
[2022-12-18T18:01:03.669+0900][gc,phases   ] GC(42)   Pre Evacuate Collection Set: 0.3ms
[2022-12-18T18:01:03.669+0900][gc,phases   ] GC(42)   Merge Heap Roots: 0.2ms
[2022-12-18T18:01:03.669+0900][gc,phases   ] GC(42)   Evacuate Collection Set: 3.1ms
[2022-12-18T18:01:03.669+0900][gc,phases   ] GC(42)   Post Evacuate Collection Set: 0.4ms
[2022-12-18T18:01:03.669+0900][gc,phases   ] GC(42)   Other: 2.1ms
[2022-12-18T18:01:03.669+0900][gc,heap     ] GC(42) Eden regions: 611->0(611)
[2022-12-18T18:01:03.669+0900][gc,heap     ] GC(42) Survivor regions: 3->3(77)
[2022-12-18T18:01:03.669+0900][gc,heap     ] GC(42) Old regions: 16->16
[2022-12-18T18:01:03.669+0900][gc,heap     ] GC(42) Archive regions: 2->2
[2022-12-18T18:01:03.669+0900][gc,heap     ] GC(42) Humongous regions: 129->129
[2022-12-18T18:01:03.669+0900][gc,metaspace] GC(42) Metaspace: 41432K(41984K)->41432K(41984K) NonClass: 36371K(36672K)->36371K(36672K) Class: 5061K(5312K)->5061K(5312K)
[2022-12-18T18:01:03.669+0900][gc          ] GC(42) Pause Young (Normal) (G1 Evacuation Pause) 758M->148M(1024M) 4.545ms
[2022-12-18T18:01:03.669+0900][gc,cpu      ] GC(42) User=0.00s Sys=0.01s Real=0.00s
[2022-12-18T18:01:10.575+0900][gc,start    ] GC(43) Pause Young (Normal) (G1 Evacuation Pause)
[2022-12-18T18:01:10.576+0900][gc,task     ] GC(43) Using 8 workers of 8 for evacuation
[2022-12-18T18:01:10.587+0900][gc,phases   ] GC(43)   Pre Evacuate Collection Set: 0.2ms
[2022-12-18T18:01:10.587+0900][gc,phases   ] GC(43)   Merge Heap Roots: 0.6ms
[2022-12-18T18:01:10.587+0900][gc,phases   ] GC(43)   Evacuate Collection Set: 8.3ms
[2022-12-18T18:01:10.587+0900][gc,phases   ] GC(43)   Post Evacuate Collection Set: 0.6ms
[2022-12-18T18:01:10.587+0900][gc,phases   ] GC(43)   Other: 2.2ms
[2022-12-18T18:01:10.587+0900][gc,heap     ] GC(43) Eden regions: 611->0(610)
[2022-12-18T18:01:10.587+0900][gc,heap     ] GC(43) Survivor regions: 3->4(77)
[2022-12-18T18:01:10.587+0900][gc,heap     ] GC(43) Old regions: 16->16
[2022-12-18T18:01:10.587+0900][gc,heap     ] GC(43) Archive regions: 2->2
[2022-12-18T18:01:10.587+0900][gc,heap     ] GC(43) Humongous regions: 129->129
[2022-12-18T18:01:10.587+0900][gc,metaspace] GC(43) Metaspace: 41432K(41984K)->41432K(41984K) NonClass: 36371K(36672K)->36371K(36672K) Class: 5061K(5312K)->5061K(5312K)
[2022-12-18T18:01:10.587+0900][gc          ] GC(43) Pause Young (Normal) (G1 Evacuation Pause) 759M->148M(1024M) 11.928ms
[2022-12-18T18:01:10.587+0900][gc,cpu      ] GC(43) User=0.01s Sys=0.01s Real=0.01s
[2022-12-18T18:01:18.307+0900][gc,start    ] GC(44) Pause Young (Normal) (G1 Evacuation Pause)
[2022-12-18T18:01:18.308+0900][gc,task     ] GC(44) Using 8 workers of 8 for evacuation
[2022-12-18T18:01:18.316+0900][gc,phases   ] GC(44)   Pre Evacuate Collection Set: 0.2ms
[2022-12-18T18:01:18.316+0900][gc,phases   ] GC(44)   Merge Heap Roots: 0.1ms
[2022-12-18T18:01:18.316+0900][gc,phases   ] GC(44)   Evacuate Collection Set: 6.6ms
[2022-12-18T18:01:18.316+0900][gc,phases   ] GC(44)   Post Evacuate Collection Set: 1.3ms
[2022-12-18T18:01:18.316+0900][gc,phases   ] GC(44)   Other: 1.0ms
[2022-12-18T18:01:18.316+0900][gc,heap     ] GC(44) Eden regions: 610->0(610)
[2022-12-18T18:01:18.316+0900][gc,heap     ] GC(44) Survivor regions: 4->4(77)
[2022-12-18T18:01:18.316+0900][gc,heap     ] GC(44) Old regions: 16->16
[2022-12-18T18:01:18.316+0900][gc,heap     ] GC(44) Archive regions: 2->2
[2022-12-18T18:01:18.316+0900][gc,heap     ] GC(44) Humongous regions: 129->129
[2022-12-18T18:01:18.316+0900][gc,metaspace] GC(44) Metaspace: 41435K(41984K)->41435K(41984K) NonClass: 36374K(36672K)->36374K(36672K) Class: 5061K(5312K)->5061K(5312K)
[2022-12-18T18:01:18.316+0900][gc          ] GC(44) Pause Young (Normal) (G1 Evacuation Pause) 758M->148M(1024M) 9.226ms
[2022-12-18T18:01:18.316+0900][gc,cpu      ] GC(44) User=0.01s Sys=0.02s Real=0.01s
[2022-12-18T18:01:45.727+0900][gc,start    ] GC(45) Pause Young (Normal) (G1 Evacuation Pause)
[2022-12-18T18:01:45.728+0900][gc,task     ] GC(45) Using 8 workers of 8 for evacuation
[2022-12-18T18:01:45.737+0900][gc,phases   ] GC(45)   Pre Evacuate Collection Set: 0.3ms
[2022-12-18T18:01:45.738+0900][gc,phases   ] GC(45)   Merge Heap Roots: 0.1ms
[2022-12-18T18:01:45.738+0900][gc,phases   ] GC(45)   Evacuate Collection Set: 8.7ms
[2022-12-18T18:01:45.738+0900][gc,phases   ] GC(45)   Post Evacuate Collection Set: 0.4ms
[2022-12-18T18:01:45.738+0900][gc,phases   ] GC(45)   Other: 1.3ms
[2022-12-18T18:01:45.738+0900][gc,heap     ] GC(45) Eden regions: 610->0(610)
[2022-12-18T18:01:45.738+0900][gc,heap     ] GC(45) Survivor regions: 4->4(77)
[2022-12-18T18:01:45.738+0900][gc,heap     ] GC(45) Old regions: 16->16
[2022-12-18T18:01:45.738+0900][gc,heap     ] GC(45) Archive regions: 2->2
[2022-12-18T18:01:45.738+0900][gc,heap     ] GC(45) Humongous regions: 129->129
[2022-12-18T18:01:45.738+0900][gc,metaspace] GC(45) Metaspace: 41438K(41984K)->41438K(41984K) NonClass: 36377K(36672K)->36377K(36672K) Class: 5061K(5312K)->5061K(5312K)
[2022-12-18T18:01:45.738+0900][gc          ] GC(45) Pause Young (Normal) (G1 Evacuation Pause) 758M->149M(1024M) 10.940ms
[2022-12-18T18:01:45.738+0900][gc,cpu      ] GC(45) User=0.01s Sys=0.02s Real=0.01s
[2022-12-18T18:01:53.162+0900][gc,start    ] GC(46) Pause Young (Normal) (G1 Evacuation Pause)
[2022-12-18T18:01:53.163+0900][gc,task     ] GC(46) Using 8 workers of 8 for evacuation
[2022-12-18T18:01:53.174+0900][gc,phases   ] GC(46)   Pre Evacuate Collection Set: 0.2ms
[2022-12-18T18:01:53.174+0900][gc,phases   ] GC(46)   Merge Heap Roots: 0.1ms
[2022-12-18T18:01:53.174+0900][gc,phases   ] GC(46)   Evacuate Collection Set: 10.5ms
[2022-12-18T18:01:53.174+0900][gc,phases   ] GC(46)   Post Evacuate Collection Set: 0.6ms
[2022-12-18T18:01:53.174+0900][gc,phases   ] GC(46)   Other: 1.0ms
[2022-12-18T18:01:53.174+0900][gc,heap     ] GC(46) Eden regions: 610->0(609)
[2022-12-18T18:01:53.174+0900][gc,heap     ] GC(46) Survivor regions: 4->5(77)
[2022-12-18T18:01:53.174+0900][gc,heap     ] GC(46) Old regions: 16->16
[2022-12-18T18:01:53.174+0900][gc,heap     ] GC(46) Archive regions: 2->2
[2022-12-18T18:01:53.174+0900][gc,heap     ] GC(46) Humongous regions: 129->129
[2022-12-18T18:01:53.174+0900][gc,metaspace] GC(46) Metaspace: 41438K(41984K)->41438K(41984K) NonClass: 36377K(36672K)->36377K(36672K) Class: 5061K(5312K)->5061K(5312K)
[2022-12-18T18:01:53.174+0900][gc          ] GC(46) Pause Young (Normal) (G1 Evacuation Pause) 759M->149M(1024M) 12.431ms
[2022-12-18T18:01:53.174+0900][gc,cpu      ] GC(46) User=0.01s Sys=0.02s Real=0.01s
[2022-12-18T18:01:59.866+0900][gc,start    ] GC(47) Pause Young (Normal) (G1 Evacuation Pause)
[2022-12-18T18:01:59.866+0900][gc,task     ] GC(47) Using 8 workers of 8 for evacuation
[2022-12-18T18:01:59.876+0900][gc,phases   ] GC(47)   Pre Evacuate Collection Set: 0.3ms
[2022-12-18T18:01:59.876+0900][gc,phases   ] GC(47)   Merge Heap Roots: 0.1ms
[2022-12-18T18:01:59.876+0900][gc,phases   ] GC(47)   Evacuate Collection Set: 8.5ms
[2022-12-18T18:01:59.876+0900][gc,phases   ] GC(47)   Post Evacuate Collection Set: 0.6ms
[2022-12-18T18:01:59.876+0900][gc,phases   ] GC(47)   Other: 0.4ms
[2022-12-18T18:01:59.876+0900][gc,heap     ] GC(47) Eden regions: 609->0(609)
[2022-12-18T18:01:59.876+0900][gc,heap     ] GC(47) Survivor regions: 5->5(77)
[2022-12-18T18:01:59.876+0900][gc,heap     ] GC(47) Old regions: 16->16
[2022-12-18T18:01:59.876+0900][gc,heap     ] GC(47) Archive regions: 2->2
[2022-12-18T18:01:59.876+0900][gc,heap     ] GC(47) Humongous regions: 129->129
[2022-12-18T18:01:59.876+0900][gc,metaspace] GC(47) Metaspace: 41439K(41984K)->41439K(41984K) NonClass: 36378K(36672K)->36378K(36672K) Class: 5061K(5312K)->5061K(5312K)
[2022-12-18T18:01:59.876+0900][gc          ] GC(47) Pause Young (Normal) (G1 Evacuation Pause) 758M->149M(1024M) 9.987ms
[2022-12-18T18:01:59.876+0900][gc,cpu      ] GC(47) User=0.01s Sys=0.01s Real=0.01s
[2022-12-18T18:02:07.504+0900][gc,start    ] GC(48) Pause Young (Normal) (G1 Evacuation Pause)
[2022-12-18T18:02:07.504+0900][gc,task     ] GC(48) Using 8 workers of 8 for evacuation
[2022-12-18T18:02:07.516+0900][gc,phases   ] GC(48)   Pre Evacuate Collection Set: 0.3ms
[2022-12-18T18:02:07.516+0900][gc,phases   ] GC(48)   Merge Heap Roots: 0.1ms
[2022-12-18T18:02:07.516+0900][gc,phases   ] GC(48)   Evacuate Collection Set: 10.5ms
[2022-12-18T18:02:07.516+0900][gc,phases   ] GC(48)   Post Evacuate Collection Set: 0.5ms
[2022-12-18T18:02:07.516+0900][gc,phases   ] GC(48)   Other: 0.9ms
[2022-12-18T18:02:07.516+0900][gc,heap     ] GC(48) Eden regions: 609->0(609)
[2022-12-18T18:02:07.516+0900][gc,heap     ] GC(48) Survivor regions: 5->5(77)
[2022-12-18T18:02:07.516+0900][gc,heap     ] GC(48) Old regions: 16->16
[2022-12-18T18:02:07.516+0900][gc,heap     ] GC(48) Archive regions: 2->2
[2022-12-18T18:02:07.516+0900][gc,heap     ] GC(48) Humongous regions: 129->129
[2022-12-18T18:02:07.516+0900][gc,metaspace] GC(48) Metaspace: 41439K(41984K)->41439K(41984K) NonClass: 36378K(36672K)->36378K(36672K) Class: 5061K(5312K)->5061K(5312K)
[2022-12-18T18:02:07.516+0900][gc          ] GC(48) Pause Young (Normal) (G1 Evacuation Pause) 758M->150M(1024M) 12.295ms
[2022-12-18T18:02:07.516+0900][gc,cpu      ] GC(48) User=0.01s Sys=0.03s Real=0.01s
[2022-12-18T18:02:15.060+0900][gc,start    ] GC(49) Pause Young (Normal) (G1 Evacuation Pause)
[2022-12-18T18:02:15.060+0900][gc,task     ] GC(49) Using 8 workers of 8 for evacuation
[2022-12-18T18:02:15.070+0900][gc,phases   ] GC(49)   Pre Evacuate Collection Set: 0.2ms
[2022-12-18T18:02:15.070+0900][gc,phases   ] GC(49)   Merge Heap Roots: 0.1ms
[2022-12-18T18:02:15.070+0900][gc,phases   ] GC(49)   Evacuate Collection Set: 8.5ms
[2022-12-18T18:02:15.070+0900][gc,phases   ] GC(49)   Post Evacuate Collection Set: 0.5ms
[2022-12-18T18:02:15.070+0900][gc,phases   ] GC(49)   Other: 0.4ms
[2022-12-18T18:02:15.070+0900][gc,heap     ] GC(49) Eden regions: 609->0(608)
[2022-12-18T18:02:15.070+0900][gc,heap     ] GC(49) Survivor regions: 5->6(77)
[2022-12-18T18:02:15.070+0900][gc,heap     ] GC(49) Old regions: 16->16
[2022-12-18T18:02:15.070+0900][gc,heap     ] GC(49) Archive regions: 2->2
[2022-12-18T18:02:15.070+0900][gc,heap     ] GC(49) Humongous regions: 129->129
[2022-12-18T18:02:15.070+0900][gc,metaspace] GC(49) Metaspace: 41441K(41984K)->41441K(41984K) NonClass: 36380K(36672K)->36380K(36672K) Class: 5061K(5312K)->5061K(5312K)
[2022-12-18T18:02:15.070+0900][gc          ] GC(49) Pause Young (Normal) (G1 Evacuation Pause) 759M->150M(1024M) 9.697ms
[2022-12-18T18:02:15.070+0900][gc,cpu      ] GC(49) User=0.02s Sys=0.02s Real=0.01s
[2022-12-18T18:02:22.065+0900][gc,start    ] GC(50) Pause Young (Normal) (G1 Evacuation Pause)
[2022-12-18T18:02:22.066+0900][gc,task     ] GC(50) Using 8 workers of 8 for evacuation
[2022-12-18T18:02:22.076+0900][gc,phases   ] GC(50)   Pre Evacuate Collection Set: 0.2ms
[2022-12-18T18:02:22.076+0900][gc,phases   ] GC(50)   Merge Heap Roots: 0.1ms
[2022-12-18T18:02:22.076+0900][gc,phases   ] GC(50)   Evacuate Collection Set: 9.2ms
[2022-12-18T18:02:22.076+0900][gc,phases   ] GC(50)   Post Evacuate Collection Set: 0.6ms
[2022-12-18T18:02:22.076+0900][gc,phases   ] GC(50)   Other: 0.9ms
[2022-12-18T18:02:22.076+0900][gc,heap     ] GC(50) Eden regions: 608->0(608)
[2022-12-18T18:02:22.077+0900][gc,heap     ] GC(50) Survivor regions: 6->6(77)
[2022-12-18T18:02:22.077+0900][gc,heap     ] GC(50) Old regions: 16->16
[2022-12-18T18:02:22.077+0900][gc,heap     ] GC(50) Archive regions: 2->2
[2022-12-18T18:02:22.077+0900][gc,heap     ] GC(50) Humongous regions: 129->129
[2022-12-18T18:02:22.077+0900][gc,metaspace] GC(50) Metaspace: 41442K(41984K)->41442K(41984K) NonClass: 36381K(36672K)->36381K(36672K) Class: 5061K(5312K)->5061K(5312K)
[2022-12-18T18:02:22.077+0900][gc          ] GC(50) Pause Young (Normal) (G1 Evacuation Pause) 758M->151M(1024M) 11.124ms
[2022-12-18T18:02:22.077+0900][gc,cpu      ] GC(50) User=0.01s Sys=0.02s Real=0.01s
[2022-12-18T18:02:29.036+0900][gc,start    ] GC(51) Pause Young (Normal) (G1 Evacuation Pause)
[2022-12-18T18:02:29.037+0900][gc,task     ] GC(51) Using 8 workers of 8 for evacuation
[2022-12-18T18:02:29.050+0900][gc,phases   ] GC(51)   Pre Evacuate Collection Set: 0.3ms
[2022-12-18T18:02:29.050+0900][gc,phases   ] GC(51)   Merge Heap Roots: 0.1ms
[2022-12-18T18:02:29.050+0900][gc,phases   ] GC(51)   Evacuate Collection Set: 12.1ms
[2022-12-18T18:02:29.050+0900][gc,phases   ] GC(51)   Post Evacuate Collection Set: 0.6ms
[2022-12-18T18:02:29.050+0900][gc,phases   ] GC(51)   Other: 0.9ms
[2022-12-18T18:02:29.050+0900][gc,heap     ] GC(51) Eden regions: 608->0(607)
[2022-12-18T18:02:29.050+0900][gc,heap     ] GC(51) Survivor regions: 6->7(77)
[2022-12-18T18:02:29.050+0900][gc,heap     ] GC(51) Old regions: 16->16
[2022-12-18T18:02:29.050+0900][gc,heap     ] GC(51) Archive regions: 2->2
[2022-12-18T18:02:29.050+0900][gc,heap     ] GC(51) Humongous regions: 129->129
[2022-12-18T18:02:29.050+0900][gc,metaspace] GC(51) Metaspace: 41442K(41984K)->41442K(41984K) NonClass: 36381K(36672K)->36381K(36672K) Class: 5061K(5312K)->5061K(5312K)
[2022-12-18T18:02:29.050+0900][gc          ] GC(51) Pause Young (Normal) (G1 Evacuation Pause) 759M->151M(1024M) 14.126ms
[2022-12-18T18:02:29.050+0900][gc,cpu      ] GC(51) User=0.01s Sys=0.03s Real=0.02s
[2022-12-18T18:02:36.108+0900][gc,start    ] GC(52) Pause Young (Normal) (G1 Evacuation Pause)
[2022-12-18T18:02:36.109+0900][gc,task     ] GC(52) Using 8 workers of 8 for evacuation
[2022-12-18T18:02:36.119+0900][gc,phases   ] GC(52)   Pre Evacuate Collection Set: 0.3ms
[2022-12-18T18:02:36.119+0900][gc,phases   ] GC(52)   Merge Heap Roots: 0.1ms
[2022-12-18T18:02:36.119+0900][gc,phases   ] GC(52)   Evacuate Collection Set: 9.2ms
[2022-12-18T18:02:36.119+0900][gc,phases   ] GC(52)   Post Evacuate Collection Set: 0.6ms
[2022-12-18T18:02:36.119+0900][gc,phases   ] GC(52)   Other: 0.5ms
[2022-12-18T18:02:36.119+0900][gc,heap     ] GC(52) Eden regions: 607->0(607)
[2022-12-18T18:02:36.119+0900][gc,heap     ] GC(52) Survivor regions: 7->7(77)
[2022-12-18T18:02:36.119+0900][gc,heap     ] GC(52) Old regions: 16->16
[2022-12-18T18:02:36.119+0900][gc,heap     ] GC(52) Archive regions: 2->2
[2022-12-18T18:02:36.119+0900][gc,heap     ] GC(52) Humongous regions: 129->129
[2022-12-18T18:02:36.119+0900][gc,metaspace] GC(52) Metaspace: 41442K(41984K)->41442K(41984K) NonClass: 36381K(36672K)->36381K(36672K) Class: 5061K(5312K)->5061K(5312K)
[2022-12-18T18:02:36.119+0900][gc          ] GC(52) Pause Young (Normal) (G1 Evacuation Pause) 758M->152M(1024M) 10.713ms
[2022-12-18T18:02:36.119+0900][gc,cpu      ] GC(52) User=0.01s Sys=0.02s Real=0.01s
[2022-12-18T18:02:43.116+0900][gc,start    ] GC(53) Pause Young (Normal) (G1 Evacuation Pause)
[2022-12-18T18:02:43.117+0900][gc,task     ] GC(53) Using 8 workers of 8 for evacuation
[2022-12-18T18:02:43.129+0900][gc,phases   ] GC(53)   Pre Evacuate Collection Set: 0.2ms
[2022-12-18T18:02:43.129+0900][gc,phases   ] GC(53)   Merge Heap Roots: 0.1ms
[2022-12-18T18:02:43.129+0900][gc,phases   ] GC(53)   Evacuate Collection Set: 11.0ms
[2022-12-18T18:02:43.129+0900][gc,phases   ] GC(53)   Post Evacuate Collection Set: 0.7ms
[2022-12-18T18:02:43.129+0900][gc,phases   ] GC(53)   Other: 1.0ms
[2022-12-18T18:02:43.129+0900][gc,heap     ] GC(53) Eden regions: 607->0(607)
[2022-12-18T18:02:43.129+0900][gc,heap     ] GC(53) Survivor regions: 7->7(77)
[2022-12-18T18:02:43.129+0900][gc,heap     ] GC(53) Old regions: 16->16
[2022-12-18T18:02:43.129+0900][gc,heap     ] GC(53) Archive regions: 2->2
[2022-12-18T18:02:43.129+0900][gc,heap     ] GC(53) Humongous regions: 129->129
[2022-12-18T18:02:43.129+0900][gc,metaspace] GC(53) Metaspace: 41444K(41984K)->41444K(41984K) NonClass: 36383K(36672K)->36383K(36672K) Class: 5061K(5312K)->5061K(5312K)
[2022-12-18T18:02:43.129+0900][gc          ] GC(53) Pause Young (Normal) (G1 Evacuation Pause) 759M->152M(1024M) 13.060ms
[2022-12-18T18:02:43.129+0900][gc,cpu      ] GC(53) User=0.01s Sys=0.02s Real=0.01s
[2022-12-18T18:02:50.408+0900][gc,start    ] GC(54) Pause Young (Normal) (G1 Evacuation Pause)
[2022-12-18T18:02:50.409+0900][gc,task     ] GC(54) Using 8 workers of 8 for evacuation
[2022-12-18T18:02:50.424+0900][gc,phases   ] GC(54)   Pre Evacuate Collection Set: 0.2ms
[2022-12-18T18:02:50.424+0900][gc,phases   ] GC(54)   Merge Heap Roots: 0.2ms
[2022-12-18T18:02:50.424+0900][gc,phases   ] GC(54)   Evacuate Collection Set: 13.9ms
[2022-12-18T18:02:50.424+0900][gc,phases   ] GC(54)   Post Evacuate Collection Set: 0.6ms
[2022-12-18T18:02:50.424+0900][gc,phases   ] GC(54)   Other: 1.2ms
[2022-12-18T18:02:50.424+0900][gc,heap     ] GC(54) Eden regions: 607->0(607)
[2022-12-18T18:02:50.424+0900][gc,heap     ] GC(54) Survivor regions: 7->7(77)
[2022-12-18T18:02:50.424+0900][gc,heap     ] GC(54) Old regions: 16->16
[2022-12-18T18:02:50.424+0900][gc,heap     ] GC(54) Archive regions: 2->2
[2022-12-18T18:02:50.424+0900][gc,heap     ] GC(54) Humongous regions: 129->129
[2022-12-18T18:02:50.424+0900][gc,metaspace] GC(54) Metaspace: 41444K(41984K)->41444K(41984K) NonClass: 36383K(36672K)->36383K(36672K) Class: 5061K(5312K)->5061K(5312K)
[2022-12-18T18:02:50.424+0900][gc          ] GC(54) Pause Young (Normal) (G1 Evacuation Pause) 759M->152M(1024M) 16.197ms
[2022-12-18T18:02:50.424+0900][gc,cpu      ] GC(54) User=0.01s Sys=0.03s Real=0.02s
[2022-12-18T18:02:56.924+0900][gc,start    ] GC(55) Pause Young (Normal) (G1 Evacuation Pause)
[2022-12-18T18:02:56.924+0900][gc,task     ] GC(55) Using 8 workers of 8 for evacuation
[2022-12-18T18:02:56.941+0900][gc,phases   ] GC(55)   Pre Evacuate Collection Set: 0.2ms
[2022-12-18T18:02:56.941+0900][gc,phases   ] GC(55)   Merge Heap Roots: 0.2ms
[2022-12-18T18:02:56.941+0900][gc,phases   ] GC(55)   Evacuate Collection Set: 12.1ms
[2022-12-18T18:02:56.941+0900][gc,phases   ] GC(55)   Post Evacuate Collection Set: 2.8ms
[2022-12-18T18:02:56.941+0900][gc,phases   ] GC(55)   Other: 0.5ms
[2022-12-18T18:02:56.941+0900][gc,heap     ] GC(55) Eden regions: 607->0(607)
[2022-12-18T18:02:56.941+0900][gc,heap     ] GC(55) Survivor regions: 7->7(77)
[2022-12-18T18:02:56.941+0900][gc,heap     ] GC(55) Old regions: 16->17
[2022-12-18T18:02:56.941+0900][gc,heap     ] GC(55) Archive regions: 2->2
[2022-12-18T18:02:56.941+0900][gc,heap     ] GC(55) Humongous regions: 129->129
[2022-12-18T18:02:56.941+0900][gc,metaspace] GC(55) Metaspace: 41444K(41984K)->41444K(41984K) NonClass: 36383K(36672K)->36383K(36672K) Class: 5061K(5312K)->5061K(5312K)
[2022-12-18T18:02:56.941+0900][gc          ] GC(55) Pause Young (Normal) (G1 Evacuation Pause) 759M->153M(1024M) 17.100ms
[2022-12-18T18:02:56.941+0900][gc,cpu      ] GC(55) User=0.01s Sys=0.02s Real=0.02s
[2022-12-18T18:03:04.254+0900][gc,start    ] GC(56) Pause Young (Normal) (G1 Evacuation Pause)
[2022-12-18T18:03:04.255+0900][gc,task     ] GC(56) Using 8 workers of 8 for evacuation
[2022-12-18T18:03:04.272+0900][gc,phases   ] GC(56)   Pre Evacuate Collection Set: 0.3ms
[2022-12-18T18:03:04.272+0900][gc,phases   ] GC(56)   Merge Heap Roots: 0.2ms
[2022-12-18T18:03:04.272+0900][gc,phases   ] GC(56)   Evacuate Collection Set: 15.4ms
[2022-12-18T18:03:04.272+0900][gc,phases   ] GC(56)   Post Evacuate Collection Set: 0.7ms
[2022-12-18T18:03:04.272+0900][gc,phases   ] GC(56)   Other: 1.0ms
[2022-12-18T18:03:04.272+0900][gc,heap     ] GC(56) Eden regions: 607->0(606)
[2022-12-18T18:03:04.272+0900][gc,heap     ] GC(56) Survivor regions: 7->8(77)
[2022-12-18T18:03:04.272+0900][gc,heap     ] GC(56) Old regions: 17->17
[2022-12-18T18:03:04.272+0900][gc,heap     ] GC(56) Archive regions: 2->2
[2022-12-18T18:03:04.272+0900][gc,heap     ] GC(56) Humongous regions: 129->129
[2022-12-18T18:03:04.272+0900][gc,metaspace] GC(56) Metaspace: 41444K(41984K)->41444K(41984K) NonClass: 36383K(36672K)->36383K(36672K) Class: 5061K(5312K)->5061K(5312K)
[2022-12-18T18:03:04.272+0900][gc          ] GC(56) Pause Young (Normal) (G1 Evacuation Pause) 760M->153M(1024M) 17.677ms
[2022-12-18T18:03:04.272+0900][gc,cpu      ] GC(56) User=0.01s Sys=0.03s Real=0.02s
[2022-12-18T18:03:12.710+0900][gc,start    ] GC(57) Pause Young (Normal) (G1 Evacuation Pause)
[2022-12-18T18:03:12.711+0900][gc,task     ] GC(57) Using 8 workers of 8 for evacuation
[2022-12-18T18:03:12.727+0900][gc,phases   ] GC(57)   Pre Evacuate Collection Set: 0.2ms
[2022-12-18T18:03:12.727+0900][gc,phases   ] GC(57)   Merge Heap Roots: 0.2ms
[2022-12-18T18:03:12.727+0900][gc,phases   ] GC(57)   Evacuate Collection Set: 14.8ms
[2022-12-18T18:03:12.727+0900][gc,phases   ] GC(57)   Post Evacuate Collection Set: 0.6ms
[2022-12-18T18:03:12.727+0900][gc,phases   ] GC(57)   Other: 0.9ms
[2022-12-18T18:03:12.727+0900][gc,heap     ] GC(57) Eden regions: 606->0(607)
[2022-12-18T18:03:12.727+0900][gc,heap     ] GC(57) Survivor regions: 8->7(77)
[2022-12-18T18:03:12.727+0900][gc,heap     ] GC(57) Old regions: 17->18
[2022-12-18T18:03:12.727+0900][gc,heap     ] GC(57) Archive regions: 2->2
[2022-12-18T18:03:12.727+0900][gc,heap     ] GC(57) Humongous regions: 129->129
[2022-12-18T18:03:12.727+0900][gc,metaspace] GC(57) Metaspace: 41444K(41984K)->41444K(41984K) NonClass: 36383K(36672K)->36383K(36672K) Class: 5061K(5312K)->5061K(5312K)
[2022-12-18T18:03:12.727+0900][gc          ] GC(57) Pause Young (Normal) (G1 Evacuation Pause) 759M->154M(1024M) 16.782ms
[2022-12-18T18:03:12.727+0900][gc,cpu      ] GC(57) User=0.02s Sys=0.03s Real=0.01s
[2022-12-18T18:03:20.116+0900][gc,start    ] GC(58) Pause Young (Normal) (G1 Evacuation Pause)
[2022-12-18T18:03:20.116+0900][gc,task     ] GC(58) Using 8 workers of 8 for evacuation
[2022-12-18T18:03:20.133+0900][gc,phases   ] GC(58)   Pre Evacuate Collection Set: 0.2ms
[2022-12-18T18:03:20.133+0900][gc,phases   ] GC(58)   Merge Heap Roots: 0.2ms
[2022-12-18T18:03:20.133+0900][gc,phases   ] GC(58)   Evacuate Collection Set: 14.9ms
[2022-12-18T18:03:20.133+0900][gc,phases   ] GC(58)   Post Evacuate Collection Set: 0.9ms
[2022-12-18T18:03:20.133+0900][gc,phases   ] GC(58)   Other: 0.5ms
[2022-12-18T18:03:20.133+0900][gc,heap     ] GC(58) Eden regions: 607->0(607)
[2022-12-18T18:03:20.133+0900][gc,heap     ] GC(58) Survivor regions: 7->7(77)
[2022-12-18T18:03:20.133+0900][gc,heap     ] GC(58) Old regions: 18->18
[2022-12-18T18:03:20.133+0900][gc,heap     ] GC(58) Archive regions: 2->2
[2022-12-18T18:03:20.133+0900][gc,heap     ] GC(58) Humongous regions: 129->129
[2022-12-18T18:03:20.133+0900][gc,metaspace] GC(58) Metaspace: 41444K(41984K)->41444K(41984K) NonClass: 36383K(36672K)->36383K(36672K) Class: 5061K(5312K)->5061K(5312K)
[2022-12-18T18:03:20.133+0900][gc          ] GC(58) Pause Young (Normal) (G1 Evacuation Pause) 761M->154M(1024M) 16.721ms
[2022-12-18T18:03:20.133+0900][gc,cpu      ] GC(58) User=0.01s Sys=0.02s Real=0.02s
[2022-12-18T19:34:38.287+0900][gc,start    ] GC(59) Pause Young (Normal) (G1 Evacuation Pause)
[2022-12-18T19:34:38.289+0900][gc,task     ] GC(59) Using 8 workers of 8 for evacuation
[2022-12-18T19:34:38.784+0900][gc,mmu      ] GC(59) MMU target violated: 21.0ms (20.0ms/21.0ms)
[2022-12-18T19:34:38.816+0900][gc,phases   ] GC(59)   Pre Evacuate Collection Set: 6.4ms
[2022-12-18T19:34:38.816+0900][gc,phases   ] GC(59)   Merge Heap Roots: 1.7ms
[2022-12-18T19:34:38.816+0900][gc,phases   ] GC(59)   Evacuate Collection Set: 475.6ms
[2022-12-18T19:34:38.816+0900][gc,phases   ] GC(59)   Post Evacuate Collection Set: 9.6ms
[2022-12-18T19:34:38.816+0900][gc,phases   ] GC(59)   Other: 35.3ms
[2022-12-18T19:34:38.816+0900][gc,heap     ] GC(59) Eden regions: 607->0(22)
[2022-12-18T19:34:38.816+0900][gc,heap     ] GC(59) Survivor regions: 7->29(77)
[2022-12-18T19:34:38.816+0900][gc,heap     ] GC(59) Old regions: 18->19
[2022-12-18T19:34:38.816+0900][gc,heap     ] GC(59) Archive regions: 2->2
[2022-12-18T19:34:38.816+0900][gc,heap     ] GC(59) Humongous regions: 129->129
[2022-12-18T19:34:38.816+0900][gc,metaspace] GC(59) Metaspace: 41466K(41984K)->41466K(41984K) NonClass: 36405K(36672K)->36405K(36672K) Class: 5061K(5312K)->5061K(5312K)
[2022-12-18T19:34:38.816+0900][gc          ] GC(59) Pause Young (Normal) (G1 Evacuation Pause) 761M->176M(1024M) 528.765ms
[2022-12-18T19:34:38.816+0900][gc,cpu      ] GC(59) User=0.09s Sys=0.24s Real=0.53s
[2022-12-18T19:37:30.147+0900][gc,start    ] GC(60) Pause Young (Normal) (G1 Evacuation Pause)
[2022-12-18T19:37:30.148+0900][gc,task     ] GC(60) Using 8 workers of 8 for evacuation
[2022-12-18T19:37:30.217+0900][gc,mmu      ] GC(60) MMU target violated: 21.0ms (20.0ms/21.0ms)
[2022-12-18T19:37:30.217+0900][gc,phases   ] GC(60)   Pre Evacuate Collection Set: 0.5ms
[2022-12-18T19:37:30.217+0900][gc,phases   ] GC(60)   Merge Heap Roots: 0.2ms
[2022-12-18T19:37:30.217+0900][gc,phases   ] GC(60)   Evacuate Collection Set: 68.0ms
[2022-12-18T19:37:30.217+0900][gc,phases   ] GC(60)   Post Evacuate Collection Set: 0.4ms
[2022-12-18T19:37:30.217+0900][gc,phases   ] GC(60)   Other: 0.6ms
[2022-12-18T19:37:30.217+0900][gc,heap     ] GC(60) Eden regions: 22->0(46)
[2022-12-18T19:37:30.217+0900][gc,heap     ] GC(60) Survivor regions: 29->5(7)
[2022-12-18T19:37:30.217+0900][gc,heap     ] GC(60) Old regions: 19->45
[2022-12-18T19:37:30.217+0900][gc,heap     ] GC(60) Archive regions: 2->2
[2022-12-18T19:37:30.217+0900][gc,heap     ] GC(60) Humongous regions: 129->129
[2022-12-18T19:37:30.217+0900][gc,metaspace] GC(60) Metaspace: 41467K(41984K)->41467K(41984K) NonClass: 36405K(36672K)->36405K(36672K) Class: 5061K(5312K)->5061K(5312K)
[2022-12-18T19:37:30.217+0900][gc          ] GC(60) Pause Young (Normal) (G1 Evacuation Pause) 198M->179M(1024M) 69.792ms
[2022-12-18T19:37:30.217+0900][gc,cpu      ] GC(60) User=0.07s Sys=0.05s Real=0.07s
[2022-12-18T19:43:40.445+0900][gc,start    ] GC(61) Pause Young (Normal) (G1 Evacuation Pause)
[2022-12-18T19:43:40.446+0900][gc,task     ] GC(61) Using 8 workers of 8 for evacuation
[2022-12-18T19:43:40.477+0900][gc,mmu      ] GC(61) MMU target violated: 21.0ms (20.0ms/21.0ms)
[2022-12-18T19:43:40.477+0900][gc,phases   ] GC(61)   Pre Evacuate Collection Set: 1.0ms
[2022-12-18T19:43:40.477+0900][gc,phases   ] GC(61)   Merge Heap Roots: 0.4ms
[2022-12-18T19:43:40.477+0900][gc,phases   ] GC(61)   Evacuate Collection Set: 29.5ms
[2022-12-18T19:43:40.477+0900][gc,phases   ] GC(61)   Post Evacuate Collection Set: 0.5ms
[2022-12-18T19:43:40.477+0900][gc,phases   ] GC(61)   Other: 1.4ms
[2022-12-18T19:43:40.477+0900][gc,heap     ] GC(61) Eden regions: 46->0(45)
[2022-12-18T19:43:40.477+0900][gc,heap     ] GC(61) Survivor regions: 5->6(7)
[2022-12-18T19:43:40.477+0900][gc,heap     ] GC(61) Old regions: 45->45
[2022-12-18T19:43:40.477+0900][gc,heap     ] GC(61) Archive regions: 2->2
[2022-12-18T19:43:40.477+0900][gc,heap     ] GC(61) Humongous regions: 129->129
[2022-12-18T19:43:40.477+0900][gc,metaspace] GC(61) Metaspace: 41467K(41984K)->41467K(41984K) NonClass: 36405K(36672K)->36405K(36672K) Class: 5061K(5312K)->5061K(5312K)
[2022-12-18T19:43:40.477+0900][gc          ] GC(61) Pause Young (Normal) (G1 Evacuation Pause) 225M->180M(1024M) 32.731ms
[2022-12-18T19:43:40.477+0900][gc,cpu      ] GC(61) User=0.03s Sys=0.03s Real=0.03s
[2022-12-18T19:49:44.343+0900][gc,start    ] GC(62) Pause Young (Normal) (G1 Evacuation Pause)
[2022-12-18T19:49:44.343+0900][gc,task     ] GC(62) Using 8 workers of 8 for evacuation
[2022-12-18T19:49:44.371+0900][gc,mmu      ] GC(62) MMU target violated: 21.0ms (20.0ms/21.0ms)
[2022-12-18T19:49:44.386+0900][gc,phases   ] GC(62)   Pre Evacuate Collection Set: 0.6ms
[2022-12-18T19:49:44.386+0900][gc,phases   ] GC(62)   Merge Heap Roots: 0.2ms
[2022-12-18T19:49:44.386+0900][gc,phases   ] GC(62)   Evacuate Collection Set: 25.7ms
[2022-12-18T19:49:44.386+0900][gc,phases   ] GC(62)   Post Evacuate Collection Set: 1.1ms
[2022-12-18T19:49:44.386+0900][gc,phases   ] GC(62)   Other: 16.2ms
[2022-12-18T19:49:44.386+0900][gc,heap     ] GC(62) Eden regions: 45->0(45)
[2022-12-18T19:49:44.386+0900][gc,heap     ] GC(62) Survivor regions: 6->6(7)
[2022-12-18T19:49:44.386+0900][gc,heap     ] GC(62) Old regions: 45->50
[2022-12-18T19:49:44.386+0900][gc,heap     ] GC(62) Archive regions: 2->2
[2022-12-18T19:49:44.387+0900][gc,heap     ] GC(62) Humongous regions: 129->129
[2022-12-18T19:49:44.387+0900][gc,metaspace] GC(62) Metaspace: 41467K(41984K)->41467K(41984K) NonClass: 36405K(36672K)->36405K(36672K) Class: 5061K(5312K)->5061K(5312K)
[2022-12-18T19:49:44.387+0900][gc          ] GC(62) Pause Young (Normal) (G1 Evacuation Pause) 225M->184M(1024M) 43.431ms
[2022-12-18T19:49:44.387+0900][gc,cpu      ] GC(62) User=0.04s Sys=0.02s Real=0.04s
[2022-12-18T19:55:45.523+0900][gc,start    ] GC(63) Pause Young (Normal) (G1 Evacuation Pause)
[2022-12-18T19:55:45.524+0900][gc,task     ] GC(63) Using 8 workers of 8 for evacuation
[2022-12-18T19:55:45.550+0900][gc,mmu      ] GC(63) MMU target violated: 21.0ms (20.0ms/21.0ms)
[2022-12-18T19:55:45.550+0900][gc,phases   ] GC(63)   Pre Evacuate Collection Set: 0.5ms
[2022-12-18T19:55:45.550+0900][gc,phases   ] GC(63)   Merge Heap Roots: 0.4ms
[2022-12-18T19:55:45.550+0900][gc,phases   ] GC(63)   Evacuate Collection Set: 24.9ms
[2022-12-18T19:55:45.550+0900][gc,phases   ] GC(63)   Post Evacuate Collection Set: 0.6ms
[2022-12-18T19:55:45.550+0900][gc,phases   ] GC(63)   Other: 1.4ms
[2022-12-18T19:55:45.550+0900][gc,heap     ] GC(63) Eden regions: 45->0(45)
[2022-12-18T19:55:45.550+0900][gc,heap     ] GC(63) Survivor regions: 6->6(7)
[2022-12-18T19:55:45.550+0900][gc,heap     ] GC(63) Old regions: 50->53
[2022-12-18T19:55:45.551+0900][gc,heap     ] GC(63) Archive regions: 2->2
[2022-12-18T19:55:45.551+0900][gc,heap     ] GC(63) Humongous regions: 129->129
[2022-12-18T19:55:45.551+0900][gc,metaspace] GC(63) Metaspace: 41468K(41984K)->41468K(41984K) NonClass: 36406K(36672K)->36406K(36672K) Class: 5061K(5312K)->5061K(5312K)
[2022-12-18T19:55:45.551+0900][gc          ] GC(63) Pause Young (Normal) (G1 Evacuation Pause) 229M->188M(1024M) 27.837ms
[2022-12-18T19:55:45.551+0900][gc,cpu      ] GC(63) User=0.03s Sys=0.02s Real=0.03s
[2022-12-18T20:01:41.319+0900][gc,start    ] GC(64) Pause Young (Normal) (G1 Evacuation Pause)
[2022-12-18T20:01:41.320+0900][gc,task     ] GC(64) Using 8 workers of 8 for evacuation
[2022-12-18T20:01:41.344+0900][gc,mmu      ] GC(64) MMU target violated: 21.0ms (20.0ms/21.0ms)
[2022-12-18T20:01:41.344+0900][gc,phases   ] GC(64)   Pre Evacuate Collection Set: 0.4ms
[2022-12-18T20:01:41.344+0900][gc,phases   ] GC(64)   Merge Heap Roots: 0.3ms
[2022-12-18T20:01:41.344+0900][gc,phases   ] GC(64)   Evacuate Collection Set: 21.3ms
[2022-12-18T20:01:41.344+0900][gc,phases   ] GC(64)   Post Evacuate Collection Set: 1.2ms
[2022-12-18T20:01:41.344+0900][gc,phases   ] GC(64)   Other: 1.6ms
[2022-12-18T20:01:41.344+0900][gc,heap     ] GC(64) Eden regions: 45->0(46)
[2022-12-18T20:01:41.344+0900][gc,heap     ] GC(64) Survivor regions: 6->5(7)
[2022-12-18T20:01:41.344+0900][gc,heap     ] GC(64) Old regions: 53->57
[2022-12-18T20:01:41.344+0900][gc,heap     ] GC(64) Archive regions: 2->2
[2022-12-18T20:01:41.344+0900][gc,heap     ] GC(64) Humongous regions: 129->129
[2022-12-18T20:01:41.344+0900][gc,metaspace] GC(64) Metaspace: 41468K(41984K)->41468K(41984K) NonClass: 36407K(36672K)->36407K(36672K) Class: 5061K(5312K)->5061K(5312K)
[2022-12-18T20:01:41.344+0900][gc          ] GC(64) Pause Young (Normal) (G1 Evacuation Pause) 233M->190M(1024M) 25.027ms
[2022-12-18T20:01:41.344+0900][gc,cpu      ] GC(64) User=0.03s Sys=0.01s Real=0.03s
[2022-12-18T20:07:54.162+0900][gc,start    ] GC(65) Pause Young (Normal) (G1 Evacuation Pause)
[2022-12-18T20:07:54.163+0900][gc,task     ] GC(65) Using 8 workers of 8 for evacuation
[2022-12-18T20:07:54.180+0900][gc,phases   ] GC(65)   Pre Evacuate Collection Set: 0.5ms
[2022-12-18T20:07:54.180+0900][gc,phases   ] GC(65)   Merge Heap Roots: 0.3ms
[2022-12-18T20:07:54.180+0900][gc,phases   ] GC(65)   Evacuate Collection Set: 15.7ms
[2022-12-18T20:07:54.180+0900][gc,phases   ] GC(65)   Post Evacuate Collection Set: 0.9ms
[2022-12-18T20:07:54.180+0900][gc,phases   ] GC(65)   Other: 0.6ms
[2022-12-18T20:07:54.181+0900][gc,heap     ] GC(65) Eden regions: 46->0(47)
[2022-12-18T20:07:54.181+0900][gc,heap     ] GC(65) Survivor regions: 5->4(7)
[2022-12-18T20:07:54.181+0900][gc,heap     ] GC(65) Old regions: 57->61
[2022-12-18T20:07:54.181+0900][gc,heap     ] GC(65) Archive regions: 2->2
[2022-12-18T20:07:54.181+0900][gc,heap     ] GC(65) Humongous regions: 129->129
[2022-12-18T20:07:54.181+0900][gc,metaspace] GC(65) Metaspace: 41468K(41984K)->41468K(41984K) NonClass: 36407K(36672K)->36407K(36672K) Class: 5061K(5312K)->5061K(5312K)
[2022-12-18T20:07:54.181+0900][gc          ] GC(65) Pause Young (Normal) (G1 Evacuation Pause) 236M->194M(1024M) 18.278ms
[2022-12-18T20:07:54.181+0900][gc,cpu      ] GC(65) User=0.04s Sys=0.02s Real=0.02s
[2022-12-18T20:13:57.770+0900][gc,start    ] GC(66) Pause Young (Normal) (G1 Evacuation Pause)
[2022-12-18T20:13:57.771+0900][gc,task     ] GC(66) Using 8 workers of 8 for evacuation
[2022-12-18T20:13:57.788+0900][gc,phases   ] GC(66)   Pre Evacuate Collection Set: 0.8ms
[2022-12-18T20:13:57.788+0900][gc,phases   ] GC(66)   Merge Heap Roots: 0.3ms
[2022-12-18T20:13:57.788+0900][gc,phases   ] GC(66)   Evacuate Collection Set: 14.2ms
[2022-12-18T20:13:57.788+0900][gc,phases   ] GC(66)   Post Evacuate Collection Set: 0.9ms
[2022-12-18T20:13:57.788+0900][gc,phases   ] GC(66)   Other: 1.3ms
[2022-12-18T20:13:57.788+0900][gc,heap     ] GC(66) Eden regions: 47->0(47)
[2022-12-18T20:13:57.788+0900][gc,heap     ] GC(66) Survivor regions: 4->4(7)
[2022-12-18T20:13:57.788+0900][gc,heap     ] GC(66) Old regions: 61->64
[2022-12-18T20:13:57.788+0900][gc,heap     ] GC(66) Archive regions: 2->2
[2022-12-18T20:13:57.788+0900][gc,heap     ] GC(66) Humongous regions: 129->129
[2022-12-18T20:13:57.788+0900][gc,metaspace] GC(66) Metaspace: 41469K(41984K)->41469K(41984K) NonClass: 36407K(36672K)->36407K(36672K) Class: 5061K(5312K)->5061K(5312K)
[2022-12-18T20:13:57.788+0900][gc          ] GC(66) Pause Young (Normal) (G1 Evacuation Pause) 241M->197M(1024M) 17.848ms
[2022-12-18T20:13:57.788+0900][gc,cpu      ] GC(66) User=0.04s Sys=0.02s Real=0.01s
[2022-12-18T20:20:18.518+0900][gc,start    ] GC(67) Pause Young (Normal) (G1 Evacuation Pause)
[2022-12-18T20:20:18.519+0900][gc,task     ] GC(67) Using 8 workers of 8 for evacuation
[2022-12-18T20:20:18.543+0900][gc,mmu      ] GC(67) MMU target violated: 21.0ms (20.0ms/21.0ms)
[2022-12-18T20:20:18.543+0900][gc,phases   ] GC(67)   Pre Evacuate Collection Set: 0.5ms
[2022-12-18T20:20:18.543+0900][gc,phases   ] GC(67)   Merge Heap Roots: 0.2ms
[2022-12-18T20:20:18.543+0900][gc,phases   ] GC(67)   Evacuate Collection Set: 21.8ms
[2022-12-18T20:20:18.543+0900][gc,phases   ] GC(67)   Post Evacuate Collection Set: 0.8ms
[2022-12-18T20:20:18.543+0900][gc,phases   ] GC(67)   Other: 1.5ms
[2022-12-18T20:20:18.543+0900][gc,heap     ] GC(67) Eden regions: 47->0(46)
[2022-12-18T20:20:18.543+0900][gc,heap     ] GC(67) Survivor regions: 4->5(7)
[2022-12-18T20:20:18.543+0900][gc,heap     ] GC(67) Old regions: 64->64
[2022-12-18T20:20:18.543+0900][gc,heap     ] GC(67) Archive regions: 2->2
[2022-12-18T20:20:18.543+0900][gc,heap     ] GC(67) Humongous regions: 129->129
[2022-12-18T20:20:18.543+0900][gc,metaspace] GC(67) Metaspace: 41469K(41984K)->41469K(41984K) NonClass: 36407K(36672K)->36407K(36672K) Class: 5061K(5312K)->5061K(5312K)
[2022-12-18T20:20:18.543+0900][gc          ] GC(67) Pause Young (Normal) (G1 Evacuation Pause) 244M->198M(1024M) 25.012ms
[2022-12-18T20:20:18.543+0900][gc,cpu      ] GC(67) User=0.03s Sys=0.02s Real=0.03s
[2022-12-18T20:25:49.701+0900][gc,start    ] GC(68) Pause Young (Normal) (G1 Evacuation Pause)
[2022-12-18T20:25:49.701+0900][gc,task     ] GC(68) Using 8 workers of 8 for evacuation
[2022-12-18T20:25:49.711+0900][gc,phases   ] GC(68)   Pre Evacuate Collection Set: 0.2ms
[2022-12-18T20:25:49.711+0900][gc,phases   ] GC(68)   Merge Heap Roots: 0.1ms
[2022-12-18T20:25:49.711+0900][gc,phases   ] GC(68)   Evacuate Collection Set: 8.0ms
[2022-12-18T20:25:49.711+0900][gc,phases   ] GC(68)   Post Evacuate Collection Set: 0.8ms
[2022-12-18T20:25:49.711+0900][gc,phases   ] GC(68)   Other: 0.4ms
[2022-12-18T20:25:49.711+0900][gc,heap     ] GC(68) Eden regions: 46->0(47)
[2022-12-18T20:25:49.711+0900][gc,heap     ] GC(68) Survivor regions: 5->4(7)
[2022-12-18T20:25:49.711+0900][gc,heap     ] GC(68) Old regions: 64->66
[2022-12-18T20:25:49.711+0900][gc,heap     ] GC(68) Archive regions: 2->2
[2022-12-18T20:25:49.711+0900][gc,heap     ] GC(68) Humongous regions: 129->129
[2022-12-18T20:25:49.711+0900][gc,metaspace] GC(68) Metaspace: 41470K(41984K)->41470K(41984K) NonClass: 36409K(36672K)->36409K(36672K) Class: 5061K(5312K)->5061K(5312K)
[2022-12-18T20:25:49.711+0900][gc          ] GC(68) Pause Young (Normal) (G1 Evacuation Pause) 244M->198M(1024M) 9.601ms
[2022-12-18T20:25:49.711+0900][gc,cpu      ] GC(68) User=0.02s Sys=0.01s Real=0.01s
[2022-12-18T20:25:51.400+0900][gc,start    ] GC(69) Pause Young (Normal) (G1 Evacuation Pause)
[2022-12-18T20:25:51.400+0900][gc,task     ] GC(69) Using 8 workers of 8 for evacuation
[2022-12-18T20:25:51.406+0900][gc,phases   ] GC(69)   Pre Evacuate Collection Set: 0.2ms
[2022-12-18T20:25:51.406+0900][gc,phases   ] GC(69)   Merge Heap Roots: 0.1ms
[2022-12-18T20:25:51.406+0900][gc,phases   ] GC(69)   Evacuate Collection Set: 2.7ms
[2022-12-18T20:25:51.406+0900][gc,phases   ] GC(69)   Post Evacuate Collection Set: 2.6ms
[2022-12-18T20:25:51.406+0900][gc,phases   ] GC(69)   Other: 0.1ms
[2022-12-18T20:25:51.406+0900][gc,heap     ] GC(69) Eden regions: 47->0(72)
[2022-12-18T20:25:51.406+0900][gc,heap     ] GC(69) Survivor regions: 4->4(7)
[2022-12-18T20:25:51.406+0900][gc,heap     ] GC(69) Old regions: 66->66
[2022-12-18T20:25:51.406+0900][gc,heap     ] GC(69) Archive regions: 2->2
[2022-12-18T20:25:51.406+0900][gc,heap     ] GC(69) Humongous regions: 129->129
[2022-12-18T20:25:51.406+0900][gc,metaspace] GC(69) Metaspace: 41470K(41984K)->41470K(41984K) NonClass: 36409K(36672K)->36409K(36672K) Class: 5061K(5312K)->5061K(5312K)
[2022-12-18T20:25:51.406+0900][gc          ] GC(69) Pause Young (Normal) (G1 Evacuation Pause) 245M->198M(1024M) 6.490ms
[2022-12-18T20:25:51.406+0900][gc,cpu      ] GC(69) User=0.02s Sys=0.00s Real=0.00s
[2022-12-18T20:25:52.765+0900][gc,start    ] GC(70) Pause Young (Normal) (G1 Evacuation Pause)
[2022-12-18T20:25:52.765+0900][gc,task     ] GC(70) Using 8 workers of 8 for evacuation
[2022-12-18T20:25:52.772+0900][gc,phases   ] GC(70)   Pre Evacuate Collection Set: 0.1ms
[2022-12-18T20:25:52.772+0900][gc,phases   ] GC(70)   Merge Heap Roots: 0.0ms
[2022-12-18T20:25:52.772+0900][gc,phases   ] GC(70)   Evacuate Collection Set: 6.8ms
[2022-12-18T20:25:52.772+0900][gc,phases   ] GC(70)   Post Evacuate Collection Set: 0.2ms
[2022-12-18T20:25:52.772+0900][gc,phases   ] GC(70)   Other: 0.1ms
[2022-12-18T20:25:52.772+0900][gc,heap     ] GC(70) Eden regions: 72->0(86)
[2022-12-18T20:25:52.773+0900][gc,heap     ] GC(70) Survivor regions: 4->5(10)
[2022-12-18T20:25:52.773+0900][gc,heap     ] GC(70) Old regions: 66->66
[2022-12-18T20:25:52.773+0900][gc,heap     ] GC(70) Archive regions: 2->2
[2022-12-18T20:25:52.773+0900][gc,heap     ] GC(70) Humongous regions: 129->129
[2022-12-18T20:25:52.773+0900][gc,metaspace] GC(70) Metaspace: 41470K(41984K)->41470K(41984K) NonClass: 36409K(36672K)->36409K(36672K) Class: 5061K(5312K)->5061K(5312K)
[2022-12-18T20:25:52.773+0900][gc          ] GC(70) Pause Young (Normal) (G1 Evacuation Pause) 270M->199M(1024M) 7.318ms
[2022-12-18T20:25:52.773+0900][gc,cpu      ] GC(70) User=0.01s Sys=0.00s Real=0.01s
[2022-12-18T20:25:54.326+0900][gc,start    ] GC(71) Pause Young (Normal) (G1 Evacuation Pause)
[2022-12-18T20:25:54.326+0900][gc,task     ] GC(71) Using 8 workers of 8 for evacuation
[2022-12-18T20:25:54.337+0900][gc,phases   ] GC(71)   Pre Evacuate Collection Set: 0.1ms
[2022-12-18T20:25:54.337+0900][gc,phases   ] GC(71)   Merge Heap Roots: 0.0ms
[2022-12-18T20:25:54.337+0900][gc,phases   ] GC(71)   Evacuate Collection Set: 10.9ms
[2022-12-18T20:25:54.337+0900][gc,phases   ] GC(71)   Post Evacuate Collection Set: 0.3ms
[2022-12-18T20:25:54.337+0900][gc,phases   ] GC(71)   Other: 0.1ms
[2022-12-18T20:25:54.337+0900][gc,heap     ] GC(71) Eden regions: 86->0(92)
[2022-12-18T20:25:54.337+0900][gc,heap     ] GC(71) Survivor regions: 5->5(12)
[2022-12-18T20:25:54.337+0900][gc,heap     ] GC(71) Old regions: 66->66
[2022-12-18T20:25:54.337+0900][gc,heap     ] GC(71) Archive regions: 2->2
[2022-12-18T20:25:54.337+0900][gc,heap     ] GC(71) Humongous regions: 129->129
[2022-12-18T20:25:54.337+0900][gc,metaspace] GC(71) Metaspace: 41470K(41984K)->41470K(41984K) NonClass: 36409K(36672K)->36409K(36672K) Class: 5061K(5312K)->5061K(5312K)
[2022-12-18T20:25:54.337+0900][gc          ] GC(71) Pause Young (Normal) (G1 Evacuation Pause) 285M->199M(1024M) 11.467ms
[2022-12-18T20:25:54.337+0900][gc,cpu      ] GC(71) User=0.01s Sys=0.01s Real=0.01s
[2022-12-18T20:27:17.483+0900][gc,start    ] GC(72) Pause Young (Normal) (G1 Evacuation Pause)
[2022-12-18T20:27:17.484+0900][gc,task     ] GC(72) Using 8 workers of 8 for evacuation
[2022-12-18T20:27:17.517+0900][gc,mmu      ] GC(72) MMU target violated: 21.0ms (20.0ms/21.0ms)
[2022-12-18T20:27:17.517+0900][gc,phases   ] GC(72)   Pre Evacuate Collection Set: 0.8ms
[2022-12-18T20:27:17.517+0900][gc,phases   ] GC(72)   Merge Heap Roots: 0.3ms
[2022-12-18T20:27:17.517+0900][gc,phases   ] GC(72)   Evacuate Collection Set: 31.7ms
[2022-12-18T20:27:17.517+0900][gc,phases   ] GC(72)   Post Evacuate Collection Set: 0.7ms
[2022-12-18T20:27:17.517+0900][gc,phases   ] GC(72)   Other: 1.2ms
[2022-12-18T20:27:17.517+0900][gc,heap     ] GC(72) Eden regions: 92->0(45)
[2022-12-18T20:27:17.517+0900][gc,heap     ] GC(72) Survivor regions: 5->6(13)
[2022-12-18T20:27:17.517+0900][gc,heap     ] GC(72) Old regions: 66->66
[2022-12-18T20:27:17.517+0900][gc,heap     ] GC(72) Archive regions: 2->2
[2022-12-18T20:27:17.517+0900][gc,heap     ] GC(72) Humongous regions: 129->129
[2022-12-18T20:27:17.517+0900][gc,metaspace] GC(72) Metaspace: 41470K(41984K)->41470K(41984K) NonClass: 36409K(36672K)->36409K(36672K) Class: 5061K(5312K)->5061K(5312K)
[2022-12-18T20:27:17.517+0900][gc          ] GC(72) Pause Young (Normal) (G1 Evacuation Pause) 291M->200M(1024M) 34.622ms
[2022-12-18T20:27:17.517+0900][gc,cpu      ] GC(72) User=0.01s Sys=0.05s Real=0.03s
[2022-12-18T20:33:21.499+0900][gc,start    ] GC(73) Pause Young (Normal) (G1 Evacuation Pause)
[2022-12-18T20:33:21.500+0900][gc,task     ] GC(73) Using 8 workers of 8 for evacuation
[2022-12-18T20:33:21.530+0900][gc,mmu      ] GC(73) MMU target violated: 21.0ms (20.0ms/21.0ms)
[2022-12-18T20:33:21.530+0900][gc,phases   ] GC(73)   Pre Evacuate Collection Set: 0.9ms
[2022-12-18T20:33:21.530+0900][gc,phases   ] GC(73)   Merge Heap Roots: 0.4ms
[2022-12-18T20:33:21.530+0900][gc,phases   ] GC(73)   Evacuate Collection Set: 27.8ms
[2022-12-18T20:33:21.530+0900][gc,phases   ] GC(73)   Post Evacuate Collection Set: 0.5ms
[2022-12-18T20:33:21.530+0900][gc,phases   ] GC(73)   Other: 1.6ms
[2022-12-18T20:33:21.530+0900][gc,heap     ] GC(73) Eden regions: 45->0(46)
[2022-12-18T20:33:21.530+0900][gc,heap     ] GC(73) Survivor regions: 6->5(7)
[2022-12-18T20:33:21.530+0900][gc,heap     ] GC(73) Old regions: 66->67
[2022-12-18T20:33:21.530+0900][gc,heap     ] GC(73) Archive regions: 2->2
[2022-12-18T20:33:21.530+0900][gc,heap     ] GC(73) Humongous regions: 129->129
[2022-12-18T20:33:21.530+0900][gc,metaspace] GC(73) Metaspace: 41470K(41984K)->41470K(41984K) NonClass: 36409K(36672K)->36409K(36672K) Class: 5061K(5312K)->5061K(5312K)
[2022-12-18T20:33:21.530+0900][gc          ] GC(73) Pause Young (Normal) (G1 Evacuation Pause) 245M->201M(1024M) 31.156ms
[2022-12-18T20:33:21.530+0900][gc,cpu      ] GC(73) User=0.04s Sys=0.03s Real=0.04s
[2022-12-18T20:39:35.282+0900][gc,start    ] GC(74) Pause Young (Normal) (G1 Evacuation Pause)
[2022-12-18T20:39:35.283+0900][gc,task     ] GC(74) Using 8 workers of 8 for evacuation
[2022-12-18T20:39:35.308+0900][gc,mmu      ] GC(74) MMU target violated: 21.0ms (20.0ms/21.0ms)
[2022-12-18T20:39:35.308+0900][gc,phases   ] GC(74)   Pre Evacuate Collection Set: 0.8ms
[2022-12-18T20:39:35.308+0900][gc,phases   ] GC(74)   Merge Heap Roots: 0.3ms
[2022-12-18T20:39:35.308+0900][gc,phases   ] GC(74)   Evacuate Collection Set: 23.1ms
[2022-12-18T20:39:35.308+0900][gc,phases   ] GC(74)   Post Evacuate Collection Set: 0.6ms
[2022-12-18T20:39:35.308+0900][gc,phases   ] GC(74)   Other: 1.7ms
[2022-12-18T20:39:35.308+0900][gc,heap     ] GC(74) Eden regions: 46->0(44)
[2022-12-18T20:39:35.308+0900][gc,heap     ] GC(74) Survivor regions: 5->7(7)
[2022-12-18T20:39:35.308+0900][gc,heap     ] GC(74) Old regions: 67->69
[2022-12-18T20:39:35.308+0900][gc,heap     ] GC(74) Archive regions: 2->2
[2022-12-18T20:39:35.308+0900][gc,heap     ] GC(74) Humongous regions: 129->129
[2022-12-18T20:39:35.308+0900][gc,metaspace] GC(74) Metaspace: 41470K(41984K)->41470K(41984K) NonClass: 36409K(36672K)->36409K(36672K) Class: 5061K(5312K)->5061K(5312K)
[2022-12-18T20:39:35.308+0900][gc          ] GC(74) Pause Young (Normal) (G1 Evacuation Pause) 247M->205M(1024M) 26.595ms
[2022-12-18T20:39:35.308+0900][gc,cpu      ] GC(74) User=0.03s Sys=0.02s Real=0.02s
[2022-12-18T20:45:30.883+0900][gc,start    ] GC(75) Pause Young (Normal) (G1 Evacuation Pause)
[2022-12-18T20:45:30.884+0900][gc,task     ] GC(75) Using 8 workers of 8 for evacuation
[2022-12-18T20:45:30.901+0900][gc,phases   ] GC(75)   Pre Evacuate Collection Set: 0.6ms
[2022-12-18T20:45:30.901+0900][gc,phases   ] GC(75)   Merge Heap Roots: 0.2ms
[2022-12-18T20:45:30.901+0900][gc,phases   ] GC(75)   Evacuate Collection Set: 16.0ms
[2022-12-18T20:45:30.902+0900][gc,phases   ] GC(75)   Post Evacuate Collection Set: 0.5ms
[2022-12-18T20:45:30.902+0900][gc,phases   ] GC(75)   Other: 1.4ms
[2022-12-18T20:45:30.902+0900][gc,heap     ] GC(75) Eden regions: 44->0(52)
[2022-12-18T20:45:30.902+0900][gc,heap     ] GC(75) Survivor regions: 7->4(7)
[2022-12-18T20:45:30.902+0900][gc,heap     ] GC(75) Old regions: 69->74
[2022-12-18T20:45:30.902+0900][gc,heap     ] GC(75) Archive regions: 2->2
[2022-12-18T20:45:30.902+0900][gc,heap     ] GC(75) Humongous regions: 129->129
[2022-12-18T20:45:30.902+0900][gc,metaspace] GC(75) Metaspace: 41475K(42048K)->41475K(42048K) NonClass: 36413K(36736K)->36413K(36736K) Class: 5062K(5312K)->5062K(5312K)
[2022-12-18T20:45:30.902+0900][gc          ] GC(75) Pause Young (Normal) (G1 Evacuation Pause) 249M->206M(1024M) 18.863ms
[2022-12-18T20:45:30.902+0900][gc,cpu      ] GC(75) User=0.02s Sys=0.02s Real=0.02s
[2022-12-18T20:52:34.919+0900][gc,start    ] GC(76) Pause Young (Normal) (G1 Evacuation Pause)
[2022-12-18T20:52:34.920+0900][gc,task     ] GC(76) Using 8 workers of 8 for evacuation
[2022-12-18T20:52:34.937+0900][gc,phases   ] GC(76)   Pre Evacuate Collection Set: 0.4ms
[2022-12-18T20:52:34.937+0900][gc,phases   ] GC(76)   Merge Heap Roots: 0.2ms
[2022-12-18T20:52:34.937+0900][gc,phases   ] GC(76)   Evacuate Collection Set: 15.8ms
[2022-12-18T20:52:34.937+0900][gc,phases   ] GC(76)   Post Evacuate Collection Set: 0.5ms
[2022-12-18T20:52:34.937+0900][gc,phases   ] GC(76)   Other: 1.4ms
[2022-12-18T20:52:34.938+0900][gc,heap     ] GC(76) Eden regions: 52->0(44)
[2022-12-18T20:52:34.938+0900][gc,heap     ] GC(76) Survivor regions: 4->7(7)
[2022-12-18T20:52:34.938+0900][gc,heap     ] GC(76) Old regions: 74->75
[2022-12-18T20:52:34.938+0900][gc,heap     ] GC(76) Archive regions: 2->2
[2022-12-18T20:52:34.938+0900][gc,heap     ] GC(76) Humongous regions: 129->129
[2022-12-18T20:52:34.938+0900][gc,metaspace] GC(76) Metaspace: 41478K(42048K)->41478K(42048K) NonClass: 36416K(36736K)->36416K(36736K) Class: 5062K(5312K)->5062K(5312K)
[2022-12-18T20:52:34.938+0900][gc          ] GC(76) Pause Young (Normal) (G1 Evacuation Pause) 258M->211M(1024M) 18.489ms
[2022-12-18T20:52:34.938+0900][gc,cpu      ] GC(76) User=0.03s Sys=0.01s Real=0.02s
[2022-12-18T20:58:29.076+0900][gc,start    ] GC(77) Pause Young (Normal) (G1 Evacuation Pause)
[2022-12-18T20:58:29.077+0900][gc,task     ] GC(77) Using 8 workers of 8 for evacuation
[2022-12-18T20:58:29.112+0900][gc,mmu      ] GC(77) MMU target violated: 21.0ms (20.0ms/21.0ms)
[2022-12-18T20:58:29.112+0900][gc,phases   ] GC(77)   Pre Evacuate Collection Set: 0.9ms
[2022-12-18T20:58:29.112+0900][gc,phases   ] GC(77)   Merge Heap Roots: 0.3ms
[2022-12-18T20:58:29.112+0900][gc,phases   ] GC(77)   Evacuate Collection Set: 24.3ms
[2022-12-18T20:58:29.112+0900][gc,phases   ] GC(77)   Post Evacuate Collection Set: 5.1ms
[2022-12-18T20:58:29.112+0900][gc,phases   ] GC(77)   Other: 5.6ms
[2022-12-18T20:58:29.112+0900][gc,heap     ] GC(77) Eden regions: 44->0(46)
[2022-12-18T20:58:29.112+0900][gc,heap     ] GC(77) Survivor regions: 7->5(7)
[2022-12-18T20:58:29.112+0900][gc,heap     ] GC(77) Old regions: 75->81
[2022-12-18T20:58:29.112+0900][gc,heap     ] GC(77) Archive regions: 2->2
[2022-12-18T20:58:29.112+0900][gc,heap     ] GC(77) Humongous regions: 129->129
[2022-12-18T20:58:29.112+0900][gc,metaspace] GC(77) Metaspace: 41479K(42048K)->41479K(42048K) NonClass: 36416K(36736K)->36416K(36736K) Class: 5062K(5312K)->5062K(5312K)
[2022-12-18T20:58:29.112+0900][gc          ] GC(77) Pause Young (Normal) (G1 Evacuation Pause) 255M->215M(1024M) 36.284ms
[2022-12-18T20:58:29.112+0900][gc,cpu      ] GC(77) User=0.04s Sys=0.03s Real=0.04s
[2022-12-18T21:04:35.304+0900][gc,start    ] GC(78) Pause Young (Normal) (G1 Evacuation Pause)
[2022-12-18T21:04:35.305+0900][gc,task     ] GC(78) Using 8 workers of 8 for evacuation
[2022-12-18T21:04:35.336+0900][gc,mmu      ] GC(78) MMU target violated: 21.0ms (20.0ms/21.0ms)
[2022-12-18T21:04:35.336+0900][gc,phases   ] GC(78)   Pre Evacuate Collection Set: 0.6ms
[2022-12-18T21:04:35.336+0900][gc,phases   ] GC(78)   Merge Heap Roots: 0.4ms
[2022-12-18T21:04:35.336+0900][gc,phases   ] GC(78)   Evacuate Collection Set: 24.7ms
[2022-12-18T21:04:35.336+0900][gc,phases   ] GC(78)   Post Evacuate Collection Set: 5.1ms
[2022-12-18T21:04:35.336+0900][gc,phases   ] GC(78)   Other: 1.2ms
[2022-12-18T21:04:35.336+0900][gc,heap     ] GC(78) Eden regions: 46->0(45)
[2022-12-18T21:04:35.336+0900][gc,heap     ] GC(78) Survivor regions: 5->6(7)
[2022-12-18T21:04:35.336+0900][gc,heap     ] GC(78) Old regions: 81->84
[2022-12-18T21:04:35.336+0900][gc,heap     ] GC(78) Archive regions: 2->2
[2022-12-18T21:04:35.336+0900][gc,heap     ] GC(78) Humongous regions: 129->129
[2022-12-18T21:04:35.336+0900][gc,metaspace] GC(78) Metaspace: 41479K(42048K)->41479K(42048K) NonClass: 36416K(36736K)->36416K(36736K) Class: 5062K(5312K)->5062K(5312K)
[2022-12-18T21:04:35.336+0900][gc          ] GC(78) Pause Young (Normal) (G1 Evacuation Pause) 261M->219M(1024M) 32.123ms
[2022-12-18T21:04:35.336+0900][gc,cpu      ] GC(78) User=0.03s Sys=0.03s Real=0.03s
[2022-12-18T21:10:24.966+0900][gc,start    ] GC(79) Pause Young (Normal) (G1 Evacuation Pause)
[2022-12-18T21:10:24.967+0900][gc,task     ] GC(79) Using 8 workers of 8 for evacuation
[2022-12-18T21:10:25.003+0900][gc,mmu      ] GC(79) MMU target violated: 21.0ms (20.0ms/21.0ms)
[2022-12-18T21:10:25.003+0900][gc,phases   ] GC(79)   Pre Evacuate Collection Set: 1.2ms
[2022-12-18T21:10:25.003+0900][gc,phases   ] GC(79)   Merge Heap Roots: 0.5ms
[2022-12-18T21:10:25.003+0900][gc,phases   ] GC(79)   Evacuate Collection Set: 33.1ms
[2022-12-18T21:10:25.003+0900][gc,phases   ] GC(79)   Post Evacuate Collection Set: 1.1ms
[2022-12-18T21:10:25.003+0900][gc,phases   ] GC(79)   Other: 1.3ms
[2022-12-18T21:10:25.003+0900][gc,heap     ] GC(79) Eden regions: 45->0(45)
[2022-12-18T21:10:25.003+0900][gc,heap     ] GC(79) Survivor regions: 6->6(7)
[2022-12-18T21:10:25.003+0900][gc,heap     ] GC(79) Old regions: 84->88
[2022-12-18T21:10:25.003+0900][gc,heap     ] GC(79) Archive regions: 2->2
[2022-12-18T21:10:25.003+0900][gc,heap     ] GC(79) Humongous regions: 129->129
[2022-12-18T21:10:25.003+0900][gc,metaspace] GC(79) Metaspace: 41479K(42048K)->41479K(42048K) NonClass: 36417K(36736K)->36417K(36736K) Class: 5062K(5312K)->5062K(5312K)
[2022-12-18T21:10:25.003+0900][gc          ] GC(79) Pause Young (Normal) (G1 Evacuation Pause) 264M->223M(1024M) 37.190ms
[2022-12-18T21:10:25.003+0900][gc,cpu      ] GC(79) User=0.04s Sys=0.05s Real=0.04s
[2022-12-18T21:16:28.330+0900][gc,start    ] GC(80) Pause Young (Normal) (G1 Evacuation Pause)
[2022-12-18T21:16:28.330+0900][gc,task     ] GC(80) Using 8 workers of 8 for evacuation
[2022-12-18T21:16:28.361+0900][gc,mmu      ] GC(80) MMU target violated: 21.0ms (20.0ms/21.0ms)
[2022-12-18T21:16:28.388+0900][gc,phases   ] GC(80)   Pre Evacuate Collection Set: 0.5ms
[2022-12-18T21:16:28.388+0900][gc,phases   ] GC(80)   Merge Heap Roots: 3.9ms
[2022-12-18T21:16:28.388+0900][gc,phases   ] GC(80)   Evacuate Collection Set: 25.9ms
[2022-12-18T21:16:28.388+0900][gc,phases   ] GC(80)   Post Evacuate Collection Set: 0.6ms
[2022-12-18T21:16:28.388+0900][gc,phases   ] GC(80)   Other: 27.0ms
[2022-12-18T21:16:28.388+0900][gc,heap     ] GC(80) Eden regions: 45->0(48)
[2022-12-18T21:16:28.388+0900][gc,heap     ] GC(80) Survivor regions: 6->3(7)
[2022-12-18T21:16:28.388+0900][gc,heap     ] GC(80) Old regions: 88->91
[2022-12-18T21:16:28.388+0900][gc,heap     ] GC(80) Archive regions: 2->2
[2022-12-18T21:16:28.388+0900][gc,heap     ] GC(80) Humongous regions: 129->129
[2022-12-18T21:16:28.388+0900][gc,metaspace] GC(80) Metaspace: 41484K(42048K)->41484K(42048K) NonClass: 36422K(36736K)->36422K(36736K) Class: 5062K(5312K)->5062K(5312K)
[2022-12-18T21:16:28.388+0900][gc          ] GC(80) Pause Young (Normal) (G1 Evacuation Pause) 268M->222M(1024M) 58.177ms
[2022-12-18T21:16:28.388+0900][gc,cpu      ] GC(80) User=0.02s Sys=0.01s Real=0.05s
[2022-12-18T21:22:58.937+0900][gc,start    ] GC(81) Pause Young (Normal) (G1 Evacuation Pause)
[2022-12-18T21:22:58.938+0900][gc,task     ] GC(81) Using 8 workers of 8 for evacuation
[2022-12-18T21:22:58.962+0900][gc,mmu      ] GC(81) MMU target violated: 21.0ms (20.0ms/21.0ms)
[2022-12-18T21:22:58.962+0900][gc,phases   ] GC(81)   Pre Evacuate Collection Set: 1.1ms
[2022-12-18T21:22:58.962+0900][gc,phases   ] GC(81)   Merge Heap Roots: 0.4ms
[2022-12-18T21:22:58.962+0900][gc,phases   ] GC(81)   Evacuate Collection Set: 21.3ms
[2022-12-18T21:22:58.962+0900][gc,phases   ] GC(81)   Post Evacuate Collection Set: 0.7ms
[2022-12-18T21:22:58.962+0900][gc,phases   ] GC(81)   Other: 2.0ms
[2022-12-18T21:22:58.962+0900][gc,heap     ] GC(81) Eden regions: 48->0(45)
[2022-12-18T21:22:58.962+0900][gc,heap     ] GC(81) Survivor regions: 3->6(7)
[2022-12-18T21:22:58.962+0900][gc,heap     ] GC(81) Old regions: 91->91
[2022-12-18T21:22:58.962+0900][gc,heap     ] GC(81) Archive regions: 2->2
[2022-12-18T21:22:58.962+0900][gc,heap     ] GC(81) Humongous regions: 129->129
[2022-12-18T21:22:58.962+0900][gc,metaspace] GC(81) Metaspace: 41486K(42048K)->41486K(42048K) NonClass: 36423K(36736K)->36423K(36736K) Class: 5062K(5312K)->5062K(5312K)
[2022-12-18T21:22:58.963+0900][gc          ] GC(81) Pause Young (Normal) (G1 Evacuation Pause) 270M->226M(1024M) 25.768ms
[2022-12-18T21:22:58.963+0900][gc,cpu      ] GC(81) User=0.03s Sys=0.02s Real=0.03s
[2022-12-18T21:29:03.721+0900][gc,start    ] GC(82) Pause Young (Normal) (G1 Evacuation Pause)
[2022-12-18T21:29:03.722+0900][gc,task     ] GC(82) Using 8 workers of 8 for evacuation
[2022-12-18T21:29:03.757+0900][gc,mmu      ] GC(82) MMU target violated: 21.0ms (20.0ms/21.0ms)
[2022-12-18T21:29:03.757+0900][gc,phases   ] GC(82)   Pre Evacuate Collection Set: 0.5ms
[2022-12-18T21:29:03.757+0900][gc,phases   ] GC(82)   Merge Heap Roots: 0.5ms
[2022-12-18T21:29:03.757+0900][gc,phases   ] GC(82)   Evacuate Collection Set: 32.9ms
[2022-12-18T21:29:03.757+0900][gc,phases   ] GC(82)   Post Evacuate Collection Set: 1.0ms
[2022-12-18T21:29:03.757+0900][gc,phases   ] GC(82)   Other: 1.3ms
[2022-12-18T21:29:03.757+0900][gc,heap     ] GC(82) Eden regions: 45->0(46)
[2022-12-18T21:29:03.757+0900][gc,heap     ] GC(82) Survivor regions: 6->5(7)
[2022-12-18T21:29:03.757+0900][gc,heap     ] GC(82) Old regions: 91->96
[2022-12-18T21:29:03.757+0900][gc,heap     ] GC(82) Archive regions: 2->2
[2022-12-18T21:29:03.757+0900][gc,heap     ] GC(82) Humongous regions: 129->129
[2022-12-18T21:29:03.757+0900][gc,metaspace] GC(82) Metaspace: 41486K(42048K)->41486K(42048K) NonClass: 36423K(36736K)->36423K(36736K) Class: 5062K(5312K)->5062K(5312K)
[2022-12-18T21:29:03.758+0900][gc          ] GC(82) Pause Young (Normal) (G1 Evacuation Pause) 271M->230M(1024M) 36.575ms
[2022-12-18T21:29:03.758+0900][gc,cpu      ] GC(82) User=0.04s Sys=0.02s Real=0.03s
[2022-12-18T21:32:26.096+0900][gc,start    ] GC(83) Pause Young (Normal) (G1 Evacuation Pause)
[2022-12-18T21:32:26.096+0900][gc,task     ] GC(83) Using 8 workers of 8 for evacuation
[2022-12-18T21:32:26.106+0900][gc,phases   ] GC(83)   Pre Evacuate Collection Set: 0.3ms
[2022-12-18T21:32:26.106+0900][gc,phases   ] GC(83)   Merge Heap Roots: 1.7ms
[2022-12-18T21:32:26.106+0900][gc,phases   ] GC(83)   Evacuate Collection Set: 7.8ms
[2022-12-18T21:32:26.106+0900][gc,phases   ] GC(83)   Post Evacuate Collection Set: 0.3ms
[2022-12-18T21:32:26.106+0900][gc,phases   ] GC(83)   Other: 0.3ms
[2022-12-18T21:32:26.106+0900][gc,heap     ] GC(83) Eden regions: 46->0(47)
[2022-12-18T21:32:26.106+0900][gc,heap     ] GC(83) Survivor regions: 5->4(7)
[2022-12-18T21:32:26.106+0900][gc,heap     ] GC(83) Old regions: 96->100
[2022-12-18T21:32:26.106+0900][gc,heap     ] GC(83) Archive regions: 2->2
[2022-12-18T21:32:26.106+0900][gc,heap     ] GC(83) Humongous regions: 129->129
[2022-12-18T21:32:26.106+0900][gc,metaspace] GC(83) Metaspace: 41486K(42048K)->41486K(42048K) NonClass: 36423K(36736K)->36423K(36736K) Class: 5062K(5312K)->5062K(5312K)
[2022-12-18T21:32:26.106+0900][gc          ] GC(83) Pause Young (Normal) (G1 Evacuation Pause) 276M->233M(1024M) 10.401ms
[2022-12-18T21:32:26.106+0900][gc,cpu      ] GC(83) User=0.02s Sys=0.01s Real=0.01s
[2022-12-18T21:32:27.096+0900][gc,start    ] GC(84) Pause Young (Normal) (G1 Evacuation Pause)
[2022-12-18T21:32:27.096+0900][gc,task     ] GC(84) Using 8 workers of 8 for evacuation
[2022-12-18T21:32:27.100+0900][gc,phases   ] GC(84)   Pre Evacuate Collection Set: 0.1ms
[2022-12-18T21:32:27.100+0900][gc,phases   ] GC(84)   Merge Heap Roots: 0.1ms
[2022-12-18T21:32:27.100+0900][gc,phases   ] GC(84)   Evacuate Collection Set: 3.5ms
[2022-12-18T21:32:27.100+0900][gc,phases   ] GC(84)   Post Evacuate Collection Set: 0.2ms
[2022-12-18T21:32:27.100+0900][gc,phases   ] GC(84)   Other: 0.1ms
[2022-12-18T21:32:27.100+0900][gc,heap     ] GC(84) Eden regions: 47->0(60)
[2022-12-18T21:32:27.100+0900][gc,heap     ] GC(84) Survivor regions: 4->3(7)
[2022-12-18T21:32:27.100+0900][gc,heap     ] GC(84) Old regions: 100->103
[2022-12-18T21:32:27.100+0900][gc,heap     ] GC(84) Archive regions: 2->2
[2022-12-18T21:32:27.100+0900][gc,heap     ] GC(84) Humongous regions: 129->129
[2022-12-18T21:32:27.100+0900][gc,metaspace] GC(84) Metaspace: 41486K(42048K)->41486K(42048K) NonClass: 36423K(36736K)->36423K(36736K) Class: 5062K(5312K)->5062K(5312K)
[2022-12-18T21:32:27.100+0900][gc          ] GC(84) Pause Young (Normal) (G1 Evacuation Pause) 280M->234M(1024M) 4.103ms
[2022-12-18T21:32:27.100+0900][gc,cpu      ] GC(84) User=0.02s Sys=0.01s Real=0.01s
[2022-12-18T21:32:28.220+0900][gc,start    ] GC(85) Pause Young (Normal) (G1 Evacuation Pause)
[2022-12-18T21:32:28.221+0900][gc,task     ] GC(85) Using 8 workers of 8 for evacuation
[2022-12-18T21:32:28.223+0900][gc,phases   ] GC(85)   Pre Evacuate Collection Set: 0.1ms
[2022-12-18T21:32:28.223+0900][gc,phases   ] GC(85)   Merge Heap Roots: 0.1ms
[2022-12-18T21:32:28.223+0900][gc,phases   ] GC(85)   Evacuate Collection Set: 1.9ms
[2022-12-18T21:32:28.223+0900][gc,phases   ] GC(85)   Post Evacuate Collection Set: 0.2ms
[2022-12-18T21:32:28.223+0900][gc,phases   ] GC(85)   Other: 0.1ms
[2022-12-18T21:32:28.223+0900][gc,heap     ] GC(85) Eden regions: 48->0(81)
[2022-12-18T21:32:28.223+0900][gc,heap     ] GC(85) Survivor regions: 3->4(7)
[2022-12-18T21:32:28.223+0900][gc,heap     ] GC(85) Old regions: 103->103
[2022-12-18T21:32:28.223+0900][gc,heap     ] GC(85) Archive regions: 2->2
[2022-12-18T21:32:28.223+0900][gc,heap     ] GC(85) Humongous regions: 129->129
[2022-12-18T21:32:28.223+0900][gc,metaspace] GC(85) Metaspace: 41486K(42048K)->41486K(42048K) NonClass: 36423K(36736K)->36423K(36736K) Class: 5062K(5312K)->5062K(5312K)
[2022-12-18T21:32:28.223+0900][gc          ] GC(85) Pause Young (Normal) (G1 Evacuation Pause) 282M->235M(1024M) 2.441ms
[2022-12-18T21:32:28.223+0900][gc,cpu      ] GC(85) User=0.01s Sys=0.00s Real=0.00s
[2022-12-18T21:32:28.935+0900][gc,start    ] GC(86) Pause Young (Normal) (G1 Evacuation Pause)
[2022-12-18T21:32:28.935+0900][gc,task     ] GC(86) Using 8 workers of 8 for evacuation
[2022-12-18T21:32:28.942+0900][gc,phases   ] GC(86)   Pre Evacuate Collection Set: 0.2ms
[2022-12-18T21:32:28.942+0900][gc,phases   ] GC(86)   Merge Heap Roots: 0.1ms
[2022-12-18T21:32:28.942+0900][gc,phases   ] GC(86)   Evacuate Collection Set: 6.9ms
[2022-12-18T21:32:28.942+0900][gc,phases   ] GC(86)   Post Evacuate Collection Set: 0.3ms
[2022-12-18T21:32:28.942+0900][gc,phases   ] GC(86)   Other: 0.1ms
[2022-12-18T21:32:28.943+0900][gc,heap     ] GC(86) Eden regions: 81->0(76)
[2022-12-18T21:32:28.943+0900][gc,heap     ] GC(86) Survivor regions: 4->6(11)
[2022-12-18T21:32:28.943+0900][gc,heap     ] GC(86) Old regions: 103->103
[2022-12-18T21:32:28.943+0900][gc,heap     ] GC(86) Archive regions: 2->2
[2022-12-18T21:32:28.943+0900][gc,heap     ] GC(86) Humongous regions: 129->129
[2022-12-18T21:32:28.943+0900][gc,metaspace] GC(86) Metaspace: 41486K(42048K)->41486K(42048K) NonClass: 36423K(36736K)->36423K(36736K) Class: 5062K(5312K)->5062K(5312K)
[2022-12-18T21:32:28.943+0900][gc          ] GC(86) Pause Young (Normal) (G1 Evacuation Pause) 316M->237M(1024M) 7.764ms
[2022-12-18T21:32:28.943+0900][gc,cpu      ] GC(86) User=0.01s Sys=0.01s Real=0.01s
[2022-12-18T21:32:29.846+0900][gc,start    ] GC(87) Pause Young (Normal) (G1 Evacuation Pause)
[2022-12-18T21:32:29.846+0900][gc,task     ] GC(87) Using 8 workers of 8 for evacuation
[2022-12-18T21:32:29.848+0900][gc,phases   ] GC(87)   Pre Evacuate Collection Set: 0.1ms
[2022-12-18T21:32:29.848+0900][gc,phases   ] GC(87)   Merge Heap Roots: 0.0ms
[2022-12-18T21:32:29.848+0900][gc,phases   ] GC(87)   Evacuate Collection Set: 2.2ms
[2022-12-18T21:32:29.848+0900][gc,phases   ] GC(87)   Post Evacuate Collection Set: 0.2ms
[2022-12-18T21:32:29.848+0900][gc,phases   ] GC(87)   Other: 0.1ms
[2022-12-18T21:32:29.848+0900][gc,heap     ] GC(87) Eden regions: 76->0(119)
[2022-12-18T21:32:29.848+0900][gc,heap     ] GC(87) Survivor regions: 6->7(11)
[2022-12-18T21:32:29.848+0900][gc,heap     ] GC(87) Old regions: 103->103
[2022-12-18T21:32:29.848+0900][gc,heap     ] GC(87) Archive regions: 2->2
[2022-12-18T21:32:29.848+0900][gc,heap     ] GC(87) Humongous regions: 129->129
[2022-12-18T21:32:29.848+0900][gc,metaspace] GC(87) Metaspace: 41486K(42048K)->41486K(42048K) NonClass: 36423K(36736K)->36423K(36736K) Class: 5062K(5312K)->5062K(5312K)
[2022-12-18T21:32:29.848+0900][gc          ] GC(87) Pause Young (Normal) (G1 Evacuation Pause) 313M->239M(1024M) 2.636ms
[2022-12-18T21:32:29.848+0900][gc,cpu      ] GC(87) User=0.02s Sys=0.01s Real=0.00s
[2022-12-18T21:33:08.613+0900][gc,start    ] GC(88) Pause Young (Normal) (G1 Evacuation Pause)
[2022-12-18T21:33:08.613+0900][gc,task     ] GC(88) Using 8 workers of 8 for evacuation
[2022-12-18T21:33:08.632+0900][gc,phases   ] GC(88)   Pre Evacuate Collection Set: 0.2ms
[2022-12-18T21:33:08.632+0900][gc,phases   ] GC(88)   Merge Heap Roots: 0.1ms
[2022-12-18T21:33:08.632+0900][gc,phases   ] GC(88)   Evacuate Collection Set: 18.1ms
[2022-12-18T21:33:08.632+0900][gc,phases   ] GC(88)   Post Evacuate Collection Set: 0.4ms
[2022-12-18T21:33:08.632+0900][gc,phases   ] GC(88)   Other: 0.3ms
[2022-12-18T21:33:08.632+0900][gc,heap     ] GC(88) Eden regions: 119->0(56)
[2022-12-18T21:33:08.632+0900][gc,heap     ] GC(88) Survivor regions: 7->8(16)
[2022-12-18T21:33:08.632+0900][gc,heap     ] GC(88) Old regions: 103->103
[2022-12-18T21:33:08.632+0900][gc,heap     ] GC(88) Archive regions: 2->2
[2022-12-18T21:33:08.632+0900][gc,heap     ] GC(88) Humongous regions: 129->129
[2022-12-18T21:33:08.632+0900][gc,metaspace] GC(88) Metaspace: 41499K(42048K)->41499K(42048K) NonClass: 36436K(36736K)->36436K(36736K) Class: 5062K(5312K)->5062K(5312K)
[2022-12-18T21:33:08.632+0900][gc          ] GC(88) Pause Young (Normal) (G1 Evacuation Pause) 358M->240M(1024M) 19.182ms
[2022-12-18T21:33:08.632+0900][gc,cpu      ] GC(88) User=0.01s Sys=0.02s Real=0.02s
[2022-12-18T21:33:09.746+0900][gc,start    ] GC(89) Pause Young (Normal) (G1 Evacuation Pause)
[2022-12-18T21:33:09.746+0900][gc,task     ] GC(89) Using 8 workers of 8 for evacuation
[2022-12-18T21:33:09.754+0900][gc,phases   ] GC(89)   Pre Evacuate Collection Set: 0.1ms
[2022-12-18T21:33:09.754+0900][gc,phases   ] GC(89)   Merge Heap Roots: 0.1ms
[2022-12-18T21:33:09.754+0900][gc,phases   ] GC(89)   Evacuate Collection Set: 4.2ms
[2022-12-18T21:33:09.754+0900][gc,phases   ] GC(89)   Post Evacuate Collection Set: 2.9ms
[2022-12-18T21:33:09.754+0900][gc,phases   ] GC(89)   Other: 0.1ms
[2022-12-18T21:33:09.754+0900][gc,heap     ] GC(89) Eden regions: 56->0(202)
[2022-12-18T21:33:09.754+0900][gc,heap     ] GC(89) Survivor regions: 8->4(8)
[2022-12-18T21:33:09.754+0900][gc,heap     ] GC(89) Old regions: 103->108
[2022-12-18T21:33:09.754+0900][gc,heap     ] GC(89) Archive regions: 2->2
[2022-12-18T21:33:09.754+0900][gc,heap     ] GC(89) Humongous regions: 129->129
[2022-12-18T21:33:09.754+0900][gc,metaspace] GC(89) Metaspace: 41499K(42048K)->41499K(42048K) NonClass: 36436K(36736K)->36436K(36736K) Class: 5062K(5312K)->5062K(5312K)
[2022-12-18T21:33:09.754+0900][gc          ] GC(89) Pause Young (Normal) (G1 Evacuation Pause) 296M->241M(1024M) 7.417ms
[2022-12-18T21:33:09.754+0900][gc,cpu      ] GC(89) User=0.02s Sys=0.01s Real=0.01s
[2022-12-18T21:33:11.943+0900][gc,start    ] GC(90) Pause Young (Normal) (G1 Evacuation Pause)
[2022-12-18T21:33:11.943+0900][gc,task     ] GC(90) Using 8 workers of 8 for evacuation
[2022-12-18T21:33:11.960+0900][gc,phases   ] GC(90)   Pre Evacuate Collection Set: 0.2ms
[2022-12-18T21:33:11.960+0900][gc,phases   ] GC(90)   Merge Heap Roots: 0.1ms
[2022-12-18T21:33:11.960+0900][gc,phases   ] GC(90)   Evacuate Collection Set: 15.6ms
[2022-12-18T21:33:11.960+0900][gc,phases   ] GC(90)   Post Evacuate Collection Set: 0.5ms
[2022-12-18T21:33:11.960+0900][gc,phases   ] GC(90)   Other: 0.1ms
[2022-12-18T21:33:11.960+0900][gc,heap     ] GC(90) Eden regions: 168->0(116)
[2022-12-18T21:33:11.960+0900][gc,heap     ] GC(90) Survivor regions: 4->5(22)
[2022-12-18T21:33:11.960+0900][gc,heap     ] GC(90) Old regions: 108->108
[2022-12-18T21:33:11.960+0900][gc,heap     ] GC(90) Archive regions: 2->2
[2022-12-18T21:33:11.960+0900][gc,heap     ] GC(90) Humongous regions: 129->129
[2022-12-18T21:33:11.960+0900][gc,metaspace] GC(90) Metaspace: 41499K(42048K)->41499K(42048K) NonClass: 36436K(36736K)->36436K(36736K) Class: 5062K(5312K)->5062K(5312K)
[2022-12-18T21:33:11.960+0900][gc          ] GC(90) Pause Young (Normal) (G1 Evacuation Pause) 409M->242M(1024M) 16.611ms
[2022-12-18T21:33:11.960+0900][gc,cpu      ] GC(90) User=0.02s Sys=0.01s Real=0.02s
[2022-12-18T21:35:44.168+0900][gc,start    ] GC(91) Pause Young (Normal) (G1 Evacuation Pause)
[2022-12-18T21:35:44.169+0900][gc,task     ] GC(91) Using 8 workers of 8 for evacuation
[2022-12-18T21:35:44.178+0900][gc,phases   ] GC(91)   Pre Evacuate Collection Set: 0.3ms
[2022-12-18T21:35:44.178+0900][gc,phases   ] GC(91)   Merge Heap Roots: 3.7ms
[2022-12-18T21:35:44.178+0900][gc,phases   ] GC(91)   Evacuate Collection Set: 4.8ms
[2022-12-18T21:35:44.178+0900][gc,phases   ] GC(91)   Post Evacuate Collection Set: 0.4ms
[2022-12-18T21:35:44.178+0900][gc,phases   ] GC(91)   Other: 0.7ms
[2022-12-18T21:35:44.178+0900][gc,heap     ] GC(91) Eden regions: 116->0(44)
[2022-12-18T21:35:44.178+0900][gc,heap     ] GC(91) Survivor regions: 5->7(16)
[2022-12-18T21:35:44.178+0900][gc,heap     ] GC(91) Old regions: 108->108
[2022-12-18T21:35:44.178+0900][gc,heap     ] GC(91) Archive regions: 2->2
[2022-12-18T21:35:44.178+0900][gc,heap     ] GC(91) Humongous regions: 129->129
[2022-12-18T21:35:44.178+0900][gc,metaspace] GC(91) Metaspace: 41502K(42048K)->41502K(42048K) NonClass: 36440K(36736K)->36440K(36736K) Class: 5062K(5312K)->5062K(5312K)
[2022-12-18T21:35:44.178+0900][gc          ] GC(91) Pause Young (Normal) (G1 Evacuation Pause) 358M->244M(1024M) 9.950ms
[2022-12-18T21:35:44.178+0900][gc,cpu      ] GC(91) User=0.02s Sys=0.01s Real=0.01s
[2022-12-18T21:35:44.674+0900][gc,start    ] GC(92) Pause Young (Normal) (G1 Evacuation Pause)
[2022-12-18T21:35:44.674+0900][gc,task     ] GC(92) Using 8 workers of 8 for evacuation
[2022-12-18T21:35:44.679+0900][gc,phases   ] GC(92)   Pre Evacuate Collection Set: 0.1ms
[2022-12-18T21:35:44.679+0900][gc,phases   ] GC(92)   Merge Heap Roots: 0.1ms
[2022-12-18T21:35:44.679+0900][gc,phases   ] GC(92)   Evacuate Collection Set: 4.9ms
[2022-12-18T21:35:44.679+0900][gc,phases   ] GC(92)   Post Evacuate Collection Set: 0.2ms
[2022-12-18T21:35:44.679+0900][gc,phases   ] GC(92)   Other: 0.1ms
[2022-12-18T21:35:44.679+0900][gc,heap     ] GC(92) Eden regions: 44->0(207)
[2022-12-18T21:35:44.679+0900][gc,heap     ] GC(92) Survivor regions: 7->4(7)
[2022-12-18T21:35:44.679+0900][gc,heap     ] GC(92) Old regions: 108->113
[2022-12-18T21:35:44.679+0900][gc,heap     ] GC(92) Archive regions: 2->2
[2022-12-18T21:35:44.679+0900][gc,heap     ] GC(92) Humongous regions: 129->129
[2022-12-18T21:35:44.679+0900][gc,metaspace] GC(92) Metaspace: 41503K(42048K)->41503K(42048K) NonClass: 36441K(36736K)->36441K(36736K) Class: 5062K(5312K)->5062K(5312K)
[2022-12-18T21:35:44.679+0900][gc          ] GC(92) Pause Young (Normal) (G1 Evacuation Pause) 288M->245M(1024M) 5.449ms
[2022-12-18T21:35:44.679+0900][gc,cpu      ] GC(92) User=0.02s Sys=0.00s Real=0.00s
[2022-12-18T21:35:46.466+0900][gc,start    ] GC(93) Pause Young (Normal) (G1 Evacuation Pause)
[2022-12-18T21:35:46.466+0900][gc,task     ] GC(93) Using 8 workers of 8 for evacuation
[2022-12-18T21:35:46.475+0900][gc,phases   ] GC(93)   Pre Evacuate Collection Set: 0.1ms
[2022-12-18T21:35:46.475+0900][gc,phases   ] GC(93)   Merge Heap Roots: 0.1ms
[2022-12-18T21:35:46.475+0900][gc,phases   ] GC(93)   Evacuate Collection Set: 8.3ms
[2022-12-18T21:35:46.475+0900][gc,phases   ] GC(93)   Post Evacuate Collection Set: 0.3ms
[2022-12-18T21:35:46.475+0900][gc,phases   ] GC(93)   Other: 0.1ms
[2022-12-18T21:35:46.475+0900][gc,heap     ] GC(93) Eden regions: 160->0(150)
[2022-12-18T21:35:46.475+0900][gc,heap     ] GC(93) Survivor regions: 4->7(21)
[2022-12-18T21:35:46.475+0900][gc,heap     ] GC(93) Old regions: 113->113
[2022-12-18T21:35:46.475+0900][gc,heap     ] GC(93) Archive regions: 2->2
[2022-12-18T21:35:46.475+0900][gc,heap     ] GC(93) Humongous regions: 129->129
[2022-12-18T21:35:46.475+0900][gc,metaspace] GC(93) Metaspace: 41503K(42048K)->41503K(42048K) NonClass: 36441K(36736K)->36441K(36736K) Class: 5062K(5312K)->5062K(5312K)
[2022-12-18T21:35:46.475+0900][gc          ] GC(93) Pause Young (Normal) (G1 Evacuation Pause) 405M->248M(1024M) 8.925ms
[2022-12-18T21:35:46.475+0900][gc,cpu      ] GC(93) User=0.02s Sys=0.01s Real=0.01s
[2022-12-18T21:35:48.522+0900][gc,start    ] GC(94) Pause Young (Normal) (G1 Evacuation Pause)
[2022-12-18T21:35:48.522+0900][gc,task     ] GC(94) Using 8 workers of 8 for evacuation
[2022-12-18T21:35:48.526+0900][gc,phases   ] GC(94)   Pre Evacuate Collection Set: 0.1ms
[2022-12-18T21:35:48.526+0900][gc,phases   ] GC(94)   Merge Heap Roots: 0.1ms
[2022-12-18T21:35:48.526+0900][gc,phases   ] GC(94)   Evacuate Collection Set: 3.0ms
[2022-12-18T21:35:48.526+0900][gc,phases   ] GC(94)   Post Evacuate Collection Set: 0.2ms
[2022-12-18T21:35:48.526+0900][gc,phases   ] GC(94)   Other: 0.1ms
[2022-12-18T21:35:48.526+0900][gc,heap     ] GC(94) Eden regions: 150->0(204)
[2022-12-18T21:35:48.526+0900][gc,heap     ] GC(94) Survivor regions: 7->8(20)
[2022-12-18T21:35:48.526+0900][gc,heap     ] GC(94) Old regions: 113->113
[2022-12-18T21:35:48.526+0900][gc,heap     ] GC(94) Archive regions: 2->2
[2022-12-18T21:35:48.526+0900][gc,heap     ] GC(94) Humongous regions: 129->129
[2022-12-18T21:35:48.526+0900][gc,metaspace] GC(94) Metaspace: 41503K(42048K)->41503K(42048K) NonClass: 36441K(36736K)->36441K(36736K) Class: 5062K(5312K)->5062K(5312K)
[2022-12-18T21:35:48.526+0900][gc          ] GC(94) Pause Young (Normal) (G1 Evacuation Pause) 398M->249M(1024M) 3.470ms
[2022-12-18T21:35:48.526+0900][gc,cpu      ] GC(94) User=0.02s Sys=0.01s Real=0.00s
[2022-12-18T21:46:07.284+0900][gc,start    ] GC(95) Pause Young (Normal) (G1 Evacuation Pause)
[2022-12-18T21:46:07.284+0900][gc,task     ] GC(95) Using 8 workers of 8 for evacuation
[2022-12-18T21:46:07.332+0900][gc,mmu      ] GC(95) MMU target violated: 21.0ms (20.0ms/21.0ms)
[2022-12-18T21:46:07.332+0900][gc,phases   ] GC(95)   Pre Evacuate Collection Set: 0.2ms
[2022-12-18T21:46:07.332+0900][gc,phases   ] GC(95)   Merge Heap Roots: 0.1ms
[2022-12-18T21:46:07.332+0900][gc,phases   ] GC(95)   Evacuate Collection Set: 46.1ms
[2022-12-18T21:46:07.332+0900][gc,phases   ] GC(95)   Post Evacuate Collection Set: 1.4ms
[2022-12-18T21:46:07.332+0900][gc,phases   ] GC(95)   Other: 0.4ms
[2022-12-18T21:46:07.332+0900][gc,heap     ] GC(95) Eden regions: 204->0(34)
[2022-12-18T21:46:07.332+0900][gc,heap     ] GC(95) Survivor regions: 8->17(27)
[2022-12-18T21:46:07.332+0900][gc,heap     ] GC(95) Old regions: 113->113
[2022-12-18T21:46:07.332+0900][gc,heap     ] GC(95) Archive regions: 2->2
[2022-12-18T21:46:07.332+0900][gc,heap     ] GC(95) Humongous regions: 129->129
[2022-12-18T21:46:07.332+0900][gc,metaspace] GC(95) Metaspace: 41503K(42048K)->41503K(42048K) NonClass: 36441K(36736K)->36441K(36736K) Class: 5062K(5312K)->5062K(5312K)
[2022-12-18T21:46:07.332+0900][gc          ] GC(95) Pause Young (Normal) (G1 Evacuation Pause) 453M->258M(1024M) 48.304ms
[2022-12-18T21:46:07.332+0900][gc,cpu      ] GC(95) User=0.05s Sys=0.03s Real=0.05s
[2022-12-18T21:46:07.820+0900][gc,start    ] GC(96) Pause Young (Normal) (G1 Evacuation Pause)
[2022-12-18T21:46:07.820+0900][gc,task     ] GC(96) Using 8 workers of 8 for evacuation
[2022-12-18T21:46:07.829+0900][gc,phases   ] GC(96)   Pre Evacuate Collection Set: 0.1ms
[2022-12-18T21:46:07.829+0900][gc,phases   ] GC(96)   Merge Heap Roots: 0.0ms
[2022-12-18T21:46:07.829+0900][gc,phases   ] GC(96)   Evacuate Collection Set: 8.1ms
[2022-12-18T21:46:07.829+0900][gc,phases   ] GC(96)   Post Evacuate Collection Set: 0.2ms
[2022-12-18T21:46:07.829+0900][gc,phases   ] GC(96)   Other: 0.1ms
[2022-12-18T21:46:07.829+0900][gc,heap     ] GC(96) Eden regions: 34->0(213)
[2022-12-18T21:46:07.829+0900][gc,heap     ] GC(96) Survivor regions: 17->3(7)
[2022-12-18T21:46:07.829+0900][gc,heap     ] GC(96) Old regions: 113->129
[2022-12-18T21:46:07.829+0900][gc,heap     ] GC(96) Archive regions: 2->2
[2022-12-18T21:46:07.829+0900][gc,heap     ] GC(96) Humongous regions: 129->129
[2022-12-18T21:46:07.829+0900][gc,metaspace] GC(96) Metaspace: 41503K(42048K)->41503K(42048K) NonClass: 36441K(36736K)->36441K(36736K) Class: 5062K(5312K)->5062K(5312K)
[2022-12-18T21:46:07.829+0900][gc          ] GC(96) Pause Young (Normal) (G1 Evacuation Pause) 292M->260M(1024M) 8.774ms
[2022-12-18T21:46:07.829+0900][gc,cpu      ] GC(96) User=0.04s Sys=0.02s Real=0.00s
[2022-12-18T21:53:28.043+0900][gc,start    ] GC(97) Pause Young (Normal) (G1 Evacuation Pause)
[2022-12-18T21:53:28.045+0900][gc,task     ] GC(97) Using 8 workers of 8 for evacuation
[2022-12-18T21:53:28.087+0900][gc,mmu      ] GC(97) MMU target violated: 21.0ms (20.0ms/21.0ms)
[2022-12-18T21:53:28.087+0900][gc,phases   ] GC(97)   Pre Evacuate Collection Set: 0.8ms
[2022-12-18T21:53:28.087+0900][gc,phases   ] GC(97)   Merge Heap Roots: 0.3ms
[2022-12-18T21:53:28.087+0900][gc,phases   ] GC(97)   Evacuate Collection Set: 39.6ms
[2022-12-18T21:53:28.087+0900][gc,phases   ] GC(97)   Post Evacuate Collection Set: 1.0ms
[2022-12-18T21:53:28.087+0900][gc,phases   ] GC(97)   Other: 2.0ms
[2022-12-18T21:53:28.087+0900][gc,heap     ] GC(97) Eden regions: 213->0(44)
[2022-12-18T21:53:28.087+0900][gc,heap     ] GC(97) Survivor regions: 3->7(27)
[2022-12-18T21:53:28.087+0900][gc,heap     ] GC(97) Old regions: 129->129
[2022-12-18T21:53:28.087+0900][gc,heap     ] GC(97) Archive regions: 2->2
[2022-12-18T21:53:28.087+0900][gc,heap     ] GC(97) Humongous regions: 129->129
[2022-12-18T21:53:28.087+0900][gc,metaspace] GC(97) Metaspace: 41508K(42048K)->41508K(42048K) NonClass: 36446K(36736K)->36446K(36736K) Class: 5062K(5312K)->5062K(5312K)
[2022-12-18T21:53:28.087+0900][gc          ] GC(97) Pause Young (Normal) (G1 Evacuation Pause) 473M->264M(1024M) 43.796ms
[2022-12-18T21:53:28.087+0900][gc,cpu      ] GC(97) User=0.04s Sys=0.04s Real=0.04s
[2022-12-18T21:55:05.603+0900][gc,start    ] GC(98) Pause Young (Normal) (G1 Evacuation Pause)
[2022-12-18T21:55:05.603+0900][gc,task     ] GC(98) Using 8 workers of 8 for evacuation
[2022-12-18T21:55:05.616+0900][gc,phases   ] GC(98)   Pre Evacuate Collection Set: 0.3ms
[2022-12-18T21:55:05.616+0900][gc,phases   ] GC(98)   Merge Heap Roots: 0.1ms
[2022-12-18T21:55:05.616+0900][gc,phases   ] GC(98)   Evacuate Collection Set: 11.3ms
[2022-12-18T21:55:05.616+0900][gc,phases   ] GC(98)   Post Evacuate Collection Set: 0.9ms
[2022-12-18T21:55:05.616+0900][gc,phases   ] GC(98)   Other: 0.4ms
[2022-12-18T21:55:05.616+0900][gc,heap     ] GC(98) Eden regions: 44->0(67)
[2022-12-18T21:55:05.616+0900][gc,heap     ] GC(98) Survivor regions: 7->4(7)
[2022-12-18T21:55:05.616+0900][gc,heap     ] GC(98) Old regions: 129->135
[2022-12-18T21:55:05.616+0900][gc,heap     ] GC(98) Archive regions: 2->2
[2022-12-18T21:55:05.616+0900][gc,heap     ] GC(98) Humongous regions: 129->129
[2022-12-18T21:55:05.616+0900][gc,metaspace] GC(98) Metaspace: 41508K(42048K)->41508K(42048K) NonClass: 36446K(36736K)->36446K(36736K) Class: 5062K(5312K)->5062K(5312K)
[2022-12-18T21:55:05.616+0900][gc          ] GC(98) Pause Young (Normal) (G1 Evacuation Pause) 308M->267M(1024M) 13.126ms
[2022-12-18T21:55:05.616+0900][gc,cpu      ] GC(98) User=0.02s Sys=0.02s Real=0.01s
[2022-12-18T21:55:06.453+0900][gc,start    ] GC(99) Pause Young (Normal) (G1 Evacuation Pause)
[2022-12-18T21:55:06.453+0900][gc,task     ] GC(99) Using 8 workers of 8 for evacuation
[2022-12-18T21:55:06.460+0900][gc,phases   ] GC(99)   Pre Evacuate Collection Set: 0.1ms
[2022-12-18T21:55:06.460+0900][gc,phases   ] GC(99)   Merge Heap Roots: 0.1ms
[2022-12-18T21:55:06.460+0900][gc,phases   ] GC(99)   Evacuate Collection Set: 6.3ms
[2022-12-18T21:55:06.460+0900][gc,phases   ] GC(99)   Post Evacuate Collection Set: 0.4ms
[2022-12-18T21:55:06.460+0900][gc,phases   ] GC(99)   Other: 0.1ms
[2022-12-18T21:55:06.460+0900][gc,heap     ] GC(99) Eden regions: 67->0(50)
[2022-12-18T21:55:06.460+0900][gc,heap     ] GC(99) Survivor regions: 4->6(9)
[2022-12-18T21:55:06.460+0900][gc,heap     ] GC(99) Old regions: 135->135
[2022-12-18T21:55:06.460+0900][gc,heap     ] GC(99) Archive regions: 2->2
[2022-12-18T21:55:06.460+0900][gc,heap     ] GC(99) Humongous regions: 129->129
[2022-12-18T21:55:06.460+0900][gc,metaspace] GC(99) Metaspace: 41508K(42048K)->41508K(42048K) NonClass: 36446K(36736K)->36446K(36736K) Class: 5062K(5312K)->5062K(5312K)
[2022-12-18T21:55:06.460+0900][gc          ] GC(99) Pause Young (Normal) (G1 Evacuation Pause) 334M->269M(1024M) 7.050ms
[2022-12-18T21:55:06.460+0900][gc,cpu      ] GC(99) User=0.01s Sys=0.00s Real=0.01s
[2022-12-18T21:55:06.800+0900][gc,start    ] GC(100) Pause Young (Normal) (G1 Evacuation Pause)
[2022-12-18T21:55:06.800+0900][gc,task     ] GC(100) Using 8 workers of 8 for evacuation
[2022-12-18T21:55:06.803+0900][gc,phases   ] GC(100)   Pre Evacuate Collection Set: 0.1ms
[2022-12-18T21:55:06.804+0900][gc,phases   ] GC(100)   Merge Heap Roots: 0.1ms
[2022-12-18T21:55:06.804+0900][gc,phases   ] GC(100)   Evacuate Collection Set: 2.7ms
[2022-12-18T21:55:06.804+0900][gc,phases   ] GC(100)   Post Evacuate Collection Set: 0.3ms
[2022-12-18T21:55:06.804+0900][gc,phases   ] GC(100)   Other: 0.1ms
[2022-12-18T21:55:06.804+0900][gc,heap     ] GC(100) Eden regions: 50->0(123)
[2022-12-18T21:55:06.804+0900][gc,heap     ] GC(100) Survivor regions: 6->5(7)
[2022-12-18T21:55:06.804+0900][gc,heap     ] GC(100) Old regions: 135->138
[2022-12-18T21:55:06.804+0900][gc,heap     ] GC(100) Archive regions: 2->2
[2022-12-18T21:55:06.804+0900][gc,heap     ] GC(100) Humongous regions: 129->129
[2022-12-18T21:55:06.804+0900][gc,metaspace] GC(100) Metaspace: 41508K(42048K)->41508K(42048K) NonClass: 36446K(36736K)->36446K(36736K) Class: 5062K(5312K)->5062K(5312K)
[2022-12-18T21:55:06.804+0900][gc          ] GC(100) Pause Young (Normal) (G1 Evacuation Pause) 319M->271M(1024M) 3.350ms
[2022-12-18T21:55:06.804+0900][gc,cpu      ] GC(100) User=0.02s Sys=0.00s Real=0.00s
[2022-12-18T21:55:08.285+0900][gc,start    ] GC(101) Pause Young (Normal) (G1 Evacuation Pause)
[2022-12-18T21:55:08.285+0900][gc,task     ] GC(101) Using 8 workers of 8 for evacuation
[2022-12-18T21:55:08.288+0900][gc,phases   ] GC(101)   Pre Evacuate Collection Set: 0.1ms
[2022-12-18T21:55:08.288+0900][gc,phases   ] GC(101)   Merge Heap Roots: 0.1ms
[2022-12-18T21:55:08.288+0900][gc,phases   ] GC(101)   Evacuate Collection Set: 3.1ms
[2022-12-18T21:55:08.288+0900][gc,phases   ] GC(101)   Post Evacuate Collection Set: 0.3ms
[2022-12-18T21:55:08.288+0900][gc,phases   ] GC(101)   Other: 0.1ms
[2022-12-18T21:55:08.288+0900][gc,heap     ] GC(101) Eden regions: 123->0(160)
[2022-12-18T21:55:08.288+0900][gc,heap     ] GC(101) Survivor regions: 5->6(16)
[2022-12-18T21:55:08.288+0900][gc,heap     ] GC(101) Old regions: 138->138
[2022-12-18T21:55:08.288+0900][gc,heap     ] GC(101) Archive regions: 2->2
[2022-12-18T21:55:08.288+0900][gc,heap     ] GC(101) Humongous regions: 129->129
[2022-12-18T21:55:08.288+0900][gc,metaspace] GC(101) Metaspace: 41508K(42048K)->41508K(42048K) NonClass: 36446K(36736K)->36446K(36736K) Class: 5062K(5312K)->5062K(5312K)
[2022-12-18T21:55:08.288+0900][gc          ] GC(101) Pause Young (Normal) (G1 Evacuation Pause) 394M->272M(1024M) 3.725ms
[2022-12-18T21:55:08.289+0900][gc,cpu      ] GC(101) User=0.02s Sys=0.00s Real=0.00s
[2022-12-18T21:55:10.262+0900][gc,start    ] GC(102) Pause Young (Normal) (G1 Evacuation Pause)
[2022-12-18T21:55:10.262+0900][gc,task     ] GC(102) Using 8 workers of 8 for evacuation
[2022-12-18T21:55:10.266+0900][gc,phases   ] GC(102)   Pre Evacuate Collection Set: 0.2ms
[2022-12-18T21:55:10.266+0900][gc,phases   ] GC(102)   Merge Heap Roots: 0.1ms
[2022-12-18T21:55:10.266+0900][gc,phases   ] GC(102)   Evacuate Collection Set: 3.6ms
[2022-12-18T21:55:10.266+0900][gc,phases   ] GC(102)   Post Evacuate Collection Set: 0.4ms
[2022-12-18T21:55:10.266+0900][gc,phases   ] GC(102)   Other: 0.2ms
[2022-12-18T21:55:10.266+0900][gc,heap     ] GC(102) Eden regions: 160->0(212)
[2022-12-18T21:55:10.266+0900][gc,heap     ] GC(102) Survivor regions: 6->7(21)
[2022-12-18T21:55:10.266+0900][gc,heap     ] GC(102) Old regions: 138->138
[2022-12-18T21:55:10.266+0900][gc,heap     ] GC(102) Archive regions: 2->2
[2022-12-18T21:55:10.266+0900][gc,heap     ] GC(102) Humongous regions: 129->129
[2022-12-18T21:55:10.266+0900][gc,metaspace] GC(102) Metaspace: 41508K(42048K)->41508K(42048K) NonClass: 36446K(36736K)->36446K(36736K) Class: 5062K(5312K)->5062K(5312K)
[2022-12-18T21:55:10.266+0900][gc          ] GC(102) Pause Young (Normal) (G1 Evacuation Pause) 432M->274M(1024M) 4.528ms
[2022-12-18T21:55:10.267+0900][gc,cpu      ] GC(102) User=0.01s Sys=0.00s Real=0.00s
[2022-12-18T21:55:12.949+0900][gc,start    ] GC(103) Pause Young (Normal) (G1 Evacuation Pause)
[2022-12-18T21:55:12.949+0900][gc,task     ] GC(103) Using 8 workers of 8 for evacuation
[2022-12-18T21:55:12.954+0900][gc,phases   ] GC(103)   Pre Evacuate Collection Set: 0.1ms
[2022-12-18T21:55:12.954+0900][gc,phases   ] GC(103)   Merge Heap Roots: 0.1ms
[2022-12-18T21:55:12.954+0900][gc,phases   ] GC(103)   Evacuate Collection Set: 4.7ms
[2022-12-18T21:55:12.954+0900][gc,phases   ] GC(103)   Post Evacuate Collection Set: 0.2ms
[2022-12-18T21:55:12.954+0900][gc,phases   ] GC(103)   Other: 0.3ms
[2022-12-18T21:55:12.954+0900][gc,heap     ] GC(103) Eden regions: 212->0(256)
[2022-12-18T21:55:12.954+0900][gc,heap     ] GC(103) Survivor regions: 7->9(28)
[2022-12-18T21:55:12.954+0900][gc,heap     ] GC(103) Old regions: 138->138
[2022-12-18T21:55:12.954+0900][gc,heap     ] GC(103) Archive regions: 2->2
[2022-12-18T21:55:12.954+0900][gc,heap     ] GC(103) Humongous regions: 129->129
[2022-12-18T21:55:12.954+0900][gc,metaspace] GC(103) Metaspace: 41508K(42048K)->41508K(42048K) NonClass: 36446K(36736K)->36446K(36736K) Class: 5062K(5312K)->5062K(5312K)
[2022-12-18T21:55:12.954+0900][gc          ] GC(103) Pause Young (Normal) (G1 Evacuation Pause) 486M->275M(1024M) 5.393ms
[2022-12-18T21:55:12.954+0900][gc,cpu      ] GC(103) User=0.02s Sys=0.01s Real=0.01s
[2022-12-18T21:55:15.907+0900][gc,start    ] GC(104) Pause Young (Normal) (G1 Evacuation Pause)
[2022-12-18T21:55:15.907+0900][gc,task     ] GC(104) Using 8 workers of 8 for evacuation
[2022-12-18T21:55:15.922+0900][gc,phases   ] GC(104)   Pre Evacuate Collection Set: 0.2ms
[2022-12-18T21:55:15.922+0900][gc,phases   ] GC(104)   Merge Heap Roots: 0.1ms
[2022-12-18T21:55:15.922+0900][gc,phases   ] GC(104)   Evacuate Collection Set: 13.9ms
[2022-12-18T21:55:15.922+0900][gc,phases   ] GC(104)   Post Evacuate Collection Set: 0.4ms
[2022-12-18T21:55:15.922+0900][gc,phases   ] GC(104)   Other: 0.2ms
[2022-12-18T21:55:15.922+0900][gc,heap     ] GC(104) Eden regions: 256->0(257)
[2022-12-18T21:55:15.922+0900][gc,heap     ] GC(104) Survivor regions: 9->10(34)
[2022-12-18T21:55:15.922+0900][gc,heap     ] GC(104) Old regions: 138->138
[2022-12-18T21:55:15.922+0900][gc,heap     ] GC(104) Archive regions: 2->2
[2022-12-18T21:55:15.922+0900][gc,heap     ] GC(104) Humongous regions: 129->129
[2022-12-18T21:55:15.922+0900][gc,metaspace] GC(104) Metaspace: 41508K(42048K)->41508K(42048K) NonClass: 36446K(36736K)->36446K(36736K) Class: 5062K(5312K)->5062K(5312K)
[2022-12-18T21:55:15.922+0900][gc          ] GC(104) Pause Young (Normal) (G1 Evacuation Pause) 531M->276M(1024M) 14.793ms
[2022-12-18T21:55:15.922+0900][gc,cpu      ] GC(104) User=0.02s Sys=0.02s Real=0.02s
[2022-12-18T21:55:18.941+0900][gc,start    ] GC(105) Pause Young (Normal) (G1 Evacuation Pause)
[2022-12-18T21:55:18.942+0900][gc,task     ] GC(105) Using 8 workers of 8 for evacuation
[2022-12-18T21:55:18.952+0900][gc,phases   ] GC(105)   Pre Evacuate Collection Set: 0.2ms
[2022-12-18T21:55:18.952+0900][gc,phases   ] GC(105)   Merge Heap Roots: 0.1ms
[2022-12-18T21:55:18.952+0900][gc,phases   ] GC(105)   Evacuate Collection Set: 9.0ms
[2022-12-18T21:55:18.952+0900][gc,phases   ] GC(105)   Post Evacuate Collection Set: 0.3ms
[2022-12-18T21:55:18.952+0900][gc,phases   ] GC(105)   Other: 1.0ms
[2022-12-18T21:55:18.952+0900][gc,heap     ] GC(105) Eden regions: 257->0(345)
[2022-12-18T21:55:18.952+0900][gc,heap     ] GC(105) Survivor regions: 10->11(34)
[2022-12-18T21:55:18.952+0900][gc,heap     ] GC(105) Old regions: 138->138
[2022-12-18T21:55:18.952+0900][gc,heap     ] GC(105) Archive regions: 2->2
[2022-12-18T21:55:18.952+0900][gc,heap     ] GC(105) Humongous regions: 129->129
[2022-12-18T21:55:18.952+0900][gc,metaspace] GC(105) Metaspace: 41510K(42048K)->41510K(42048K) NonClass: 36448K(36736K)->36448K(36736K) Class: 5062K(5312K)->5062K(5312K)
[2022-12-18T21:55:18.952+0900][gc          ] GC(105) Pause Young (Normal) (G1 Evacuation Pause) 533M->277M(1024M) 10.571ms
[2022-12-18T21:55:18.952+0900][gc,cpu      ] GC(105) User=0.02s Sys=0.01s Real=0.01s
[2022-12-18T21:55:23.134+0900][gc,start    ] GC(106) Pause Young (Normal) (G1 Evacuation Pause)
[2022-12-18T21:55:23.134+0900][gc,task     ] GC(106) Using 8 workers of 8 for evacuation
[2022-12-18T21:55:23.157+0900][gc,mmu      ] GC(106) MMU target violated: 21.0ms (20.0ms/21.0ms)
[2022-12-18T21:55:23.157+0900][gc,phases   ] GC(106)   Pre Evacuate Collection Set: 0.2ms
[2022-12-18T21:55:23.157+0900][gc,phases   ] GC(106)   Merge Heap Roots: 0.1ms
[2022-12-18T21:55:23.157+0900][gc,phases   ] GC(106)   Evacuate Collection Set: 21.5ms
[2022-12-18T21:55:23.157+0900][gc,phases   ] GC(106)   Post Evacuate Collection Set: 0.8ms
[2022-12-18T21:55:23.157+0900][gc,phases   ] GC(106)   Other: 0.3ms
[2022-12-18T21:55:23.157+0900][gc,heap     ] GC(106) Eden regions: 345->0(159)
[2022-12-18T21:55:23.157+0900][gc,heap     ] GC(106) Survivor regions: 11->12(45)
[2022-12-18T21:55:23.157+0900][gc,heap     ] GC(106) Old regions: 138->138
[2022-12-18T21:55:23.157+0900][gc,heap     ] GC(106) Archive regions: 2->2
[2022-12-18T21:55:23.157+0900][gc,heap     ] GC(106) Humongous regions: 129->129
[2022-12-18T21:55:23.157+0900][gc,metaspace] GC(106) Metaspace: 41510K(42048K)->41510K(42048K) NonClass: 36448K(36736K)->36448K(36736K) Class: 5062K(5312K)->5062K(5312K)
[2022-12-18T21:55:23.157+0900][gc          ] GC(106) Pause Young (Normal) (G1 Evacuation Pause) 622M->278M(1024M) 22.874ms
[2022-12-18T21:55:23.157+0900][gc,cpu      ] GC(106) User=0.02s Sys=0.02s Real=0.02s
[2022-12-18T21:55:25.541+0900][gc,start    ] GC(107) Pause Young (Normal) (G1 Evacuation Pause)
[2022-12-18T21:55:25.541+0900][gc,task     ] GC(107) Using 8 workers of 8 for evacuation
[2022-12-18T21:55:25.556+0900][gc,phases   ] GC(107)   Pre Evacuate Collection Set: 1.3ms
[2022-12-18T21:55:25.556+0900][gc,phases   ] GC(107)   Merge Heap Roots: 0.4ms
[2022-12-18T21:55:25.556+0900][gc,phases   ] GC(107)   Evacuate Collection Set: 11.4ms
[2022-12-18T21:55:25.556+0900][gc,phases   ] GC(107)   Post Evacuate Collection Set: 0.6ms
[2022-12-18T21:55:25.556+0900][gc,phases   ] GC(107)   Other: 1.9ms
[2022-12-18T21:55:25.556+0900][gc,heap     ] GC(107) Eden regions: 159->0(202)
[2022-12-18T21:55:25.556+0900][gc,heap     ] GC(107) Survivor regions: 12->12(22)
[2022-12-18T21:55:25.556+0900][gc,heap     ] GC(107) Old regions: 138->138
[2022-12-18T21:55:25.556+0900][gc,heap     ] GC(107) Archive regions: 2->2
[2022-12-18T21:55:25.556+0900][gc,heap     ] GC(107) Humongous regions: 129->129
[2022-12-18T21:55:25.556+0900][gc,metaspace] GC(107) Metaspace: 41510K(42048K)->41510K(42048K) NonClass: 36448K(36736K)->36448K(36736K) Class: 5062K(5312K)->5062K(5312K)
[2022-12-18T21:55:25.556+0900][gc          ] GC(107) Pause Young (Normal) (G1 Evacuation Pause) 437M->278M(1024M) 15.618ms
[2022-12-18T21:55:25.556+0900][gc,cpu      ] GC(107) User=0.03s Sys=0.02s Real=0.01s
[2022-12-18T21:55:27.414+0900][gc,start    ] GC(108) Pause Young (Normal) (G1 Evacuation Pause)
[2022-12-18T21:55:27.414+0900][gc,task     ] GC(108) Using 8 workers of 8 for evacuation
[2022-12-18T21:55:27.420+0900][gc,phases   ] GC(108)   Pre Evacuate Collection Set: 0.1ms
[2022-12-18T21:55:27.420+0900][gc,phases   ] GC(108)   Merge Heap Roots: 0.1ms
[2022-12-18T21:55:27.420+0900][gc,phases   ] GC(108)   Evacuate Collection Set: 5.5ms
[2022-12-18T21:55:27.420+0900][gc,phases   ] GC(108)   Post Evacuate Collection Set: 0.2ms
[2022-12-18T21:55:27.420+0900][gc,phases   ] GC(108)   Other: 0.1ms
[2022-12-18T21:55:27.420+0900][gc,heap     ] GC(108) Eden regions: 202->0(387)
[2022-12-18T21:55:27.420+0900][gc,heap     ] GC(108) Survivor regions: 12->12(27)
[2022-12-18T21:55:27.420+0900][gc,heap     ] GC(108) Old regions: 138->138
[2022-12-18T21:55:27.420+0900][gc,heap     ] GC(108) Archive regions: 2->2
[2022-12-18T21:55:27.420+0900][gc,heap     ] GC(108) Humongous regions: 129->129
[2022-12-18T21:55:27.420+0900][gc,metaspace] GC(108) Metaspace: 41510K(42048K)->41510K(42048K) NonClass: 36448K(36736K)->36448K(36736K) Class: 5062K(5312K)->5062K(5312K)
[2022-12-18T21:55:27.420+0900][gc          ] GC(108) Pause Young (Normal) (G1 Evacuation Pause) 480M->279M(1024M) 6.166ms
[2022-12-18T21:55:27.420+0900][gc,cpu      ] GC(108) User=0.03s Sys=0.02s Real=0.01s
[2022-12-18T21:55:31.776+0900][gc,start    ] GC(109) Pause Young (Normal) (G1 Evacuation Pause)
[2022-12-18T21:55:31.776+0900][gc,task     ] GC(109) Using 8 workers of 8 for evacuation
[2022-12-18T21:55:31.801+0900][gc,mmu      ] GC(109) MMU target violated: 21.0ms (20.0ms/21.0ms)
[2022-12-18T21:55:31.801+0900][gc,phases   ] GC(109)   Pre Evacuate Collection Set: 0.2ms
[2022-12-18T21:55:31.801+0900][gc,phases   ] GC(109)   Merge Heap Roots: 0.1ms
[2022-12-18T21:55:31.801+0900][gc,phases   ] GC(109)   Evacuate Collection Set: 21.4ms
[2022-12-18T21:55:31.801+0900][gc,phases   ] GC(109)   Post Evacuate Collection Set: 2.7ms
[2022-12-18T21:55:31.801+0900][gc,phases   ] GC(109)   Other: 0.2ms
[2022-12-18T21:55:31.801+0900][gc,heap     ] GC(109) Eden regions: 387->0(128)
[2022-12-18T21:55:31.801+0900][gc,heap     ] GC(109) Survivor regions: 12->13(50)
[2022-12-18T21:55:31.801+0900][gc,heap     ] GC(109) Old regions: 138->138
[2022-12-18T21:55:31.801+0900][gc,heap     ] GC(109) Archive regions: 2->2
[2022-12-18T21:55:31.801+0900][gc,heap     ] GC(109) Humongous regions: 129->129
[2022-12-18T21:55:31.801+0900][gc,metaspace] GC(109) Metaspace: 41510K(42048K)->41510K(42048K) NonClass: 36448K(36736K)->36448K(36736K) Class: 5062K(5312K)->5062K(5312K)
[2022-12-18T21:55:31.801+0900][gc          ] GC(109) Pause Young (Normal) (G1 Evacuation Pause) 666M->280M(1024M) 24.684ms
[2022-12-18T21:55:31.801+0900][gc,cpu      ] GC(109) User=0.02s Sys=0.04s Real=0.03s
[2022-12-18T21:55:33.305+0900][gc,start    ] GC(110) Pause Young (Normal) (G1 Evacuation Pause)
[2022-12-18T21:55:33.305+0900][gc,task     ] GC(110) Using 8 workers of 8 for evacuation
[2022-12-18T21:55:33.313+0900][gc,phases   ] GC(110)   Pre Evacuate Collection Set: 0.1ms
[2022-12-18T21:55:33.313+0900][gc,phases   ] GC(110)   Merge Heap Roots: 0.1ms
[2022-12-18T21:55:33.313+0900][gc,phases   ] GC(110)   Evacuate Collection Set: 8.2ms
[2022-12-18T21:55:33.313+0900][gc,phases   ] GC(110)   Post Evacuate Collection Set: 0.2ms
[2022-12-18T21:55:33.313+0900][gc,phases   ] GC(110)   Other: 0.1ms
[2022-12-18T21:55:33.313+0900][gc,heap     ] GC(110) Eden regions: 128->0(604)
[2022-12-18T21:55:33.313+0900][gc,heap     ] GC(110) Survivor regions: 13->10(18)
[2022-12-18T21:55:33.313+0900][gc,heap     ] GC(110) Old regions: 138->141
[2022-12-18T21:55:33.313+0900][gc,heap     ] GC(110) Archive regions: 2->2
[2022-12-18T21:55:33.313+0900][gc,heap     ] GC(110) Humongous regions: 129->129
[2022-12-18T21:55:33.313+0900][gc,metaspace] GC(110) Metaspace: 41510K(42048K)->41510K(42048K) NonClass: 36448K(36736K)->36448K(36736K) Class: 5062K(5312K)->5062K(5312K)
[2022-12-18T21:55:33.313+0900][gc          ] GC(110) Pause Young (Normal) (G1 Evacuation Pause) 408M->280M(1024M) 8.696ms
[2022-12-18T21:55:33.313+0900][gc,cpu      ] GC(110) User=0.02s Sys=0.00s Real=0.01s
[2022-12-18T21:55:40.629+0900][gc,start    ] GC(111) Pause Young (Normal) (G1 Evacuation Pause)
[2022-12-18T21:55:40.629+0900][gc,task     ] GC(111) Using 8 workers of 8 for evacuation
[2022-12-18T21:55:40.649+0900][gc,mmu      ] GC(111) MMU target violated: 20.0ms (20.0ms/21.0ms)
[2022-12-18T21:55:40.649+0900][gc,phases   ] GC(111)   Pre Evacuate Collection Set: 0.1ms
[2022-12-18T21:55:40.649+0900][gc,phases   ] GC(111)   Merge Heap Roots: 0.2ms
[2022-12-18T21:55:40.649+0900][gc,phases   ] GC(111)   Evacuate Collection Set: 19.2ms
[2022-12-18T21:55:40.649+0900][gc,phases   ] GC(111)   Post Evacuate Collection Set: 0.5ms
[2022-12-18T21:55:40.649+0900][gc,phases   ] GC(111)   Other: 0.4ms
[2022-12-18T21:55:40.649+0900][gc,heap     ] GC(111) Eden regions: 604->0(321)
[2022-12-18T21:55:40.649+0900][gc,heap     ] GC(111) Survivor regions: 10->11(77)
[2022-12-18T21:55:40.649+0900][gc,heap     ] GC(111) Old regions: 141->141
[2022-12-18T21:55:40.649+0900][gc,heap     ] GC(111) Archive regions: 2->2
[2022-12-18T21:55:40.649+0900][gc,heap     ] GC(111) Humongous regions: 129->129
[2022-12-18T21:55:40.649+0900][gc,metaspace] GC(111) Metaspace: 41510K(42048K)->41510K(42048K) NonClass: 36448K(36736K)->36448K(36736K) Class: 5062K(5312K)->5062K(5312K)
[2022-12-18T21:55:40.649+0900][gc          ] GC(111) Pause Young (Normal) (G1 Evacuation Pause) 884M->281M(1024M) 20.417ms
[2022-12-18T21:55:40.649+0900][gc,cpu      ] GC(111) User=0.03s Sys=0.05s Real=0.02s
[2022-12-18T21:55:44.422+0900][gc,start    ] GC(112) Pause Young (Normal) (G1 Evacuation Pause)
[2022-12-18T21:55:44.422+0900][gc,task     ] GC(112) Using 8 workers of 8 for evacuation
[2022-12-18T21:55:44.435+0900][gc,phases   ] GC(112)   Pre Evacuate Collection Set: 0.2ms
[2022-12-18T21:55:44.435+0900][gc,phases   ] GC(112)   Merge Heap Roots: 0.1ms
[2022-12-18T21:55:44.435+0900][gc,phases   ] GC(112)   Evacuate Collection Set: 11.6ms
[2022-12-18T21:55:44.435+0900][gc,phases   ] GC(112)   Post Evacuate Collection Set: 0.7ms
[2022-12-18T21:55:44.435+0900][gc,phases   ] GC(112)   Other: 0.2ms
[2022-12-18T21:55:44.435+0900][gc,heap     ] GC(112) Eden regions: 321->0(477)
[2022-12-18T21:55:44.435+0900][gc,heap     ] GC(112) Survivor regions: 11->11(42)
[2022-12-18T21:55:44.435+0900][gc,heap     ] GC(112) Old regions: 141->141
[2022-12-18T21:55:44.435+0900][gc,heap     ] GC(112) Archive regions: 2->2
[2022-12-18T21:55:44.435+0900][gc,heap     ] GC(112) Humongous regions: 129->129
[2022-12-18T21:55:44.435+0900][gc,metaspace] GC(112) Metaspace: 41510K(42048K)->41510K(42048K) NonClass: 36448K(36736K)->36448K(36736K) Class: 5062K(5312K)->5062K(5312K)
[2022-12-18T21:55:44.435+0900][gc          ] GC(112) Pause Young (Normal) (G1 Evacuation Pause) 602M->281M(1024M) 12.954ms
[2022-12-18T21:55:44.435+0900][gc,cpu      ] GC(112) User=0.02s Sys=0.01s Real=0.01s
[2022-12-18T21:55:52.569+0900][gc,start    ] GC(113) Pause Young (Normal) (G1 Evacuation Pause)
[2022-12-18T21:55:52.570+0900][gc,task     ] GC(113) Using 8 workers of 8 for evacuation
[2022-12-18T21:55:52.586+0900][gc,phases   ] GC(113)   Pre Evacuate Collection Set: 0.4ms
[2022-12-18T21:55:52.586+0900][gc,phases   ] GC(113)   Merge Heap Roots: 0.2ms
[2022-12-18T21:55:52.586+0900][gc,phases   ] GC(113)   Evacuate Collection Set: 11.2ms
[2022-12-18T21:55:52.586+0900][gc,phases   ] GC(113)   Post Evacuate Collection Set: 4.4ms
[2022-12-18T21:55:52.586+0900][gc,phases   ] GC(113)   Other: 1.0ms
[2022-12-18T21:55:52.586+0900][gc,heap     ] GC(113) Eden regions: 477->0(362)
[2022-12-18T21:55:52.586+0900][gc,heap     ] GC(113) Survivor regions: 11->11(61)
[2022-12-18T21:55:52.586+0900][gc,heap     ] GC(113) Old regions: 141->141
[2022-12-18T21:55:52.586+0900][gc,heap     ] GC(113) Archive regions: 2->2
[2022-12-18T21:55:52.586+0900][gc,heap     ] GC(113) Humongous regions: 129->129
[2022-12-18T21:55:52.586+0900][gc,metaspace] GC(113) Metaspace: 41510K(42048K)->41510K(42048K) NonClass: 36448K(36736K)->36448K(36736K) Class: 5062K(5312K)->5062K(5312K)
[2022-12-18T21:55:52.586+0900][gc          ] GC(113) Pause Young (Normal) (G1 Evacuation Pause) 758M->281M(1024M) 17.294ms
[2022-12-18T21:55:52.586+0900][gc,cpu      ] GC(113) User=0.03s Sys=0.02s Real=0.02s
[2022-12-18T21:55:57.407+0900][gc,start    ] GC(114) Pause Young (Normal) (G1 Evacuation Pause)
[2022-12-18T21:55:57.407+0900][gc,task     ] GC(114) Using 8 workers of 8 for evacuation
[2022-12-18T21:55:57.422+0900][gc,phases   ] GC(114)   Pre Evacuate Collection Set: 0.2ms
[2022-12-18T21:55:57.422+0900][gc,phases   ] GC(114)   Merge Heap Roots: 0.1ms
[2022-12-18T21:55:57.422+0900][gc,phases   ] GC(114)   Evacuate Collection Set: 14.2ms
[2022-12-18T21:55:57.422+0900][gc,phases   ] GC(114)   Post Evacuate Collection Set: 0.5ms
[2022-12-18T21:55:57.422+0900][gc,phases   ] GC(114)   Other: 0.2ms
[2022-12-18T21:55:57.422+0900][gc,heap     ] GC(114) Eden regions: 362->0(467)
[2022-12-18T21:55:57.422+0900][gc,heap     ] GC(114) Survivor regions: 11->12(47)
[2022-12-18T21:55:57.422+0900][gc,heap     ] GC(114) Old regions: 141->141
[2022-12-18T21:55:57.422+0900][gc,heap     ] GC(114) Archive regions: 2->2
[2022-12-18T21:55:57.422+0900][gc,heap     ] GC(114) Humongous regions: 129->129
[2022-12-18T21:55:57.422+0900][gc,metaspace] GC(114) Metaspace: 41510K(42048K)->41510K(42048K) NonClass: 36448K(36736K)->36448K(36736K) Class: 5062K(5312K)->5062K(5312K)
[2022-12-18T21:55:57.422+0900][gc          ] GC(114) Pause Young (Normal) (G1 Evacuation Pause) 643M->282M(1024M) 15.345ms
[2022-12-18T21:55:57.422+0900][gc,cpu      ] GC(114) User=0.02s Sys=0.02s Real=0.02s
[2022-12-18T21:56:03.494+0900][gc,start    ] GC(115) Pause Young (Normal) (G1 Evacuation Pause)
[2022-12-18T21:56:03.495+0900][gc,task     ] GC(115) Using 8 workers of 8 for evacuation
[2022-12-18T21:56:03.512+0900][gc,phases   ] GC(115)   Pre Evacuate Collection Set: 0.3ms
[2022-12-18T21:56:03.512+0900][gc,phases   ] GC(115)   Merge Heap Roots: 0.1ms
[2022-12-18T21:56:03.512+0900][gc,phases   ] GC(115)   Evacuate Collection Set: 11.9ms
[2022-12-18T21:56:03.512+0900][gc,phases   ] GC(115)   Post Evacuate Collection Set: 4.3ms
[2022-12-18T21:56:03.512+0900][gc,phases   ] GC(115)   Other: 0.9ms
[2022-12-18T21:56:03.512+0900][gc,heap     ] GC(115) Eden regions: 467->0(381)
[2022-12-18T21:56:03.512+0900][gc,heap     ] GC(115) Survivor regions: 12->12(60)
[2022-12-18T21:56:03.512+0900][gc,heap     ] GC(115) Old regions: 141->141
[2022-12-18T21:56:03.512+0900][gc,heap     ] GC(115) Archive regions: 2->2
[2022-12-18T21:56:03.512+0900][gc,heap     ] GC(115) Humongous regions: 129->129
[2022-12-18T21:56:03.512+0900][gc,metaspace] GC(115) Metaspace: 41510K(42048K)->41510K(42048K) NonClass: 36448K(36736K)->36448K(36736K) Class: 5062K(5312K)->5062K(5312K)
[2022-12-18T21:56:03.512+0900][gc          ] GC(115) Pause Young (Normal) (G1 Evacuation Pause) 749M->282M(1024M) 17.831ms
[2022-12-18T21:56:03.512+0900][gc,cpu      ] GC(115) User=0.03s Sys=0.02s Real=0.02s
[2022-12-18T21:56:08.126+0900][gc,start    ] GC(116) Pause Young (Normal) (G1 Evacuation Pause)
[2022-12-18T21:56:08.127+0900][gc,task     ] GC(116) Using 8 workers of 8 for evacuation
[2022-12-18T21:56:08.144+0900][gc,phases   ] GC(116)   Pre Evacuate Collection Set: 0.2ms
[2022-12-18T21:56:08.144+0900][gc,phases   ] GC(116)   Merge Heap Roots: 0.2ms
[2022-12-18T21:56:08.144+0900][gc,phases   ] GC(116)   Evacuate Collection Set: 16.5ms
[2022-12-18T21:56:08.144+0900][gc,phases   ] GC(116)   Post Evacuate Collection Set: 0.6ms
[2022-12-18T21:56:08.144+0900][gc,phases   ] GC(116)   Other: 0.2ms
[2022-12-18T21:56:08.144+0900][gc,heap     ] GC(116) Eden regions: 381->0(603)
[2022-12-18T21:56:08.144+0900][gc,heap     ] GC(116) Survivor regions: 12->11(50)
[2022-12-18T21:56:08.144+0900][gc,heap     ] GC(116) Old regions: 141->143
[2022-12-18T21:56:08.144+0900][gc,heap     ] GC(116) Archive regions: 2->2
[2022-12-18T21:56:08.144+0900][gc,heap     ] GC(116) Humongous regions: 129->129
[2022-12-18T21:56:08.144+0900][gc,metaspace] GC(116) Metaspace: 41510K(42048K)->41510K(42048K) NonClass: 36448K(36736K)->36448K(36736K) Class: 5062K(5312K)->5062K(5312K)
[2022-12-18T21:56:08.144+0900][gc          ] GC(116) Pause Young (Normal) (G1 Evacuation Pause) 663M->283M(1024M) 17.770ms
[2022-12-18T21:56:08.144+0900][gc,cpu      ] GC(116) User=0.03s Sys=0.02s Real=0.02s
[2022-12-18T21:56:15.509+0900][gc,start    ] GC(117) Pause Young (Normal) (G1 Evacuation Pause)
[2022-12-18T21:56:15.509+0900][gc,task     ] GC(117) Using 8 workers of 8 for evacuation
[2022-12-18T21:56:15.533+0900][gc,mmu      ] GC(117) MMU target violated: 21.0ms (20.0ms/21.0ms)
[2022-12-18T21:56:15.533+0900][gc,phases   ] GC(117)   Pre Evacuate Collection Set: 0.2ms
[2022-12-18T21:56:15.533+0900][gc,phases   ] GC(117)   Merge Heap Roots: 0.3ms
[2022-12-18T21:56:15.533+0900][gc,phases   ] GC(117)   Evacuate Collection Set: 22.8ms
[2022-12-18T21:56:15.533+0900][gc,phases   ] GC(117)   Post Evacuate Collection Set: 0.8ms
[2022-12-18T21:56:15.533+0900][gc,phases   ] GC(117)   Other: 0.4ms
[2022-12-18T21:56:15.533+0900][gc,heap     ] GC(117) Eden regions: 603->0(538)
[2022-12-18T21:56:15.533+0900][gc,heap     ] GC(117) Survivor regions: 11->10(77)
[2022-12-18T21:56:15.533+0900][gc,heap     ] GC(117) Old regions: 143->144
[2022-12-18T21:56:15.533+0900][gc,heap     ] GC(117) Archive regions: 2->2
[2022-12-18T21:56:15.533+0900][gc,heap     ] GC(117) Humongous regions: 129->129
[2022-12-18T21:56:15.533+0900][gc,metaspace] GC(117) Metaspace: 41510K(42048K)->41510K(42048K) NonClass: 36448K(36736K)->36448K(36736K) Class: 5062K(5312K)->5062K(5312K)
[2022-12-18T21:56:15.533+0900][gc          ] GC(117) Pause Young (Normal) (G1 Evacuation Pause) 886M->283M(1024M) 24.425ms
[2022-12-18T21:56:15.533+0900][gc,cpu      ] GC(117) User=0.02s Sys=0.04s Real=0.03s
[2022-12-18T21:56:21.528+0900][gc,start    ] GC(118) Pause Young (Normal) (G1 Evacuation Pause)
[2022-12-18T21:56:21.528+0900][gc,task     ] GC(118) Using 8 workers of 8 for evacuation
[2022-12-18T21:56:21.540+0900][gc,phases   ] GC(118)   Pre Evacuate Collection Set: 0.2ms
[2022-12-18T21:56:21.540+0900][gc,phases   ] GC(118)   Merge Heap Roots: 0.2ms
[2022-12-18T21:56:21.540+0900][gc,phases   ] GC(118)   Evacuate Collection Set: 11.0ms
[2022-12-18T21:56:21.540+0900][gc,phases   ] GC(118)   Post Evacuate Collection Set: 0.6ms
[2022-12-18T21:56:21.540+0900][gc,phases   ] GC(118)   Other: 0.2ms
[2022-12-18T21:56:21.540+0900][gc,heap     ] GC(118) Eden regions: 521->0(605)
[2022-12-18T21:56:21.540+0900][gc,heap     ] GC(118) Survivor regions: 10->9(67)
[2022-12-18T21:56:21.540+0900][gc,heap     ] GC(118) Old regions: 144->146
[2022-12-18T21:56:21.540+0900][gc,heap     ] GC(118) Archive regions: 2->2
[2022-12-18T21:56:21.540+0900][gc,heap     ] GC(118) Humongous regions: 129->129
[2022-12-18T21:56:21.540+0900][gc,metaspace] GC(118) Metaspace: 41512K(42048K)->41512K(42048K) NonClass: 36450K(36736K)->36450K(36736K) Class: 5062K(5312K)->5062K(5312K)
[2022-12-18T21:56:21.540+0900][gc          ] GC(118) Pause Young (Normal) (G1 Evacuation Pause) 804M->284M(1024M) 12.383ms
[2022-12-18T21:56:21.540+0900][gc,cpu      ] GC(118) User=0.02s Sys=0.02s Real=0.02s
[2022-12-18T21:56:28.279+0900][gc,start    ] GC(119) Pause Young (Normal) (G1 Evacuation Pause)
[2022-12-18T21:56:28.279+0900][gc,task     ] GC(119) Using 8 workers of 8 for evacuation
[2022-12-18T21:56:28.305+0900][gc,mmu      ] GC(119) MMU target violated: 21.0ms (20.0ms/21.0ms)
[2022-12-18T21:56:28.305+0900][gc,phases   ] GC(119)   Pre Evacuate Collection Set: 4.6ms
[2022-12-18T21:56:28.305+0900][gc,phases   ] GC(119)   Merge Heap Roots: 0.2ms
[2022-12-18T21:56:28.305+0900][gc,phases   ] GC(119)   Evacuate Collection Set: 20.2ms
[2022-12-18T21:56:28.305+0900][gc,phases   ] GC(119)   Post Evacuate Collection Set: 0.6ms
[2022-12-18T21:56:28.305+0900][gc,phases   ] GC(119)   Other: 0.4ms
[2022-12-18T21:56:28.305+0900][gc,heap     ] GC(119) Eden regions: 605->0(518)
[2022-12-18T21:56:28.305+0900][gc,heap     ] GC(119) Survivor regions: 9->9(77)
[2022-12-18T21:56:28.305+0900][gc,heap     ] GC(119) Old regions: 146->147
[2022-12-18T21:56:28.305+0900][gc,heap     ] GC(119) Archive regions: 2->2
[2022-12-18T21:56:28.305+0900][gc,heap     ] GC(119) Humongous regions: 129->129
[2022-12-18T21:56:28.305+0900][gc,metaspace] GC(119) Metaspace: 41512K(42048K)->41512K(42048K) NonClass: 36450K(36736K)->36450K(36736K) Class: 5062K(5312K)->5062K(5312K)
[2022-12-18T21:56:28.305+0900][gc          ] GC(119) Pause Young (Normal) (G1 Evacuation Pause) 889M->284M(1024M) 26.046ms
[2022-12-18T21:56:28.305+0900][gc,cpu      ] GC(119) User=0.03s Sys=0.04s Real=0.03s
[2022-12-18T21:56:33.693+0900][gc,start    ] GC(120) Pause Young (Normal) (G1 Evacuation Pause)
[2022-12-18T21:56:33.693+0900][gc,task     ] GC(120) Using 8 workers of 8 for evacuation
[2022-12-18T21:56:33.710+0900][gc,phases   ] GC(120)   Pre Evacuate Collection Set: 0.2ms
[2022-12-18T21:56:33.711+0900][gc,phases   ] GC(120)   Merge Heap Roots: 0.2ms
[2022-12-18T21:56:33.711+0900][gc,phases   ] GC(120)   Evacuate Collection Set: 16.4ms
[2022-12-18T21:56:33.711+0900][gc,phases   ] GC(120)   Post Evacuate Collection Set: 0.6ms
[2022-12-18T21:56:33.711+0900][gc,phases   ] GC(120)   Other: 0.5ms
[2022-12-18T21:56:33.711+0900][gc,heap     ] GC(120) Eden regions: 501->0(605)
[2022-12-18T21:56:33.711+0900][gc,heap     ] GC(120) Survivor regions: 9->9(64)
[2022-12-18T21:56:33.711+0900][gc,heap     ] GC(120) Old regions: 147->148
[2022-12-18T21:56:33.711+0900][gc,heap     ] GC(120) Archive regions: 2->2
[2022-12-18T21:56:33.711+0900][gc,heap     ] GC(120) Humongous regions: 129->129
[2022-12-18T21:56:33.711+0900][gc,metaspace] GC(120) Metaspace: 41512K(42048K)->41512K(42048K) NonClass: 36450K(36736K)->36450K(36736K) Class: 5062K(5312K)->5062K(5312K)
[2022-12-18T21:56:33.711+0900][gc          ] GC(120) Pause Young (Normal) (G1 Evacuation Pause) 785M->285M(1024M) 17.946ms
[2022-12-18T21:56:33.711+0900][gc,cpu      ] GC(120) User=0.02s Sys=0.02s Real=0.02s
[2022-12-18T21:56:39.518+0900][gc,start    ] GC(121) Pause Young (Normal) (G1 Evacuation Pause)
[2022-12-18T21:56:39.518+0900][gc,task     ] GC(121) Using 8 workers of 8 for evacuation
[2022-12-18T21:56:39.538+0900][gc,phases   ] GC(121)   Pre Evacuate Collection Set: 0.2ms
[2022-12-18T21:56:39.538+0900][gc,phases   ] GC(121)   Merge Heap Roots: 0.3ms
[2022-12-18T21:56:39.538+0900][gc,phases   ] GC(121)   Evacuate Collection Set: 14.3ms
[2022-12-18T21:56:39.538+0900][gc,phases   ] GC(121)   Post Evacuate Collection Set: 4.9ms
[2022-12-18T21:56:39.538+0900][gc,phases   ] GC(121)   Other: 0.4ms
[2022-12-18T21:56:39.538+0900][gc,heap     ] GC(121) Eden regions: 605->0(606)
[2022-12-18T21:56:39.538+0900][gc,heap     ] GC(121) Survivor regions: 9->8(77)
[2022-12-18T21:56:39.538+0900][gc,heap     ] GC(121) Old regions: 148->149
[2022-12-18T21:56:39.538+0900][gc,heap     ] GC(121) Archive regions: 2->2
[2022-12-18T21:56:39.538+0900][gc,heap     ] GC(121) Humongous regions: 129->129
[2022-12-18T21:56:39.538+0900][gc,metaspace] GC(121) Metaspace: 41513K(42048K)->41513K(42048K) NonClass: 36451K(36736K)->36451K(36736K) Class: 5062K(5312K)->5062K(5312K)
[2022-12-18T21:56:39.538+0900][gc          ] GC(121) Pause Young (Normal) (G1 Evacuation Pause) 890M->285M(1024M) 20.165ms
[2022-12-18T21:56:39.538+0900][gc,cpu      ] GC(121) User=0.02s Sys=0.02s Real=0.02s
[2022-12-18T21:56:46.763+0900][gc,start    ] GC(122) Pause Young (Normal) (G1 Evacuation Pause)
[2022-12-18T21:56:46.763+0900][gc,task     ] GC(122) Using 8 workers of 8 for evacuation
[2022-12-18T21:56:46.778+0900][gc,phases   ] GC(122)   Pre Evacuate Collection Set: 0.2ms
[2022-12-18T21:56:46.778+0900][gc,phases   ] GC(122)   Merge Heap Roots: 0.3ms
[2022-12-18T21:56:46.778+0900][gc,phases   ] GC(122)   Evacuate Collection Set: 13.3ms
[2022-12-18T21:56:46.778+0900][gc,phases   ] GC(122)   Post Evacuate Collection Set: 0.6ms
[2022-12-18T21:56:46.778+0900][gc,phases   ] GC(122)   Other: 0.2ms
[2022-12-18T21:56:46.778+0900][gc,heap     ] GC(122) Eden regions: 606->0(606)
[2022-12-18T21:56:46.778+0900][gc,heap     ] GC(122) Survivor regions: 8->8(77)
[2022-12-18T21:56:46.778+0900][gc,heap     ] GC(122) Old regions: 149->149
[2022-12-18T21:56:46.778+0900][gc,heap     ] GC(122) Archive regions: 2->2
[2022-12-18T21:56:46.778+0900][gc,heap     ] GC(122) Humongous regions: 129->129
[2022-12-18T21:56:46.778+0900][gc,metaspace] GC(122) Metaspace: 41513K(42048K)->41513K(42048K) NonClass: 36451K(36736K)->36451K(36736K) Class: 5062K(5312K)->5062K(5312K)
[2022-12-18T21:56:46.778+0900][gc          ] GC(122) Pause Young (Normal) (G1 Evacuation Pause) 891M->286M(1024M) 14.564ms
[2022-12-18T21:56:46.778+0900][gc,cpu      ] GC(122) User=0.02s Sys=0.03s Real=0.01s
[2022-12-18T21:56:53.465+0900][gc,start    ] GC(123) Pause Young (Normal) (G1 Evacuation Pause)
[2022-12-18T21:56:53.466+0900][gc,task     ] GC(123) Using 8 workers of 8 for evacuation
[2022-12-18T21:56:53.483+0900][gc,phases   ] GC(123)   Pre Evacuate Collection Set: 0.2ms
[2022-12-18T21:56:53.483+0900][gc,phases   ] GC(123)   Merge Heap Roots: 0.3ms
[2022-12-18T21:56:53.483+0900][gc,phases   ] GC(123)   Evacuate Collection Set: 15.1ms
[2022-12-18T21:56:53.483+0900][gc,phases   ] GC(123)   Post Evacuate Collection Set: 0.7ms
[2022-12-18T21:56:53.483+0900][gc,phases   ] GC(123)   Other: 1.0ms
[2022-12-18T21:56:53.483+0900][gc,heap     ] GC(123) Eden regions: 606->0(606)
[2022-12-18T21:56:53.483+0900][gc,heap     ] GC(123) Survivor regions: 8->8(77)
[2022-12-18T21:56:53.483+0900][gc,heap     ] GC(123) Old regions: 149->150
[2022-12-18T21:56:53.483+0900][gc,heap     ] GC(123) Archive regions: 2->2
[2022-12-18T21:56:53.483+0900][gc,heap     ] GC(123) Humongous regions: 129->129
[2022-12-18T21:56:53.483+0900][gc,metaspace] GC(123) Metaspace: 41513K(42048K)->41513K(42048K) NonClass: 36451K(36736K)->36451K(36736K) Class: 5062K(5312K)->5062K(5312K)
[2022-12-18T21:56:53.483+0900][gc          ] GC(123) Pause Young (Normal) (G1 Evacuation Pause) 892M->286M(1024M) 17.321ms
[2022-12-18T21:56:53.483+0900][gc,cpu      ] GC(123) User=0.02s Sys=0.03s Real=0.02s
[2022-12-18T21:57:01.228+0900][gc,start    ] GC(124) Pause Young (Normal) (G1 Evacuation Pause)
[2022-12-18T21:57:01.229+0900][gc,task     ] GC(124) Using 8 workers of 8 for evacuation
[2022-12-18T21:57:01.246+0900][gc,phases   ] GC(124)   Pre Evacuate Collection Set: 0.2ms
[2022-12-18T21:57:01.246+0900][gc,phases   ] GC(124)   Merge Heap Roots: 0.2ms
[2022-12-18T21:57:01.246+0900][gc,phases   ] GC(124)   Evacuate Collection Set: 16.0ms
[2022-12-18T21:57:01.246+0900][gc,phases   ] GC(124)   Post Evacuate Collection Set: 0.9ms
[2022-12-18T21:57:01.246+0900][gc,phases   ] GC(124)   Other: 0.4ms
[2022-12-18T21:57:01.246+0900][gc,heap     ] GC(124) Eden regions: 606->0(606)
[2022-12-18T21:57:01.246+0900][gc,heap     ] GC(124) Survivor regions: 8->8(77)
[2022-12-18T21:57:01.246+0900][gc,heap     ] GC(124) Old regions: 150->150
[2022-12-18T21:57:01.246+0900][gc,heap     ] GC(124) Archive regions: 2->2
[2022-12-18T21:57:01.246+0900][gc,heap     ] GC(124) Humongous regions: 129->129
[2022-12-18T21:57:01.246+0900][gc,metaspace] GC(124) Metaspace: 41513K(42048K)->41513K(42048K) NonClass: 36451K(36736K)->36451K(36736K) Class: 5062K(5312K)->5062K(5312K)
[2022-12-18T21:57:01.246+0900][gc          ] GC(124) Pause Young (Normal) (G1 Evacuation Pause) 892M->286M(1024M) 17.837ms
[2022-12-18T21:57:01.246+0900][gc,cpu      ] GC(124) User=0.03s Sys=0.03s Real=0.02s
[2022-12-18T21:57:11.186+0900][gc,start    ] GC(125) Pause Young (Normal) (G1 Evacuation Pause)
[2022-12-18T21:57:11.186+0900][gc,task     ] GC(125) Using 8 workers of 8 for evacuation
[2022-12-18T21:57:11.208+0900][gc,mmu      ] GC(125) MMU target violated: 21.0ms (20.0ms/21.0ms)
[2022-12-18T21:57:11.208+0900][gc,phases   ] GC(125)   Pre Evacuate Collection Set: 0.2ms
[2022-12-18T21:57:11.208+0900][gc,phases   ] GC(125)   Merge Heap Roots: 0.3ms
[2022-12-18T21:57:11.208+0900][gc,phases   ] GC(125)   Evacuate Collection Set: 21.1ms
[2022-12-18T21:57:11.208+0900][gc,phases   ] GC(125)   Post Evacuate Collection Set: 0.9ms
[2022-12-18T21:57:11.209+0900][gc,phases   ] GC(125)   Other: 0.5ms
[2022-12-18T21:57:11.209+0900][gc,heap     ] GC(125) Eden regions: 606->0(606)
[2022-12-18T21:57:11.209+0900][gc,heap     ] GC(125) Survivor regions: 8->8(77)
[2022-12-18T21:57:11.209+0900][gc,heap     ] GC(125) Old regions: 150->151
[2022-12-18T21:57:11.209+0900][gc,heap     ] GC(125) Archive regions: 2->2
[2022-12-18T21:57:11.209+0900][gc,heap     ] GC(125) Humongous regions: 129->129
[2022-12-18T21:57:11.209+0900][gc,metaspace] GC(125) Metaspace: 41513K(42048K)->41513K(42048K) NonClass: 36451K(36736K)->36451K(36736K) Class: 5062K(5312K)->5062K(5312K)
[2022-12-18T21:57:11.209+0900][gc          ] GC(125) Pause Young (Normal) (G1 Evacuation Pause) 892M->287M(1024M) 22.946ms
[2022-12-18T21:57:11.209+0900][gc,cpu      ] GC(125) User=0.02s Sys=0.04s Real=0.02s
[2022-12-18T21:57:19.575+0900][gc,start    ] GC(126) Pause Young (Normal) (G1 Evacuation Pause)
[2022-12-18T21:57:19.575+0900][gc,task     ] GC(126) Using 8 workers of 8 for evacuation
[2022-12-18T21:57:19.599+0900][gc,mmu      ] GC(126) MMU target violated: 21.0ms (20.0ms/21.0ms)
[2022-12-18T21:57:19.599+0900][gc,phases   ] GC(126)   Pre Evacuate Collection Set: 0.2ms
[2022-12-18T21:57:19.599+0900][gc,phases   ] GC(126)   Merge Heap Roots: 0.2ms
[2022-12-18T21:57:19.599+0900][gc,phases   ] GC(126)   Evacuate Collection Set: 22.6ms
[2022-12-18T21:57:19.599+0900][gc,phases   ] GC(126)   Post Evacuate Collection Set: 0.9ms
[2022-12-18T21:57:19.599+0900][gc,phases   ] GC(126)   Other: 0.5ms
[2022-12-18T21:57:19.599+0900][gc,heap     ] GC(126) Eden regions: 606->0(394)
[2022-12-18T21:57:19.599+0900][gc,heap     ] GC(126) Survivor regions: 8->8(77)
[2022-12-18T21:57:19.599+0900][gc,heap     ] GC(126) Old regions: 151->152
[2022-12-18T21:57:19.599+0900][gc,heap     ] GC(126) Archive regions: 2->2
[2022-12-18T21:57:19.599+0900][gc,heap     ] GC(126) Humongous regions: 129->129
[2022-12-18T21:57:19.599+0900][gc,metaspace] GC(126) Metaspace: 41513K(42048K)->41513K(42048K) NonClass: 36451K(36736K)->36451K(36736K) Class: 5062K(5312K)->5062K(5312K)
[2022-12-18T21:57:19.599+0900][gc          ] GC(126) Pause Young (Normal) (G1 Evacuation Pause) 893M->288M(1024M) 24.431ms
[2022-12-18T21:57:19.599+0900][gc,cpu      ] GC(126) User=0.02s Sys=0.02s Real=0.02s
[2022-12-18T21:57:24.327+0900][gc,start    ] GC(127) Pause Young (Normal) (G1 Evacuation Pause)
[2022-12-18T21:57:24.327+0900][gc,task     ] GC(127) Using 8 workers of 8 for evacuation
[2022-12-18T21:57:24.344+0900][gc,phases   ] GC(127)   Pre Evacuate Collection Set: 0.3ms
[2022-12-18T21:57:24.344+0900][gc,phases   ] GC(127)   Merge Heap Roots: 0.3ms
[2022-12-18T21:57:24.344+0900][gc,phases   ] GC(127)   Evacuate Collection Set: 12.5ms
[2022-12-18T21:57:24.344+0900][gc,phases   ] GC(127)   Post Evacuate Collection Set: 3.5ms
[2022-12-18T21:57:24.344+0900][gc,phases   ] GC(127)   Other: 0.2ms
[2022-12-18T21:57:24.344+0900][gc,heap     ] GC(127) Eden regions: 324->0(607)
[2022-12-18T21:57:24.344+0900][gc,heap     ] GC(127) Survivor regions: 8->7(42)
[2022-12-18T21:57:24.344+0900][gc,heap     ] GC(127) Old regions: 152->152
[2022-12-18T21:57:24.344+0900][gc,heap     ] GC(127) Archive regions: 2->2
[2022-12-18T21:57:24.344+0900][gc,heap     ] GC(127) Humongous regions: 129->129
[2022-12-18T21:57:24.344+0900][gc,metaspace] GC(127) Metaspace: 41513K(42048K)->41513K(42048K) NonClass: 36451K(36736K)->36451K(36736K) Class: 5062K(5312K)->5062K(5312K)
[2022-12-18T21:57:24.344+0900][gc          ] GC(127) Pause Young (Normal) (G1 Evacuation Pause) 612M->288M(1024M) 16.845ms
[2022-12-18T21:57:24.344+0900][gc,cpu      ] GC(127) User=0.02s Sys=0.02s Real=0.02s
[2022-12-18T21:57:35.022+0900][gc,start    ] GC(128) Pause Young (Normal) (G1 Evacuation Pause)
[2022-12-18T21:57:35.022+0900][gc,task     ] GC(128) Using 8 workers of 8 for evacuation
[2022-12-18T21:57:35.053+0900][gc,mmu      ] GC(128) MMU target violated: 21.0ms (20.0ms/21.0ms)
[2022-12-18T21:57:35.053+0900][gc,phases   ] GC(128)   Pre Evacuate Collection Set: 0.4ms
[2022-12-18T21:57:35.053+0900][gc,phases   ] GC(128)   Merge Heap Roots: 0.2ms
[2022-12-18T21:57:35.053+0900][gc,phases   ] GC(128)   Evacuate Collection Set: 29.5ms
[2022-12-18T21:57:35.053+0900][gc,phases   ] GC(128)   Post Evacuate Collection Set: 0.6ms
[2022-12-18T21:57:35.053+0900][gc,phases   ] GC(128)   Other: 0.4ms
[2022-12-18T21:57:35.053+0900][gc,heap     ] GC(128) Eden regions: 607->0(44)
[2022-12-18T21:57:35.053+0900][gc,heap     ] GC(128) Survivor regions: 7->7(77)
[2022-12-18T21:57:35.053+0900][gc,heap     ] GC(128) Old regions: 152->152
[2022-12-18T21:57:35.053+0900][gc,heap     ] GC(128) Archive regions: 2->2
[2022-12-18T21:57:35.053+0900][gc,heap     ] GC(128) Humongous regions: 129->129
[2022-12-18T21:57:35.053+0900][gc,metaspace] GC(128) Metaspace: 41513K(42048K)->41513K(42048K) NonClass: 36451K(36736K)->36451K(36736K) Class: 5062K(5312K)->5062K(5312K)
[2022-12-18T21:57:35.053+0900][gc          ] GC(128) Pause Young (Normal) (G1 Evacuation Pause) 895M->288M(1024M) 31.189ms
[2022-12-18T21:57:35.053+0900][gc,cpu      ] GC(128) User=0.02s Sys=0.04s Real=0.03s
[2022-12-18T21:57:35.936+0900][gc,start    ] GC(129) Pause Young (Normal) (G1 Evacuation Pause)
[2022-12-18T21:57:35.936+0900][gc,task     ] GC(129) Using 8 workers of 8 for evacuation
[2022-12-18T21:57:35.940+0900][gc,phases   ] GC(129)   Pre Evacuate Collection Set: 0.1ms
[2022-12-18T21:57:35.940+0900][gc,phases   ] GC(129)   Merge Heap Roots: 0.1ms
[2022-12-18T21:57:35.940+0900][gc,phases   ] GC(129)   Evacuate Collection Set: 3.4ms
[2022-12-18T21:57:35.940+0900][gc,phases   ] GC(129)   Post Evacuate Collection Set: 0.2ms
[2022-12-18T21:57:35.940+0900][gc,phases   ] GC(129)   Other: 0.1ms
[2022-12-18T21:57:35.940+0900][gc,heap     ] GC(129) Eden regions: 44->0(610)
[2022-12-18T21:57:35.940+0900][gc,heap     ] GC(129) Survivor regions: 7->4(7)
[2022-12-18T21:57:35.940+0900][gc,heap     ] GC(129) Old regions: 152->155
[2022-12-18T21:57:35.940+0900][gc,heap     ] GC(129) Archive regions: 2->2
[2022-12-18T21:57:35.940+0900][gc,heap     ] GC(129) Humongous regions: 129->129
[2022-12-18T21:57:35.940+0900][gc,metaspace] GC(129) Metaspace: 41513K(42048K)->41513K(42048K) NonClass: 36451K(36736K)->36451K(36736K) Class: 5062K(5312K)->5062K(5312K)
[2022-12-18T21:57:35.940+0900][gc          ] GC(129) Pause Young (Normal) (G1 Evacuation Pause) 332M->288M(1024M) 3.975ms
[2022-12-18T21:57:35.940+0900][gc,cpu      ] GC(129) User=0.02s Sys=0.01s Real=0.01s
[2022-12-18T21:57:44.641+0900][gc,start    ] GC(130) Pause Young (Normal) (G1 Evacuation Pause)
[2022-12-18T21:57:44.641+0900][gc,task     ] GC(130) Using 8 workers of 8 for evacuation
[2022-12-18T21:57:44.657+0900][gc,phases   ] GC(130)   Pre Evacuate Collection Set: 0.2ms
[2022-12-18T21:57:44.657+0900][gc,phases   ] GC(130)   Merge Heap Roots: 0.2ms
[2022-12-18T21:57:44.657+0900][gc,phases   ] GC(130)   Evacuate Collection Set: 14.3ms
[2022-12-18T21:57:44.657+0900][gc,phases   ] GC(130)   Post Evacuate Collection Set: 0.7ms
[2022-12-18T21:57:44.657+0900][gc,phases   ] GC(130)   Other: 0.3ms
[2022-12-18T21:57:44.657+0900][gc,heap     ] GC(130) Eden regions: 610->0(609)
[2022-12-18T21:57:44.657+0900][gc,heap     ] GC(130) Survivor regions: 4->5(77)
[2022-12-18T21:57:44.657+0900][gc,heap     ] GC(130) Old regions: 155->155
[2022-12-18T21:57:44.657+0900][gc,heap     ] GC(130) Archive regions: 2->2
[2022-12-18T21:57:44.657+0900][gc,heap     ] GC(130) Humongous regions: 129->129
[2022-12-18T21:57:44.657+0900][gc,metaspace] GC(130) Metaspace: 41513K(42048K)->41513K(42048K) NonClass: 36451K(36736K)->36451K(36736K) Class: 5062K(5312K)->5062K(5312K)
[2022-12-18T21:57:44.657+0900][gc          ] GC(130) Pause Young (Normal) (G1 Evacuation Pause) 898M->289M(1024M) 15.753ms
[2022-12-18T21:57:44.657+0900][gc,cpu      ] GC(130) User=0.02s Sys=0.02s Real=0.01s
[2022-12-18T21:57:52.429+0900][gc,start    ] GC(131) Pause Young (Normal) (G1 Evacuation Pause)
[2022-12-18T21:57:52.430+0900][gc,task     ] GC(131) Using 8 workers of 8 for evacuation
[2022-12-18T21:57:52.445+0900][gc,phases   ] GC(131)   Pre Evacuate Collection Set: 0.3ms
[2022-12-18T21:57:52.445+0900][gc,phases   ] GC(131)   Merge Heap Roots: 0.2ms
[2022-12-18T21:57:52.445+0900][gc,phases   ] GC(131)   Evacuate Collection Set: 13.5ms
[2022-12-18T21:57:52.445+0900][gc,phases   ] GC(131)   Post Evacuate Collection Set: 0.6ms
[2022-12-18T21:57:52.445+0900][gc,phases   ] GC(131)   Other: 0.9ms
[2022-12-18T21:57:52.445+0900][gc,heap     ] GC(131) Eden regions: 609->0(609)
[2022-12-18T21:57:52.445+0900][gc,heap     ] GC(131) Survivor regions: 5->5(77)
[2022-12-18T21:57:52.445+0900][gc,heap     ] GC(131) Old regions: 155->155
[2022-12-18T21:57:52.445+0900][gc,heap     ] GC(131) Archive regions: 2->2
[2022-12-18T21:57:52.445+0900][gc,heap     ] GC(131) Humongous regions: 129->129
[2022-12-18T21:57:52.445+0900][gc,metaspace] GC(131) Metaspace: 41513K(42048K)->41513K(42048K) NonClass: 36451K(36736K)->36451K(36736K) Class: 5062K(5312K)->5062K(5312K)
[2022-12-18T21:57:52.445+0900][gc          ] GC(131) Pause Young (Normal) (G1 Evacuation Pause) 898M->289M(1024M) 15.623ms
[2022-12-18T21:57:52.445+0900][gc,cpu      ] GC(131) User=0.02s Sys=0.02s Real=0.02s
[2022-12-18T21:58:02.242+0900][gc,start    ] GC(132) Pause Young (Normal) (G1 Evacuation Pause)
[2022-12-18T21:58:02.243+0900][gc,task     ] GC(132) Using 8 workers of 8 for evacuation
[2022-12-18T21:58:02.267+0900][gc,mmu      ] GC(132) MMU target violated: 21.0ms (20.0ms/21.0ms)
[2022-12-18T21:58:02.267+0900][gc,phases   ] GC(132)   Pre Evacuate Collection Set: 0.2ms
[2022-12-18T21:58:02.267+0900][gc,phases   ] GC(132)   Merge Heap Roots: 0.2ms
[2022-12-18T21:58:02.267+0900][gc,phases   ] GC(132)   Evacuate Collection Set: 22.7ms
[2022-12-18T21:58:02.267+0900][gc,phases   ] GC(132)   Post Evacuate Collection Set: 0.6ms
[2022-12-18T21:58:02.267+0900][gc,phases   ] GC(132)   Other: 1.0ms
[2022-12-18T21:58:02.267+0900][gc,heap     ] GC(132) Eden regions: 609->0(609)
[2022-12-18T21:58:02.267+0900][gc,heap     ] GC(132) Survivor regions: 5->5(77)
[2022-12-18T21:58:02.267+0900][gc,heap     ] GC(132) Old regions: 155->155
[2022-12-18T21:58:02.267+0900][gc,heap     ] GC(132) Archive regions: 2->2
[2022-12-18T21:58:02.267+0900][gc,heap     ] GC(132) Humongous regions: 129->129
[2022-12-18T21:58:02.267+0900][gc,metaspace] GC(132) Metaspace: 41513K(42048K)->41513K(42048K) NonClass: 36451K(36736K)->36451K(36736K) Class: 5062K(5312K)->5062K(5312K)
[2022-12-18T21:58:02.267+0900][gc          ] GC(132) Pause Young (Normal) (G1 Evacuation Pause) 898M->289M(1024M) 24.757ms
[2022-12-18T21:58:02.267+0900][gc,cpu      ] GC(132) User=0.02s Sys=0.02s Real=0.02s
[2022-12-18T21:58:10.334+0900][gc,start    ] GC(133) Pause Young (Normal) (G1 Evacuation Pause)
[2022-12-18T21:58:10.334+0900][gc,task     ] GC(133) Using 8 workers of 8 for evacuation
[2022-12-18T21:58:10.356+0900][gc,mmu      ] GC(133) MMU target violated: 21.0ms (20.0ms/21.0ms)
[2022-12-18T21:58:10.356+0900][gc,phases   ] GC(133)   Pre Evacuate Collection Set: 0.3ms
[2022-12-18T21:58:10.356+0900][gc,phases   ] GC(133)   Merge Heap Roots: 0.3ms
[2022-12-18T21:58:10.356+0900][gc,phases   ] GC(133)   Evacuate Collection Set: 20.8ms
[2022-12-18T21:58:10.356+0900][gc,phases   ] GC(133)   Post Evacuate Collection Set: 0.6ms
[2022-12-18T21:58:10.356+0900][gc,phases   ] GC(133)   Other: 0.5ms
[2022-12-18T21:58:10.356+0900][gc,heap     ] GC(133) Eden regions: 609->0(379)
[2022-12-18T21:58:10.356+0900][gc,heap     ] GC(133) Survivor regions: 5->6(77)
[2022-12-18T21:58:10.356+0900][gc,heap     ] GC(133) Old regions: 155->155
[2022-12-18T21:58:10.356+0900][gc,heap     ] GC(133) Archive regions: 2->2
[2022-12-18T21:58:10.356+0900][gc,heap     ] GC(133) Humongous regions: 129->129
[2022-12-18T21:58:10.356+0900][gc,metaspace] GC(133) Metaspace: 41513K(42048K)->41513K(42048K) NonClass: 36451K(36736K)->36451K(36736K) Class: 5062K(5312K)->5062K(5312K)
[2022-12-18T21:58:10.356+0900][gc          ] GC(133) Pause Young (Normal) (G1 Evacuation Pause) 898M->290M(1024M) 22.581ms
[2022-12-18T21:58:10.356+0900][gc,cpu      ] GC(133) User=0.02s Sys=0.03s Real=0.02s
[2022-12-18T21:58:15.387+0900][gc,start    ] GC(134) Pause Young (Normal) (G1 Evacuation Pause)
[2022-12-18T21:58:15.387+0900][gc,task     ] GC(134) Using 8 workers of 8 for evacuation
[2022-12-18T21:58:15.402+0900][gc,phases   ] GC(134)   Pre Evacuate Collection Set: 0.2ms
[2022-12-18T21:58:15.402+0900][gc,phases   ] GC(134)   Merge Heap Roots: 0.2ms
[2022-12-18T21:58:15.402+0900][gc,phases   ] GC(134)   Evacuate Collection Set: 13.4ms
[2022-12-18T21:58:15.402+0900][gc,phases   ] GC(134)   Post Evacuate Collection Set: 0.9ms
[2022-12-18T21:58:15.402+0900][gc,phases   ] GC(134)   Other: 0.2ms
[2022-12-18T21:58:15.402+0900][gc,heap     ] GC(134) Eden regions: 379->0(595)
[2022-12-18T21:58:15.402+0900][gc,heap     ] GC(134) Survivor regions: 6->6(49)
[2022-12-18T21:58:15.402+0900][gc,heap     ] GC(134) Old regions: 155->155
[2022-12-18T21:58:15.402+0900][gc,heap     ] GC(134) Archive regions: 2->2
[2022-12-18T21:58:15.402+0900][gc,heap     ] GC(134) Humongous regions: 129->129
[2022-12-18T21:58:15.402+0900][gc,metaspace] GC(134) Metaspace: 41513K(42048K)->41513K(42048K) NonClass: 36451K(36736K)->36451K(36736K) Class: 5062K(5312K)->5062K(5312K)
[2022-12-18T21:58:15.402+0900][gc          ] GC(134) Pause Young (Normal) (G1 Evacuation Pause) 669M->290M(1024M) 15.163ms
[2022-12-18T21:58:15.402+0900][gc,cpu      ] GC(134) User=0.01s Sys=0.02s Real=0.02s
[2022-12-18T21:58:25.178+0900][gc,start    ] GC(135) Pause Young (Normal) (G1 Evacuation Pause)
[2022-12-18T21:58:25.179+0900][gc,task     ] GC(135) Using 8 workers of 8 for evacuation
[2022-12-18T21:58:25.207+0900][gc,mmu      ] GC(135) MMU target violated: 21.0ms (20.0ms/21.0ms)
[2022-12-18T21:58:25.207+0900][gc,phases   ] GC(135)   Pre Evacuate Collection Set: 0.4ms
[2022-12-18T21:58:25.207+0900][gc,phases   ] GC(135)   Merge Heap Roots: 0.4ms
[2022-12-18T21:58:25.207+0900][gc,phases   ] GC(135)   Evacuate Collection Set: 26.5ms
[2022-12-18T21:58:25.207+0900][gc,phases   ] GC(135)   Post Evacuate Collection Set: 1.1ms
[2022-12-18T21:58:25.207+0900][gc,phases   ] GC(135)   Other: 0.9ms
[2022-12-18T21:58:25.207+0900][gc,heap     ] GC(135) Eden regions: 595->0(398)
[2022-12-18T21:58:25.207+0900][gc,heap     ] GC(135) Survivor regions: 6->6(76)
[2022-12-18T21:58:25.207+0900][gc,heap     ] GC(135) Old regions: 155->156
[2022-12-18T21:58:25.207+0900][gc,heap     ] GC(135) Archive regions: 2->2
[2022-12-18T21:58:25.207+0900][gc,heap     ] GC(135) Humongous regions: 129->129
[2022-12-18T21:58:25.207+0900][gc,metaspace] GC(135) Metaspace: 41513K(42048K)->41513K(42048K) NonClass: 36451K(36736K)->36451K(36736K) Class: 5062K(5312K)->5062K(5312K)
[2022-12-18T21:58:25.207+0900][gc          ] GC(135) Pause Young (Normal) (G1 Evacuation Pause) 885M->290M(1024M) 29.189ms
[2022-12-18T21:58:25.207+0900][gc,cpu      ] GC(135) User=0.02s Sys=0.03s Real=0.03s
[2022-12-18T21:58:27.281+0900][gc,start    ] GC(136) Pause Young (Normal) (G1 Evacuation Pause)
[2022-12-18T21:58:27.281+0900][gc,task     ] GC(136) Using 8 workers of 8 for evacuation
[2022-12-18T21:58:27.284+0900][gc,phases   ] GC(136)   Pre Evacuate Collection Set: 0.1ms
[2022-12-18T21:58:27.284+0900][gc,phases   ] GC(136)   Merge Heap Roots: 0.1ms
[2022-12-18T21:58:27.284+0900][gc,phases   ] GC(136)   Evacuate Collection Set: 3.0ms
[2022-12-18T21:58:27.284+0900][gc,phases   ] GC(136)   Post Evacuate Collection Set: 0.3ms
[2022-12-18T21:58:27.284+0900][gc,phases   ] GC(136)   Other: 0.1ms
[2022-12-18T21:58:27.284+0900][gc,heap     ] GC(136) Eden regions: 151->0(608)
[2022-12-18T21:58:27.284+0900][gc,heap     ] GC(136) Survivor regions: 6->6(20)
[2022-12-18T21:58:27.284+0900][gc,heap     ] GC(136) Old regions: 156->156
[2022-12-18T21:58:27.284+0900][gc,heap     ] GC(136) Archive regions: 2->2
[2022-12-18T21:58:27.284+0900][gc,heap     ] GC(136) Humongous regions: 129->129
[2022-12-18T21:58:27.284+0900][gc,metaspace] GC(136) Metaspace: 41513K(42048K)->41513K(42048K) NonClass: 36451K(36736K)->36451K(36736K) Class: 5062K(5312K)->5062K(5312K)
[2022-12-18T21:58:27.284+0900][gc          ] GC(136) Pause Young (Normal) (G1 Evacuation Pause) 441M->291M(1024M) 3.682ms
[2022-12-18T21:58:27.284+0900][gc,cpu      ] GC(136) User=0.02s Sys=0.01s Real=0.00s
[2022-12-18T21:58:35.019+0900][gc,start    ] GC(137) Pause Young (Normal) (G1 Evacuation Pause)
[2022-12-18T21:58:35.020+0900][gc,task     ] GC(137) Using 8 workers of 8 for evacuation
[2022-12-18T21:58:35.038+0900][gc,phases   ] GC(137)   Pre Evacuate Collection Set: 0.2ms
[2022-12-18T21:58:35.038+0900][gc,phases   ] GC(137)   Merge Heap Roots: 0.2ms
[2022-12-18T21:58:35.038+0900][gc,phases   ] GC(137)   Evacuate Collection Set: 17.1ms
[2022-12-18T21:58:35.038+0900][gc,phases   ] GC(137)   Post Evacuate Collection Set: 0.6ms
[2022-12-18T21:58:35.038+0900][gc,phases   ] GC(137)   Other: 1.0ms
[2022-12-18T21:58:35.038+0900][gc,heap     ] GC(137) Eden regions: 608->0(608)
[2022-12-18T21:58:35.038+0900][gc,heap     ] GC(137) Survivor regions: 6->6(77)
[2022-12-18T21:58:35.038+0900][gc,heap     ] GC(137) Old regions: 156->157
[2022-12-18T21:58:35.038+0900][gc,heap     ] GC(137) Archive regions: 2->2
[2022-12-18T21:58:35.038+0900][gc,heap     ] GC(137) Humongous regions: 129->129
[2022-12-18T21:58:35.038+0900][gc,metaspace] GC(137) Metaspace: 41513K(42048K)->41513K(42048K) NonClass: 36451K(36736K)->36451K(36736K) Class: 5062K(5312K)->5062K(5312K)
[2022-12-18T21:58:35.038+0900][gc          ] GC(137) Pause Young (Normal) (G1 Evacuation Pause) 899M->291M(1024M) 19.090ms
[2022-12-18T21:58:35.038+0900][gc,cpu      ] GC(137) User=0.02s Sys=0.03s Real=0.02s
[2022-12-18T21:58:42.708+0900][gc,start    ] GC(138) Pause Young (Normal) (G1 Evacuation Pause)
[2022-12-18T21:58:42.708+0900][gc,task     ] GC(138) Using 8 workers of 8 for evacuation
[2022-12-18T21:58:42.719+0900][gc,phases   ] GC(138)   Pre Evacuate Collection Set: 0.2ms
[2022-12-18T21:58:42.719+0900][gc,phases   ] GC(138)   Merge Heap Roots: 0.3ms
[2022-12-18T21:58:42.719+0900][gc,phases   ] GC(138)   Evacuate Collection Set: 10.0ms
[2022-12-18T21:58:42.719+0900][gc,phases   ] GC(138)   Post Evacuate Collection Set: 0.6ms
[2022-12-18T21:58:42.719+0900][gc,phases   ] GC(138)   Other: 0.5ms
[2022-12-18T21:58:42.719+0900][gc,heap     ] GC(138) Eden regions: 608->0(608)
[2022-12-18T21:58:42.719+0900][gc,heap     ] GC(138) Survivor regions: 6->6(77)
[2022-12-18T21:58:42.719+0900][gc,heap     ] GC(138) Old regions: 157->157
[2022-12-18T21:58:42.719+0900][gc,heap     ] GC(138) Archive regions: 2->2
[2022-12-18T21:58:42.719+0900][gc,heap     ] GC(138) Humongous regions: 129->129
[2022-12-18T21:58:42.719+0900][gc,metaspace] GC(138) Metaspace: 41513K(42048K)->41513K(42048K) NonClass: 36451K(36736K)->36451K(36736K) Class: 5062K(5312K)->5062K(5312K)
[2022-12-18T21:58:42.719+0900][gc          ] GC(138) Pause Young (Normal) (G1 Evacuation Pause) 899M->292M(1024M) 11.623ms
[2022-12-18T21:58:42.719+0900][gc,cpu      ] GC(138) User=0.02s Sys=0.02s Real=0.01s
[2022-12-18T21:58:51.419+0900][gc,start    ] GC(139) Pause Young (Normal) (G1 Evacuation Pause)
[2022-12-18T21:58:51.420+0900][gc,task     ] GC(139) Using 8 workers of 8 for evacuation
[2022-12-18T21:58:51.434+0900][gc,phases   ] GC(139)   Pre Evacuate Collection Set: 0.3ms
[2022-12-18T21:58:51.434+0900][gc,phases   ] GC(139)   Merge Heap Roots: 0.2ms
[2022-12-18T21:58:51.434+0900][gc,phases   ] GC(139)   Evacuate Collection Set: 12.4ms
[2022-12-18T21:58:51.434+0900][gc,phases   ] GC(139)   Post Evacuate Collection Set: 0.9ms
[2022-12-18T21:58:51.434+0900][gc,phases   ] GC(139)   Other: 0.9ms
[2022-12-18T21:58:51.434+0900][gc,heap     ] GC(139) Eden regions: 608->0(608)
[2022-12-18T21:58:51.434+0900][gc,heap     ] GC(139) Survivor regions: 6->6(77)
[2022-12-18T21:58:51.434+0900][gc,heap     ] GC(139) Old regions: 157->157
[2022-12-18T21:58:51.434+0900][gc,heap     ] GC(139) Archive regions: 2->2
[2022-12-18T21:58:51.434+0900][gc,heap     ] GC(139) Humongous regions: 129->129
[2022-12-18T21:58:51.434+0900][gc,metaspace] GC(139) Metaspace: 41513K(42048K)->41513K(42048K) NonClass: 36451K(36736K)->36451K(36736K) Class: 5062K(5312K)->5062K(5312K)
[2022-12-18T21:58:51.434+0900][gc          ] GC(139) Pause Young (Normal) (G1 Evacuation Pause) 900M->292M(1024M) 14.800ms
[2022-12-18T21:58:51.434+0900][gc,cpu      ] GC(139) User=0.02s Sys=0.02s Real=0.02s
[2022-12-18T21:58:59.102+0900][gc,start    ] GC(140) Pause Young (Normal) (G1 Evacuation Pause)
[2022-12-18T21:58:59.103+0900][gc,task     ] GC(140) Using 8 workers of 8 for evacuation
[2022-12-18T21:58:59.121+0900][gc,phases   ] GC(140)   Pre Evacuate Collection Set: 0.2ms
[2022-12-18T21:58:59.121+0900][gc,phases   ] GC(140)   Merge Heap Roots: 3.3ms
[2022-12-18T21:58:59.121+0900][gc,phases   ] GC(140)   Evacuate Collection Set: 11.2ms
[2022-12-18T21:58:59.121+0900][gc,phases   ] GC(140)   Post Evacuate Collection Set: 3.2ms
[2022-12-18T21:58:59.121+0900][gc,phases   ] GC(140)   Other: 1.0ms
[2022-12-18T21:58:59.121+0900][gc,heap     ] GC(140) Eden regions: 608->0(571)
[2022-12-18T21:58:59.121+0900][gc,heap     ] GC(140) Survivor regions: 6->6(77)
[2022-12-18T21:58:59.121+0900][gc,heap     ] GC(140) Old regions: 157->158
[2022-12-18T21:58:59.121+0900][gc,heap     ] GC(140) Archive regions: 2->2
[2022-12-18T21:58:59.121+0900][gc,heap     ] GC(140) Humongous regions: 129->129
[2022-12-18T21:58:59.121+0900][gc,metaspace] GC(140) Metaspace: 41513K(42048K)->41513K(42048K) NonClass: 36451K(36736K)->36451K(36736K) Class: 5062K(5312K)->5062K(5312K)
[2022-12-18T21:58:59.121+0900][gc          ] GC(140) Pause Young (Normal) (G1 Evacuation Pause) 900M->292M(1024M) 19.078ms
[2022-12-18T21:58:59.121+0900][gc,cpu      ] GC(140) User=0.02s Sys=0.02s Real=0.02s
[2022-12-18T21:59:05.455+0900][gc,start    ] GC(141) Pause Young (Normal) (G1 Evacuation Pause)
[2022-12-18T21:59:05.455+0900][gc,task     ] GC(141) Using 8 workers of 8 for evacuation
[2022-12-18T21:59:05.466+0900][gc,phases   ] GC(141)   Pre Evacuate Collection Set: 0.3ms
[2022-12-18T21:59:05.467+0900][gc,phases   ] GC(141)   Merge Heap Roots: 0.2ms
[2022-12-18T21:59:05.467+0900][gc,phases   ] GC(141)   Evacuate Collection Set: 9.9ms
[2022-12-18T21:59:05.467+0900][gc,phases   ] GC(141)   Post Evacuate Collection Set: 0.6ms
[2022-12-18T21:59:05.467+0900][gc,phases   ] GC(141)   Other: 0.4ms
[2022-12-18T21:59:05.467+0900][gc,heap     ] GC(141) Eden regions: 571->0(608)
[2022-12-18T21:59:05.467+0900][gc,heap     ] GC(141) Survivor regions: 6->6(73)
[2022-12-18T21:59:05.467+0900][gc,heap     ] GC(141) Old regions: 158->158
[2022-12-18T21:59:05.467+0900][gc,heap     ] GC(141) Archive regions: 2->2
[2022-12-18T21:59:05.467+0900][gc,heap     ] GC(141) Humongous regions: 129->129
[2022-12-18T21:59:05.467+0900][gc,metaspace] GC(141) Metaspace: 41513K(42048K)->41513K(42048K) NonClass: 36451K(36736K)->36451K(36736K) Class: 5062K(5312K)->5062K(5312K)
[2022-12-18T21:59:05.467+0900][gc          ] GC(141) Pause Young (Normal) (G1 Evacuation Pause) 863M->293M(1024M) 11.427ms
[2022-12-18T21:59:05.467+0900][gc,cpu      ] GC(141) User=0.01s Sys=0.02s Real=0.01s
[2022-12-18T21:59:13.421+0900][gc,start    ] GC(142) Pause Young (Normal) (G1 Evacuation Pause)
[2022-12-18T21:59:13.421+0900][gc,task     ] GC(142) Using 8 workers of 8 for evacuation
[2022-12-18T21:59:13.438+0900][gc,phases   ] GC(142)   Pre Evacuate Collection Set: 0.3ms
[2022-12-18T21:59:13.438+0900][gc,phases   ] GC(142)   Merge Heap Roots: 0.2ms
[2022-12-18T21:59:13.438+0900][gc,phases   ] GC(142)   Evacuate Collection Set: 15.1ms
[2022-12-18T21:59:13.438+0900][gc,phases   ] GC(142)   Post Evacuate Collection Set: 0.8ms
[2022-12-18T21:59:13.438+0900][gc,phases   ] GC(142)   Other: 0.4ms
[2022-12-18T21:59:13.438+0900][gc,heap     ] GC(142) Eden regions: 608->0(608)
[2022-12-18T21:59:13.438+0900][gc,heap     ] GC(142) Survivor regions: 6->6(77)
[2022-12-18T21:59:13.438+0900][gc,heap     ] GC(142) Old regions: 158->159
[2022-12-18T21:59:13.438+0900][gc,heap     ] GC(142) Archive regions: 2->2
[2022-12-18T21:59:13.438+0900][gc,heap     ] GC(142) Humongous regions: 129->129
[2022-12-18T21:59:13.438+0900][gc,metaspace] GC(142) Metaspace: 41513K(42048K)->41513K(42048K) NonClass: 36451K(36736K)->36451K(36736K) Class: 5062K(5312K)->5062K(5312K)
[2022-12-18T21:59:13.438+0900][gc          ] GC(142) Pause Young (Normal) (G1 Evacuation Pause) 901M->293M(1024M) 16.863ms
[2022-12-18T21:59:13.438+0900][gc,cpu      ] GC(142) User=0.02s Sys=0.03s Real=0.01s
[2022-12-18T21:59:21.781+0900][gc,start    ] GC(143) Pause Young (Normal) (G1 Evacuation Pause)
[2022-12-18T21:59:21.782+0900][gc,task     ] GC(143) Using 8 workers of 8 for evacuation
[2022-12-18T21:59:21.797+0900][gc,phases   ] GC(143)   Pre Evacuate Collection Set: 0.3ms
[2022-12-18T21:59:21.797+0900][gc,phases   ] GC(143)   Merge Heap Roots: 0.2ms
[2022-12-18T21:59:21.797+0900][gc,phases   ] GC(143)   Evacuate Collection Set: 13.2ms
[2022-12-18T21:59:21.797+0900][gc,phases   ] GC(143)   Post Evacuate Collection Set: 0.8ms
[2022-12-18T21:59:21.797+0900][gc,phases   ] GC(143)   Other: 0.9ms
[2022-12-18T21:59:21.797+0900][gc,heap     ] GC(143) Eden regions: 608->0(608)
[2022-12-18T21:59:21.797+0900][gc,heap     ] GC(143) Survivor regions: 6->6(77)
[2022-12-18T21:59:21.797+0900][gc,heap     ] GC(143) Old regions: 159->159
[2022-12-18T21:59:21.797+0900][gc,heap     ] GC(143) Archive regions: 2->2
[2022-12-18T21:59:21.797+0900][gc,heap     ] GC(143) Humongous regions: 129->129
[2022-12-18T21:59:21.797+0900][gc,metaspace] GC(143) Metaspace: 41513K(42048K)->41513K(42048K) NonClass: 36451K(36736K)->36451K(36736K) Class: 5062K(5312K)->5062K(5312K)
[2022-12-18T21:59:21.797+0900][gc          ] GC(143) Pause Young (Normal) (G1 Evacuation Pause) 901M->293M(1024M) 15.794ms
[2022-12-18T21:59:21.797+0900][gc,cpu      ] GC(143) User=0.02s Sys=0.03s Real=0.01s
[2022-12-18T21:59:30.018+0900][gc,start    ] GC(144) Pause Young (Normal) (G1 Evacuation Pause)
[2022-12-18T21:59:30.019+0900][gc,task     ] GC(144) Using 8 workers of 8 for evacuation
[2022-12-18T21:59:30.034+0900][gc,phases   ] GC(144)   Pre Evacuate Collection Set: 0.2ms
[2022-12-18T21:59:30.034+0900][gc,phases   ] GC(144)   Merge Heap Roots: 0.3ms
[2022-12-18T21:59:30.034+0900][gc,phases   ] GC(144)   Evacuate Collection Set: 13.5ms
[2022-12-18T21:59:30.034+0900][gc,phases   ] GC(144)   Post Evacuate Collection Set: 0.7ms
[2022-12-18T21:59:30.034+0900][gc,phases   ] GC(144)   Other: 0.9ms
[2022-12-18T21:59:30.034+0900][gc,heap     ] GC(144) Eden regions: 608->0(608)
[2022-12-18T21:59:30.034+0900][gc,heap     ] GC(144) Survivor regions: 6->6(77)
[2022-12-18T21:59:30.034+0900][gc,heap     ] GC(144) Old regions: 159->159
[2022-12-18T21:59:30.034+0900][gc,heap     ] GC(144) Archive regions: 2->2
[2022-12-18T21:59:30.034+0900][gc,heap     ] GC(144) Humongous regions: 129->129
[2022-12-18T21:59:30.034+0900][gc,metaspace] GC(144) Metaspace: 41513K(42048K)->41513K(42048K) NonClass: 36451K(36736K)->36451K(36736K) Class: 5062K(5312K)->5062K(5312K)
[2022-12-18T21:59:30.034+0900][gc          ] GC(144) Pause Young (Normal) (G1 Evacuation Pause) 901M->294M(1024M) 15.706ms
[2022-12-18T21:59:30.034+0900][gc,cpu      ] GC(144) User=0.02s Sys=0.02s Real=0.02s
[2022-12-18T21:59:38.639+0900][gc,start    ] GC(145) Pause Young (Normal) (G1 Evacuation Pause)
[2022-12-18T21:59:38.640+0900][gc,task     ] GC(145) Using 8 workers of 8 for evacuation
[2022-12-18T21:59:38.661+0900][gc,mmu      ] GC(145) MMU target violated: 20.5ms (20.0ms/21.0ms)
[2022-12-18T21:59:38.661+0900][gc,phases   ] GC(145)   Pre Evacuate Collection Set: 0.2ms
[2022-12-18T21:59:38.661+0900][gc,phases   ] GC(145)   Merge Heap Roots: 3.9ms
[2022-12-18T21:59:38.661+0900][gc,phases   ] GC(145)   Evacuate Collection Set: 15.8ms
[2022-12-18T21:59:38.661+0900][gc,phases   ] GC(145)   Post Evacuate Collection Set: 0.7ms
[2022-12-18T21:59:38.661+0900][gc,phases   ] GC(145)   Other: 1.0ms
[2022-12-18T21:59:38.661+0900][gc,heap     ] GC(145) Eden regions: 608->0(608)
[2022-12-18T21:59:38.661+0900][gc,heap     ] GC(145) Survivor regions: 6->6(77)
[2022-12-18T21:59:38.661+0900][gc,heap     ] GC(145) Old regions: 159->159
[2022-12-18T21:59:38.661+0900][gc,heap     ] GC(145) Archive regions: 2->2
[2022-12-18T21:59:38.661+0900][gc,heap     ] GC(145) Humongous regions: 129->129
[2022-12-18T21:59:38.661+0900][gc,metaspace] GC(145) Metaspace: 41513K(42048K)->41513K(42048K) NonClass: 36451K(36736K)->36451K(36736K) Class: 5062K(5312K)->5062K(5312K)
[2022-12-18T21:59:38.661+0900][gc          ] GC(145) Pause Young (Normal) (G1 Evacuation Pause) 902M->294M(1024M) 21.581ms
[2022-12-18T21:59:38.661+0900][gc,cpu      ] GC(145) User=0.02s Sys=0.04s Real=0.03s
[2022-12-18T21:59:39.299+0900][gc,start    ] GC(146) Pause Young (Normal) (G1 Evacuation Pause)
[2022-12-18T21:59:39.299+0900][gc,task     ] GC(146) Using 8 workers of 8 for evacuation
[2022-12-18T21:59:39.307+0900][gc,phases   ] GC(146)   Pre Evacuate Collection Set: 0.1ms
[2022-12-18T21:59:39.307+0900][gc,phases   ] GC(146)   Merge Heap Roots: 0.1ms
[2022-12-18T21:59:39.307+0900][gc,phases   ] GC(146)   Evacuate Collection Set: 7.6ms
[2022-12-18T21:59:39.307+0900][gc,phases   ] GC(146)   Post Evacuate Collection Set: 0.4ms
[2022-12-18T21:59:39.307+0900][gc,phases   ] GC(146)   Other: 0.1ms
[2022-12-18T21:59:39.307+0900][gc,heap     ] GC(146) Eden regions: 45->0(610)
[2022-12-18T21:59:39.307+0900][gc,heap     ] GC(146) Survivor regions: 6->4(7)
[2022-12-18T21:59:39.307+0900][gc,heap     ] GC(146) Old regions: 159->161
[2022-12-18T21:59:39.307+0900][gc,heap     ] GC(146) Archive regions: 2->2
[2022-12-18T21:59:39.307+0900][gc,heap     ] GC(146) Humongous regions: 129->129
[2022-12-18T21:59:39.307+0900][gc,metaspace] GC(146) Metaspace: 41513K(42048K)->41513K(42048K) NonClass: 36451K(36736K)->36451K(36736K) Class: 5062K(5312K)->5062K(5312K)
[2022-12-18T21:59:39.307+0900][gc          ] GC(146) Pause Young (Normal) (G1 Evacuation Pause) 339M->294M(1024M) 8.394ms
[2022-12-18T21:59:39.307+0900][gc,cpu      ] GC(146) User=0.02s Sys=0.00s Real=0.01s
[2022-12-18T21:59:47.567+0900][gc,start    ] GC(147) Pause Young (Normal) (G1 Evacuation Pause)
[2022-12-18T21:59:47.567+0900][gc,task     ] GC(147) Using 8 workers of 8 for evacuation
[2022-12-18T21:59:47.588+0900][gc,mmu      ] GC(147) MMU target violated: 20.8ms (20.0ms/21.0ms)
[2022-12-18T21:59:47.589+0900][gc,phases   ] GC(147)   Pre Evacuate Collection Set: 0.4ms
[2022-12-18T21:59:47.589+0900][gc,phases   ] GC(147)   Merge Heap Roots: 3.3ms
[2022-12-18T21:59:47.589+0900][gc,phases   ] GC(147)   Evacuate Collection Set: 16.5ms
[2022-12-18T21:59:47.589+0900][gc,phases   ] GC(147)   Post Evacuate Collection Set: 0.7ms
[2022-12-18T21:59:47.589+0900][gc,phases   ] GC(147)   Other: 1.1ms
[2022-12-18T21:59:47.589+0900][gc,heap     ] GC(147) Eden regions: 610->0(609)
[2022-12-18T21:59:47.589+0900][gc,heap     ] GC(147) Survivor regions: 4->5(77)
[2022-12-18T21:59:47.589+0900][gc,heap     ] GC(147) Old regions: 161->161
[2022-12-18T21:59:47.589+0900][gc,heap     ] GC(147) Archive regions: 2->2
[2022-12-18T21:59:47.589+0900][gc,heap     ] GC(147) Humongous regions: 129->129
[2022-12-18T21:59:47.589+0900][gc,metaspace] GC(147) Metaspace: 41513K(42048K)->41513K(42048K) NonClass: 36451K(36736K)->36451K(36736K) Class: 5062K(5312K)->5062K(5312K)
[2022-12-18T21:59:47.589+0900][gc          ] GC(147) Pause Young (Normal) (G1 Evacuation Pause) 904M->295M(1024M) 22.313ms
[2022-12-18T21:59:47.589+0900][gc,cpu      ] GC(147) User=0.01s Sys=0.02s Real=0.02s
[2022-12-18T21:59:56.092+0900][gc,start    ] GC(148) Pause Young (Normal) (G1 Evacuation Pause)
[2022-12-18T21:59:56.093+0900][gc,task     ] GC(148) Using 8 workers of 8 for evacuation
[2022-12-18T21:59:56.106+0900][gc,phases   ] GC(148)   Pre Evacuate Collection Set: 0.2ms
[2022-12-18T21:59:56.106+0900][gc,phases   ] GC(148)   Merge Heap Roots: 0.3ms
[2022-12-18T21:59:56.106+0900][gc,phases   ] GC(148)   Evacuate Collection Set: 12.3ms
[2022-12-18T21:59:56.106+0900][gc,phases   ] GC(148)   Post Evacuate Collection Set: 0.7ms
[2022-12-18T21:59:56.106+0900][gc,phases   ] GC(148)   Other: 1.0ms
[2022-12-18T21:59:56.106+0900][gc,heap     ] GC(148) Eden regions: 609->0(609)
[2022-12-18T21:59:56.106+0900][gc,heap     ] GC(148) Survivor regions: 5->5(77)
[2022-12-18T21:59:56.106+0900][gc,heap     ] GC(148) Old regions: 161->161
[2022-12-18T21:59:56.106+0900][gc,heap     ] GC(148) Archive regions: 2->2
[2022-12-18T21:59:56.106+0900][gc,heap     ] GC(148) Humongous regions: 129->129
[2022-12-18T21:59:56.106+0900][gc,metaspace] GC(148) Metaspace: 41513K(42048K)->41513K(42048K) NonClass: 36451K(36736K)->36451K(36736K) Class: 5062K(5312K)->5062K(5312K)
[2022-12-18T21:59:56.106+0900][gc          ] GC(148) Pause Young (Normal) (G1 Evacuation Pause) 904M->295M(1024M) 14.408ms
[2022-12-18T21:59:56.106+0900][gc,cpu      ] GC(148) User=0.01s Sys=0.03s Real=0.01s
[2022-12-18T22:00:04.835+0900][gc,start    ] GC(149) Pause Young (Normal) (G1 Evacuation Pause)
[2022-12-18T22:00:04.836+0900][gc,task     ] GC(149) Using 8 workers of 8 for evacuation
[2022-12-18T22:00:04.853+0900][gc,phases   ] GC(149)   Pre Evacuate Collection Set: 0.3ms
[2022-12-18T22:00:04.853+0900][gc,phases   ] GC(149)   Merge Heap Roots: 0.3ms
[2022-12-18T22:00:04.853+0900][gc,phases   ] GC(149)   Evacuate Collection Set: 16.2ms
[2022-12-18T22:00:04.853+0900][gc,phases   ] GC(149)   Post Evacuate Collection Set: 0.6ms
[2022-12-18T22:00:04.853+0900][gc,phases   ] GC(149)   Other: 1.0ms
[2022-12-18T22:00:04.853+0900][gc,heap     ] GC(149) Eden regions: 609->0(609)
[2022-12-18T22:00:04.853+0900][gc,heap     ] GC(149) Survivor regions: 5->5(77)
[2022-12-18T22:00:04.853+0900][gc,heap     ] GC(149) Old regions: 161->161
[2022-12-18T22:00:04.853+0900][gc,heap     ] GC(149) Archive regions: 2->2
[2022-12-18T22:00:04.853+0900][gc,heap     ] GC(149) Humongous regions: 129->129
[2022-12-18T22:00:04.853+0900][gc,metaspace] GC(149) Metaspace: 41513K(42048K)->41513K(42048K) NonClass: 36451K(36736K)->36451K(36736K) Class: 5062K(5312K)->5062K(5312K)
[2022-12-18T22:00:04.853+0900][gc          ] GC(149) Pause Young (Normal) (G1 Evacuation Pause) 904M->295M(1024M) 18.428ms
[2022-12-18T22:00:04.853+0900][gc,cpu      ] GC(149) User=0.02s Sys=0.03s Real=0.02s
[2022-12-18T22:00:10.701+0900][gc,start    ] GC(150) Pause Young (Normal) (G1 Evacuation Pause)
[2022-12-18T22:00:10.702+0900][gc,task     ] GC(150) Using 8 workers of 8 for evacuation
[2022-12-18T22:00:10.719+0900][gc,phases   ] GC(150)   Pre Evacuate Collection Set: 0.2ms
[2022-12-18T22:00:10.719+0900][gc,phases   ] GC(150)   Merge Heap Roots: 2.7ms
[2022-12-18T22:00:10.719+0900][gc,phases   ] GC(150)   Evacuate Collection Set: 13.5ms
[2022-12-18T22:00:10.719+0900][gc,phases   ] GC(150)   Post Evacuate Collection Set: 0.6ms
[2022-12-18T22:00:10.719+0900][gc,phases   ] GC(150)   Other: 0.3ms
[2022-12-18T22:00:10.719+0900][gc,heap     ] GC(150) Eden regions: 609->0(608)
[2022-12-18T22:00:10.719+0900][gc,heap     ] GC(150) Survivor regions: 5->6(77)
[2022-12-18T22:00:10.719+0900][gc,heap     ] GC(150) Old regions: 161->161
[2022-12-18T22:00:10.719+0900][gc,heap     ] GC(150) Archive regions: 2->2
[2022-12-18T22:00:10.719+0900][gc,heap     ] GC(150) Humongous regions: 129->129
[2022-12-18T22:00:10.719+0900][gc,metaspace] GC(150) Metaspace: 41513K(42048K)->41513K(42048K) NonClass: 36451K(36736K)->36451K(36736K) Class: 5062K(5312K)->5062K(5312K)
[2022-12-18T22:00:10.719+0900][gc          ] GC(150) Pause Young (Normal) (G1 Evacuation Pause) 904M->296M(1024M) 17.427ms
[2022-12-18T22:00:10.719+0900][gc,cpu      ] GC(150) User=0.01s Sys=0.02s Real=0.01s
[2022-12-18T22:00:16.796+0900][gc,start    ] GC(151) Pause Young (Normal) (G1 Evacuation Pause)
[2022-12-18T22:00:16.797+0900][gc,task     ] GC(151) Using 8 workers of 8 for evacuation
[2022-12-18T22:00:16.809+0900][gc,phases   ] GC(151)   Pre Evacuate Collection Set: 0.2ms
[2022-12-18T22:00:16.810+0900][gc,phases   ] GC(151)   Merge Heap Roots: 0.2ms
[2022-12-18T22:00:16.810+0900][gc,phases   ] GC(151)   Evacuate Collection Set: 11.2ms
[2022-12-18T22:00:16.810+0900][gc,phases   ] GC(151)   Post Evacuate Collection Set: 0.6ms
[2022-12-18T22:00:16.810+0900][gc,phases   ] GC(151)   Other: 0.9ms
[2022-12-18T22:00:16.810+0900][gc,heap     ] GC(151) Eden regions: 608->0(608)
[2022-12-18T22:00:16.810+0900][gc,heap     ] GC(151) Survivor regions: 6->6(77)
[2022-12-18T22:00:16.810+0900][gc,heap     ] GC(151) Old regions: 161->161
[2022-12-18T22:00:16.810+0900][gc,heap     ] GC(151) Archive regions: 2->2
[2022-12-18T22:00:16.810+0900][gc,heap     ] GC(151) Humongous regions: 129->129
[2022-12-18T22:00:16.810+0900][gc,metaspace] GC(151) Metaspace: 41513K(42048K)->41513K(42048K) NonClass: 36451K(36736K)->36451K(36736K) Class: 5062K(5312K)->5062K(5312K)
[2022-12-18T22:00:16.810+0900][gc          ] GC(151) Pause Young (Normal) (G1 Evacuation Pause) 904M->296M(1024M) 13.113ms
[2022-12-18T22:00:16.810+0900][gc,cpu      ] GC(151) User=0.02s Sys=0.03s Real=0.02s
[2022-12-18T22:00:24.774+0900][gc,start    ] GC(152) Pause Young (Normal) (G1 Evacuation Pause)
[2022-12-18T22:00:24.774+0900][gc,task     ] GC(152) Using 8 workers of 8 for evacuation
[2022-12-18T22:00:24.788+0900][gc,phases   ] GC(152)   Pre Evacuate Collection Set: 0.2ms
[2022-12-18T22:00:24.788+0900][gc,phases   ] GC(152)   Merge Heap Roots: 0.2ms
[2022-12-18T22:00:24.788+0900][gc,phases   ] GC(152)   Evacuate Collection Set: 12.6ms
[2022-12-18T22:00:24.788+0900][gc,phases   ] GC(152)   Post Evacuate Collection Set: 0.6ms
[2022-12-18T22:00:24.788+0900][gc,phases   ] GC(152)   Other: 0.4ms
[2022-12-18T22:00:24.788+0900][gc,heap     ] GC(152) Eden regions: 608->0(608)
[2022-12-18T22:00:24.788+0900][gc,heap     ] GC(152) Survivor regions: 6->6(77)
[2022-12-18T22:00:24.788+0900][gc,heap     ] GC(152) Old regions: 161->162
[2022-12-18T22:00:24.788+0900][gc,heap     ] GC(152) Archive regions: 2->2
[2022-12-18T22:00:24.788+0900][gc,heap     ] GC(152) Humongous regions: 129->129
[2022-12-18T22:00:24.788+0900][gc,metaspace] GC(152) Metaspace: 41513K(42048K)->41513K(42048K) NonClass: 36451K(36736K)->36451K(36736K) Class: 5062K(5312K)->5062K(5312K)
[2022-12-18T22:00:24.788+0900][gc          ] GC(152) Pause Young (Normal) (G1 Evacuation Pause) 904M->296M(1024M) 14.078ms
[2022-12-18T22:00:24.788+0900][gc,cpu      ] GC(152) User=0.02s Sys=0.03s Real=0.01s
[2022-12-18T22:00:31.745+0900][gc,start    ] GC(153) Pause Young (Normal) (G1 Evacuation Pause)
[2022-12-18T22:00:31.746+0900][gc,task     ] GC(153) Using 8 workers of 8 for evacuation
[2022-12-18T22:00:31.757+0900][gc,phases   ] GC(153)   Pre Evacuate Collection Set: 0.2ms
[2022-12-18T22:00:31.757+0900][gc,phases   ] GC(153)   Merge Heap Roots: 0.2ms
[2022-12-18T22:00:31.757+0900][gc,phases   ] GC(153)   Evacuate Collection Set: 9.7ms
[2022-12-18T22:00:31.757+0900][gc,phases   ] GC(153)   Post Evacuate Collection Set: 0.7ms
[2022-12-18T22:00:31.757+0900][gc,phases   ] GC(153)   Other: 1.3ms
[2022-12-18T22:00:31.757+0900][gc,heap     ] GC(153) Eden regions: 608->0(608)
[2022-12-18T22:00:31.757+0900][gc,heap     ] GC(153) Survivor regions: 6->6(77)
[2022-12-18T22:00:31.757+0900][gc,heap     ] GC(153) Old regions: 162->162
[2022-12-18T22:00:31.757+0900][gc,heap     ] GC(153) Archive regions: 2->2
[2022-12-18T22:00:31.757+0900][gc,heap     ] GC(153) Humongous regions: 129->129
[2022-12-18T22:00:31.757+0900][gc,metaspace] GC(153) Metaspace: 41513K(42048K)->41513K(42048K) NonClass: 36451K(36736K)->36451K(36736K) Class: 5062K(5312K)->5062K(5312K)
[2022-12-18T22:00:31.757+0900][gc          ] GC(153) Pause Young (Normal) (G1 Evacuation Pause) 904M->297M(1024M) 12.226ms
[2022-12-18T22:00:31.757+0900][gc,cpu      ] GC(153) User=0.02s Sys=0.01s Real=0.01s
[2022-12-18T22:00:41.555+0900][gc,start    ] GC(154) Pause Young (Normal) (G1 Evacuation Pause)
[2022-12-18T22:00:41.556+0900][gc,task     ] GC(154) Using 8 workers of 8 for evacuation
[2022-12-18T22:00:41.577+0900][gc,mmu      ] GC(154) MMU target violated: 20.9ms (20.0ms/21.0ms)
[2022-12-18T22:00:41.577+0900][gc,phases   ] GC(154)   Pre Evacuate Collection Set: 0.2ms
[2022-12-18T22:00:41.577+0900][gc,phases   ] GC(154)   Merge Heap Roots: 0.3ms
[2022-12-18T22:00:41.577+0900][gc,phases   ] GC(154)   Evacuate Collection Set: 19.8ms
[2022-12-18T22:00:41.577+0900][gc,phases   ] GC(154)   Post Evacuate Collection Set: 0.7ms
[2022-12-18T22:00:41.577+0900][gc,phases   ] GC(154)   Other: 1.1ms
[2022-12-18T22:00:41.577+0900][gc,heap     ] GC(154) Eden regions: 608->0(608)
[2022-12-18T22:00:41.577+0900][gc,heap     ] GC(154) Survivor regions: 6->6(77)
[2022-12-18T22:00:41.577+0900][gc,heap     ] GC(154) Old regions: 162->163
[2022-12-18T22:00:41.577+0900][gc,heap     ] GC(154) Archive regions: 2->2
[2022-12-18T22:00:41.577+0900][gc,heap     ] GC(154) Humongous regions: 129->129
[2022-12-18T22:00:41.577+0900][gc,metaspace] GC(154) Metaspace: 41513K(42048K)->41513K(42048K) NonClass: 36451K(36736K)->36451K(36736K) Class: 5062K(5312K)->5062K(5312K)
[2022-12-18T22:00:41.577+0900][gc          ] GC(154) Pause Young (Normal) (G1 Evacuation Pause) 905M->297M(1024M) 22.061ms
[2022-12-18T22:00:41.577+0900][gc,cpu      ] GC(154) User=0.02s Sys=0.03s Real=0.02s
[2022-12-18T22:00:49.944+0900][gc,start    ] GC(155) Pause Young (Normal) (G1 Evacuation Pause)
[2022-12-18T22:00:49.944+0900][gc,task     ] GC(155) Using 8 workers of 8 for evacuation
[2022-12-18T22:00:49.962+0900][gc,phases   ] GC(155)   Pre Evacuate Collection Set: 0.3ms
[2022-12-18T22:00:49.962+0900][gc,phases   ] GC(155)   Merge Heap Roots: 0.2ms
[2022-12-18T22:00:49.962+0900][gc,phases   ] GC(155)   Evacuate Collection Set: 16.1ms
[2022-12-18T22:00:49.962+0900][gc,phases   ] GC(155)   Post Evacuate Collection Set: 0.7ms
[2022-12-18T22:00:49.962+0900][gc,phases   ] GC(155)   Other: 0.4ms
[2022-12-18T22:00:49.962+0900][gc,heap     ] GC(155) Eden regions: 608->0(608)
[2022-12-18T22:00:49.962+0900][gc,heap     ] GC(155) Survivor regions: 6->6(77)
[2022-12-18T22:00:49.962+0900][gc,heap     ] GC(155) Old regions: 163->163
[2022-12-18T22:00:49.962+0900][gc,heap     ] GC(155) Archive regions: 2->2
[2022-12-18T22:00:49.962+0900][gc,heap     ] GC(155) Humongous regions: 129->129
[2022-12-18T22:00:49.962+0900][gc,metaspace] GC(155) Metaspace: 41513K(42048K)->41513K(42048K) NonClass: 36451K(36736K)->36451K(36736K) Class: 5062K(5312K)->5062K(5312K)
[2022-12-18T22:00:49.962+0900][gc          ] GC(155) Pause Young (Normal) (G1 Evacuation Pause) 905M->298M(1024M) 17.748ms
[2022-12-18T22:00:49.962+0900][gc,cpu      ] GC(155) User=0.02s Sys=0.03s Real=0.02s
[2022-12-18T22:00:57.321+0900][gc,start    ] GC(156) Pause Young (Normal) (G1 Evacuation Pause)
[2022-12-18T22:00:57.322+0900][gc,task     ] GC(156) Using 8 workers of 8 for evacuation
[2022-12-18T22:00:57.341+0900][gc,phases   ] GC(156)   Pre Evacuate Collection Set: 0.2ms
[2022-12-18T22:00:57.341+0900][gc,phases   ] GC(156)   Merge Heap Roots: 0.4ms
[2022-12-18T22:00:57.341+0900][gc,phases   ] GC(156)   Evacuate Collection Set: 17.4ms
[2022-12-18T22:00:57.341+0900][gc,phases   ] GC(156)   Post Evacuate Collection Set: 0.7ms
[2022-12-18T22:00:57.341+0900][gc,phases   ] GC(156)   Other: 0.9ms
[2022-12-18T22:00:57.341+0900][gc,heap     ] GC(156) Eden regions: 608->0(608)
[2022-12-18T22:00:57.341+0900][gc,heap     ] GC(156) Survivor regions: 6->6(77)
[2022-12-18T22:00:57.341+0900][gc,heap     ] GC(156) Old regions: 163->163
[2022-12-18T22:00:57.341+0900][gc,heap     ] GC(156) Archive regions: 2->2
[2022-12-18T22:00:57.341+0900][gc,heap     ] GC(156) Humongous regions: 129->129
[2022-12-18T22:00:57.341+0900][gc,metaspace] GC(156) Metaspace: 41513K(42048K)->41513K(42048K) NonClass: 36451K(36736K)->36451K(36736K) Class: 5062K(5312K)->5062K(5312K)
[2022-12-18T22:00:57.341+0900][gc          ] GC(156) Pause Young (Normal) (G1 Evacuation Pause) 906M->298M(1024M) 19.803ms
[2022-12-18T22:00:57.341+0900][gc,cpu      ] GC(156) User=0.02s Sys=0.03s Real=0.02s
[2022-12-18T22:01:04.966+0900][gc,start    ] GC(157) Pause Young (Normal) (G1 Evacuation Pause)
[2022-12-18T22:01:04.967+0900][gc,task     ] GC(157) Using 8 workers of 8 for evacuation
[2022-12-18T22:01:04.984+0900][gc,phases   ] GC(157)   Pre Evacuate Collection Set: 0.2ms
[2022-12-18T22:01:04.984+0900][gc,phases   ] GC(157)   Merge Heap Roots: 0.2ms
[2022-12-18T22:01:04.984+0900][gc,phases   ] GC(157)   Evacuate Collection Set: 15.4ms
[2022-12-18T22:01:04.984+0900][gc,phases   ] GC(157)   Post Evacuate Collection Set: 0.7ms
[2022-12-18T22:01:04.984+0900][gc,phases   ] GC(157)   Other: 1.4ms
[2022-12-18T22:01:04.984+0900][gc,heap     ] GC(157) Eden regions: 608->0(608)
[2022-12-18T22:01:04.984+0900][gc,heap     ] GC(157) Survivor regions: 6->6(77)
[2022-12-18T22:01:04.984+0900][gc,heap     ] GC(157) Old regions: 163->164
[2022-12-18T22:01:04.984+0900][gc,heap     ] GC(157) Archive regions: 2->2
[2022-12-18T22:01:04.984+0900][gc,heap     ] GC(157) Humongous regions: 129->129
[2022-12-18T22:01:04.984+0900][gc,metaspace] GC(157) Metaspace: 41513K(42048K)->41513K(42048K) NonClass: 36451K(36736K)->36451K(36736K) Class: 5062K(5312K)->5062K(5312K)
[2022-12-18T22:01:04.984+0900][gc          ] GC(157) Pause Young (Normal) (G1 Evacuation Pause) 906M->299M(1024M) 17.996ms
[2022-12-18T22:01:04.984+0900][gc,cpu      ] GC(157) User=0.02s Sys=0.04s Real=0.02s
[2022-12-18T22:01:14.060+0900][gc,start    ] GC(158) Pause Young (Normal) (G1 Evacuation Pause)
[2022-12-18T22:01:14.061+0900][gc,task     ] GC(158) Using 8 workers of 8 for evacuation
[2022-12-18T22:01:14.079+0900][gc,phases   ] GC(158)   Pre Evacuate Collection Set: 0.2ms
[2022-12-18T22:01:14.079+0900][gc,phases   ] GC(158)   Merge Heap Roots: 0.3ms
[2022-12-18T22:01:14.079+0900][gc,phases   ] GC(158)   Evacuate Collection Set: 13.9ms
[2022-12-18T22:01:14.079+0900][gc,phases   ] GC(158)   Post Evacuate Collection Set: 3.7ms
[2022-12-18T22:01:14.079+0900][gc,phases   ] GC(158)   Other: 0.4ms
[2022-12-18T22:01:14.079+0900][gc,heap     ] GC(158) Eden regions: 608->0(608)
[2022-12-18T22:01:14.079+0900][gc,heap     ] GC(158) Survivor regions: 6->6(77)
[2022-12-18T22:01:14.079+0900][gc,heap     ] GC(158) Old regions: 164->164
[2022-12-18T22:01:14.079+0900][gc,heap     ] GC(158) Archive regions: 2->2
[2022-12-18T22:01:14.079+0900][gc,heap     ] GC(158) Humongous regions: 129->129
[2022-12-18T22:01:14.079+0900][gc,metaspace] GC(158) Metaspace: 41513K(42048K)->41513K(42048K) NonClass: 36451K(36736K)->36451K(36736K) Class: 5062K(5312K)->5062K(5312K)
[2022-12-18T22:01:14.079+0900][gc          ] GC(158) Pause Young (Normal) (G1 Evacuation Pause) 907M->299M(1024M) 18.542ms
[2022-12-18T22:01:14.079+0900][gc,cpu      ] GC(158) User=0.02s Sys=0.03s Real=0.01s
[2022-12-18T22:01:21.725+0900][gc,start    ] GC(159) Pause Young (Normal) (G1 Evacuation Pause)
[2022-12-18T22:01:21.726+0900][gc,task     ] GC(159) Using 8 workers of 8 for evacuation
[2022-12-18T22:01:21.744+0900][gc,phases   ] GC(159)   Pre Evacuate Collection Set: 0.3ms
[2022-12-18T22:01:21.744+0900][gc,phases   ] GC(159)   Merge Heap Roots: 1.7ms
[2022-12-18T22:01:21.744+0900][gc,phases   ] GC(159)   Evacuate Collection Set: 15.5ms
[2022-12-18T22:01:21.744+0900][gc,phases   ] GC(159)   Post Evacuate Collection Set: 0.8ms
[2022-12-18T22:01:21.744+0900][gc,phases   ] GC(159)   Other: 1.0ms
[2022-12-18T22:01:21.744+0900][gc,heap     ] GC(159) Eden regions: 608->0(608)
[2022-12-18T22:01:21.744+0900][gc,heap     ] GC(159) Survivor regions: 6->6(77)
[2022-12-18T22:01:21.744+0900][gc,heap     ] GC(159) Old regions: 164->165
[2022-12-18T22:01:21.744+0900][gc,heap     ] GC(159) Archive regions: 2->2
[2022-12-18T22:01:21.744+0900][gc,heap     ] GC(159) Humongous regions: 129->129
[2022-12-18T22:01:21.744+0900][gc,metaspace] GC(159) Metaspace: 41513K(42048K)->41513K(42048K) NonClass: 36451K(36736K)->36451K(36736K) Class: 5062K(5312K)->5062K(5312K)
[2022-12-18T22:01:21.744+0900][gc          ] GC(159) Pause Young (Normal) (G1 Evacuation Pause) 907M->299M(1024M) 19.401ms
[2022-12-18T22:01:21.744+0900][gc,cpu      ] GC(159) User=0.02s Sys=0.02s Real=0.02s
[2022-12-18T22:01:30.063+0900][gc,start    ] GC(160) Pause Young (Normal) (G1 Evacuation Pause)
[2022-12-18T22:01:30.064+0900][gc,task     ] GC(160) Using 8 workers of 8 for evacuation
[2022-12-18T22:01:30.082+0900][gc,phases   ] GC(160)   Pre Evacuate Collection Set: 0.2ms
[2022-12-18T22:01:30.082+0900][gc,phases   ] GC(160)   Merge Heap Roots: 0.3ms
[2022-12-18T22:01:30.082+0900][gc,phases   ] GC(160)   Evacuate Collection Set: 17.0ms
[2022-12-18T22:01:30.082+0900][gc,phases   ] GC(160)   Post Evacuate Collection Set: 0.7ms
[2022-12-18T22:01:30.082+0900][gc,phases   ] GC(160)   Other: 0.4ms
[2022-12-18T22:01:30.082+0900][gc,heap     ] GC(160) Eden regions: 608->0(608)
[2022-12-18T22:01:30.082+0900][gc,heap     ] GC(160) Survivor regions: 6->6(77)
[2022-12-18T22:01:30.082+0900][gc,heap     ] GC(160) Old regions: 165->165
[2022-12-18T22:01:30.082+0900][gc,heap     ] GC(160) Archive regions: 2->2
[2022-12-18T22:01:30.082+0900][gc,heap     ] GC(160) Humongous regions: 129->129
[2022-12-18T22:01:30.082+0900][gc,metaspace] GC(160) Metaspace: 41513K(42048K)->41513K(42048K) NonClass: 36451K(36736K)->36451K(36736K) Class: 5062K(5312K)->5062K(5312K)
[2022-12-18T22:01:30.082+0900][gc          ] GC(160) Pause Young (Normal) (G1 Evacuation Pause) 907M->300M(1024M) 18.589ms
[2022-12-18T22:01:30.082+0900][gc,cpu      ] GC(160) User=0.02s Sys=0.03s Real=0.02s
[2022-12-18T22:01:37.353+0900][gc,start    ] GC(161) Pause Young (Normal) (G1 Evacuation Pause)
[2022-12-18T22:01:37.354+0900][gc,task     ] GC(161) Using 8 workers of 8 for evacuation
[2022-12-18T22:01:37.372+0900][gc,phases   ] GC(161)   Pre Evacuate Collection Set: 0.2ms
[2022-12-18T22:01:37.372+0900][gc,phases   ] GC(161)   Merge Heap Roots: 0.3ms
[2022-12-18T22:01:37.372+0900][gc,phases   ] GC(161)   Evacuate Collection Set: 17.5ms
[2022-12-18T22:01:37.372+0900][gc,phases   ] GC(161)   Post Evacuate Collection Set: 0.6ms
[2022-12-18T22:01:37.372+0900][gc,phases   ] GC(161)   Other: 0.4ms
[2022-12-18T22:01:37.372+0900][gc,heap     ] GC(161) Eden regions: 608->0(607)
[2022-12-18T22:01:37.372+0900][gc,heap     ] GC(161) Survivor regions: 6->7(77)
[2022-12-18T22:01:37.372+0900][gc,heap     ] GC(161) Old regions: 165->165
[2022-12-18T22:01:37.372+0900][gc,heap     ] GC(161) Archive regions: 2->2
[2022-12-18T22:01:37.372+0900][gc,heap     ] GC(161) Humongous regions: 129->129
[2022-12-18T22:01:37.372+0900][gc,metaspace] GC(161) Metaspace: 41513K(42048K)->41513K(42048K) NonClass: 36451K(36736K)->36451K(36736K) Class: 5062K(5312K)->5062K(5312K)
[2022-12-18T22:01:37.372+0900][gc          ] GC(161) Pause Young (Normal) (G1 Evacuation Pause) 908M->300M(1024M) 19.045ms
[2022-12-18T22:01:37.372+0900][gc,cpu      ] GC(161) User=0.02s Sys=0.03s Real=0.02s
[2022-12-18T22:01:45.597+0900][gc,start    ] GC(162) Pause Young (Normal) (G1 Evacuation Pause)
[2022-12-18T22:01:45.598+0900][gc,task     ] GC(162) Using 8 workers of 8 for evacuation
[2022-12-18T22:01:45.613+0900][gc,phases   ] GC(162)   Pre Evacuate Collection Set: 0.3ms
[2022-12-18T22:01:45.613+0900][gc,phases   ] GC(162)   Merge Heap Roots: 0.3ms
[2022-12-18T22:01:45.613+0900][gc,phases   ] GC(162)   Evacuate Collection Set: 14.0ms
[2022-12-18T22:01:45.613+0900][gc,phases   ] GC(162)   Post Evacuate Collection Set: 0.6ms
[2022-12-18T22:01:45.613+0900][gc,phases   ] GC(162)   Other: 1.0ms
[2022-12-18T22:01:45.613+0900][gc,heap     ] GC(162) Eden regions: 607->0(608)
[2022-12-18T22:01:45.613+0900][gc,heap     ] GC(162) Survivor regions: 7->6(77)
[2022-12-18T22:01:45.613+0900][gc,heap     ] GC(162) Old regions: 165->165
[2022-12-18T22:01:45.613+0900][gc,heap     ] GC(162) Archive regions: 2->2
[2022-12-18T22:01:45.613+0900][gc,heap     ] GC(162) Humongous regions: 129->129
[2022-12-18T22:01:45.613+0900][gc,metaspace] GC(162) Metaspace: 41513K(42048K)->41513K(42048K) NonClass: 36451K(36736K)->36451K(36736K) Class: 5062K(5312K)->5062K(5312K)
[2022-12-18T22:01:45.613+0900][gc          ] GC(162) Pause Young (Normal) (G1 Evacuation Pause) 907M->300M(1024M) 16.129ms
[2022-12-18T22:01:45.613+0900][gc,cpu      ] GC(162) User=0.02s Sys=0.02s Real=0.02s
[2022-12-18T22:01:53.758+0900][gc,start    ] GC(163) Pause Young (Normal) (G1 Evacuation Pause)
[2022-12-18T22:01:53.758+0900][gc,task     ] GC(163) Using 8 workers of 8 for evacuation
[2022-12-18T22:01:53.776+0900][gc,phases   ] GC(163)   Pre Evacuate Collection Set: 0.2ms
[2022-12-18T22:01:53.776+0900][gc,phases   ] GC(163)   Merge Heap Roots: 0.3ms
[2022-12-18T22:01:53.776+0900][gc,phases   ] GC(163)   Evacuate Collection Set: 16.4ms
[2022-12-18T22:01:53.776+0900][gc,phases   ] GC(163)   Post Evacuate Collection Set: 1.0ms
[2022-12-18T22:01:53.776+0900][gc,phases   ] GC(163)   Other: 0.2ms
[2022-12-18T22:01:53.776+0900][gc,heap     ] GC(163) Eden regions: 608->0(608)
[2022-12-18T22:01:53.776+0900][gc,heap     ] GC(163) Survivor regions: 6->6(77)
[2022-12-18T22:01:53.776+0900][gc,heap     ] GC(163) Old regions: 165->166
[2022-12-18T22:01:53.776+0900][gc,heap     ] GC(163) Archive regions: 2->2
[2022-12-18T22:01:53.776+0900][gc,heap     ] GC(163) Humongous regions: 129->129
[2022-12-18T22:01:53.776+0900][gc,metaspace] GC(163) Metaspace: 41513K(42048K)->41513K(42048K) NonClass: 36451K(36736K)->36451K(36736K) Class: 5062K(5312K)->5062K(5312K)
[2022-12-18T22:01:53.776+0900][gc          ] GC(163) Pause Young (Normal) (G1 Evacuation Pause) 908M->301M(1024M) 18.133ms
[2022-12-18T22:01:53.776+0900][gc,cpu      ] GC(163) User=0.02s Sys=0.03s Real=0.02s
[2022-12-18T22:02:00.683+0900][gc,start    ] GC(164) Pause Young (Normal) (G1 Evacuation Pause)
[2022-12-18T22:02:00.684+0900][gc,task     ] GC(164) Using 8 workers of 8 for evacuation
[2022-12-18T22:02:00.701+0900][gc,phases   ] GC(164)   Pre Evacuate Collection Set: 0.2ms
[2022-12-18T22:02:00.701+0900][gc,phases   ] GC(164)   Merge Heap Roots: 0.3ms
[2022-12-18T22:02:00.701+0900][gc,phases   ] GC(164)   Evacuate Collection Set: 16.3ms
[2022-12-18T22:02:00.701+0900][gc,phases   ] GC(164)   Post Evacuate Collection Set: 0.6ms
[2022-12-18T22:02:00.701+0900][gc,phases   ] GC(164)   Other: 0.9ms
[2022-12-18T22:02:00.701+0900][gc,heap     ] GC(164) Eden regions: 608->0(608)
[2022-12-18T22:02:00.701+0900][gc,heap     ] GC(164) Survivor regions: 6->6(77)
[2022-12-18T22:02:00.701+0900][gc,heap     ] GC(164) Old regions: 166->166
[2022-12-18T22:02:00.701+0900][gc,heap     ] GC(164) Archive regions: 2->2
[2022-12-18T22:02:00.701+0900][gc,heap     ] GC(164) Humongous regions: 129->129
[2022-12-18T22:02:00.701+0900][gc,metaspace] GC(164) Metaspace: 41513K(42048K)->41513K(42048K) NonClass: 36451K(36736K)->36451K(36736K) Class: 5062K(5312K)->5062K(5312K)
[2022-12-18T22:02:00.701+0900][gc          ] GC(164) Pause Young (Normal) (G1 Evacuation Pause) 909M->301M(1024M) 18.386ms
[2022-12-18T22:02:00.701+0900][gc,cpu      ] GC(164) User=0.02s Sys=0.04s Real=0.02s
[2022-12-18T22:36:11.021+0900][gc,start    ] GC(165) Pause Young (Normal) (G1 Evacuation Pause)
[2022-12-18T22:36:11.021+0900][gc,task     ] GC(165) Using 8 workers of 8 for evacuation
[2022-12-18T22:36:11.117+0900][gc,mmu      ] GC(165) MMU target violated: 21.0ms (20.0ms/21.0ms)
[2022-12-18T22:36:11.117+0900][gc,phases   ] GC(165)   Pre Evacuate Collection Set: 1.0ms
[2022-12-18T22:36:11.117+0900][gc,phases   ] GC(165)   Merge Heap Roots: 0.9ms
[2022-12-18T22:36:11.117+0900][gc,phases   ] GC(165)   Evacuate Collection Set: 92.5ms
[2022-12-18T22:36:11.117+0900][gc,phases   ] GC(165)   Post Evacuate Collection Set: 0.9ms
[2022-12-18T22:36:11.117+0900][gc,phases   ] GC(165)   Other: 2.9ms
[2022-12-18T22:36:11.117+0900][gc,heap     ] GC(165) Eden regions: 608->0(41)
[2022-12-18T22:36:11.117+0900][gc,heap     ] GC(165) Survivor regions: 6->10(77)
[2022-12-18T22:36:11.117+0900][gc,heap     ] GC(165) Old regions: 166->167
[2022-12-18T22:36:11.117+0900][gc,heap     ] GC(165) Archive regions: 2->2
[2022-12-18T22:36:11.117+0900][gc,heap     ] GC(165) Humongous regions: 129->129
[2022-12-18T22:36:11.117+0900][gc,metaspace] GC(165) Metaspace: 41516K(42048K)->41516K(42048K) NonClass: 36454K(36736K)->36454K(36736K) Class: 5062K(5312K)->5062K(5312K)
[2022-12-18T22:36:11.117+0900][gc          ] GC(165) Pause Young (Normal) (G1 Evacuation Pause) 909M->305M(1024M) 96.223ms
[2022-12-18T22:36:11.117+0900][gc,cpu      ] GC(165) User=0.06s Sys=0.14s Real=0.09s
[2022-12-18T22:41:37.430+0900][gc,start    ] GC(166) Pause Young (Normal) (G1 Evacuation Pause)
[2022-12-18T22:41:37.431+0900][gc,task     ] GC(166) Using 8 workers of 8 for evacuation
[2022-12-18T22:41:37.484+0900][gc,mmu      ] GC(166) MMU target violated: 21.0ms (20.0ms/21.0ms)
[2022-12-18T22:41:37.484+0900][gc,phases   ] GC(166)   Pre Evacuate Collection Set: 0.5ms
[2022-12-18T22:41:37.484+0900][gc,phases   ] GC(166)   Merge Heap Roots: 0.4ms
[2022-12-18T22:41:37.484+0900][gc,phases   ] GC(166)   Evacuate Collection Set: 50.0ms
[2022-12-18T22:41:37.484+0900][gc,phases   ] GC(166)   Post Evacuate Collection Set: 1.3ms
[2022-12-18T22:41:37.484+0900][gc,phases   ] GC(166)   Other: 1.7ms
[2022-12-18T22:41:37.484+0900][gc,heap     ] GC(166) Eden regions: 41->0(47)
[2022-12-18T22:41:37.484+0900][gc,heap     ] GC(166) Survivor regions: 10->4(7)
[2022-12-18T22:41:37.484+0900][gc,heap     ] GC(166) Old regions: 167->173
[2022-12-18T22:41:37.484+0900][gc,heap     ] GC(166) Archive regions: 2->2
[2022-12-18T22:41:37.484+0900][gc,heap     ] GC(166) Humongous regions: 129->129
[2022-12-18T22:41:37.484+0900][gc,metaspace] GC(166) Metaspace: 41517K(42048K)->41517K(42048K) NonClass: 36455K(36736K)->36455K(36736K) Class: 5062K(5312K)->5062K(5312K)
[2022-12-18T22:41:37.484+0900][gc          ] GC(166) Pause Young (Normal) (G1 Evacuation Pause) 346M->306M(1024M) 53.960ms
[2022-12-18T22:41:37.484+0900][gc,cpu      ] GC(166) User=0.05s Sys=0.06s Real=0.05s
[2022-12-18T22:48:00.560+0900][gc,start    ] GC(167) Pause Young (Normal) (G1 Evacuation Pause)
[2022-12-18T22:48:00.561+0900][gc,task     ] GC(167) Using 8 workers of 8 for evacuation
[2022-12-18T22:48:00.596+0900][gc,mmu      ] GC(167) MMU target violated: 21.0ms (20.0ms/21.0ms)
[2022-12-18T22:48:00.596+0900][gc,phases   ] GC(167)   Pre Evacuate Collection Set: 0.5ms
[2022-12-18T22:48:00.596+0900][gc,phases   ] GC(167)   Merge Heap Roots: 0.7ms
[2022-12-18T22:48:00.597+0900][gc,phases   ] GC(167)   Evacuate Collection Set: 32.6ms
[2022-12-18T22:48:00.597+0900][gc,phases   ] GC(167)   Post Evacuate Collection Set: 0.9ms
[2022-12-18T22:48:00.597+0900][gc,phases   ] GC(167)   Other: 1.9ms
[2022-12-18T22:48:00.597+0900][gc,heap     ] GC(167) Eden regions: 47->0(45)
[2022-12-18T22:48:00.597+0900][gc,heap     ] GC(167) Survivor regions: 4->6(7)
[2022-12-18T22:48:00.597+0900][gc,heap     ] GC(167) Old regions: 173->173
[2022-12-18T22:48:00.597+0900][gc,heap     ] GC(167) Archive regions: 2->2
[2022-12-18T22:48:00.597+0900][gc,heap     ] GC(167) Humongous regions: 129->129
[2022-12-18T22:48:00.597+0900][gc,metaspace] GC(167) Metaspace: 41519K(42048K)->41519K(42048K) NonClass: 36456K(36736K)->36456K(36736K) Class: 5062K(5312K)->5062K(5312K)
[2022-12-18T22:48:00.597+0900][gc          ] GC(167) Pause Young (Normal) (G1 Evacuation Pause) 353M->307M(1024M) 36.869ms
[2022-12-18T22:48:00.597+0900][gc,cpu      ] GC(167) User=0.02s Sys=0.04s Real=0.03s
[2022-12-18T22:54:08.680+0900][gc,start    ] GC(168) Pause Young (Normal) (G1 Evacuation Pause)
[2022-12-18T22:54:08.681+0900][gc,task     ] GC(168) Using 8 workers of 8 for evacuation
[2022-12-18T22:54:08.699+0900][gc,phases   ] GC(168)   Pre Evacuate Collection Set: 0.5ms
[2022-12-18T22:54:08.699+0900][gc,phases   ] GC(168)   Merge Heap Roots: 0.1ms
[2022-12-18T22:54:08.699+0900][gc,phases   ] GC(168)   Evacuate Collection Set: 16.3ms
[2022-12-18T22:54:08.699+0900][gc,phases   ] GC(168)   Post Evacuate Collection Set: 0.7ms
[2022-12-18T22:54:08.699+0900][gc,phases   ] GC(168)   Other: 0.8ms
[2022-12-18T22:54:08.699+0900][gc,heap     ] GC(168) Eden regions: 45->0(46)
[2022-12-18T22:54:08.699+0900][gc,heap     ] GC(168) Survivor regions: 6->5(7)
[2022-12-18T22:54:08.699+0900][gc,heap     ] GC(168) Old regions: 173->178
[2022-12-18T22:54:08.699+0900][gc,heap     ] GC(168) Archive regions: 2->2
[2022-12-18T22:54:08.699+0900][gc,heap     ] GC(168) Humongous regions: 129->129
[2022-12-18T22:54:08.699+0900][gc,metaspace] GC(168) Metaspace: 41519K(42048K)->41519K(42048K) NonClass: 36456K(36736K)->36456K(36736K) Class: 5062K(5312K)->5062K(5312K)
[2022-12-18T22:54:08.699+0900][gc          ] GC(168) Pause Young (Normal) (G1 Evacuation Pause) 352M->311M(1024M) 18.520ms
[2022-12-18T22:54:08.699+0900][gc,cpu      ] GC(168) User=0.04s Sys=0.01s Real=0.01s
[2022-12-18T23:00:24.024+0900][gc,start    ] GC(169) Pause Young (Normal) (G1 Evacuation Pause)
[2022-12-18T23:00:24.026+0900][gc,task     ] GC(169) Using 8 workers of 8 for evacuation
[2022-12-18T23:00:24.056+0900][gc,mmu      ] GC(169) MMU target violated: 21.0ms (20.0ms/21.0ms)
[2022-12-18T23:00:24.057+0900][gc,phases   ] GC(169)   Pre Evacuate Collection Set: 1.0ms
[2022-12-18T23:00:24.057+0900][gc,phases   ] GC(169)   Merge Heap Roots: 1.1ms
[2022-12-18T23:00:24.057+0900][gc,phases   ] GC(169)   Evacuate Collection Set: 24.2ms
[2022-12-18T23:00:24.057+0900][gc,phases   ] GC(169)   Post Evacuate Collection Set: 3.7ms
[2022-12-18T23:00:24.057+0900][gc,phases   ] GC(169)   Other: 2.4ms
[2022-12-18T23:00:24.057+0900][gc,heap     ] GC(169) Eden regions: 46->0(46)
[2022-12-18T23:00:24.057+0900][gc,heap     ] GC(169) Survivor regions: 5->5(7)
[2022-12-18T23:00:24.057+0900][gc,heap     ] GC(169) Old regions: 178->181
[2022-12-18T23:00:24.057+0900][gc,heap     ] GC(169) Archive regions: 2->2
[2022-12-18T23:00:24.057+0900][gc,heap     ] GC(169) Humongous regions: 129->129
[2022-12-18T23:00:24.057+0900][gc,metaspace] GC(169) Metaspace: 41519K(42048K)->41519K(42048K) NonClass: 36456K(36736K)->36456K(36736K) Class: 5062K(5312K)->5062K(5312K)
[2022-12-18T23:00:24.057+0900][gc          ] GC(169) Pause Young (Normal) (G1 Evacuation Pause) 357M->315M(1024M) 32.500ms
[2022-12-18T23:00:24.057+0900][gc,cpu      ] GC(169) User=0.05s Sys=0.03s Real=0.03s
[2022-12-18T23:06:33.257+0900][gc,start    ] GC(170) Pause Young (Normal) (G1 Evacuation Pause)
[2022-12-18T23:06:33.263+0900][gc,task     ] GC(170) Using 8 workers of 8 for evacuation
[2022-12-18T23:06:33.275+0900][gc,phases   ] GC(170)   Pre Evacuate Collection Set: 0.4ms
[2022-12-18T23:06:33.275+0900][gc,phases   ] GC(170)   Merge Heap Roots: 0.2ms
[2022-12-18T23:06:33.275+0900][gc,phases   ] GC(170)   Evacuate Collection Set: 9.2ms
[2022-12-18T23:06:33.275+0900][gc,phases   ] GC(170)   Post Evacuate Collection Set: 2.7ms
[2022-12-18T23:06:33.275+0900][gc,phases   ] GC(170)   Other: 5.8ms
[2022-12-18T23:06:33.275+0900][gc,heap     ] GC(170) Eden regions: 46->0(45)
[2022-12-18T23:06:33.275+0900][gc,heap     ] GC(170) Survivor regions: 5->6(7)
[2022-12-18T23:06:33.275+0900][gc,heap     ] GC(170) Old regions: 181->185
[2022-12-18T23:06:33.276+0900][gc,heap     ] GC(170) Archive regions: 2->2
[2022-12-18T23:06:33.276+0900][gc,heap     ] GC(170) Humongous regions: 129->129
[2022-12-18T23:06:33.276+0900][gc,metaspace] GC(170) Metaspace: 41519K(42048K)->41519K(42048K) NonClass: 36456K(36736K)->36456K(36736K) Class: 5062K(5312K)->5062K(5312K)
[2022-12-18T23:06:33.276+0900][gc          ] GC(170) Pause Young (Normal) (G1 Evacuation Pause) 361M->319M(1024M) 18.408ms
[2022-12-18T23:06:33.276+0900][gc,cpu      ] GC(170) User=0.02s Sys=0.02s Real=0.02s
