[2022-12-18T08:34:14.978+0900][gc] Using G1
[2022-12-18T08:34:14.979+0900][gc,init] Version: 17.0.5+8-LTS (release)
[2022-12-18T08:34:14.979+0900][gc,init] CPUs: 8 total, 8 available
[2022-12-18T08:34:14.979+0900][gc,init] Memory: 8192M
[2022-12-18T08:34:14.979+0900][gc,init] Large Page Support: Disabled
[2022-12-18T08:34:14.979+0900][gc,init] NUMA Support: Disabled
[2022-12-18T08:34:14.979+0900][gc,init] Compressed Oops: Enabled (Zero based)
[2022-12-18T08:34:14.979+0900][gc,init] Heap Region Size: 1M
[2022-12-18T08:34:14.979+0900][gc,init] Heap Min Capacity: 1G
[2022-12-18T08:34:14.979+0900][gc,init] Heap Initial Capacity: 1G
[2022-12-18T08:34:14.979+0900][gc,init] Heap Max Capacity: 1G
[2022-12-18T08:34:14.979+0900][gc,init] Pre-touch: Disabled
[2022-12-18T08:34:14.979+0900][gc,init] Parallel Workers: 8
[2022-12-18T08:34:14.979+0900][gc,init] Concurrent Workers: 2
[2022-12-18T08:34:14.979+0900][gc,init] Concurrent Refinement Workers: 8
[2022-12-18T08:34:14.979+0900][gc,init] Periodic GC: Disabled
[2022-12-18T08:34:14.979+0900][gc,metaspace] CDS archive(s) mapped at: [0x0000000800000000-0x0000000800bd8000-0x0000000800bd8000), size 12419072, SharedBaseAddress: 0x0000000800000000, ArchiveRelocationMode: 0.
[2022-12-18T08:34:14.979+0900][gc,metaspace] Compressed class space mapped at: 0x0000000800c00000-0x0000000840c00000, reserved size: 1073741824
[2022-12-18T08:34:14.979+0900][gc,metaspace] Narrow klass base: 0x0000000800000000, Narrow klass shift: 0, Narrow klass range: 0x100000000
[2022-12-18T08:34:15.884+0900][gc,start    ] GC(0) Pause Young (Normal) (G1 Evacuation Pause)
[2022-12-18T08:34:15.884+0900][gc,task     ] GC(0) Using 8 workers of 8 for evacuation
[2022-12-18T08:34:15.888+0900][gc,phases   ] GC(0)   Pre Evacuate Collection Set: 0.1ms
[2022-12-18T08:34:15.888+0900][gc,phases   ] GC(0)   Merge Heap Roots: 0.0ms
[2022-12-18T08:34:15.888+0900][gc,phases   ] GC(0)   Evacuate Collection Set: 3.0ms
[2022-12-18T08:34:15.888+0900][gc,phases   ] GC(0)   Post Evacuate Collection Set: 0.2ms
[2022-12-18T08:34:15.888+0900][gc,phases   ] GC(0)   Other: 0.3ms
[2022-12-18T08:34:15.888+0900][gc,heap     ] GC(0) Eden regions: 51->0(44)
[2022-12-18T08:34:15.888+0900][gc,heap     ] GC(0) Survivor regions: 0->7(7)
[2022-12-18T08:34:15.888+0900][gc,heap     ] GC(0) Old regions: 0->1
[2022-12-18T08:34:15.888+0900][gc,heap     ] GC(0) Archive regions: 2->2
[2022-12-18T08:34:15.888+0900][gc,heap     ] GC(0) Humongous regions: 0->0
[2022-12-18T08:34:15.888+0900][gc,metaspace] GC(0) Metaspace: 18709K(18944K)->18709K(18944K) NonClass: 16206K(16320K)->16206K(16320K) Class: 2503K(2624K)->2503K(2624K)
[2022-12-18T08:34:15.888+0900][gc          ] GC(0) Pause Young (Normal) (G1 Evacuation Pause) 51M->8M(1024M) 3.725ms
[2022-12-18T08:34:15.888+0900][gc,cpu      ] GC(0) User=0.01s Sys=0.00s Real=0.00s
[2022-12-18T08:34:15.980+0900][gc,start    ] GC(1) Pause Young (Concurrent Start) (Metadata GC Threshold)
[2022-12-18T08:34:15.980+0900][gc,task     ] GC(1) Using 8 workers of 8 for evacuation
[2022-12-18T08:34:15.984+0900][gc,phases   ] GC(1)   Pre Evacuate Collection Set: 0.1ms
[2022-12-18T08:34:15.984+0900][gc,phases   ] GC(1)   Merge Heap Roots: 0.1ms
[2022-12-18T08:34:15.984+0900][gc,phases   ] GC(1)   Evacuate Collection Set: 3.8ms
[2022-12-18T08:34:15.984+0900][gc,phases   ] GC(1)   Post Evacuate Collection Set: 0.3ms
[2022-12-18T08:34:15.984+0900][gc,phases   ] GC(1)   Other: 0.1ms
[2022-12-18T08:34:15.984+0900][gc,heap     ] GC(1) Eden regions: 10->0(49)
[2022-12-18T08:34:15.984+0900][gc,heap     ] GC(1) Survivor regions: 7->2(7)
[2022-12-18T08:34:15.984+0900][gc,heap     ] GC(1) Old regions: 1->7
[2022-12-18T08:34:15.984+0900][gc,heap     ] GC(1) Archive regions: 2->2
[2022-12-18T08:34:15.984+0900][gc,heap     ] GC(1) Humongous regions: 0->0
[2022-12-18T08:34:15.984+0900][gc,metaspace] GC(1) Metaspace: 21238K(21504K)->21238K(21504K) NonClass: 18382K(18496K)->18382K(18496K) Class: 2855K(3008K)->2855K(3008K)
[2022-12-18T08:34:15.984+0900][gc          ] GC(1) Pause Young (Concurrent Start) (Metadata GC Threshold) 17M->9M(1024M) 4.465ms
[2022-12-18T08:34:15.984+0900][gc,cpu      ] GC(1) User=0.02s Sys=0.01s Real=0.00s
[2022-12-18T08:34:15.984+0900][gc          ] GC(2) Concurrent Mark Cycle
[2022-12-18T08:34:15.984+0900][gc,marking  ] GC(2) Concurrent Clear Claimed Marks
[2022-12-18T08:34:15.984+0900][gc,marking  ] GC(2) Concurrent Clear Claimed Marks 0.012ms
[2022-12-18T08:34:15.984+0900][gc,marking  ] GC(2) Concurrent Scan Root Regions
[2022-12-18T08:34:15.986+0900][gc,marking  ] GC(2) Concurrent Scan Root Regions 1.865ms
[2022-12-18T08:34:15.986+0900][gc,marking  ] GC(2) Concurrent Mark
[2022-12-18T08:34:15.986+0900][gc,marking  ] GC(2) Concurrent Mark From Roots
[2022-12-18T08:34:15.986+0900][gc,task     ] GC(2) Using 2 workers of 2 for marking
[2022-12-18T08:34:15.987+0900][gc,marking  ] GC(2) Concurrent Mark From Roots 0.971ms
[2022-12-18T08:34:15.987+0900][gc,marking  ] GC(2) Concurrent Preclean
[2022-12-18T08:34:15.987+0900][gc,marking  ] GC(2) Concurrent Preclean 0.013ms
[2022-12-18T08:34:15.987+0900][gc,start    ] GC(2) Pause Remark
[2022-12-18T08:34:15.988+0900][gc          ] GC(2) Pause Remark 9M->9M(1024M) 0.972ms
[2022-12-18T08:34:15.988+0900][gc,cpu      ] GC(2) User=0.01s Sys=0.00s Real=0.00s
[2022-12-18T08:34:15.988+0900][gc,marking  ] GC(2) Concurrent Mark 2.070ms
[2022-12-18T08:34:15.988+0900][gc,marking  ] GC(2) Concurrent Rebuild Remembered Sets
[2022-12-18T08:34:15.988+0900][gc,marking  ] GC(2) Concurrent Rebuild Remembered Sets 0.005ms
[2022-12-18T08:34:15.988+0900][gc,start    ] GC(2) Pause Cleanup
[2022-12-18T08:34:15.988+0900][gc          ] GC(2) Pause Cleanup 9M->9M(1024M) 0.009ms
[2022-12-18T08:34:15.988+0900][gc,cpu      ] GC(2) User=0.00s Sys=0.00s Real=0.00s
[2022-12-18T08:34:15.988+0900][gc,marking  ] GC(2) Concurrent Cleanup for Next Mark
[2022-12-18T08:34:15.990+0900][gc,marking  ] GC(2) Concurrent Cleanup for Next Mark 1.294ms
[2022-12-18T08:34:15.990+0900][gc          ] GC(2) Concurrent Mark Cycle 5.410ms
[2022-12-18T08:34:16.444+0900][gc,start    ] GC(3) Pause Young (Normal) (G1 Evacuation Pause)
[2022-12-18T08:34:16.444+0900][gc,task     ] GC(3) Using 8 workers of 8 for evacuation
[2022-12-18T08:34:16.446+0900][gc,phases   ] GC(3)   Pre Evacuate Collection Set: 0.1ms
[2022-12-18T08:34:16.446+0900][gc,phases   ] GC(3)   Merge Heap Roots: 0.0ms
[2022-12-18T08:34:16.446+0900][gc,phases   ] GC(3)   Evacuate Collection Set: 1.9ms
[2022-12-18T08:34:16.446+0900][gc,phases   ] GC(3)   Post Evacuate Collection Set: 0.2ms
[2022-12-18T08:34:16.446+0900][gc,phases   ] GC(3)   Other: 0.1ms
[2022-12-18T08:34:16.446+0900][gc,heap     ] GC(3) Eden regions: 49->0(45)
[2022-12-18T08:34:16.446+0900][gc,heap     ] GC(3) Survivor regions: 2->6(7)
[2022-12-18T08:34:16.446+0900][gc,heap     ] GC(3) Old regions: 7->7
[2022-12-18T08:34:16.446+0900][gc,heap     ] GC(3) Archive regions: 2->2
[2022-12-18T08:34:16.446+0900][gc,heap     ] GC(3) Humongous regions: 129->129
[2022-12-18T08:34:16.446+0900][gc,metaspace] GC(3) Metaspace: 32618K(32896K)->32618K(32896K) NonClass: 28594K(28736K)->28594K(28736K) Class: 4024K(4160K)->4024K(4160K)
[2022-12-18T08:34:16.446+0900][gc          ] GC(3) Pause Young (Normal) (G1 Evacuation Pause) 186M->142M(1024M) 2.313ms
[2022-12-18T08:34:16.446+0900][gc,cpu      ] GC(3) User=0.01s Sys=0.00s Real=0.00s
[2022-12-18T08:34:16.511+0900][gc,start    ] GC(4) Pause Young (Concurrent Start) (Metadata GC Threshold)
[2022-12-18T08:34:16.526+0900][gc,task     ] GC(4) Using 8 workers of 8 for evacuation
[2022-12-18T08:34:16.529+0900][gc,phases   ] GC(4)   Pre Evacuate Collection Set: 0.2ms
[2022-12-18T08:34:16.529+0900][gc,phases   ] GC(4)   Merge Heap Roots: 0.1ms
[2022-12-18T08:34:16.529+0900][gc,phases   ] GC(4)   Evacuate Collection Set: 2.3ms
[2022-12-18T08:34:16.529+0900][gc,phases   ] GC(4)   Post Evacuate Collection Set: 0.2ms
[2022-12-18T08:34:16.529+0900][gc,phases   ] GC(4)   Other: 15.2ms
[2022-12-18T08:34:16.529+0900][gc,heap     ] GC(4) Eden regions: 14->0(49)
[2022-12-18T08:34:16.529+0900][gc,heap     ] GC(4) Survivor regions: 6->2(7)
[2022-12-18T08:34:16.529+0900][gc,heap     ] GC(4) Old regions: 7->13
[2022-12-18T08:34:16.529+0900][gc,heap     ] GC(4) Archive regions: 2->2
[2022-12-18T08:34:16.529+0900][gc,heap     ] GC(4) Humongous regions: 129->129
[2022-12-18T08:34:16.529+0900][gc,metaspace] GC(4) Metaspace: 35636K(35968K)->35636K(35968K) NonClass: 31170K(31360K)->31170K(31360K) Class: 4466K(4608K)->4466K(4608K)
[2022-12-18T08:34:16.529+0900][gc          ] GC(4) Pause Young (Concurrent Start) (Metadata GC Threshold) 155M->143M(1024M) 18.086ms
[2022-12-18T08:34:16.529+0900][gc,cpu      ] GC(4) User=0.02s Sys=0.01s Real=0.01s
[2022-12-18T08:34:16.529+0900][gc          ] GC(5) Concurrent Mark Cycle
[2022-12-18T08:34:16.529+0900][gc,marking  ] GC(5) Concurrent Clear Claimed Marks
[2022-12-18T08:34:16.529+0900][gc,marking  ] GC(5) Concurrent Clear Claimed Marks 0.015ms
[2022-12-18T08:34:16.529+0900][gc,marking  ] GC(5) Concurrent Scan Root Regions
[2022-12-18T08:34:16.530+0900][gc,marking  ] GC(5) Concurrent Scan Root Regions 1.548ms
[2022-12-18T08:34:16.530+0900][gc,marking  ] GC(5) Concurrent Mark
[2022-12-18T08:34:16.530+0900][gc,marking  ] GC(5) Concurrent Mark From Roots
[2022-12-18T08:34:16.530+0900][gc,task     ] GC(5) Using 2 workers of 2 for marking
[2022-12-18T08:34:16.534+0900][gc,marking  ] GC(5) Concurrent Mark From Roots 4.097ms
[2022-12-18T08:34:16.535+0900][gc,marking  ] GC(5) Concurrent Preclean
[2022-12-18T08:34:16.535+0900][gc,marking  ] GC(5) Concurrent Preclean 0.127ms
[2022-12-18T08:34:16.535+0900][gc,start    ] GC(5) Pause Remark
[2022-12-18T08:34:16.536+0900][gc          ] GC(5) Pause Remark 144M->144M(1024M) 1.408ms
[2022-12-18T08:34:16.536+0900][gc,cpu      ] GC(5) User=0.00s Sys=0.00s Real=0.00s
[2022-12-18T08:34:16.536+0900][gc,marking  ] GC(5) Concurrent Mark 6.036ms
[2022-12-18T08:34:16.536+0900][gc,marking  ] GC(5) Concurrent Rebuild Remembered Sets
[2022-12-18T08:34:16.540+0900][gc,marking  ] GC(5) Concurrent Rebuild Remembered Sets 3.577ms
[2022-12-18T08:34:16.540+0900][gc,start    ] GC(5) Pause Cleanup
[2022-12-18T08:34:16.540+0900][gc          ] GC(5) Pause Cleanup 145M->145M(1024M) 0.093ms
[2022-12-18T08:34:16.540+0900][gc,cpu      ] GC(5) User=0.00s Sys=0.00s Real=0.00s
[2022-12-18T08:34:16.540+0900][gc,marking  ] GC(5) Concurrent Cleanup for Next Mark
[2022-12-18T08:34:16.542+0900][gc,marking  ] GC(5) Concurrent Cleanup for Next Mark 1.405ms
[2022-12-18T08:34:16.542+0900][gc          ] GC(5) Concurrent Mark Cycle 13.094ms
[2022-12-18T08:47:24.206+0900][gc,start    ] GC(6) Pause Young (Normal) (G1 Evacuation Pause)
[2022-12-18T08:47:24.207+0900][gc,task     ] GC(6) Using 8 workers of 8 for evacuation
[2022-12-18T08:47:24.226+0900][gc,phases   ] GC(6)   Pre Evacuate Collection Set: 0.6ms
[2022-12-18T08:47:24.226+0900][gc,phases   ] GC(6)   Merge Heap Roots: 0.2ms
[2022-12-18T08:47:24.226+0900][gc,phases   ] GC(6)   Evacuate Collection Set: 16.8ms
[2022-12-18T08:47:24.226+0900][gc,phases   ] GC(6)   Post Evacuate Collection Set: 0.6ms
[2022-12-18T08:47:24.226+0900][gc,phases   ] GC(6)   Other: 1.5ms
[2022-12-18T08:47:24.226+0900][gc,heap     ] GC(6) Eden regions: 49->0(46)
[2022-12-18T08:47:24.226+0900][gc,heap     ] GC(6) Survivor regions: 2->5(7)
[2022-12-18T08:47:24.226+0900][gc,heap     ] GC(6) Old regions: 13->13
[2022-12-18T08:47:24.226+0900][gc,heap     ] GC(6) Archive regions: 2->2
[2022-12-18T08:47:24.226+0900][gc,heap     ] GC(6) Humongous regions: 129->129
[2022-12-18T08:47:24.226+0900][gc,metaspace] GC(6) Metaspace: 40143K(40704K)->40143K(40704K) NonClass: 35036K(35328K)->35036K(35328K) Class: 5106K(5376K)->5106K(5376K)
[2022-12-18T08:47:24.226+0900][gc          ] GC(6) Pause Young (Normal) (G1 Evacuation Pause) 192M->146M(1024M) 19.809ms
[2022-12-18T08:47:24.226+0900][gc,cpu      ] GC(6) User=0.02s Sys=0.05s Real=0.02s
[2022-12-18T08:54:21.507+0900][gc,start    ] GC(7) Pause Young (Normal) (G1 Evacuation Pause)
[2022-12-18T08:54:21.508+0900][gc,task     ] GC(7) Using 8 workers of 8 for evacuation
[2022-12-18T08:54:21.515+0900][gc,phases   ] GC(7)   Pre Evacuate Collection Set: 0.5ms
[2022-12-18T08:54:21.515+0900][gc,phases   ] GC(7)   Merge Heap Roots: 0.1ms
[2022-12-18T08:54:21.515+0900][gc,phases   ] GC(7)   Evacuate Collection Set: 5.9ms
[2022-12-18T08:54:21.515+0900][gc,phases   ] GC(7)   Post Evacuate Collection Set: 0.5ms
[2022-12-18T08:54:21.515+0900][gc,phases   ] GC(7)   Other: 1.5ms
[2022-12-18T08:54:21.515+0900][gc,heap     ] GC(7) Eden regions: 46->0(47)
[2022-12-18T08:54:21.515+0900][gc,heap     ] GC(7) Survivor regions: 5->4(7)
[2022-12-18T08:54:21.515+0900][gc,heap     ] GC(7) Old regions: 13->13
[2022-12-18T08:54:21.515+0900][gc,heap     ] GC(7) Archive regions: 2->2
[2022-12-18T08:54:21.515+0900][gc,heap     ] GC(7) Humongous regions: 129->129
[2022-12-18T08:54:21.515+0900][gc,metaspace] GC(7) Metaspace: 40245K(40832K)->40245K(40832K) NonClass: 35134K(35456K)->35134K(35456K) Class: 5111K(5376K)->5111K(5376K)
[2022-12-18T08:54:21.515+0900][gc          ] GC(7) Pause Young (Normal) (G1 Evacuation Pause) 192M->146M(1024M) 8.585ms
[2022-12-18T08:54:21.515+0900][gc,cpu      ] GC(7) User=0.02s Sys=0.01s Real=0.01s
[2022-12-18T09:02:05.419+0900][gc,start    ] GC(8) Pause Young (Normal) (G1 Evacuation Pause)
[2022-12-18T09:02:05.420+0900][gc,task     ] GC(8) Using 8 workers of 8 for evacuation
[2022-12-18T09:02:05.432+0900][gc,phases   ] GC(8)   Pre Evacuate Collection Set: 0.8ms
[2022-12-18T09:02:05.432+0900][gc,phases   ] GC(8)   Merge Heap Roots: 0.2ms
[2022-12-18T09:02:05.432+0900][gc,phases   ] GC(8)   Evacuate Collection Set: 9.2ms
[2022-12-18T09:02:05.432+0900][gc,phases   ] GC(8)   Post Evacuate Collection Set: 0.8ms
[2022-12-18T09:02:05.432+0900][gc,phases   ] GC(8)   Other: 1.6ms
[2022-12-18T09:02:05.432+0900][gc,heap     ] GC(8) Eden regions: 47->0(47)
[2022-12-18T09:02:05.432+0900][gc,heap     ] GC(8) Survivor regions: 4->4(7)
[2022-12-18T09:02:05.432+0900][gc,heap     ] GC(8) Old regions: 13->13
[2022-12-18T09:02:05.432+0900][gc,heap     ] GC(8) Archive regions: 2->2
[2022-12-18T09:02:05.432+0900][gc,heap     ] GC(8) Humongous regions: 129->129
[2022-12-18T09:02:05.432+0900][gc,metaspace] GC(8) Metaspace: 40317K(40896K)->40317K(40896K) NonClass: 35203K(35520K)->35203K(35520K) Class: 5114K(5376K)->5114K(5376K)
[2022-12-18T09:02:05.432+0900][gc          ] GC(8) Pause Young (Normal) (G1 Evacuation Pause) 193M->146M(1024M) 12.852ms
[2022-12-18T09:02:05.432+0900][gc,cpu      ] GC(8) User=0.02s Sys=0.02s Real=0.02s
[2022-12-18T09:10:18.290+0900][gc,start    ] GC(9) Pause Young (Normal) (G1 Evacuation Pause)
[2022-12-18T09:10:18.291+0900][gc,task     ] GC(9) Using 8 workers of 8 for evacuation
[2022-12-18T09:10:18.311+0900][gc,mmu      ] GC(9) MMU target violated: 20.1ms (20.0ms/21.0ms)
[2022-12-18T09:10:18.319+0900][gc,phases   ] GC(9)   Pre Evacuate Collection Set: 0.5ms
[2022-12-18T09:10:18.319+0900][gc,phases   ] GC(9)   Merge Heap Roots: 0.6ms
[2022-12-18T09:10:18.319+0900][gc,phases   ] GC(9)   Evacuate Collection Set: 17.4ms
[2022-12-18T09:10:18.319+0900][gc,phases   ] GC(9)   Post Evacuate Collection Set: 1.4ms
[2022-12-18T09:10:18.319+0900][gc,phases   ] GC(9)   Other: 11.5ms
[2022-12-18T09:10:18.320+0900][gc,heap     ] GC(9) Eden regions: 47->0(47)
[2022-12-18T09:10:18.320+0900][gc,heap     ] GC(9) Survivor regions: 4->4(7)
[2022-12-18T09:10:18.320+0900][gc,heap     ] GC(9) Old regions: 13->13
[2022-12-18T09:10:18.320+0900][gc,heap     ] GC(9) Archive regions: 2->2
[2022-12-18T09:10:18.320+0900][gc,heap     ] GC(9) Humongous regions: 129->129
[2022-12-18T09:10:18.320+0900][gc,metaspace] GC(9) Metaspace: 40331K(40896K)->40331K(40896K) NonClass: 35216K(35520K)->35216K(35520K) Class: 5114K(5376K)->5114K(5376K)
[2022-12-18T09:10:18.320+0900][gc          ] GC(9) Pause Young (Normal) (G1 Evacuation Pause) 193M->146M(1024M) 31.182ms
[2022-12-18T09:10:18.320+0900][gc,cpu      ] GC(9) User=0.02s Sys=0.02s Real=0.04s
[2022-12-18T09:18:55.592+0900][gc,start    ] GC(10) Pause Young (Normal) (G1 Evacuation Pause)
[2022-12-18T09:18:55.593+0900][gc,task     ] GC(10) Using 8 workers of 8 for evacuation
[2022-12-18T09:18:55.605+0900][gc,phases   ] GC(10)   Pre Evacuate Collection Set: 0.6ms
[2022-12-18T09:18:55.605+0900][gc,phases   ] GC(10)   Merge Heap Roots: 0.3ms
[2022-12-18T09:18:55.605+0900][gc,phases   ] GC(10)   Evacuate Collection Set: 9.8ms
[2022-12-18T09:18:55.605+0900][gc,phases   ] GC(10)   Post Evacuate Collection Set: 0.8ms
[2022-12-18T09:18:55.605+0900][gc,phases   ] GC(10)   Other: 1.6ms
[2022-12-18T09:18:55.605+0900][gc,heap     ] GC(10) Eden regions: 47->0(53)
[2022-12-18T09:18:55.605+0900][gc,heap     ] GC(10) Survivor regions: 4->4(7)
[2022-12-18T09:18:55.605+0900][gc,heap     ] GC(10) Old regions: 13->13
[2022-12-18T09:18:55.605+0900][gc,heap     ] GC(10) Archive regions: 2->2
[2022-12-18T09:18:55.605+0900][gc,heap     ] GC(10) Humongous regions: 129->129
[2022-12-18T09:18:55.605+0900][gc,metaspace] GC(10) Metaspace: 40374K(40960K)->40374K(40960K) NonClass: 35259K(35584K)->35259K(35584K) Class: 5115K(5376K)->5115K(5376K)
[2022-12-18T09:18:55.605+0900][gc          ] GC(10) Pause Young (Normal) (G1 Evacuation Pause) 193M->146M(1024M) 13.341ms
[2022-12-18T09:18:55.605+0900][gc,cpu      ] GC(10) User=0.03s Sys=0.02s Real=0.01s
[2022-12-18T09:28:39.696+0900][gc,start    ] GC(11) Pause Young (Normal) (G1 Evacuation Pause)
[2022-12-18T09:28:39.697+0900][gc,task     ] GC(11) Using 8 workers of 8 for evacuation
[2022-12-18T09:28:39.716+0900][gc,phases   ] GC(11)   Pre Evacuate Collection Set: 0.7ms
[2022-12-18T09:28:39.716+0900][gc,phases   ] GC(11)   Merge Heap Roots: 0.9ms
[2022-12-18T09:28:39.716+0900][gc,phases   ] GC(11)   Evacuate Collection Set: 15.2ms
[2022-12-18T09:28:39.716+0900][gc,phases   ] GC(11)   Post Evacuate Collection Set: 1.0ms
[2022-12-18T09:28:39.716+0900][gc,phases   ] GC(11)   Other: 1.5ms
[2022-12-18T09:28:39.716+0900][gc,heap     ] GC(11) Eden regions: 53->0(150)
[2022-12-18T09:28:39.716+0900][gc,heap     ] GC(11) Survivor regions: 4->4(8)
[2022-12-18T09:28:39.716+0900][gc,heap     ] GC(11) Old regions: 13->13
[2022-12-18T09:28:39.716+0900][gc,heap     ] GC(11) Archive regions: 2->2
[2022-12-18T09:28:39.716+0900][gc,heap     ] GC(11) Humongous regions: 129->129
[2022-12-18T09:28:39.716+0900][gc,metaspace] GC(11) Metaspace: 40392K(40960K)->40392K(40960K) NonClass: 35277K(35584K)->35277K(35584K) Class: 5115K(5376K)->5115K(5376K)
[2022-12-18T09:28:39.716+0900][gc          ] GC(11) Pause Young (Normal) (G1 Evacuation Pause) 199M->146M(1024M) 19.439ms
[2022-12-18T09:28:39.716+0900][gc,cpu      ] GC(11) User=0.02s Sys=0.02s Real=0.02s
[2022-12-18T09:55:56.437+0900][gc,start    ] GC(12) Pause Young (Normal) (G1 Evacuation Pause)
[2022-12-18T09:55:56.437+0900][gc,task     ] GC(12) Using 8 workers of 8 for evacuation
[2022-12-18T09:55:56.456+0900][gc,phases   ] GC(12)   Pre Evacuate Collection Set: 0.7ms
[2022-12-18T09:55:56.456+0900][gc,phases   ] GC(12)   Merge Heap Roots: 0.8ms
[2022-12-18T09:55:56.456+0900][gc,phases   ] GC(12)   Evacuate Collection Set: 14.5ms
[2022-12-18T09:55:56.456+0900][gc,phases   ] GC(12)   Post Evacuate Collection Set: 1.3ms
[2022-12-18T09:55:56.456+0900][gc,phases   ] GC(12)   Other: 3.5ms
[2022-12-18T09:55:56.456+0900][gc,heap     ] GC(12) Eden regions: 150->0(537)
[2022-12-18T09:55:56.456+0900][gc,heap     ] GC(12) Survivor regions: 4->3(20)
[2022-12-18T09:55:56.456+0900][gc,heap     ] GC(12) Old regions: 13->13
[2022-12-18T09:55:56.456+0900][gc,heap     ] GC(12) Archive regions: 2->2
[2022-12-18T09:55:56.456+0900][gc,heap     ] GC(12) Humongous regions: 129->129
[2022-12-18T09:55:56.457+0900][gc,metaspace] GC(12) Metaspace: 40479K(41024K)->40479K(41024K) NonClass: 35359K(35648K)->35359K(35648K) Class: 5119K(5376K)->5119K(5376K)
[2022-12-18T09:55:56.457+0900][gc          ] GC(12) Pause Young (Normal) (G1 Evacuation Pause) 296M->145M(1024M) 20.722ms
[2022-12-18T09:55:56.457+0900][gc,cpu      ] GC(12) User=0.02s Sys=0.02s Real=0.02s
[2022-12-18T11:35:30.497+0900][gc,start    ] GC(13) Pause Young (Normal) (G1 Evacuation Pause)
[2022-12-18T11:35:30.498+0900][gc,task     ] GC(13) Using 8 workers of 8 for evacuation
[2022-12-18T11:35:30.616+0900][gc,mmu      ] GC(13) MMU target violated: 21.0ms (20.0ms/21.0ms)
[2022-12-18T11:35:30.616+0900][gc,phases   ] GC(13)   Pre Evacuate Collection Set: 3.4ms
[2022-12-18T11:35:30.616+0900][gc,phases   ] GC(13)   Merge Heap Roots: 0.2ms
[2022-12-18T11:35:30.616+0900][gc,phases   ] GC(13)   Evacuate Collection Set: 112.4ms
[2022-12-18T11:35:30.616+0900][gc,phases   ] GC(13)   Post Evacuate Collection Set: 2.0ms
[2022-12-18T11:35:30.616+0900][gc,phases   ] GC(13)   Other: 2.6ms
[2022-12-18T11:35:30.616+0900][gc,heap     ] GC(13) Eden regions: 537->0(46)
[2022-12-18T11:35:30.616+0900][gc,heap     ] GC(13) Survivor regions: 3->5(68)
[2022-12-18T11:35:30.616+0900][gc,heap     ] GC(13) Old regions: 13->13
[2022-12-18T11:35:30.616+0900][gc,heap     ] GC(13) Archive regions: 2->2
[2022-12-18T11:35:30.616+0900][gc,heap     ] GC(13) Humongous regions: 129->129
[2022-12-18T11:35:30.616+0900][gc,metaspace] GC(13) Metaspace: 40550K(41088K)->40550K(41088K) NonClass: 35430K(35712K)->35430K(35712K) Class: 5119K(5376K)->5119K(5376K)
[2022-12-18T11:35:30.618+0900][gc          ] GC(13) Pause Young (Normal) (G1 Evacuation Pause) 682M->147M(1024M) 119.114ms
[2022-12-18T11:35:30.618+0900][gc,cpu      ] GC(13) User=0.10s Sys=0.07s Real=0.12s
[2022-12-18T11:43:56.234+0900][gc,start    ] GC(14) Pause Young (Normal) (G1 Evacuation Pause)
[2022-12-18T11:43:56.235+0900][gc,task     ] GC(14) Using 8 workers of 8 for evacuation
[2022-12-18T11:43:56.253+0900][gc,phases   ] GC(14)   Pre Evacuate Collection Set: 0.5ms
[2022-12-18T11:43:56.253+0900][gc,phases   ] GC(14)   Merge Heap Roots: 0.2ms
[2022-12-18T11:43:56.253+0900][gc,phases   ] GC(14)   Evacuate Collection Set: 15.6ms
[2022-12-18T11:43:56.253+0900][gc,phases   ] GC(14)   Post Evacuate Collection Set: 0.9ms
[2022-12-18T11:43:56.253+0900][gc,phases   ] GC(14)   Other: 1.9ms
[2022-12-18T11:43:56.253+0900][gc,heap     ] GC(14) Eden regions: 46->0(68)
[2022-12-18T11:43:56.253+0900][gc,heap     ] GC(14) Survivor regions: 5->3(7)
[2022-12-18T11:43:56.253+0900][gc,heap     ] GC(14) Old regions: 13->15
[2022-12-18T11:43:56.253+0900][gc,heap     ] GC(14) Archive regions: 2->2
[2022-12-18T11:43:56.253+0900][gc,heap     ] GC(14) Humongous regions: 129->129
[2022-12-18T11:43:56.253+0900][gc,metaspace] GC(14) Metaspace: 40553K(41088K)->40553K(41088K) NonClass: 35434K(35712K)->35434K(35712K) Class: 5119K(5376K)->5119K(5376K)
[2022-12-18T11:43:56.253+0900][gc          ] GC(14) Pause Young (Normal) (G1 Evacuation Pause) 193M->147M(1024M) 19.191ms
[2022-12-18T11:43:56.253+0900][gc,cpu      ] GC(14) User=0.03s Sys=0.02s Real=0.02s
[2022-12-18T11:56:26.893+0900][gc,start    ] GC(15) Pause Young (Normal) (G1 Evacuation Pause)
[2022-12-18T11:56:26.894+0900][gc,task     ] GC(15) Using 8 workers of 8 for evacuation
[2022-12-18T11:56:26.912+0900][gc,phases   ] GC(15)   Pre Evacuate Collection Set: 0.8ms
[2022-12-18T11:56:26.912+0900][gc,phases   ] GC(15)   Merge Heap Roots: 0.2ms
[2022-12-18T11:56:26.912+0900][gc,phases   ] GC(15)   Evacuate Collection Set: 16.4ms
[2022-12-18T11:56:26.912+0900][gc,phases   ] GC(15)   Post Evacuate Collection Set: 0.9ms
[2022-12-18T11:56:26.912+0900][gc,phases   ] GC(15)   Other: 1.2ms
[2022-12-18T11:56:26.912+0900][gc,heap     ] GC(15) Eden regions: 68->0(477)
[2022-12-18T11:56:26.912+0900][gc,heap     ] GC(15) Survivor regions: 3->3(9)
[2022-12-18T11:56:26.912+0900][gc,heap     ] GC(15) Old regions: 15->15
[2022-12-18T11:56:26.912+0900][gc,heap     ] GC(15) Archive regions: 2->2
[2022-12-18T11:56:26.912+0900][gc,heap     ] GC(15) Humongous regions: 129->129
[2022-12-18T11:56:26.913+0900][gc,metaspace] GC(15) Metaspace: 40561K(41088K)->40561K(41088K) NonClass: 35441K(35712K)->35441K(35712K) Class: 5119K(5376K)->5119K(5376K)
[2022-12-18T11:56:26.913+0900][gc          ] GC(15) Pause Young (Normal) (G1 Evacuation Pause) 215M->147M(1024M) 19.721ms
[2022-12-18T11:56:26.913+0900][gc,cpu      ] GC(15) User=0.02s Sys=0.01s Real=0.02s
[2022-12-18T13:57:32.890+0900][gc,start    ] GC(16) Pause Young (Normal) (G1 Evacuation Pause)
[2022-12-18T13:57:32.892+0900][gc,task     ] GC(16) Using 8 workers of 8 for evacuation
[2022-12-18T13:57:32.919+0900][gc,mmu      ] GC(16) MMU target violated: 21.0ms (20.0ms/21.0ms)
[2022-12-18T13:57:32.919+0900][gc,phases   ] GC(16)   Pre Evacuate Collection Set: 0.7ms
[2022-12-18T13:57:32.919+0900][gc,phases   ] GC(16)   Merge Heap Roots: 0.4ms
[2022-12-18T13:57:32.919+0900][gc,phases   ] GC(16)   Evacuate Collection Set: 23.2ms
[2022-12-18T13:57:32.919+0900][gc,phases   ] GC(16)   Post Evacuate Collection Set: 1.2ms
[2022-12-18T13:57:32.919+0900][gc,phases   ] GC(16)   Other: 3.4ms
[2022-12-18T13:57:32.919+0900][gc,heap     ] GC(16) Eden regions: 477->0(497)
[2022-12-18T13:57:32.919+0900][gc,heap     ] GC(16) Survivor regions: 3->4(60)
[2022-12-18T13:57:32.919+0900][gc,heap     ] GC(16) Old regions: 15->15
[2022-12-18T13:57:32.919+0900][gc,heap     ] GC(16) Archive regions: 2->2
[2022-12-18T13:57:32.919+0900][gc,heap     ] GC(16) Humongous regions: 129->129
[2022-12-18T13:57:32.919+0900][gc,metaspace] GC(16) Metaspace: 40592K(41152K)->40592K(41152K) NonClass: 35472K(35776K)->35472K(35776K) Class: 5119K(5376K)->5119K(5376K)
[2022-12-18T13:57:32.919+0900][gc          ] GC(16) Pause Young (Normal) (G1 Evacuation Pause) 624M->147M(1024M) 28.943ms
[2022-12-18T13:57:32.919+0900][gc,cpu      ] GC(16) User=0.04s Sys=0.03s Real=0.02s
[2022-12-18T16:01:27.562+0900][gc,start    ] GC(17) Pause Young (Normal) (G1 Evacuation Pause)
[2022-12-18T16:01:27.564+0900][gc,task     ] GC(17) Using 8 workers of 8 for evacuation
[2022-12-18T16:01:27.669+0900][gc,mmu      ] GC(17) MMU target violated: 21.0ms (20.0ms/21.0ms)
[2022-12-18T16:01:27.669+0900][gc,phases   ] GC(17)   Pre Evacuate Collection Set: 2.9ms
[2022-12-18T16:01:27.669+0900][gc,phases   ] GC(17)   Merge Heap Roots: 1.1ms
[2022-12-18T16:01:27.669+0900][gc,phases   ] GC(17)   Evacuate Collection Set: 97.6ms
[2022-12-18T16:01:27.669+0900][gc,phases   ] GC(17)   Post Evacuate Collection Set: 3.3ms
[2022-12-18T16:01:27.669+0900][gc,phases   ] GC(17)   Other: 2.9ms
[2022-12-18T16:01:27.669+0900][gc,heap     ] GC(17) Eden regions: 497->0(47)
[2022-12-18T16:01:27.669+0900][gc,heap     ] GC(17) Survivor regions: 4->4(63)
[2022-12-18T16:01:27.669+0900][gc,heap     ] GC(17) Old regions: 15->15
[2022-12-18T16:01:27.669+0900][gc,heap     ] GC(17) Archive regions: 2->2
[2022-12-18T16:01:27.669+0900][gc,heap     ] GC(17) Humongous regions: 129->129
[2022-12-18T16:01:27.669+0900][gc,metaspace] GC(17) Metaspace: 40637K(41152K)->40637K(41152K) NonClass: 35517K(35776K)->35517K(35776K) Class: 5119K(5376K)->5119K(5376K)
[2022-12-18T16:01:27.669+0900][gc          ] GC(17) Pause Young (Normal) (G1 Evacuation Pause) 644M->147M(1024M) 106.791ms
[2022-12-18T16:01:27.669+0900][gc,cpu      ] GC(17) User=0.09s Sys=0.05s Real=0.10s
[2022-12-18T16:10:06.483+0900][gc,start    ] GC(18) Pause Young (Normal) (G1 Evacuation Pause)
[2022-12-18T16:10:06.484+0900][gc,task     ] GC(18) Using 8 workers of 8 for evacuation
[2022-12-18T16:10:06.505+0900][gc,mmu      ] GC(18) MMU target violated: 20.7ms (20.0ms/21.0ms)
[2022-12-18T16:10:06.505+0900][gc,phases   ] GC(18)   Pre Evacuate Collection Set: 4.1ms
[2022-12-18T16:10:06.505+0900][gc,phases   ] GC(18)   Merge Heap Roots: 0.2ms
[2022-12-18T16:10:06.505+0900][gc,phases   ] GC(18)   Evacuate Collection Set: 15.2ms
[2022-12-18T16:10:06.505+0900][gc,phases   ] GC(18)   Post Evacuate Collection Set: 1.0ms
[2022-12-18T16:10:06.505+0900][gc,phases   ] GC(18)   Other: 3.4ms
[2022-12-18T16:10:06.505+0900][gc,heap     ] GC(18) Eden regions: 47->0(47)
[2022-12-18T16:10:06.505+0900][gc,heap     ] GC(18) Survivor regions: 4->4(7)
[2022-12-18T16:10:06.505+0900][gc,heap     ] GC(18) Old regions: 15->15
[2022-12-18T16:10:06.505+0900][gc,heap     ] GC(18) Archive regions: 2->2
[2022-12-18T16:10:06.505+0900][gc,heap     ] GC(18) Humongous regions: 129->129
[2022-12-18T16:10:06.505+0900][gc,metaspace] GC(18) Metaspace: 40640K(41152K)->40640K(41152K) NonClass: 35520K(35776K)->35520K(35776K) Class: 5119K(5376K)->5119K(5376K)
[2022-12-18T16:10:06.505+0900][gc          ] GC(18) Pause Young (Normal) (G1 Evacuation Pause) 194M->147M(1024M) 22.566ms
[2022-12-18T16:10:06.506+0900][gc,cpu      ] GC(18) User=0.02s Sys=0.03s Real=0.02s
[2022-12-18T16:18:41.484+0900][gc,start    ] GC(19) Pause Young (Normal) (G1 Evacuation Pause)
[2022-12-18T16:18:41.486+0900][gc,task     ] GC(19) Using 8 workers of 8 for evacuation
[2022-12-18T16:18:41.513+0900][gc,mmu      ] GC(19) MMU target violated: 21.0ms (20.0ms/21.0ms)
[2022-12-18T16:18:41.513+0900][gc,phases   ] GC(19)   Pre Evacuate Collection Set: 1.0ms
[2022-12-18T16:18:41.513+0900][gc,phases   ] GC(19)   Merge Heap Roots: 0.4ms
[2022-12-18T16:18:41.513+0900][gc,phases   ] GC(19)   Evacuate Collection Set: 24.6ms
[2022-12-18T16:18:41.513+0900][gc,phases   ] GC(19)   Post Evacuate Collection Set: 0.9ms
[2022-12-18T16:18:41.513+0900][gc,phases   ] GC(19)   Other: 2.3ms
[2022-12-18T16:18:41.513+0900][gc,heap     ] GC(19) Eden regions: 47->0(49)
[2022-12-18T16:18:41.513+0900][gc,heap     ] GC(19) Survivor regions: 4->2(7)
[2022-12-18T16:18:41.513+0900][gc,heap     ] GC(19) Old regions: 15->15
[2022-12-18T16:18:41.513+0900][gc,heap     ] GC(19) Archive regions: 2->2
[2022-12-18T16:18:41.513+0900][gc,heap     ] GC(19) Humongous regions: 129->129
[2022-12-18T16:18:41.513+0900][gc,metaspace] GC(19) Metaspace: 40641K(41152K)->40641K(41152K) NonClass: 35521K(35776K)->35521K(35776K) Class: 5119K(5376K)->5119K(5376K)
[2022-12-18T16:18:41.513+0900][gc          ] GC(19) Pause Young (Normal) (G1 Evacuation Pause) 194M->146M(1024M) 29.235ms
[2022-12-18T16:18:41.513+0900][gc,cpu      ] GC(19) User=0.02s Sys=0.04s Real=0.03s
[2022-12-18T16:27:40.250+0900][gc,start    ] GC(20) Pause Young (Normal) (G1 Evacuation Pause)
[2022-12-18T16:27:40.253+0900][gc,task     ] GC(20) Using 8 workers of 8 for evacuation
[2022-12-18T16:27:40.269+0900][gc,phases   ] GC(20)   Pre Evacuate Collection Set: 0.9ms
[2022-12-18T16:27:40.269+0900][gc,phases   ] GC(20)   Merge Heap Roots: 0.3ms
[2022-12-18T16:27:40.269+0900][gc,phases   ] GC(20)   Evacuate Collection Set: 14.1ms
[2022-12-18T16:27:40.269+0900][gc,phases   ] GC(20)   Post Evacuate Collection Set: 0.7ms
[2022-12-18T16:27:40.269+0900][gc,phases   ] GC(20)   Other: 2.7ms
[2022-12-18T16:27:40.269+0900][gc,heap     ] GC(20) Eden regions: 49->0(48)
[2022-12-18T16:27:40.269+0900][gc,heap     ] GC(20) Survivor regions: 2->3(7)
[2022-12-18T16:27:40.269+0900][gc,heap     ] GC(20) Old regions: 15->15
[2022-12-18T16:27:40.269+0900][gc,heap     ] GC(20) Archive regions: 2->2
[2022-12-18T16:27:40.269+0900][gc,heap     ] GC(20) Humongous regions: 129->129
[2022-12-18T16:27:40.269+0900][gc,metaspace] GC(20) Metaspace: 40642K(41152K)->40642K(41152K) NonClass: 35522K(35776K)->35522K(35776K) Class: 5119K(5376K)->5119K(5376K)
[2022-12-18T16:27:40.269+0900][gc          ] GC(20) Pause Young (Normal) (G1 Evacuation Pause) 195M->146M(1024M) 18.995ms
[2022-12-18T16:27:40.269+0900][gc,cpu      ] GC(20) User=0.02s Sys=0.02s Real=0.01s
[2022-12-18T16:36:27.414+0900][gc,start    ] GC(21) Pause Young (Normal) (G1 Evacuation Pause)
[2022-12-18T16:36:27.416+0900][gc,task     ] GC(21) Using 8 workers of 8 for evacuation
[2022-12-18T16:36:27.432+0900][gc,phases   ] GC(21)   Pre Evacuate Collection Set: 1.0ms
[2022-12-18T16:36:27.448+0900][gc,phases   ] GC(21)   Merge Heap Roots: 0.4ms
[2022-12-18T16:36:27.448+0900][gc,phases   ] GC(21)   Evacuate Collection Set: 13.1ms
[2022-12-18T16:36:27.448+0900][gc,phases   ] GC(21)   Post Evacuate Collection Set: 1.1ms
[2022-12-18T16:36:27.448+0900][gc,phases   ] GC(21)   Other: 2.8ms
[2022-12-18T16:36:27.448+0900][gc,heap     ] GC(21) Eden regions: 48->0(63)
[2022-12-18T16:36:27.448+0900][gc,heap     ] GC(21) Survivor regions: 3->3(7)
[2022-12-18T16:36:27.448+0900][gc,heap     ] GC(21) Old regions: 15->15
[2022-12-18T16:36:27.448+0900][gc,heap     ] GC(21) Archive regions: 2->2
[2022-12-18T16:36:27.448+0900][gc,heap     ] GC(21) Humongous regions: 129->129
[2022-12-18T16:36:27.448+0900][gc,metaspace] GC(21) Metaspace: 40644K(41152K)->40644K(41152K) NonClass: 35524K(35776K)->35524K(35776K) Class: 5119K(5376K)->5119K(5376K)
[2022-12-18T16:36:27.449+0900][gc          ] GC(21) Pause Young (Normal) (G1 Evacuation Pause) 194M->146M(1024M) 35.061ms
[2022-12-18T16:36:27.449+0900][gc,cpu      ] GC(21) User=0.02s Sys=0.02s Real=0.03s
[2022-12-18T16:46:41.572+0900][gc,start    ] GC(22) Pause Young (Normal) (G1 Evacuation Pause)
[2022-12-18T16:46:41.574+0900][gc,task     ] GC(22) Using 8 workers of 8 for evacuation
[2022-12-18T16:46:41.592+0900][gc,phases   ] GC(22)   Pre Evacuate Collection Set: 0.6ms
[2022-12-18T16:46:41.592+0900][gc,phases   ] GC(22)   Merge Heap Roots: 0.3ms
[2022-12-18T16:46:41.592+0900][gc,phases   ] GC(22)   Evacuate Collection Set: 15.9ms
[2022-12-18T16:46:41.592+0900][gc,phases   ] GC(22)   Post Evacuate Collection Set: 0.5ms
[2022-12-18T16:46:41.592+0900][gc,phases   ] GC(22)   Other: 2.0ms
[2022-12-18T16:46:41.592+0900][gc,heap     ] GC(22) Eden regions: 63->0(262)
[2022-12-18T16:46:41.592+0900][gc,heap     ] GC(22) Survivor regions: 3->3(9)
[2022-12-18T16:46:41.592+0900][gc,heap     ] GC(22) Old regions: 15->15
[2022-12-18T16:46:41.592+0900][gc,heap     ] GC(22) Archive regions: 2->2
[2022-12-18T16:46:41.592+0900][gc,heap     ] GC(22) Humongous regions: 129->129
[2022-12-18T16:46:41.592+0900][gc,metaspace] GC(22) Metaspace: 41648K(42240K)->41648K(42240K) NonClass: 36347K(36672K)->36347K(36672K) Class: 5300K(5568K)->5300K(5568K)
[2022-12-18T16:46:41.592+0900][gc          ] GC(22) Pause Young (Normal) (G1 Evacuation Pause) 209M->146M(1024M) 19.274ms
[2022-12-18T16:46:41.592+0900][gc,cpu      ] GC(22) User=0.02s Sys=0.02s Real=0.02s
[2022-12-18T17:33:34.175+0900][gc,start    ] GC(23) Pause Young (Normal) (G1 Evacuation Pause)
[2022-12-18T17:33:34.175+0900][gc,task     ] GC(23) Using 8 workers of 8 for evacuation
[2022-12-18T17:33:34.206+0900][gc,mmu      ] GC(23) MMU target violated: 21.0ms (20.0ms/21.0ms)
[2022-12-18T17:33:34.206+0900][gc,phases   ] GC(23)   Pre Evacuate Collection Set: 0.6ms
[2022-12-18T17:33:34.206+0900][gc,phases   ] GC(23)   Merge Heap Roots: 0.1ms
[2022-12-18T17:33:34.206+0900][gc,phases   ] GC(23)   Evacuate Collection Set: 29.1ms
[2022-12-18T17:33:34.206+0900][gc,phases   ] GC(23)   Post Evacuate Collection Set: 1.1ms
[2022-12-18T17:33:34.206+0900][gc,phases   ] GC(23)   Other: 0.8ms
[2022-12-18T17:33:34.206+0900][gc,heap     ] GC(23) Eden regions: 262->0(47)
[2022-12-18T17:33:34.206+0900][gc,heap     ] GC(23) Survivor regions: 3->4(34)
[2022-12-18T17:33:34.206+0900][gc,heap     ] GC(23) Old regions: 15->15
[2022-12-18T17:33:34.206+0900][gc,heap     ] GC(23) Archive regions: 2->2
[2022-12-18T17:33:34.206+0900][gc,heap     ] GC(23) Humongous regions: 129->129
[2022-12-18T17:33:34.206+0900][gc,metaspace] GC(23) Metaspace: 41678K(42240K)->41678K(42240K) NonClass: 36375K(36672K)->36375K(36672K) Class: 5303K(5568K)->5303K(5568K)
[2022-12-18T17:33:34.206+0900][gc          ] GC(23) Pause Young (Normal) (G1 Evacuation Pause) 408M->147M(1024M) 31.924ms
[2022-12-18T17:33:34.206+0900][gc,cpu      ] GC(23) User=0.03s Sys=0.05s Real=0.03s
[2022-12-18T17:38:36.025+0900][gc,start    ] GC(24) Pause Young (Normal) (G1 Evacuation Pause)
[2022-12-18T17:38:36.026+0900][gc,task     ] GC(24) Using 8 workers of 8 for evacuation
[2022-12-18T17:38:36.036+0900][gc,phases   ] GC(24)   Pre Evacuate Collection Set: 0.6ms
[2022-12-18T17:38:36.036+0900][gc,phases   ] GC(24)   Merge Heap Roots: 0.3ms
[2022-12-18T17:38:36.036+0900][gc,phases   ] GC(24)   Evacuate Collection Set: 7.7ms
[2022-12-18T17:38:36.036+0900][gc,phases   ] GC(24)   Post Evacuate Collection Set: 0.5ms
[2022-12-18T17:38:36.036+0900][gc,phases   ] GC(24)   Other: 1.5ms
[2022-12-18T17:38:36.036+0900][gc,heap     ] GC(24) Eden regions: 47->0(47)
[2022-12-18T17:38:36.036+0900][gc,heap     ] GC(24) Survivor regions: 4->4(7)
[2022-12-18T17:38:36.036+0900][gc,heap     ] GC(24) Old regions: 15->15
[2022-12-18T17:38:36.036+0900][gc,heap     ] GC(24) Archive regions: 2->2
[2022-12-18T17:38:36.036+0900][gc,heap     ] GC(24) Humongous regions: 129->129
[2022-12-18T17:38:36.036+0900][gc,metaspace] GC(24) Metaspace: 43136K(43776K)->43136K(43776K) NonClass: 37546K(37888K)->37546K(37888K) Class: 5590K(5888K)->5590K(5888K)
[2022-12-18T17:38:36.036+0900][gc          ] GC(24) Pause Young (Normal) (G1 Evacuation Pause) 194M->147M(1024M) 10.594ms
[2022-12-18T17:38:36.036+0900][gc,cpu      ] GC(24) User=0.02s Sys=0.02s Real=0.01s
[2022-12-18T17:44:31.770+0900][gc,start    ] GC(25) Pause Young (Normal) (G1 Evacuation Pause)
[2022-12-18T17:44:31.771+0900][gc,task     ] GC(25) Using 8 workers of 8 for evacuation
[2022-12-18T17:44:31.787+0900][gc,phases   ] GC(25)   Pre Evacuate Collection Set: 0.5ms
[2022-12-18T17:44:31.788+0900][gc,phases   ] GC(25)   Merge Heap Roots: 0.1ms
[2022-12-18T17:44:31.788+0900][gc,phases   ] GC(25)   Evacuate Collection Set: 14.9ms
[2022-12-18T17:44:31.788+0900][gc,phases   ] GC(25)   Post Evacuate Collection Set: 1.3ms
[2022-12-18T17:44:31.788+0900][gc,phases   ] GC(25)   Other: 0.8ms
[2022-12-18T17:44:31.788+0900][gc,heap     ] GC(25) Eden regions: 47->0(47)
[2022-12-18T17:44:31.788+0900][gc,heap     ] GC(25) Survivor regions: 4->4(7)
[2022-12-18T17:44:31.788+0900][gc,heap     ] GC(25) Old regions: 15->15
[2022-12-18T17:44:31.788+0900][gc,heap     ] GC(25) Archive regions: 2->2
[2022-12-18T17:44:31.788+0900][gc,heap     ] GC(25) Humongous regions: 129->129
[2022-12-18T17:44:31.788+0900][gc,metaspace] GC(25) Metaspace: 43225K(43904K)->43225K(43904K) NonClass: 37635K(38016K)->37635K(38016K) Class: 5590K(5888K)->5590K(5888K)
[2022-12-18T17:44:31.788+0900][gc          ] GC(25) Pause Young (Normal) (G1 Evacuation Pause) 194M->148M(1024M) 17.754ms
[2022-12-18T17:44:31.788+0900][gc,cpu      ] GC(25) User=0.02s Sys=0.01s Real=0.01s
[2022-12-18T17:50:28.161+0900][gc,start    ] GC(26) Pause Young (Normal) (G1 Evacuation Pause)
[2022-12-18T17:50:28.162+0900][gc,task     ] GC(26) Using 8 workers of 8 for evacuation
[2022-12-18T17:50:28.190+0900][gc,mmu      ] GC(26) MMU target violated: 21.0ms (20.0ms/21.0ms)
[2022-12-18T17:50:28.190+0900][gc,phases   ] GC(26)   Pre Evacuate Collection Set: 0.5ms
[2022-12-18T17:50:28.190+0900][gc,phases   ] GC(26)   Merge Heap Roots: 0.1ms
[2022-12-18T17:50:28.190+0900][gc,phases   ] GC(26)   Evacuate Collection Set: 26.7ms
[2022-12-18T17:50:28.190+0900][gc,phases   ] GC(26)   Post Evacuate Collection Set: 0.7ms
[2022-12-18T17:50:28.190+0900][gc,phases   ] GC(26)   Other: 1.6ms
[2022-12-18T17:50:28.190+0900][gc,heap     ] GC(26) Eden regions: 47->0(46)
[2022-12-18T17:50:28.190+0900][gc,heap     ] GC(26) Survivor regions: 4->5(7)
[2022-12-18T17:50:28.190+0900][gc,heap     ] GC(26) Old regions: 15->15
[2022-12-18T17:50:28.190+0900][gc,heap     ] GC(26) Archive regions: 2->2
[2022-12-18T17:50:28.190+0900][gc,heap     ] GC(26) Humongous regions: 129->129
[2022-12-18T17:50:28.190+0900][gc,metaspace] GC(26) Metaspace: 43302K(43904K)->43302K(43904K) NonClass: 37698K(38016K)->37698K(38016K) Class: 5603K(5888K)->5603K(5888K)
[2022-12-18T17:50:28.190+0900][gc          ] GC(26) Pause Young (Normal) (G1 Evacuation Pause) 195M->148M(1024M) 29.755ms
[2022-12-18T17:50:28.190+0900][gc,cpu      ] GC(26) User=0.02s Sys=0.02s Real=0.03s
[2022-12-18T17:53:59.778+0900][gc,start    ] GC(27) Pause Young (Normal) (G1 Evacuation Pause)
[2022-12-18T17:53:59.778+0900][gc,task     ] GC(27) Using 8 workers of 8 for evacuation
[2022-12-18T17:53:59.782+0900][gc,phases   ] GC(27)   Pre Evacuate Collection Set: 0.7ms
[2022-12-18T17:53:59.782+0900][gc,phases   ] GC(27)   Merge Heap Roots: 0.1ms
[2022-12-18T17:53:59.782+0900][gc,phases   ] GC(27)   Evacuate Collection Set: 2.2ms
[2022-12-18T17:53:59.782+0900][gc,phases   ] GC(27)   Post Evacuate Collection Set: 0.3ms
[2022-12-18T17:53:59.782+0900][gc,phases   ] GC(27)   Other: 0.6ms
[2022-12-18T17:53:59.782+0900][gc,heap     ] GC(27) Eden regions: 46->0(110)
[2022-12-18T17:53:59.782+0900][gc,heap     ] GC(27) Survivor regions: 5->4(7)
[2022-12-18T17:53:59.782+0900][gc,heap     ] GC(27) Old regions: 15->16
[2022-12-18T17:53:59.782+0900][gc,heap     ] GC(27) Archive regions: 2->2
[2022-12-18T17:53:59.782+0900][gc,heap     ] GC(27) Humongous regions: 129->129
[2022-12-18T17:53:59.782+0900][gc,metaspace] GC(27) Metaspace: 43670K(44288K)->43670K(44288K) NonClass: 38063K(38400K)->38063K(38400K) Class: 5607K(5888K)->5607K(5888K)
[2022-12-18T17:53:59.782+0900][gc          ] GC(27) Pause Young (Normal) (G1 Evacuation Pause) 194M->148M(1024M) 3.775ms
[2022-12-18T17:53:59.782+0900][gc,cpu      ] GC(27) User=0.01s Sys=0.01s Real=0.01s
[2022-12-18T17:54:04.033+0900][gc,start    ] GC(28) Pause Young (Normal) (G1 Evacuation Pause)
[2022-12-18T17:54:04.033+0900][gc,task     ] GC(28) Using 8 workers of 8 for evacuation
[2022-12-18T17:54:04.036+0900][gc,phases   ] GC(28)   Pre Evacuate Collection Set: 0.1ms
[2022-12-18T17:54:04.036+0900][gc,phases   ] GC(28)   Merge Heap Roots: 0.1ms
[2022-12-18T17:54:04.036+0900][gc,phases   ] GC(28)   Evacuate Collection Set: 3.0ms
[2022-12-18T17:54:04.036+0900][gc,phases   ] GC(28)   Post Evacuate Collection Set: 0.3ms
[2022-12-18T17:54:04.036+0900][gc,phases   ] GC(28)   Other: 0.1ms
[2022-12-18T17:54:04.036+0900][gc,heap     ] GC(28) Eden regions: 108->0(208)
[2022-12-18T17:54:04.036+0900][gc,heap     ] GC(28) Survivor regions: 4->4(14)
[2022-12-18T17:54:04.036+0900][gc,heap     ] GC(28) Old regions: 16->16
[2022-12-18T17:54:04.036+0900][gc,heap     ] GC(28) Archive regions: 2->2
[2022-12-18T17:54:04.036+0900][gc,heap     ] GC(28) Humongous regions: 129->129
[2022-12-18T17:54:04.036+0900][gc,metaspace] GC(28) Metaspace: 43915K(44544K)->43915K(44544K) NonClass: 38308K(38656K)->38308K(38656K) Class: 5607K(5888K)->5607K(5888K)
[2022-12-18T17:54:04.037+0900][gc          ] GC(28) Pause Young (Normal) (G1 Evacuation Pause) 256M->148M(1024M) 3.636ms
[2022-12-18T17:54:04.037+0900][gc,cpu      ] GC(28) User=0.01s Sys=0.01s Real=0.00s
[2022-12-18T17:54:08.928+0900][gc,start    ] GC(29) Pause Young (Normal) (G1 Evacuation Pause)
[2022-12-18T17:54:08.929+0900][gc,task     ] GC(29) Using 8 workers of 8 for evacuation
[2022-12-18T17:54:08.933+0900][gc,phases   ] GC(29)   Pre Evacuate Collection Set: 0.2ms
[2022-12-18T17:54:08.933+0900][gc,phases   ] GC(29)   Merge Heap Roots: 0.1ms
[2022-12-18T17:54:08.933+0900][gc,phases   ] GC(29)   Evacuate Collection Set: 3.8ms
[2022-12-18T17:54:08.933+0900][gc,phases   ] GC(29)   Post Evacuate Collection Set: 0.3ms
[2022-12-18T17:54:08.933+0900][gc,phases   ] GC(29)   Other: 0.3ms
[2022-12-18T17:54:08.933+0900][gc,heap     ] GC(29) Eden regions: 208->0(287)
[2022-12-18T17:54:08.933+0900][gc,heap     ] GC(29) Survivor regions: 4->4(27)
[2022-12-18T17:54:08.933+0900][gc,heap     ] GC(29) Old regions: 16->16
[2022-12-18T17:54:08.933+0900][gc,heap     ] GC(29) Archive regions: 2->2
[2022-12-18T17:54:08.933+0900][gc,heap     ] GC(29) Humongous regions: 129->129
[2022-12-18T17:54:08.933+0900][gc,metaspace] GC(29) Metaspace: 43935K(44544K)->43935K(44544K) NonClass: 38326K(38656K)->38326K(38656K) Class: 5608K(5888K)->5608K(5888K)
[2022-12-18T17:54:08.933+0900][gc          ] GC(29) Pause Young (Normal) (G1 Evacuation Pause) 356M->148M(1024M) 4.737ms
[2022-12-18T17:54:08.933+0900][gc,cpu      ] GC(29) User=0.01s Sys=0.01s Real=0.01s
[2022-12-18T17:54:13.204+0900][gc,start    ] GC(30) Pause Young (Normal) (G1 Evacuation Pause)
[2022-12-18T17:54:13.204+0900][gc,task     ] GC(30) Using 8 workers of 8 for evacuation
[2022-12-18T17:54:13.213+0900][gc,phases   ] GC(30)   Pre Evacuate Collection Set: 0.2ms
[2022-12-18T17:54:13.213+0900][gc,phases   ] GC(30)   Merge Heap Roots: 0.1ms
[2022-12-18T17:54:13.213+0900][gc,phases   ] GC(30)   Evacuate Collection Set: 7.8ms
[2022-12-18T17:54:13.213+0900][gc,phases   ] GC(30)   Post Evacuate Collection Set: 0.5ms
[2022-12-18T17:54:13.213+0900][gc,phases   ] GC(30)   Other: 0.1ms
[2022-12-18T17:54:13.213+0900][gc,heap     ] GC(30) Eden regions: 287->0(353)
[2022-12-18T17:54:13.213+0900][gc,heap     ] GC(30) Survivor regions: 4->4(37)
[2022-12-18T17:54:13.213+0900][gc,heap     ] GC(30) Old regions: 16->16
[2022-12-18T17:54:13.213+0900][gc,heap     ] GC(30) Archive regions: 2->2
[2022-12-18T17:54:13.213+0900][gc,heap     ] GC(30) Humongous regions: 129->129
[2022-12-18T17:54:13.213+0900][gc,metaspace] GC(30) Metaspace: 43936K(44544K)->43936K(44544K) NonClass: 38327K(38656K)->38327K(38656K) Class: 5608K(5888K)->5608K(5888K)
[2022-12-18T17:54:13.213+0900][gc          ] GC(30) Pause Young (Normal) (G1 Evacuation Pause) 435M->148M(1024M) 8.727ms
[2022-12-18T17:54:13.213+0900][gc,cpu      ] GC(30) User=0.01s Sys=0.01s Real=0.01s
[2022-12-18T17:54:34.030+0900][gc,start    ] GC(31) Pause Young (Normal) (G1 Evacuation Pause)
[2022-12-18T17:54:34.030+0900][gc,task     ] GC(31) Using 8 workers of 8 for evacuation
[2022-12-18T17:54:34.037+0900][gc,phases   ] GC(31)   Pre Evacuate Collection Set: 0.2ms
[2022-12-18T17:54:34.037+0900][gc,phases   ] GC(31)   Merge Heap Roots: 0.1ms
[2022-12-18T17:54:34.037+0900][gc,phases   ] GC(31)   Evacuate Collection Set: 6.4ms
[2022-12-18T17:54:34.037+0900][gc,phases   ] GC(31)   Post Evacuate Collection Set: 0.4ms
[2022-12-18T17:54:34.038+0900][gc,phases   ] GC(31)   Other: 0.4ms
[2022-12-18T17:54:34.038+0900][gc,heap     ] GC(31) Eden regions: 353->0(478)
[2022-12-18T17:54:34.038+0900][gc,heap     ] GC(31) Survivor regions: 4->4(45)
[2022-12-18T17:54:34.038+0900][gc,heap     ] GC(31) Old regions: 16->16
[2022-12-18T17:54:34.038+0900][gc,heap     ] GC(31) Archive regions: 2->2
[2022-12-18T17:54:34.038+0900][gc,heap     ] GC(31) Humongous regions: 129->129
[2022-12-18T17:54:34.038+0900][gc,metaspace] GC(31) Metaspace: 43941K(44544K)->43941K(44544K) NonClass: 38332K(38656K)->38332K(38656K) Class: 5608K(5888K)->5608K(5888K)
[2022-12-18T17:54:34.038+0900][gc          ] GC(31) Pause Young (Normal) (G1 Evacuation Pause) 501M->149M(1024M) 7.511ms
[2022-12-18T17:54:34.038+0900][gc,cpu      ] GC(31) User=0.01s Sys=0.01s Real=0.00s
[2022-12-18T17:54:39.147+0900][gc,start    ] GC(32) Pause Young (Normal) (G1 Evacuation Pause)
[2022-12-18T17:54:39.147+0900][gc,task     ] GC(32) Using 8 workers of 8 for evacuation
[2022-12-18T17:54:39.157+0900][gc,phases   ] GC(32)   Pre Evacuate Collection Set: 0.1ms
[2022-12-18T17:54:39.157+0900][gc,phases   ] GC(32)   Merge Heap Roots: 0.1ms
[2022-12-18T17:54:39.157+0900][gc,phases   ] GC(32)   Evacuate Collection Set: 9.1ms
[2022-12-18T17:54:39.157+0900][gc,phases   ] GC(32)   Post Evacuate Collection Set: 0.4ms
[2022-12-18T17:54:39.157+0900][gc,phases   ] GC(32)   Other: 0.3ms
[2022-12-18T17:54:39.157+0900][gc,heap     ] GC(32) Eden regions: 478->0(552)
[2022-12-18T17:54:39.157+0900][gc,heap     ] GC(32) Survivor regions: 4->4(61)
[2022-12-18T17:54:39.157+0900][gc,heap     ] GC(32) Old regions: 16->16
[2022-12-18T17:54:39.157+0900][gc,heap     ] GC(32) Archive regions: 2->2
[2022-12-18T17:54:39.157+0900][gc,heap     ] GC(32) Humongous regions: 129->129
[2022-12-18T17:54:39.157+0900][gc,metaspace] GC(32) Metaspace: 43941K(44544K)->43941K(44544K) NonClass: 38332K(38656K)->38332K(38656K) Class: 5608K(5888K)->5608K(5888K)
[2022-12-18T17:54:39.157+0900][gc          ] GC(32) Pause Young (Normal) (G1 Evacuation Pause) 627M->148M(1024M) 10.085ms
[2022-12-18T17:54:39.157+0900][gc,cpu      ] GC(32) User=0.01s Sys=0.02s Real=0.01s
[2022-12-18T17:54:45.126+0900][gc,start    ] GC(33) Pause Young (Normal) (G1 Evacuation Pause)
[2022-12-18T17:54:45.126+0900][gc,task     ] GC(33) Using 8 workers of 8 for evacuation
[2022-12-18T17:54:45.135+0900][gc,phases   ] GC(33)   Pre Evacuate Collection Set: 0.2ms
[2022-12-18T17:54:45.135+0900][gc,phases   ] GC(33)   Merge Heap Roots: 0.1ms
[2022-12-18T17:54:45.135+0900][gc,phases   ] GC(33)   Evacuate Collection Set: 7.9ms
[2022-12-18T17:54:45.135+0900][gc,phases   ] GC(33)   Post Evacuate Collection Set: 0.7ms
[2022-12-18T17:54:45.135+0900][gc,phases   ] GC(33)   Other: 0.5ms
[2022-12-18T17:54:45.135+0900][gc,heap     ] GC(33) Eden regions: 552->0(610)
[2022-12-18T17:54:45.135+0900][gc,heap     ] GC(33) Survivor regions: 4->4(70)
[2022-12-18T17:54:45.135+0900][gc,heap     ] GC(33) Old regions: 16->16
[2022-12-18T17:54:45.135+0900][gc,heap     ] GC(33) Archive regions: 2->2
[2022-12-18T17:54:45.135+0900][gc,heap     ] GC(33) Humongous regions: 129->129
[2022-12-18T17:54:45.135+0900][gc,metaspace] GC(33) Metaspace: 43941K(44544K)->43941K(44544K) NonClass: 38332K(38656K)->38332K(38656K) Class: 5608K(5888K)->5608K(5888K)
[2022-12-18T17:54:45.135+0900][gc          ] GC(33) Pause Young (Normal) (G1 Evacuation Pause) 700M->148M(1024M) 9.398ms
[2022-12-18T17:54:45.135+0900][gc,cpu      ] GC(33) User=0.01s Sys=0.02s Real=0.01s
[2022-12-18T17:57:48.818+0900][gc,start    ] GC(34) Pause Young (Normal) (G1 Evacuation Pause)
[2022-12-18T17:57:48.818+0900][gc,task     ] GC(34) Using 8 workers of 8 for evacuation
[2022-12-18T17:57:48.830+0900][gc,phases   ] GC(34)   Pre Evacuate Collection Set: 0.3ms
[2022-12-18T17:57:48.830+0900][gc,phases   ] GC(34)   Merge Heap Roots: 0.1ms
[2022-12-18T17:57:48.830+0900][gc,phases   ] GC(34)   Evacuate Collection Set: 8.7ms
[2022-12-18T17:57:48.830+0900][gc,phases   ] GC(34)   Post Evacuate Collection Set: 2.8ms
[2022-12-18T17:57:48.830+0900][gc,phases   ] GC(34)   Other: 0.8ms
[2022-12-18T17:57:48.830+0900][gc,heap     ] GC(34) Eden regions: 610->0(610)
[2022-12-18T17:57:48.830+0900][gc,heap     ] GC(34) Survivor regions: 4->4(77)
[2022-12-18T17:57:48.830+0900][gc,heap     ] GC(34) Old regions: 16->16
[2022-12-18T17:57:48.830+0900][gc,heap     ] GC(34) Archive regions: 2->2
[2022-12-18T17:57:48.830+0900][gc,heap     ] GC(34) Humongous regions: 129->129
[2022-12-18T17:57:48.830+0900][gc,metaspace] GC(34) Metaspace: 43954K(44608K)->43954K(44608K) NonClass: 38346K(38720K)->38346K(38720K) Class: 5608K(5888K)->5608K(5888K)
[2022-12-18T17:57:48.830+0900][gc          ] GC(34) Pause Young (Normal) (G1 Evacuation Pause) 758M->148M(1024M) 12.682ms
[2022-12-18T17:57:48.830+0900][gc,cpu      ] GC(34) User=0.01s Sys=0.02s Real=0.02s
[2022-12-18T17:58:32.392+0900][gc,start    ] GC(35) Pause Young (Normal) (G1 Evacuation Pause)
[2022-12-18T17:58:32.392+0900][gc,task     ] GC(35) Using 8 workers of 8 for evacuation
[2022-12-18T17:58:32.400+0900][gc,phases   ] GC(35)   Pre Evacuate Collection Set: 0.2ms
[2022-12-18T17:58:32.400+0900][gc,phases   ] GC(35)   Merge Heap Roots: 0.1ms
[2022-12-18T17:58:32.400+0900][gc,phases   ] GC(35)   Evacuate Collection Set: 7.2ms
[2022-12-18T17:58:32.400+0900][gc,phases   ] GC(35)   Post Evacuate Collection Set: 0.5ms
[2022-12-18T17:58:32.400+0900][gc,phases   ] GC(35)   Other: 0.4ms
[2022-12-18T17:58:32.400+0900][gc,heap     ] GC(35) Eden regions: 610->0(610)
[2022-12-18T17:58:32.400+0900][gc,heap     ] GC(35) Survivor regions: 4->4(77)
[2022-12-18T17:58:32.400+0900][gc,heap     ] GC(35) Old regions: 16->16
[2022-12-18T17:58:32.400+0900][gc,heap     ] GC(35) Archive regions: 2->2
[2022-12-18T17:58:32.400+0900][gc,heap     ] GC(35) Humongous regions: 129->129
[2022-12-18T17:58:32.400+0900][gc,metaspace] GC(35) Metaspace: 43960K(44608K)->43960K(44608K) NonClass: 38351K(38720K)->38351K(38720K) Class: 5608K(5888K)->5608K(5888K)
[2022-12-18T17:58:32.400+0900][gc          ] GC(35) Pause Young (Normal) (G1 Evacuation Pause) 758M->148M(1024M) 8.533ms
[2022-12-18T17:58:32.400+0900][gc,cpu      ] GC(35) User=0.02s Sys=0.01s Real=0.01s
[2022-12-18T17:58:39.389+0900][gc,start    ] GC(36) Pause Young (Normal) (G1 Evacuation Pause)
[2022-12-18T17:58:39.390+0900][gc,task     ] GC(36) Using 8 workers of 8 for evacuation
[2022-12-18T17:58:39.398+0900][gc,phases   ] GC(36)   Pre Evacuate Collection Set: 0.2ms
[2022-12-18T17:58:39.398+0900][gc,phases   ] GC(36)   Merge Heap Roots: 0.1ms
[2022-12-18T17:58:39.398+0900][gc,phases   ] GC(36)   Evacuate Collection Set: 7.0ms
[2022-12-18T17:58:39.398+0900][gc,phases   ] GC(36)   Post Evacuate Collection Set: 0.6ms
[2022-12-18T17:58:39.398+0900][gc,phases   ] GC(36)   Other: 0.9ms
[2022-12-18T17:58:39.398+0900][gc,heap     ] GC(36) Eden regions: 610->0(610)
[2022-12-18T17:58:39.398+0900][gc,heap     ] GC(36) Survivor regions: 4->4(77)
[2022-12-18T17:58:39.398+0900][gc,heap     ] GC(36) Old regions: 16->16
[2022-12-18T17:58:39.398+0900][gc,heap     ] GC(36) Archive regions: 2->2
[2022-12-18T17:58:39.398+0900][gc,heap     ] GC(36) Humongous regions: 129->129
[2022-12-18T17:58:39.398+0900][gc,metaspace] GC(36) Metaspace: 43960K(44608K)->43960K(44608K) NonClass: 38352K(38720K)->38352K(38720K) Class: 5608K(5888K)->5608K(5888K)
[2022-12-18T17:58:39.398+0900][gc          ] GC(36) Pause Young (Normal) (G1 Evacuation Pause) 758M->148M(1024M) 8.969ms
[2022-12-18T17:58:39.398+0900][gc,cpu      ] GC(36) User=0.02s Sys=0.01s Real=0.01s
[2022-12-18T17:58:46.673+0900][gc,start    ] GC(37) Pause Young (Normal) (G1 Evacuation Pause)
[2022-12-18T17:58:46.674+0900][gc,task     ] GC(37) Using 8 workers of 8 for evacuation
[2022-12-18T17:58:46.686+0900][gc,phases   ] GC(37)   Pre Evacuate Collection Set: 0.1ms
[2022-12-18T17:58:46.686+0900][gc,phases   ] GC(37)   Merge Heap Roots: 0.1ms
[2022-12-18T17:58:46.686+0900][gc,phases   ] GC(37)   Evacuate Collection Set: 10.4ms
[2022-12-18T17:58:46.686+0900][gc,phases   ] GC(37)   Post Evacuate Collection Set: 1.7ms
[2022-12-18T17:58:46.686+0900][gc,phases   ] GC(37)   Other: 0.4ms
[2022-12-18T17:58:46.686+0900][gc,heap     ] GC(37) Eden regions: 610->0(610)
[2022-12-18T17:58:46.686+0900][gc,heap     ] GC(37) Survivor regions: 4->4(77)
[2022-12-18T17:58:46.686+0900][gc,heap     ] GC(37) Old regions: 16->16
[2022-12-18T17:58:46.686+0900][gc,heap     ] GC(37) Archive regions: 2->2
[2022-12-18T17:58:46.686+0900][gc,heap     ] GC(37) Humongous regions: 129->129
[2022-12-18T17:58:46.686+0900][gc,metaspace] GC(37) Metaspace: 43960K(44608K)->43960K(44608K) NonClass: 38352K(38720K)->38352K(38720K) Class: 5608K(5888K)->5608K(5888K)
[2022-12-18T17:58:46.686+0900][gc          ] GC(37) Pause Young (Normal) (G1 Evacuation Pause) 758M->148M(1024M) 12.711ms
[2022-12-18T17:58:46.686+0900][gc,cpu      ] GC(37) User=0.01s Sys=0.02s Real=0.01s
[2022-12-18T17:58:53.602+0900][gc,start    ] GC(38) Pause Young (Normal) (G1 Evacuation Pause)
[2022-12-18T17:58:53.603+0900][gc,task     ] GC(38) Using 8 workers of 8 for evacuation
[2022-12-18T17:58:53.614+0900][gc,phases   ] GC(38)   Pre Evacuate Collection Set: 0.3ms
[2022-12-18T17:58:53.614+0900][gc,phases   ] GC(38)   Merge Heap Roots: 0.1ms
[2022-12-18T17:58:53.614+0900][gc,phases   ] GC(38)   Evacuate Collection Set: 10.0ms
[2022-12-18T17:58:53.614+0900][gc,phases   ] GC(38)   Post Evacuate Collection Set: 0.8ms
[2022-12-18T17:58:53.614+0900][gc,phases   ] GC(38)   Other: 0.9ms
[2022-12-18T17:58:53.614+0900][gc,heap     ] GC(38) Eden regions: 610->0(610)
[2022-12-18T17:58:53.614+0900][gc,heap     ] GC(38) Survivor regions: 4->4(77)
[2022-12-18T17:58:53.614+0900][gc,heap     ] GC(38) Old regions: 16->16
[2022-12-18T17:58:53.614+0900][gc,heap     ] GC(38) Archive regions: 2->2
[2022-12-18T17:58:53.614+0900][gc,heap     ] GC(38) Humongous regions: 129->129
[2022-12-18T17:58:53.614+0900][gc,metaspace] GC(38) Metaspace: 43962K(44608K)->43962K(44608K) NonClass: 38353K(38720K)->38353K(38720K) Class: 5608K(5888K)->5608K(5888K)
[2022-12-18T17:58:53.614+0900][gc          ] GC(38) Pause Young (Normal) (G1 Evacuation Pause) 758M->149M(1024M) 12.140ms
[2022-12-18T17:58:53.614+0900][gc,cpu      ] GC(38) User=0.01s Sys=0.02s Real=0.01s
[2022-12-18T17:59:00.369+0900][gc,start    ] GC(39) Pause Young (Normal) (G1 Evacuation Pause)
[2022-12-18T17:59:00.369+0900][gc,task     ] GC(39) Using 8 workers of 8 for evacuation
[2022-12-18T17:59:00.377+0900][gc,phases   ] GC(39)   Pre Evacuate Collection Set: 0.3ms
[2022-12-18T17:59:00.377+0900][gc,phases   ] GC(39)   Merge Heap Roots: 0.2ms
[2022-12-18T17:59:00.377+0900][gc,phases   ] GC(39)   Evacuate Collection Set: 7.2ms
[2022-12-18T17:59:00.377+0900][gc,phases   ] GC(39)   Post Evacuate Collection Set: 0.5ms
[2022-12-18T17:59:00.377+0900][gc,phases   ] GC(39)   Other: 0.2ms
[2022-12-18T17:59:00.377+0900][gc,heap     ] GC(39) Eden regions: 610->0(611)
[2022-12-18T17:59:00.378+0900][gc,heap     ] GC(39) Survivor regions: 4->3(77)
[2022-12-18T17:59:00.378+0900][gc,heap     ] GC(39) Old regions: 16->17
[2022-12-18T17:59:00.378+0900][gc,heap     ] GC(39) Archive regions: 2->2
[2022-12-18T17:59:00.378+0900][gc,heap     ] GC(39) Humongous regions: 129->129
[2022-12-18T17:59:00.378+0900][gc,metaspace] GC(39) Metaspace: 43962K(44608K)->43962K(44608K) NonClass: 38353K(38720K)->38353K(38720K) Class: 5608K(5888K)->5608K(5888K)
[2022-12-18T17:59:00.378+0900][gc          ] GC(39) Pause Young (Normal) (G1 Evacuation Pause) 759M->148M(1024M) 8.404ms
[2022-12-18T17:59:00.378+0900][gc,cpu      ] GC(39) User=0.01s Sys=0.02s Real=0.01s
[2022-12-18T17:59:52.041+0900][gc,start    ] GC(40) Pause Young (Normal) (G1 Evacuation Pause)
[2022-12-18T17:59:52.041+0900][gc,task     ] GC(40) Using 8 workers of 8 for evacuation
[2022-12-18T17:59:52.071+0900][gc,mmu      ] GC(40) MMU target violated: 21.0ms (20.0ms/21.0ms)
[2022-12-18T17:59:52.071+0900][gc,phases   ] GC(40)   Pre Evacuate Collection Set: 0.6ms
[2022-12-18T17:59:52.071+0900][gc,phases   ] GC(40)   Merge Heap Roots: 0.5ms
[2022-12-18T17:59:52.071+0900][gc,phases   ] GC(40)   Evacuate Collection Set: 26.5ms
[2022-12-18T17:59:52.071+0900][gc,phases   ] GC(40)   Post Evacuate Collection Set: 1.4ms
[2022-12-18T17:59:52.071+0900][gc,phases   ] GC(40)   Other: 1.2ms
[2022-12-18T17:59:52.071+0900][gc,heap     ] GC(40) Eden regions: 611->0(611)
[2022-12-18T17:59:52.071+0900][gc,heap     ] GC(40) Survivor regions: 3->3(77)
[2022-12-18T17:59:52.071+0900][gc,heap     ] GC(40) Old regions: 17->17
[2022-12-18T17:59:52.071+0900][gc,heap     ] GC(40) Archive regions: 2->2
[2022-12-18T17:59:52.071+0900][gc,heap     ] GC(40) Humongous regions: 129->129
[2022-12-18T17:59:52.071+0900][gc,metaspace] GC(40) Metaspace: 43963K(44608K)->43963K(44608K) NonClass: 38354K(38720K)->38354K(38720K) Class: 5608K(5888K)->5608K(5888K)
[2022-12-18T17:59:52.071+0900][gc          ] GC(40) Pause Young (Normal) (G1 Evacuation Pause) 759M->148M(1024M) 30.401ms
[2022-12-18T17:59:52.071+0900][gc,cpu      ] GC(40) User=0.01s Sys=0.03s Real=0.03s
[2022-12-18T18:00:47.969+0900][gc,start    ] GC(41) Pause Young (Normal) (G1 Evacuation Pause)
[2022-12-18T18:00:47.969+0900][gc,task     ] GC(41) Using 8 workers of 8 for evacuation
[2022-12-18T18:00:47.976+0900][gc,phases   ] GC(41)   Pre Evacuate Collection Set: 0.3ms
[2022-12-18T18:00:47.976+0900][gc,phases   ] GC(41)   Merge Heap Roots: 0.1ms
[2022-12-18T18:00:47.976+0900][gc,phases   ] GC(41)   Evacuate Collection Set: 5.3ms
[2022-12-18T18:00:47.976+0900][gc,phases   ] GC(41)   Post Evacuate Collection Set: 0.7ms
[2022-12-18T18:00:47.976+0900][gc,phases   ] GC(41)   Other: 0.9ms
[2022-12-18T18:00:47.976+0900][gc,heap     ] GC(41) Eden regions: 611->0(611)
[2022-12-18T18:00:47.976+0900][gc,heap     ] GC(41) Survivor regions: 3->3(77)
[2022-12-18T18:00:47.976+0900][gc,heap     ] GC(41) Old regions: 17->17
[2022-12-18T18:00:47.976+0900][gc,heap     ] GC(41) Archive regions: 2->2
[2022-12-18T18:00:47.976+0900][gc,heap     ] GC(41) Humongous regions: 129->129
[2022-12-18T18:00:47.976+0900][gc,metaspace] GC(41) Metaspace: 43963K(44608K)->43963K(44608K) NonClass: 38354K(38720K)->38354K(38720K) Class: 5608K(5888K)->5608K(5888K)
[2022-12-18T18:00:47.976+0900][gc          ] GC(41) Pause Young (Normal) (G1 Evacuation Pause) 759M->148M(1024M) 7.483ms
[2022-12-18T18:00:47.976+0900][gc,cpu      ] GC(41) User=0.01s Sys=0.01s Real=0.01s
[2022-12-18T18:00:54.673+0900][gc,start    ] GC(42) Pause Young (Normal) (G1 Evacuation Pause)
[2022-12-18T18:00:54.674+0900][gc,task     ] GC(42) Using 8 workers of 8 for evacuation
[2022-12-18T18:00:54.684+0900][gc,phases   ] GC(42)   Pre Evacuate Collection Set: 0.2ms
[2022-12-18T18:00:54.684+0900][gc,phases   ] GC(42)   Merge Heap Roots: 0.1ms
[2022-12-18T18:00:54.684+0900][gc,phases   ] GC(42)   Evacuate Collection Set: 8.2ms
[2022-12-18T18:00:54.684+0900][gc,phases   ] GC(42)   Post Evacuate Collection Set: 0.7ms
[2022-12-18T18:00:54.684+0900][gc,phases   ] GC(42)   Other: 1.0ms
[2022-12-18T18:00:54.684+0900][gc,heap     ] GC(42) Eden regions: 611->0(611)
[2022-12-18T18:00:54.684+0900][gc,heap     ] GC(42) Survivor regions: 3->3(77)
[2022-12-18T18:00:54.684+0900][gc,heap     ] GC(42) Old regions: 17->17
[2022-12-18T18:00:54.684+0900][gc,heap     ] GC(42) Archive regions: 2->2
[2022-12-18T18:00:54.684+0900][gc,heap     ] GC(42) Humongous regions: 129->129
[2022-12-18T18:00:54.684+0900][gc,metaspace] GC(42) Metaspace: 43963K(44608K)->43963K(44608K) NonClass: 38354K(38720K)->38354K(38720K) Class: 5608K(5888K)->5608K(5888K)
[2022-12-18T18:00:54.684+0900][gc          ] GC(42) Pause Young (Normal) (G1 Evacuation Pause) 759M->149M(1024M) 10.268ms
[2022-12-18T18:00:54.684+0900][gc,cpu      ] GC(42) User=0.01s Sys=0.02s Real=0.01s
[2022-12-18T18:01:01.762+0900][gc,start    ] GC(43) Pause Young (Normal) (G1 Evacuation Pause)
[2022-12-18T18:01:01.763+0900][gc,task     ] GC(43) Using 8 workers of 8 for evacuation
[2022-12-18T18:01:01.772+0900][gc,phases   ] GC(43)   Pre Evacuate Collection Set: 0.2ms
[2022-12-18T18:01:01.772+0900][gc,phases   ] GC(43)   Merge Heap Roots: 0.1ms
[2022-12-18T18:01:01.772+0900][gc,phases   ] GC(43)   Evacuate Collection Set: 8.1ms
[2022-12-18T18:01:01.772+0900][gc,phases   ] GC(43)   Post Evacuate Collection Set: 0.5ms
[2022-12-18T18:01:01.772+0900][gc,phases   ] GC(43)   Other: 0.5ms
[2022-12-18T18:01:01.772+0900][gc,heap     ] GC(43) Eden regions: 611->0(611)
[2022-12-18T18:01:01.772+0900][gc,heap     ] GC(43) Survivor regions: 3->3(77)
[2022-12-18T18:01:01.772+0900][gc,heap     ] GC(43) Old regions: 17->17
[2022-12-18T18:01:01.772+0900][gc,heap     ] GC(43) Archive regions: 2->2
[2022-12-18T18:01:01.772+0900][gc,heap     ] GC(43) Humongous regions: 129->129
[2022-12-18T18:01:01.772+0900][gc,metaspace] GC(43) Metaspace: 43967K(44608K)->43967K(44608K) NonClass: 38358K(38720K)->38358K(38720K) Class: 5608K(5888K)->5608K(5888K)
[2022-12-18T18:01:01.772+0900][gc          ] GC(43) Pause Young (Normal) (G1 Evacuation Pause) 760M->149M(1024M) 9.409ms
[2022-12-18T18:01:01.772+0900][gc,cpu      ] GC(43) User=0.01s Sys=0.01s Real=0.01s
[2022-12-18T18:01:09.152+0900][gc,start    ] GC(44) Pause Young (Normal) (G1 Evacuation Pause)
[2022-12-18T18:01:09.153+0900][gc,task     ] GC(44) Using 8 workers of 8 for evacuation
[2022-12-18T18:01:09.162+0900][gc,phases   ] GC(44)   Pre Evacuate Collection Set: 0.2ms
[2022-12-18T18:01:09.162+0900][gc,phases   ] GC(44)   Merge Heap Roots: 0.1ms
[2022-12-18T18:01:09.162+0900][gc,phases   ] GC(44)   Evacuate Collection Set: 8.0ms
[2022-12-18T18:01:09.162+0900][gc,phases   ] GC(44)   Post Evacuate Collection Set: 0.5ms
[2022-12-18T18:01:09.162+0900][gc,phases   ] GC(44)   Other: 1.1ms
[2022-12-18T18:01:09.162+0900][gc,heap     ] GC(44) Eden regions: 611->0(611)
[2022-12-18T18:01:09.162+0900][gc,heap     ] GC(44) Survivor regions: 3->3(77)
[2022-12-18T18:01:09.162+0900][gc,heap     ] GC(44) Old regions: 17->17
[2022-12-18T18:01:09.162+0900][gc,heap     ] GC(44) Archive regions: 2->2
[2022-12-18T18:01:09.162+0900][gc,heap     ] GC(44) Humongous regions: 129->129
[2022-12-18T18:01:09.162+0900][gc,metaspace] GC(44) Metaspace: 43967K(44608K)->43967K(44608K) NonClass: 38358K(38720K)->38358K(38720K) Class: 5608K(5888K)->5608K(5888K)
[2022-12-18T18:01:09.162+0900][gc          ] GC(44) Pause Young (Normal) (G1 Evacuation Pause) 760M->148M(1024M) 9.933ms
[2022-12-18T18:01:09.162+0900][gc,cpu      ] GC(44) User=0.01s Sys=0.02s Real=0.01s
[2022-12-18T18:01:16.109+0900][gc,start    ] GC(45) Pause Young (Normal) (G1 Evacuation Pause)
[2022-12-18T18:01:16.110+0900][gc,task     ] GC(45) Using 8 workers of 8 for evacuation
[2022-12-18T18:01:16.126+0900][gc,phases   ] GC(45)   Pre Evacuate Collection Set: 0.2ms
[2022-12-18T18:01:16.126+0900][gc,phases   ] GC(45)   Merge Heap Roots: 0.1ms
[2022-12-18T18:01:16.126+0900][gc,phases   ] GC(45)   Evacuate Collection Set: 15.2ms
[2022-12-18T18:01:16.126+0900][gc,phases   ] GC(45)   Post Evacuate Collection Set: 0.7ms
[2022-12-18T18:01:16.126+0900][gc,phases   ] GC(45)   Other: 0.5ms
[2022-12-18T18:01:16.126+0900][gc,heap     ] GC(45) Eden regions: 611->0(611)
[2022-12-18T18:01:16.126+0900][gc,heap     ] GC(45) Survivor regions: 3->3(77)
[2022-12-18T18:01:16.126+0900][gc,heap     ] GC(45) Old regions: 17->17
[2022-12-18T18:01:16.126+0900][gc,heap     ] GC(45) Archive regions: 2->2
[2022-12-18T18:01:16.126+0900][gc,heap     ] GC(45) Humongous regions: 129->129
[2022-12-18T18:01:16.126+0900][gc,metaspace] GC(45) Metaspace: 43967K(44608K)->43967K(44608K) NonClass: 38358K(38720K)->38358K(38720K) Class: 5608K(5888K)->5608K(5888K)
[2022-12-18T18:01:16.126+0900][gc          ] GC(45) Pause Young (Normal) (G1 Evacuation Pause) 759M->149M(1024M) 16.679ms
[2022-12-18T18:01:16.126+0900][gc,cpu      ] GC(45) User=0.01s Sys=0.03s Real=0.02s
[2022-12-18T18:01:44.520+0900][gc,start    ] GC(46) Pause Young (Normal) (G1 Evacuation Pause)
[2022-12-18T18:01:44.521+0900][gc,task     ] GC(46) Using 8 workers of 8 for evacuation
[2022-12-18T18:01:44.530+0900][gc,phases   ] GC(46)   Pre Evacuate Collection Set: 0.3ms
[2022-12-18T18:01:44.530+0900][gc,phases   ] GC(46)   Merge Heap Roots: 0.1ms
[2022-12-18T18:01:44.530+0900][gc,phases   ] GC(46)   Evacuate Collection Set: 7.3ms
[2022-12-18T18:01:44.530+0900][gc,phases   ] GC(46)   Post Evacuate Collection Set: 0.7ms
[2022-12-18T18:01:44.530+0900][gc,phases   ] GC(46)   Other: 1.0ms
[2022-12-18T18:01:44.530+0900][gc,heap     ] GC(46) Eden regions: 611->0(611)
[2022-12-18T18:01:44.530+0900][gc,heap     ] GC(46) Survivor regions: 3->3(77)
[2022-12-18T18:01:44.530+0900][gc,heap     ] GC(46) Old regions: 17->17
[2022-12-18T18:01:44.530+0900][gc,heap     ] GC(46) Archive regions: 2->2
[2022-12-18T18:01:44.530+0900][gc,heap     ] GC(46) Humongous regions: 129->129
[2022-12-18T18:01:44.530+0900][gc,metaspace] GC(46) Metaspace: 43970K(44608K)->43970K(44608K) NonClass: 38361K(38720K)->38361K(38720K) Class: 5608K(5888K)->5608K(5888K)
[2022-12-18T18:01:44.530+0900][gc          ] GC(46) Pause Young (Normal) (G1 Evacuation Pause) 760M->149M(1024M) 9.382ms
[2022-12-18T18:01:44.530+0900][gc,cpu      ] GC(46) User=0.01s Sys=0.02s Real=0.01s
[2022-12-18T18:01:51.101+0900][gc,start    ] GC(47) Pause Young (Normal) (G1 Evacuation Pause)
[2022-12-18T18:01:51.101+0900][gc,task     ] GC(47) Using 8 workers of 8 for evacuation
[2022-12-18T18:01:51.110+0900][gc,phases   ] GC(47)   Pre Evacuate Collection Set: 0.3ms
[2022-12-18T18:01:51.110+0900][gc,phases   ] GC(47)   Merge Heap Roots: 0.1ms
[2022-12-18T18:01:51.110+0900][gc,phases   ] GC(47)   Evacuate Collection Set: 7.0ms
[2022-12-18T18:01:51.110+0900][gc,phases   ] GC(47)   Post Evacuate Collection Set: 0.6ms
[2022-12-18T18:01:51.110+0900][gc,phases   ] GC(47)   Other: 0.4ms
[2022-12-18T18:01:51.110+0900][gc,heap     ] GC(47) Eden regions: 611->0(611)
[2022-12-18T18:01:51.110+0900][gc,heap     ] GC(47) Survivor regions: 3->3(77)
[2022-12-18T18:01:51.110+0900][gc,heap     ] GC(47) Old regions: 17->17
[2022-12-18T18:01:51.110+0900][gc,heap     ] GC(47) Archive regions: 2->2
[2022-12-18T18:01:51.110+0900][gc,heap     ] GC(47) Humongous regions: 129->129
[2022-12-18T18:01:51.110+0900][gc,metaspace] GC(47) Metaspace: 43970K(44608K)->43970K(44608K) NonClass: 38361K(38720K)->38361K(38720K) Class: 5608K(5888K)->5608K(5888K)
[2022-12-18T18:01:51.110+0900][gc          ] GC(47) Pause Young (Normal) (G1 Evacuation Pause) 760M->149M(1024M) 8.405ms
[2022-12-18T18:01:51.110+0900][gc,cpu      ] GC(47) User=0.01s Sys=0.02s Real=0.01s
[2022-12-18T18:01:58.315+0900][gc,start    ] GC(48) Pause Young (Normal) (G1 Evacuation Pause)
[2022-12-18T18:01:58.316+0900][gc,task     ] GC(48) Using 8 workers of 8 for evacuation
[2022-12-18T18:01:58.329+0900][gc,phases   ] GC(48)   Pre Evacuate Collection Set: 0.2ms
[2022-12-18T18:01:58.329+0900][gc,phases   ] GC(48)   Merge Heap Roots: 0.1ms
[2022-12-18T18:01:58.329+0900][gc,phases   ] GC(48)   Evacuate Collection Set: 7.2ms
[2022-12-18T18:01:58.329+0900][gc,phases   ] GC(48)   Post Evacuate Collection Set: 5.0ms
[2022-12-18T18:01:58.329+0900][gc,phases   ] GC(48)   Other: 0.9ms
[2022-12-18T18:01:58.329+0900][gc,heap     ] GC(48) Eden regions: 611->0(610)
[2022-12-18T18:01:58.329+0900][gc,heap     ] GC(48) Survivor regions: 3->4(77)
[2022-12-18T18:01:58.329+0900][gc,heap     ] GC(48) Old regions: 17->17
[2022-12-18T18:01:58.329+0900][gc,heap     ] GC(48) Archive regions: 2->2
[2022-12-18T18:01:58.329+0900][gc,heap     ] GC(48) Humongous regions: 129->129
[2022-12-18T18:01:58.329+0900][gc,metaspace] GC(48) Metaspace: 43970K(44608K)->43970K(44608K) NonClass: 38361K(38720K)->38361K(38720K) Class: 5608K(5888K)->5608K(5888K)
[2022-12-18T18:01:58.329+0900][gc          ] GC(48) Pause Young (Normal) (G1 Evacuation Pause) 760M->149M(1024M) 13.437ms
[2022-12-18T18:01:58.329+0900][gc,cpu      ] GC(48) User=0.01s Sys=0.02s Real=0.01s
[2022-12-18T18:02:05.318+0900][gc,start    ] GC(49) Pause Young (Normal) (G1 Evacuation Pause)
[2022-12-18T18:02:05.319+0900][gc,task     ] GC(49) Using 8 workers of 8 for evacuation
[2022-12-18T18:02:05.324+0900][gc,phases   ] GC(49)   Pre Evacuate Collection Set: 0.3ms
[2022-12-18T18:02:05.324+0900][gc,phases   ] GC(49)   Merge Heap Roots: 0.1ms
[2022-12-18T18:02:05.324+0900][gc,phases   ] GC(49)   Evacuate Collection Set: 4.0ms
[2022-12-18T18:02:05.324+0900][gc,phases   ] GC(49)   Post Evacuate Collection Set: 0.6ms
[2022-12-18T18:02:05.324+0900][gc,phases   ] GC(49)   Other: 0.9ms
[2022-12-18T18:02:05.324+0900][gc,heap     ] GC(49) Eden regions: 610->0(610)
[2022-12-18T18:02:05.324+0900][gc,heap     ] GC(49) Survivor regions: 4->4(77)
[2022-12-18T18:02:05.324+0900][gc,heap     ] GC(49) Old regions: 17->17
[2022-12-18T18:02:05.324+0900][gc,heap     ] GC(49) Archive regions: 2->2
[2022-12-18T18:02:05.324+0900][gc,heap     ] GC(49) Humongous regions: 129->129
[2022-12-18T18:02:05.324+0900][gc,metaspace] GC(49) Metaspace: 43970K(44608K)->43970K(44608K) NonClass: 38361K(38720K)->38361K(38720K) Class: 5608K(5888K)->5608K(5888K)
[2022-12-18T18:02:05.324+0900][gc          ] GC(49) Pause Young (Normal) (G1 Evacuation Pause) 759M->150M(1024M) 5.954ms
[2022-12-18T18:02:05.324+0900][gc,cpu      ] GC(49) User=0.01s Sys=0.02s Real=0.01s
[2022-12-18T18:02:11.085+0900][gc,start    ] GC(50) Pause Young (Normal) (G1 Evacuation Pause)
[2022-12-18T18:02:11.085+0900][gc,task     ] GC(50) Using 8 workers of 8 for evacuation
[2022-12-18T18:02:11.097+0900][gc,phases   ] GC(50)   Pre Evacuate Collection Set: 0.2ms
[2022-12-18T18:02:11.097+0900][gc,phases   ] GC(50)   Merge Heap Roots: 0.1ms
[2022-12-18T18:02:11.097+0900][gc,phases   ] GC(50)   Evacuate Collection Set: 8.3ms
[2022-12-18T18:02:11.097+0900][gc,phases   ] GC(50)   Post Evacuate Collection Set: 2.8ms
[2022-12-18T18:02:11.097+0900][gc,phases   ] GC(50)   Other: 1.0ms
[2022-12-18T18:02:11.097+0900][gc,heap     ] GC(50) Eden regions: 610->0(610)
[2022-12-18T18:02:11.097+0900][gc,heap     ] GC(50) Survivor regions: 4->4(77)
[2022-12-18T18:02:11.097+0900][gc,heap     ] GC(50) Old regions: 17->17
[2022-12-18T18:02:11.097+0900][gc,heap     ] GC(50) Archive regions: 2->2
[2022-12-18T18:02:11.097+0900][gc,heap     ] GC(50) Humongous regions: 129->129
[2022-12-18T18:02:11.097+0900][gc,metaspace] GC(50) Metaspace: 43970K(44608K)->43970K(44608K) NonClass: 38361K(38720K)->38361K(38720K) Class: 5608K(5888K)->5608K(5888K)
[2022-12-18T18:02:11.097+0900][gc          ] GC(50) Pause Young (Normal) (G1 Evacuation Pause) 760M->150M(1024M) 12.365ms
[2022-12-18T18:02:11.097+0900][gc,cpu      ] GC(50) User=0.01s Sys=0.02s Real=0.01s
[2022-12-18T18:02:18.631+0900][gc,start    ] GC(51) Pause Young (Normal) (G1 Evacuation Pause)
[2022-12-18T18:02:18.632+0900][gc,task     ] GC(51) Using 8 workers of 8 for evacuation
[2022-12-18T18:02:18.643+0900][gc,phases   ] GC(51)   Pre Evacuate Collection Set: 0.2ms
[2022-12-18T18:02:18.643+0900][gc,phases   ] GC(51)   Merge Heap Roots: 0.1ms
[2022-12-18T18:02:18.643+0900][gc,phases   ] GC(51)   Evacuate Collection Set: 9.6ms
[2022-12-18T18:02:18.643+0900][gc,phases   ] GC(51)   Post Evacuate Collection Set: 0.6ms
[2022-12-18T18:02:18.643+0900][gc,phases   ] GC(51)   Other: 0.9ms
[2022-12-18T18:02:18.643+0900][gc,heap     ] GC(51) Eden regions: 610->0(610)
[2022-12-18T18:02:18.643+0900][gc,heap     ] GC(51) Survivor regions: 4->4(77)
[2022-12-18T18:02:18.643+0900][gc,heap     ] GC(51) Old regions: 17->17
[2022-12-18T18:02:18.643+0900][gc,heap     ] GC(51) Archive regions: 2->2
[2022-12-18T18:02:18.643+0900][gc,heap     ] GC(51) Humongous regions: 129->129
[2022-12-18T18:02:18.643+0900][gc,metaspace] GC(51) Metaspace: 43975K(44608K)->43975K(44608K) NonClass: 38366K(38720K)->38366K(38720K) Class: 5608K(5888K)->5608K(5888K)
[2022-12-18T18:02:18.643+0900][gc          ] GC(51) Pause Young (Normal) (G1 Evacuation Pause) 760M->150M(1024M) 11.552ms
[2022-12-18T18:02:18.643+0900][gc,cpu      ] GC(51) User=0.01s Sys=0.02s Real=0.01s
[2022-12-18T18:02:26.423+0900][gc,start    ] GC(52) Pause Young (Normal) (G1 Evacuation Pause)
[2022-12-18T18:02:26.424+0900][gc,task     ] GC(52) Using 8 workers of 8 for evacuation
[2022-12-18T18:02:26.436+0900][gc,phases   ] GC(52)   Pre Evacuate Collection Set: 0.2ms
[2022-12-18T18:02:26.436+0900][gc,phases   ] GC(52)   Merge Heap Roots: 0.1ms
[2022-12-18T18:02:26.436+0900][gc,phases   ] GC(52)   Evacuate Collection Set: 11.8ms
[2022-12-18T18:02:26.436+0900][gc,phases   ] GC(52)   Post Evacuate Collection Set: 0.6ms
[2022-12-18T18:02:26.436+0900][gc,phases   ] GC(52)   Other: 0.4ms
[2022-12-18T18:02:26.436+0900][gc,heap     ] GC(52) Eden regions: 610->0(609)
[2022-12-18T18:02:26.436+0900][gc,heap     ] GC(52) Survivor regions: 4->5(77)
[2022-12-18T18:02:26.436+0900][gc,heap     ] GC(52) Old regions: 17->17
[2022-12-18T18:02:26.436+0900][gc,heap     ] GC(52) Archive regions: 2->2
[2022-12-18T18:02:26.436+0900][gc,heap     ] GC(52) Humongous regions: 129->129
[2022-12-18T18:02:26.436+0900][gc,metaspace] GC(52) Metaspace: 43975K(44608K)->43975K(44608K) NonClass: 38366K(38720K)->38366K(38720K) Class: 5608K(5888K)->5608K(5888K)
[2022-12-18T18:02:26.436+0900][gc          ] GC(52) Pause Young (Normal) (G1 Evacuation Pause) 760M->151M(1024M) 13.111ms
[2022-12-18T18:02:26.437+0900][gc,cpu      ] GC(52) User=0.01s Sys=0.02s Real=0.01s
[2022-12-18T18:02:33.249+0900][gc,start    ] GC(53) Pause Young (Normal) (G1 Evacuation Pause)
[2022-12-18T18:02:33.249+0900][gc,task     ] GC(53) Using 8 workers of 8 for evacuation
[2022-12-18T18:02:33.259+0900][gc,phases   ] GC(53)   Pre Evacuate Collection Set: 0.3ms
[2022-12-18T18:02:33.259+0900][gc,phases   ] GC(53)   Merge Heap Roots: 0.1ms
[2022-12-18T18:02:33.259+0900][gc,phases   ] GC(53)   Evacuate Collection Set: 8.7ms
[2022-12-18T18:02:33.259+0900][gc,phases   ] GC(53)   Post Evacuate Collection Set: 0.6ms
[2022-12-18T18:02:33.259+0900][gc,phases   ] GC(53)   Other: 0.4ms
[2022-12-18T18:02:33.259+0900][gc,heap     ] GC(53) Eden regions: 609->0(609)
[2022-12-18T18:02:33.259+0900][gc,heap     ] GC(53) Survivor regions: 5->5(77)
[2022-12-18T18:02:33.259+0900][gc,heap     ] GC(53) Old regions: 17->17
[2022-12-18T18:02:33.259+0900][gc,heap     ] GC(53) Archive regions: 2->2
[2022-12-18T18:02:33.259+0900][gc,heap     ] GC(53) Humongous regions: 129->129
[2022-12-18T18:02:33.259+0900][gc,metaspace] GC(53) Metaspace: 43975K(44608K)->43975K(44608K) NonClass: 38366K(38720K)->38366K(38720K) Class: 5608K(5888K)->5608K(5888K)
[2022-12-18T18:02:33.259+0900][gc          ] GC(53) Pause Young (Normal) (G1 Evacuation Pause) 760M->151M(1024M) 10.215ms
[2022-12-18T18:02:33.259+0900][gc,cpu      ] GC(53) User=0.01s Sys=0.02s Real=0.01s
[2022-12-18T18:02:39.845+0900][gc,start    ] GC(54) Pause Young (Normal) (G1 Evacuation Pause)
[2022-12-18T18:02:39.845+0900][gc,task     ] GC(54) Using 8 workers of 8 for evacuation
[2022-12-18T18:02:39.858+0900][gc,phases   ] GC(54)   Pre Evacuate Collection Set: 0.2ms
[2022-12-18T18:02:39.858+0900][gc,phases   ] GC(54)   Merge Heap Roots: 0.2ms
[2022-12-18T18:02:39.858+0900][gc,phases   ] GC(54)   Evacuate Collection Set: 12.4ms
[2022-12-18T18:02:39.858+0900][gc,phases   ] GC(54)   Post Evacuate Collection Set: 0.6ms
[2022-12-18T18:02:39.858+0900][gc,phases   ] GC(54)   Other: 0.4ms
[2022-12-18T18:02:39.858+0900][gc,heap     ] GC(54) Eden regions: 609->0(608)
[2022-12-18T18:02:39.859+0900][gc,heap     ] GC(54) Survivor regions: 5->6(77)
[2022-12-18T18:02:39.859+0900][gc,heap     ] GC(54) Old regions: 17->17
[2022-12-18T18:02:39.859+0900][gc,heap     ] GC(54) Archive regions: 2->2
[2022-12-18T18:02:39.859+0900][gc,heap     ] GC(54) Humongous regions: 129->129
[2022-12-18T18:02:39.859+0900][gc,metaspace] GC(54) Metaspace: 43975K(44608K)->43975K(44608K) NonClass: 38366K(38720K)->38366K(38720K) Class: 5608K(5888K)->5608K(5888K)
[2022-12-18T18:02:39.859+0900][gc          ] GC(54) Pause Young (Normal) (G1 Evacuation Pause) 760M->152M(1024M) 13.713ms
[2022-12-18T18:02:39.859+0900][gc,cpu      ] GC(54) User=0.01s Sys=0.03s Real=0.01s
[2022-12-18T18:02:46.627+0900][gc,start    ] GC(55) Pause Young (Normal) (G1 Evacuation Pause)
[2022-12-18T18:02:46.628+0900][gc,task     ] GC(55) Using 8 workers of 8 for evacuation
[2022-12-18T18:02:46.644+0900][gc,phases   ] GC(55)   Pre Evacuate Collection Set: 0.3ms
[2022-12-18T18:02:46.644+0900][gc,phases   ] GC(55)   Merge Heap Roots: 0.1ms
[2022-12-18T18:02:46.644+0900][gc,phases   ] GC(55)   Evacuate Collection Set: 14.5ms
[2022-12-18T18:02:46.644+0900][gc,phases   ] GC(55)   Post Evacuate Collection Set: 0.5ms
[2022-12-18T18:02:46.644+0900][gc,phases   ] GC(55)   Other: 1.1ms
[2022-12-18T18:02:46.644+0900][gc,heap     ] GC(55) Eden regions: 608->0(608)
[2022-12-18T18:02:46.644+0900][gc,heap     ] GC(55) Survivor regions: 6->6(77)
[2022-12-18T18:02:46.644+0900][gc,heap     ] GC(55) Old regions: 17->17
[2022-12-18T18:02:46.644+0900][gc,heap     ] GC(55) Archive regions: 2->2
[2022-12-18T18:02:46.644+0900][gc,heap     ] GC(55) Humongous regions: 129->129
[2022-12-18T18:02:46.644+0900][gc,metaspace] GC(55) Metaspace: 43975K(44608K)->43975K(44608K) NonClass: 38366K(38720K)->38366K(38720K) Class: 5608K(5888K)->5608K(5888K)
[2022-12-18T18:02:46.644+0900][gc          ] GC(55) Pause Young (Normal) (G1 Evacuation Pause) 760M->152M(1024M) 16.618ms
[2022-12-18T18:02:46.644+0900][gc,cpu      ] GC(55) User=0.02s Sys=0.02s Real=0.02s
[2022-12-18T18:02:53.498+0900][gc,start    ] GC(56) Pause Young (Normal) (G1 Evacuation Pause)
[2022-12-18T18:02:53.499+0900][gc,task     ] GC(56) Using 8 workers of 8 for evacuation
[2022-12-18T18:02:53.513+0900][gc,phases   ] GC(56)   Pre Evacuate Collection Set: 0.3ms
[2022-12-18T18:02:53.513+0900][gc,phases   ] GC(56)   Merge Heap Roots: 0.1ms
[2022-12-18T18:02:53.513+0900][gc,phases   ] GC(56)   Evacuate Collection Set: 12.8ms
[2022-12-18T18:02:53.513+0900][gc,phases   ] GC(56)   Post Evacuate Collection Set: 0.8ms
[2022-12-18T18:02:53.513+0900][gc,phases   ] GC(56)   Other: 1.0ms
[2022-12-18T18:02:53.513+0900][gc,heap     ] GC(56) Eden regions: 608->0(608)
[2022-12-18T18:02:53.513+0900][gc,heap     ] GC(56) Survivor regions: 6->6(77)
[2022-12-18T18:02:53.513+0900][gc,heap     ] GC(56) Old regions: 17->18
[2022-12-18T18:02:53.513+0900][gc,heap     ] GC(56) Archive regions: 2->2
[2022-12-18T18:02:53.513+0900][gc,heap     ] GC(56) Humongous regions: 129->129
[2022-12-18T18:02:53.513+0900][gc,metaspace] GC(56) Metaspace: 43975K(44608K)->43975K(44608K) NonClass: 38366K(38720K)->38366K(38720K) Class: 5608K(5888K)->5608K(5888K)
[2022-12-18T18:02:53.513+0900][gc          ] GC(56) Pause Young (Normal) (G1 Evacuation Pause) 760M->153M(1024M) 15.008ms
[2022-12-18T18:02:53.513+0900][gc,cpu      ] GC(56) User=0.01s Sys=0.02s Real=0.02s
[2022-12-18T18:03:00.266+0900][gc,start    ] GC(57) Pause Young (Normal) (G1 Evacuation Pause)
[2022-12-18T18:03:00.266+0900][gc,task     ] GC(57) Using 8 workers of 8 for evacuation
[2022-12-18T18:03:00.277+0900][gc,phases   ] GC(57)   Pre Evacuate Collection Set: 0.2ms
[2022-12-18T18:03:00.277+0900][gc,phases   ] GC(57)   Merge Heap Roots: 0.1ms
[2022-12-18T18:03:00.277+0900][gc,phases   ] GC(57)   Evacuate Collection Set: 9.7ms
[2022-12-18T18:03:00.277+0900][gc,phases   ] GC(57)   Post Evacuate Collection Set: 0.7ms
[2022-12-18T18:03:00.277+0900][gc,phases   ] GC(57)   Other: 0.4ms
[2022-12-18T18:03:00.277+0900][gc,heap     ] GC(57) Eden regions: 608->0(608)
[2022-12-18T18:03:00.277+0900][gc,heap     ] GC(57) Survivor regions: 6->6(77)
[2022-12-18T18:03:00.277+0900][gc,heap     ] GC(57) Old regions: 18->18
[2022-12-18T18:03:00.277+0900][gc,heap     ] GC(57) Archive regions: 2->2
[2022-12-18T18:03:00.277+0900][gc,heap     ] GC(57) Humongous regions: 129->129
[2022-12-18T18:03:00.277+0900][gc,metaspace] GC(57) Metaspace: 43975K(44608K)->43975K(44608K) NonClass: 38366K(38720K)->38366K(38720K) Class: 5608K(5888K)->5608K(5888K)
[2022-12-18T18:03:00.277+0900][gc          ] GC(57) Pause Young (Normal) (G1 Evacuation Pause) 761M->153M(1024M) 11.240ms
[2022-12-18T18:03:00.277+0900][gc,cpu      ] GC(57) User=0.02s Sys=0.02s Real=0.01s
[2022-12-18T18:03:06.679+0900][gc,start    ] GC(58) Pause Young (Normal) (G1 Evacuation Pause)
[2022-12-18T18:03:06.679+0900][gc,task     ] GC(58) Using 8 workers of 8 for evacuation
[2022-12-18T18:03:06.690+0900][gc,phases   ] GC(58)   Pre Evacuate Collection Set: 0.2ms
[2022-12-18T18:03:06.690+0900][gc,phases   ] GC(58)   Merge Heap Roots: 0.1ms
[2022-12-18T18:03:06.690+0900][gc,phases   ] GC(58)   Evacuate Collection Set: 10.1ms
[2022-12-18T18:03:06.690+0900][gc,phases   ] GC(58)   Post Evacuate Collection Set: 0.6ms
[2022-12-18T18:03:06.690+0900][gc,phases   ] GC(58)   Other: 0.4ms
[2022-12-18T18:03:06.690+0900][gc,heap     ] GC(58) Eden regions: 608->0(607)
[2022-12-18T18:03:06.690+0900][gc,heap     ] GC(58) Survivor regions: 6->7(77)
[2022-12-18T18:03:06.690+0900][gc,heap     ] GC(58) Old regions: 18->18
[2022-12-18T18:03:06.690+0900][gc,heap     ] GC(58) Archive regions: 2->2
[2022-12-18T18:03:06.690+0900][gc,heap     ] GC(58) Humongous regions: 129->129
[2022-12-18T18:03:06.690+0900][gc,metaspace] GC(58) Metaspace: 43979K(44608K)->43979K(44608K) NonClass: 38370K(38720K)->38370K(38720K) Class: 5608K(5888K)->5608K(5888K)
[2022-12-18T18:03:06.690+0900][gc          ] GC(58) Pause Young (Normal) (G1 Evacuation Pause) 761M->153M(1024M) 11.641ms
[2022-12-18T18:03:06.690+0900][gc,cpu      ] GC(58) User=0.01s Sys=0.02s Real=0.02s
[2022-12-18T18:03:12.875+0900][gc,start    ] GC(59) Pause Young (Normal) (G1 Evacuation Pause)
[2022-12-18T18:03:12.876+0900][gc,task     ] GC(59) Using 8 workers of 8 for evacuation
[2022-12-18T18:03:12.887+0900][gc,phases   ] GC(59)   Pre Evacuate Collection Set: 0.2ms
[2022-12-18T18:03:12.887+0900][gc,phases   ] GC(59)   Merge Heap Roots: 0.2ms
[2022-12-18T18:03:12.887+0900][gc,phases   ] GC(59)   Evacuate Collection Set: 9.5ms
[2022-12-18T18:03:12.887+0900][gc,phases   ] GC(59)   Post Evacuate Collection Set: 0.6ms
[2022-12-18T18:03:12.887+0900][gc,phases   ] GC(59)   Other: 0.9ms
[2022-12-18T18:03:12.887+0900][gc,heap     ] GC(59) Eden regions: 607->0(607)
[2022-12-18T18:03:12.887+0900][gc,heap     ] GC(59) Survivor regions: 7->7(77)
[2022-12-18T18:03:12.887+0900][gc,heap     ] GC(59) Old regions: 18->18
[2022-12-18T18:03:12.887+0900][gc,heap     ] GC(59) Archive regions: 2->2
[2022-12-18T18:03:12.887+0900][gc,heap     ] GC(59) Humongous regions: 129->129
[2022-12-18T18:03:12.887+0900][gc,metaspace] GC(59) Metaspace: 43979K(44608K)->43979K(44608K) NonClass: 38370K(38720K)->38370K(38720K) Class: 5608K(5888K)->5608K(5888K)
[2022-12-18T18:03:12.887+0900][gc          ] GC(59) Pause Young (Normal) (G1 Evacuation Pause) 760M->154M(1024M) 11.436ms
[2022-12-18T18:03:12.887+0900][gc,cpu      ] GC(59) User=0.02s Sys=0.02s Real=0.01s
[2022-12-18T18:03:19.408+0900][gc,start    ] GC(60) Pause Young (Normal) (G1 Evacuation Pause)
[2022-12-18T18:03:19.409+0900][gc,task     ] GC(60) Using 8 workers of 8 for evacuation
[2022-12-18T18:03:19.423+0900][gc,phases   ] GC(60)   Pre Evacuate Collection Set: 0.2ms
[2022-12-18T18:03:19.423+0900][gc,phases   ] GC(60)   Merge Heap Roots: 0.1ms
[2022-12-18T18:03:19.423+0900][gc,phases   ] GC(60)   Evacuate Collection Set: 12.8ms
[2022-12-18T18:03:19.423+0900][gc,phases   ] GC(60)   Post Evacuate Collection Set: 0.6ms
[2022-12-18T18:03:19.423+0900][gc,phases   ] GC(60)   Other: 0.9ms
[2022-12-18T18:03:19.423+0900][gc,heap     ] GC(60) Eden regions: 607->0(607)
[2022-12-18T18:03:19.423+0900][gc,heap     ] GC(60) Survivor regions: 7->7(77)
[2022-12-18T18:03:19.423+0900][gc,heap     ] GC(60) Old regions: 18->18
[2022-12-18T18:03:19.423+0900][gc,heap     ] GC(60) Archive regions: 2->2
[2022-12-18T18:03:19.423+0900][gc,heap     ] GC(60) Humongous regions: 129->129
[2022-12-18T18:03:19.423+0900][gc,metaspace] GC(60) Metaspace: 43979K(44608K)->43979K(44608K) NonClass: 38370K(38720K)->38370K(38720K) Class: 5608K(5888K)->5608K(5888K)
[2022-12-18T18:03:19.423+0900][gc          ] GC(60) Pause Young (Normal) (G1 Evacuation Pause) 761M->154M(1024M) 14.689ms
[2022-12-18T18:03:19.423+0900][gc,cpu      ] GC(60) User=0.01s Sys=0.02s Real=0.02s
[2022-12-18T19:24:06.269+0900][gc,start    ] GC(61) Pause Young (Normal) (G1 Evacuation Pause)
[2022-12-18T19:24:06.272+0900][gc,task     ] GC(61) Using 8 workers of 8 for evacuation
[2022-12-18T19:24:06.490+0900][gc,mmu      ] GC(61) MMU target violated: 21.0ms (20.0ms/21.0ms)
[2022-12-18T19:24:06.491+0900][gc,phases   ] GC(61)   Pre Evacuate Collection Set: 2.9ms
[2022-12-18T19:24:06.491+0900][gc,phases   ] GC(61)   Merge Heap Roots: 1.7ms
[2022-12-18T19:24:06.491+0900][gc,phases   ] GC(61)   Evacuate Collection Set: 210.8ms
[2022-12-18T19:24:06.491+0900][gc,phases   ] GC(61)   Post Evacuate Collection Set: 2.7ms
[2022-12-18T19:24:06.491+0900][gc,phases   ] GC(61)   Other: 5.6ms
[2022-12-18T19:24:06.491+0900][gc,heap     ] GC(61) Eden regions: 607->0(24)
[2022-12-18T19:24:06.491+0900][gc,heap     ] GC(61) Survivor regions: 7->27(77)
[2022-12-18T19:24:06.491+0900][gc,heap     ] GC(61) Old regions: 18->19
[2022-12-18T19:24:06.491+0900][gc,heap     ] GC(61) Archive regions: 2->2
[2022-12-18T19:24:06.491+0900][gc,heap     ] GC(61) Humongous regions: 129->129
[2022-12-18T19:24:06.491+0900][gc,metaspace] GC(61) Metaspace: 44016K(44608K)->44016K(44608K) NonClass: 38407K(38720K)->38407K(38720K) Class: 5608K(5888K)->5608K(5888K)
[2022-12-18T19:24:06.492+0900][gc          ] GC(61) Pause Young (Normal) (G1 Evacuation Pause) 761M->174M(1024M) 222.805ms
[2022-12-18T19:24:06.492+0900][gc,cpu      ] GC(61) User=0.08s Sys=0.22s Real=0.23s
[2022-12-18T19:27:06.818+0900][gc,start    ] GC(62) Pause Young (Normal) (G1 Evacuation Pause)
[2022-12-18T19:27:06.819+0900][gc,task     ] GC(62) Using 8 workers of 8 for evacuation
[2022-12-18T19:27:06.864+0900][gc,mmu      ] GC(62) MMU target violated: 21.0ms (20.0ms/21.0ms)
[2022-12-18T19:27:06.864+0900][gc,phases   ] GC(62)   Pre Evacuate Collection Set: 0.4ms
[2022-12-18T19:27:06.864+0900][gc,phases   ] GC(62)   Merge Heap Roots: 0.6ms
[2022-12-18T19:27:06.864+0900][gc,phases   ] GC(62)   Evacuate Collection Set: 40.4ms
[2022-12-18T19:27:06.864+0900][gc,phases   ] GC(62)   Post Evacuate Collection Set: 2.6ms
[2022-12-18T19:27:06.864+0900][gc,phases   ] GC(62)   Other: 4.5ms
[2022-12-18T19:27:06.864+0900][gc,heap     ] GC(62) Eden regions: 24->0(46)
[2022-12-18T19:27:06.864+0900][gc,heap     ] GC(62) Survivor regions: 27->5(7)
[2022-12-18T19:27:06.864+0900][gc,heap     ] GC(62) Old regions: 19->42
[2022-12-18T19:27:06.864+0900][gc,heap     ] GC(62) Archive regions: 2->2
[2022-12-18T19:27:06.864+0900][gc,heap     ] GC(62) Humongous regions: 129->129
[2022-12-18T19:27:06.864+0900][gc,metaspace] GC(62) Metaspace: 44016K(44608K)->44016K(44608K) NonClass: 38407K(38720K)->38407K(38720K) Class: 5608K(5888K)->5608K(5888K)
[2022-12-18T19:27:06.864+0900][gc          ] GC(62) Pause Young (Normal) (G1 Evacuation Pause) 198M->176M(1024M) 47.114ms
[2022-12-18T19:27:06.864+0900][gc,cpu      ] GC(62) User=0.06s Sys=0.03s Real=0.05s
[2022-12-18T19:33:01.434+0900][gc,start    ] GC(63) Pause Young (Normal) (G1 Evacuation Pause)
[2022-12-18T19:33:01.435+0900][gc,task     ] GC(63) Using 8 workers of 8 for evacuation
[2022-12-18T19:33:01.463+0900][gc,mmu      ] GC(63) MMU target violated: 21.0ms (20.0ms/21.0ms)
[2022-12-18T19:33:01.463+0900][gc,phases   ] GC(63)   Pre Evacuate Collection Set: 0.9ms
[2022-12-18T19:33:01.463+0900][gc,phases   ] GC(63)   Merge Heap Roots: 0.3ms
[2022-12-18T19:33:01.463+0900][gc,phases   ] GC(63)   Evacuate Collection Set: 25.4ms
[2022-12-18T19:33:01.463+0900][gc,phases   ] GC(63)   Post Evacuate Collection Set: 1.1ms
[2022-12-18T19:33:01.463+0900][gc,phases   ] GC(63)   Other: 1.1ms
[2022-12-18T19:33:01.463+0900][gc,heap     ] GC(63) Eden regions: 46->0(44)
[2022-12-18T19:33:01.463+0900][gc,heap     ] GC(63) Survivor regions: 5->7(7)
[2022-12-18T19:33:01.463+0900][gc,heap     ] GC(63) Old regions: 42->42
[2022-12-18T19:33:01.463+0900][gc,heap     ] GC(63) Archive regions: 2->2
[2022-12-18T19:33:01.463+0900][gc,heap     ] GC(63) Humongous regions: 129->129
[2022-12-18T19:33:01.463+0900][gc,metaspace] GC(63) Metaspace: 44017K(44608K)->44017K(44608K) NonClass: 38409K(38720K)->38409K(38720K) Class: 5608K(5888K)->5608K(5888K)
[2022-12-18T19:33:01.463+0900][gc          ] GC(63) Pause Young (Normal) (G1 Evacuation Pause) 222M->178M(1024M) 28.683ms
[2022-12-18T19:33:01.463+0900][gc,cpu      ] GC(63) User=0.02s Sys=0.03s Real=0.03s
[2022-12-18T19:38:40.222+0900][gc,start    ] GC(64) Pause Young (Normal) (G1 Evacuation Pause)
[2022-12-18T19:38:40.223+0900][gc,task     ] GC(64) Using 8 workers of 8 for evacuation
[2022-12-18T19:38:40.246+0900][gc,mmu      ] GC(64) MMU target violated: 21.0ms (20.0ms/21.0ms)
[2022-12-18T19:38:40.247+0900][gc,phases   ] GC(64)   Pre Evacuate Collection Set: 0.9ms
[2022-12-18T19:38:40.247+0900][gc,phases   ] GC(64)   Merge Heap Roots: 0.4ms
[2022-12-18T19:38:40.247+0900][gc,phases   ] GC(64)   Evacuate Collection Set: 20.3ms
[2022-12-18T19:38:40.247+0900][gc,phases   ] GC(64)   Post Evacuate Collection Set: 1.7ms
[2022-12-18T19:38:40.247+0900][gc,phases   ] GC(64)   Other: 2.9ms
[2022-12-18T19:38:40.247+0900][gc,heap     ] GC(64) Eden regions: 44->0(46)
[2022-12-18T19:38:40.247+0900][gc,heap     ] GC(64) Survivor regions: 7->5(7)
[2022-12-18T19:38:40.247+0900][gc,heap     ] GC(64) Old regions: 42->47
[2022-12-18T19:38:40.247+0900][gc,heap     ] GC(64) Archive regions: 2->2
[2022-12-18T19:38:40.247+0900][gc,heap     ] GC(64) Humongous regions: 129->129
[2022-12-18T19:38:40.247+0900][gc,metaspace] GC(64) Metaspace: 44018K(44608K)->44018K(44608K) NonClass: 38409K(38720K)->38409K(38720K) Class: 5608K(5888K)->5608K(5888K)
[2022-12-18T19:38:40.247+0900][gc          ] GC(64) Pause Young (Normal) (G1 Evacuation Pause) 222M->181M(1024M) 25.781ms
[2022-12-18T19:38:40.247+0900][gc,cpu      ] GC(64) User=0.03s Sys=0.03s Real=0.02s
[2022-12-18T19:44:30.712+0900][gc,start    ] GC(65) Pause Young (Normal) (G1 Evacuation Pause)
[2022-12-18T19:44:30.712+0900][gc,task     ] GC(65) Using 8 workers of 8 for evacuation
[2022-12-18T19:44:30.740+0900][gc,mmu      ] GC(65) MMU target violated: 21.0ms (20.0ms/21.0ms)
[2022-12-18T19:44:30.740+0900][gc,phases   ] GC(65)   Pre Evacuate Collection Set: 3.3ms
[2022-12-18T19:44:30.740+0900][gc,phases   ] GC(65)   Merge Heap Roots: 2.1ms
[2022-12-18T19:44:30.740+0900][gc,phases   ] GC(65)   Evacuate Collection Set: 21.1ms
[2022-12-18T19:44:30.740+0900][gc,phases   ] GC(65)   Post Evacuate Collection Set: 1.0ms
[2022-12-18T19:44:30.740+0900][gc,phases   ] GC(65)   Other: 1.1ms
[2022-12-18T19:44:30.740+0900][gc,heap     ] GC(65) Eden regions: 46->0(47)
[2022-12-18T19:44:30.740+0900][gc,heap     ] GC(65) Survivor regions: 5->4(7)
[2022-12-18T19:44:30.740+0900][gc,heap     ] GC(65) Old regions: 47->50
[2022-12-18T19:44:30.740+0900][gc,heap     ] GC(65) Archive regions: 2->2
[2022-12-18T19:44:30.740+0900][gc,heap     ] GC(65) Humongous regions: 129->129
[2022-12-18T19:44:30.740+0900][gc,metaspace] GC(65) Metaspace: 44019K(44608K)->44019K(44608K) NonClass: 38411K(38720K)->38411K(38720K) Class: 5608K(5888K)->5608K(5888K)
[2022-12-18T19:44:30.740+0900][gc          ] GC(65) Pause Young (Normal) (G1 Evacuation Pause) 227M->183M(1024M) 28.758ms
[2022-12-18T19:44:30.740+0900][gc,cpu      ] GC(65) User=0.04s Sys=0.02s Real=0.03s
[2022-12-18T19:50:33.715+0900][gc,start    ] GC(66) Pause Young (Normal) (G1 Evacuation Pause)
[2022-12-18T19:50:33.716+0900][gc,task     ] GC(66) Using 8 workers of 8 for evacuation
[2022-12-18T19:50:33.753+0900][gc,mmu      ] GC(66) MMU target violated: 21.0ms (20.0ms/21.0ms)
[2022-12-18T19:50:33.753+0900][gc,phases   ] GC(66)   Pre Evacuate Collection Set: 0.4ms
[2022-12-18T19:50:33.753+0900][gc,phases   ] GC(66)   Merge Heap Roots: 0.2ms
[2022-12-18T19:50:33.753+0900][gc,phases   ] GC(66)   Evacuate Collection Set: 31.0ms
[2022-12-18T19:50:33.753+0900][gc,phases   ] GC(66)   Post Evacuate Collection Set: 5.7ms
[2022-12-18T19:50:33.754+0900][gc,phases   ] GC(66)   Other: 1.5ms
[2022-12-18T19:50:33.754+0900][gc,heap     ] GC(66) Eden regions: 47->0(44)
[2022-12-18T19:50:33.754+0900][gc,heap     ] GC(66) Survivor regions: 4->7(7)
[2022-12-18T19:50:33.754+0900][gc,heap     ] GC(66) Old regions: 50->50
[2022-12-18T19:50:33.754+0900][gc,heap     ] GC(66) Archive regions: 2->2
[2022-12-18T19:50:33.754+0900][gc,heap     ] GC(66) Humongous regions: 129->129
[2022-12-18T19:50:33.754+0900][gc,metaspace] GC(66) Metaspace: 44019K(44608K)->44019K(44608K) NonClass: 38411K(38720K)->38411K(38720K) Class: 5608K(5888K)->5608K(5888K)
[2022-12-18T19:50:33.754+0900][gc          ] GC(66) Pause Young (Normal) (G1 Evacuation Pause) 230M->186M(1024M) 38.928ms
[2022-12-18T19:50:33.754+0900][gc,cpu      ] GC(66) User=0.04s Sys=0.03s Real=0.04s
[2022-12-18T19:56:07.768+0900][gc,start    ] GC(67) Pause Young (Normal) (G1 Evacuation Pause)
[2022-12-18T19:56:07.769+0900][gc,task     ] GC(67) Using 8 workers of 8 for evacuation
[2022-12-18T19:56:07.791+0900][gc,mmu      ] GC(67) MMU target violated: 21.0ms (20.0ms/21.0ms)
[2022-12-18T19:56:07.791+0900][gc,phases   ] GC(67)   Pre Evacuate Collection Set: 0.6ms
[2022-12-18T19:56:07.791+0900][gc,phases   ] GC(67)   Merge Heap Roots: 0.6ms
[2022-12-18T19:56:07.791+0900][gc,phases   ] GC(67)   Evacuate Collection Set: 19.3ms
[2022-12-18T19:56:07.791+0900][gc,phases   ] GC(67)   Post Evacuate Collection Set: 0.9ms
[2022-12-18T19:56:07.791+0900][gc,phases   ] GC(67)   Other: 1.5ms
[2022-12-18T19:56:07.791+0900][gc,heap     ] GC(67) Eden regions: 44->0(47)
[2022-12-18T19:56:07.791+0900][gc,heap     ] GC(67) Survivor regions: 7->4(7)
[2022-12-18T19:56:07.791+0900][gc,heap     ] GC(67) Old regions: 50->57
[2022-12-18T19:56:07.791+0900][gc,heap     ] GC(67) Archive regions: 2->2
[2022-12-18T19:56:07.791+0900][gc,heap     ] GC(67) Humongous regions: 129->129
[2022-12-18T19:56:07.791+0900][gc,metaspace] GC(67) Metaspace: 44019K(44608K)->44019K(44608K) NonClass: 38411K(38720K)->38411K(38720K) Class: 5608K(5888K)->5608K(5888K)
[2022-12-18T19:56:07.791+0900][gc          ] GC(67) Pause Young (Normal) (G1 Evacuation Pause) 230M->190M(1024M) 22.994ms
[2022-12-18T19:56:07.791+0900][gc,cpu      ] GC(67) User=0.03s Sys=0.02s Real=0.03s
[2022-12-18T20:01:41.894+0900][gc,start    ] GC(68) Pause Young (Normal) (G1 Evacuation Pause)
[2022-12-18T20:01:41.895+0900][gc,task     ] GC(68) Using 8 workers of 8 for evacuation
[2022-12-18T20:01:41.920+0900][gc,mmu      ] GC(68) MMU target violated: 21.0ms (20.0ms/21.0ms)
[2022-12-18T20:01:41.920+0900][gc,phases   ] GC(68)   Pre Evacuate Collection Set: 0.5ms
[2022-12-18T20:01:41.920+0900][gc,phases   ] GC(68)   Merge Heap Roots: 0.3ms
[2022-12-18T20:01:41.920+0900][gc,phases   ] GC(68)   Evacuate Collection Set: 22.4ms
[2022-12-18T20:01:41.920+0900][gc,phases   ] GC(68)   Post Evacuate Collection Set: 1.2ms
[2022-12-18T20:01:41.920+0900][gc,phases   ] GC(68)   Other: 1.8ms
[2022-12-18T20:01:41.920+0900][gc,heap     ] GC(68) Eden regions: 47->0(44)
[2022-12-18T20:01:41.920+0900][gc,heap     ] GC(68) Survivor regions: 4->7(7)
[2022-12-18T20:01:41.920+0900][gc,heap     ] GC(68) Old regions: 57->59
[2022-12-18T20:01:41.920+0900][gc,heap     ] GC(68) Archive regions: 2->2
[2022-12-18T20:01:41.920+0900][gc,heap     ] GC(68) Humongous regions: 129->129
[2022-12-18T20:01:41.920+0900][gc,metaspace] GC(68) Metaspace: 44020K(44672K)->44020K(44672K) NonClass: 38411K(38784K)->38411K(38784K) Class: 5608K(5888K)->5608K(5888K)
[2022-12-18T20:01:41.920+0900][gc          ] GC(68) Pause Young (Normal) (G1 Evacuation Pause) 237M->195M(1024M) 26.364ms
[2022-12-18T20:01:41.920+0900][gc,cpu      ] GC(68) User=0.03s Sys=0.03s Real=0.03s
[2022-12-18T20:07:21.076+0900][gc,start    ] GC(69) Pause Young (Normal) (G1 Evacuation Pause)
[2022-12-18T20:07:21.077+0900][gc,task     ] GC(69) Using 8 workers of 8 for evacuation
[2022-12-18T20:07:21.117+0900][gc,mmu      ] GC(69) MMU target violated: 21.0ms (20.0ms/21.0ms)
[2022-12-18T20:07:21.117+0900][gc,phases   ] GC(69)   Pre Evacuate Collection Set: 0.6ms
[2022-12-18T20:07:21.117+0900][gc,phases   ] GC(69)   Merge Heap Roots: 0.3ms
[2022-12-18T20:07:21.117+0900][gc,phases   ] GC(69)   Evacuate Collection Set: 31.3ms
[2022-12-18T20:07:21.117+0900][gc,phases   ] GC(69)   Post Evacuate Collection Set: 7.3ms
[2022-12-18T20:07:21.117+0900][gc,phases   ] GC(69)   Other: 1.8ms
[2022-12-18T20:07:21.117+0900][gc,heap     ] GC(69) Eden regions: 44->0(47)
[2022-12-18T20:07:21.117+0900][gc,heap     ] GC(69) Survivor regions: 7->4(7)
[2022-12-18T20:07:21.117+0900][gc,heap     ] GC(69) Old regions: 59->65
[2022-12-18T20:07:21.117+0900][gc,heap     ] GC(69) Archive regions: 2->2
[2022-12-18T20:07:21.117+0900][gc,heap     ] GC(69) Humongous regions: 129->129
[2022-12-18T20:07:21.117+0900][gc,metaspace] GC(69) Metaspace: 44020K(44672K)->44020K(44672K) NonClass: 38411K(38784K)->38411K(38784K) Class: 5608K(5888K)->5608K(5888K)
[2022-12-18T20:07:21.117+0900][gc          ] GC(69) Pause Young (Normal) (G1 Evacuation Pause) 239M->198M(1024M) 41.435ms
[2022-12-18T20:07:21.117+0900][gc,cpu      ] GC(69) User=0.05s Sys=0.03s Real=0.04s
[2022-12-18T20:13:23.164+0900][gc,start    ] GC(70) Pause Young (Normal) (G1 Evacuation Pause)
[2022-12-18T20:13:23.165+0900][gc,task     ] GC(70) Using 8 workers of 8 for evacuation
[2022-12-18T20:13:23.188+0900][gc,mmu      ] GC(70) MMU target violated: 21.0ms (20.0ms/21.0ms)
[2022-12-18T20:13:23.189+0900][gc,phases   ] GC(70)   Pre Evacuate Collection Set: 0.6ms
[2022-12-18T20:13:23.189+0900][gc,phases   ] GC(70)   Merge Heap Roots: 0.2ms
[2022-12-18T20:13:23.189+0900][gc,phases   ] GC(70)   Evacuate Collection Set: 21.3ms
[2022-12-18T20:13:23.189+0900][gc,phases   ] GC(70)   Post Evacuate Collection Set: 0.9ms
[2022-12-18T20:13:23.189+0900][gc,phases   ] GC(70)   Other: 1.8ms
[2022-12-18T20:13:23.189+0900][gc,heap     ] GC(70) Eden regions: 47->0(44)
[2022-12-18T20:13:23.189+0900][gc,heap     ] GC(70) Survivor regions: 4->7(7)
[2022-12-18T20:13:23.189+0900][gc,heap     ] GC(70) Old regions: 65->65
[2022-12-18T20:13:23.189+0900][gc,heap     ] GC(70) Archive regions: 2->2
[2022-12-18T20:13:23.189+0900][gc,heap     ] GC(70) Humongous regions: 129->129
[2022-12-18T20:13:23.189+0900][gc,metaspace] GC(70) Metaspace: 44022K(44672K)->44022K(44672K) NonClass: 38413K(38784K)->38413K(38784K) Class: 5609K(5888K)->5609K(5888K)
[2022-12-18T20:13:23.189+0900][gc          ] GC(70) Pause Young (Normal) (G1 Evacuation Pause) 245M->201M(1024M) 24.849ms
[2022-12-18T20:13:23.189+0900][gc,cpu      ] GC(70) User=0.03s Sys=0.02s Real=0.02s
[2022-12-18T20:19:02.668+0900][gc,start    ] GC(71) Pause Young (Normal) (G1 Evacuation Pause)
[2022-12-18T20:19:02.669+0900][gc,task     ] GC(71) Using 8 workers of 8 for evacuation
[2022-12-18T20:19:02.696+0900][gc,mmu      ] GC(71) MMU target violated: 21.0ms (20.0ms/21.0ms)
[2022-12-18T20:19:02.696+0900][gc,phases   ] GC(71)   Pre Evacuate Collection Set: 0.7ms
[2022-12-18T20:19:02.696+0900][gc,phases   ] GC(71)   Merge Heap Roots: 0.4ms
[2022-12-18T20:19:02.696+0900][gc,phases   ] GC(71)   Evacuate Collection Set: 24.3ms
[2022-12-18T20:19:02.696+0900][gc,phases   ] GC(71)   Post Evacuate Collection Set: 1.1ms
[2022-12-18T20:19:02.696+0900][gc,phases   ] GC(71)   Other: 2.0ms
[2022-12-18T20:19:02.696+0900][gc,heap     ] GC(71) Eden regions: 44->0(46)
[2022-12-18T20:19:02.696+0900][gc,heap     ] GC(71) Survivor regions: 7->5(7)
[2022-12-18T20:19:02.696+0900][gc,heap     ] GC(71) Old regions: 65->71
[2022-12-18T20:19:02.696+0900][gc,heap     ] GC(71) Archive regions: 2->2
[2022-12-18T20:19:02.696+0900][gc,heap     ] GC(71) Humongous regions: 129->129
[2022-12-18T20:19:02.696+0900][gc,metaspace] GC(71) Metaspace: 44022K(44672K)->44022K(44672K) NonClass: 38413K(38784K)->38413K(38784K) Class: 5609K(5888K)->5609K(5888K)
[2022-12-18T20:19:02.696+0900][gc          ] GC(71) Pause Young (Normal) (G1 Evacuation Pause) 245M->204M(1024M) 28.441ms
[2022-12-18T20:19:02.696+0900][gc,cpu      ] GC(71) User=0.05s Sys=0.03s Real=0.03s
[2022-12-18T20:24:57.590+0900][gc,start    ] GC(72) Pause Young (Normal) (G1 Evacuation Pause)
[2022-12-18T20:24:57.591+0900][gc,task     ] GC(72) Using 8 workers of 8 for evacuation
[2022-12-18T20:24:57.619+0900][gc,mmu      ] GC(72) MMU target violated: 21.0ms (20.0ms/21.0ms)
[2022-12-18T20:24:57.620+0900][gc,phases   ] GC(72)   Pre Evacuate Collection Set: 0.6ms
[2022-12-18T20:24:57.620+0900][gc,phases   ] GC(72)   Merge Heap Roots: 0.2ms
[2022-12-18T20:24:57.620+0900][gc,phases   ] GC(72)   Evacuate Collection Set: 26.1ms
[2022-12-18T20:24:57.620+0900][gc,phases   ] GC(72)   Post Evacuate Collection Set: 1.2ms
[2022-12-18T20:24:57.620+0900][gc,phases   ] GC(72)   Other: 1.6ms
[2022-12-18T20:24:57.620+0900][gc,heap     ] GC(72) Eden regions: 46->0(46)
[2022-12-18T20:24:57.620+0900][gc,heap     ] GC(72) Survivor regions: 5->5(7)
[2022-12-18T20:24:57.620+0900][gc,heap     ] GC(72) Old regions: 71->75
[2022-12-18T20:24:57.620+0900][gc,heap     ] GC(72) Archive regions: 2->2
[2022-12-18T20:24:57.620+0900][gc,heap     ] GC(72) Humongous regions: 129->129
[2022-12-18T20:24:57.620+0900][gc,metaspace] GC(72) Metaspace: 44024K(44672K)->44024K(44672K) NonClass: 38415K(38784K)->38415K(38784K) Class: 5609K(5888K)->5609K(5888K)
[2022-12-18T20:24:57.620+0900][gc          ] GC(72) Pause Young (Normal) (G1 Evacuation Pause) 250M->208M(1024M) 29.924ms
[2022-12-18T20:24:57.620+0900][gc,cpu      ] GC(72) User=0.03s Sys=0.02s Real=0.03s
[2022-12-18T20:25:50.885+0900][gc,start    ] GC(73) Pause Young (Normal) (G1 Evacuation Pause)
[2022-12-18T20:25:50.886+0900][gc,task     ] GC(73) Using 8 workers of 8 for evacuation
[2022-12-18T20:25:50.897+0900][gc,phases   ] GC(73)   Pre Evacuate Collection Set: 0.2ms
[2022-12-18T20:25:50.898+0900][gc,phases   ] GC(73)   Merge Heap Roots: 0.1ms
[2022-12-18T20:25:50.898+0900][gc,phases   ] GC(73)   Evacuate Collection Set: 11.0ms
[2022-12-18T20:25:50.898+0900][gc,phases   ] GC(73)   Post Evacuate Collection Set: 0.6ms
[2022-12-18T20:25:50.898+0900][gc,phases   ] GC(73)   Other: 0.6ms
[2022-12-18T20:25:50.898+0900][gc,heap     ] GC(73) Eden regions: 46->0(47)
[2022-12-18T20:25:50.898+0900][gc,heap     ] GC(73) Survivor regions: 5->4(7)
[2022-12-18T20:25:50.898+0900][gc,heap     ] GC(73) Old regions: 75->78
[2022-12-18T20:25:50.898+0900][gc,heap     ] GC(73) Archive regions: 2->2
[2022-12-18T20:25:50.898+0900][gc,heap     ] GC(73) Humongous regions: 129->129
[2022-12-18T20:25:50.898+0900][gc,metaspace] GC(73) Metaspace: 44031K(44672K)->44031K(44672K) NonClass: 38422K(38784K)->38422K(38784K) Class: 5609K(5888K)->5609K(5888K)
[2022-12-18T20:25:50.898+0900][gc          ] GC(73) Pause Young (Normal) (G1 Evacuation Pause) 254M->211M(1024M) 12.425ms
[2022-12-18T20:25:50.898+0900][gc,cpu      ] GC(73) User=0.02s Sys=0.01s Real=0.01s
[2022-12-18T20:25:51.653+0900][gc,start    ] GC(74) Pause Young (Normal) (G1 Evacuation Pause)
[2022-12-18T20:25:51.653+0900][gc,task     ] GC(74) Using 8 workers of 8 for evacuation
[2022-12-18T20:25:51.656+0900][gc,phases   ] GC(74)   Pre Evacuate Collection Set: 0.2ms
[2022-12-18T20:25:51.656+0900][gc,phases   ] GC(74)   Merge Heap Roots: 0.1ms
[2022-12-18T20:25:51.656+0900][gc,phases   ] GC(74)   Evacuate Collection Set: 2.9ms
[2022-12-18T20:25:51.656+0900][gc,phases   ] GC(74)   Post Evacuate Collection Set: 0.2ms
[2022-12-18T20:25:51.656+0900][gc,phases   ] GC(74)   Other: 0.1ms
[2022-12-18T20:25:51.656+0900][gc,heap     ] GC(74) Eden regions: 47->0(52)
[2022-12-18T20:25:51.656+0900][gc,heap     ] GC(74) Survivor regions: 4->5(7)
[2022-12-18T20:25:51.656+0900][gc,heap     ] GC(74) Old regions: 78->78
[2022-12-18T20:25:51.656+0900][gc,heap     ] GC(74) Archive regions: 2->2
[2022-12-18T20:25:51.656+0900][gc,heap     ] GC(74) Humongous regions: 129->129
[2022-12-18T20:25:51.656+0900][gc,metaspace] GC(74) Metaspace: 44031K(44672K)->44031K(44672K) NonClass: 38422K(38784K)->38422K(38784K) Class: 5609K(5888K)->5609K(5888K)
[2022-12-18T20:25:51.656+0900][gc          ] GC(74) Pause Young (Normal) (G1 Evacuation Pause) 258M->212M(1024M) 3.641ms
[2022-12-18T20:25:51.656+0900][gc,cpu      ] GC(74) User=0.02s Sys=0.01s Real=0.00s
[2022-12-18T20:25:52.983+0900][gc,start    ] GC(75) Pause Young (Normal) (G1 Evacuation Pause)
[2022-12-18T20:25:52.983+0900][gc,task     ] GC(75) Using 8 workers of 8 for evacuation
[2022-12-18T20:25:52.987+0900][gc,phases   ] GC(75)   Pre Evacuate Collection Set: 0.1ms
[2022-12-18T20:25:52.987+0900][gc,phases   ] GC(75)   Merge Heap Roots: 0.1ms
[2022-12-18T20:25:52.987+0900][gc,phases   ] GC(75)   Evacuate Collection Set: 3.9ms
[2022-12-18T20:25:52.987+0900][gc,phases   ] GC(75)   Post Evacuate Collection Set: 0.3ms
[2022-12-18T20:25:52.987+0900][gc,phases   ] GC(75)   Other: 0.1ms
[2022-12-18T20:25:52.987+0900][gc,heap     ] GC(75) Eden regions: 46->0(110)
[2022-12-18T20:25:52.987+0900][gc,heap     ] GC(75) Survivor regions: 5->3(7)
[2022-12-18T20:25:52.987+0900][gc,heap     ] GC(75) Old regions: 78->81
[2022-12-18T20:25:52.987+0900][gc,heap     ] GC(75) Archive regions: 2->2
[2022-12-18T20:25:52.987+0900][gc,heap     ] GC(75) Humongous regions: 129->129
[2022-12-18T20:25:52.987+0900][gc,metaspace] GC(75) Metaspace: 44032K(44672K)->44032K(44672K) NonClass: 38423K(38784K)->38423K(38784K) Class: 5609K(5888K)->5609K(5888K)
[2022-12-18T20:25:52.987+0900][gc          ] GC(75) Pause Young (Normal) (G1 Evacuation Pause) 258M->213M(1024M) 4.668ms
[2022-12-18T20:25:52.987+0900][gc,cpu      ] GC(75) User=0.01s Sys=0.00s Real=0.00s
[2022-12-18T20:25:54.934+0900][gc,start    ] GC(76) Pause Young (Normal) (G1 Evacuation Pause)
[2022-12-18T20:25:54.934+0900][gc,task     ] GC(76) Using 8 workers of 8 for evacuation
[2022-12-18T20:25:54.940+0900][gc,phases   ] GC(76)   Pre Evacuate Collection Set: 0.1ms
[2022-12-18T20:25:54.940+0900][gc,phases   ] GC(76)   Merge Heap Roots: 0.1ms
[2022-12-18T20:25:54.940+0900][gc,phases   ] GC(76)   Evacuate Collection Set: 5.3ms
[2022-12-18T20:25:54.940+0900][gc,phases   ] GC(76)   Post Evacuate Collection Set: 0.4ms
[2022-12-18T20:25:54.940+0900][gc,phases   ] GC(76)   Other: 0.2ms
[2022-12-18T20:25:54.940+0900][gc,heap     ] GC(76) Eden regions: 110->0(118)
[2022-12-18T20:25:54.940+0900][gc,heap     ] GC(76) Survivor regions: 3->5(15)
[2022-12-18T20:25:54.940+0900][gc,heap     ] GC(76) Old regions: 81->81
[2022-12-18T20:25:54.940+0900][gc,heap     ] GC(76) Archive regions: 2->2
[2022-12-18T20:25:54.940+0900][gc,heap     ] GC(76) Humongous regions: 129->129
[2022-12-18T20:25:54.940+0900][gc,metaspace] GC(76) Metaspace: 44032K(44672K)->44032K(44672K) NonClass: 38423K(38784K)->38423K(38784K) Class: 5609K(5888K)->5609K(5888K)
[2022-12-18T20:25:54.940+0900][gc          ] GC(76) Pause Young (Normal) (G1 Evacuation Pause) 323M->215M(1024M) 6.242ms
[2022-12-18T20:25:54.940+0900][gc,cpu      ] GC(76) User=0.01s Sys=0.01s Real=0.01s
[2022-12-18T20:33:20.003+0900][gc,start    ] GC(77) Pause Young (Normal) (G1 Evacuation Pause)
[2022-12-18T20:33:20.004+0900][gc,task     ] GC(77) Using 8 workers of 8 for evacuation
[2022-12-18T20:33:20.054+0900][gc,mmu      ] GC(77) MMU target violated: 21.0ms (20.0ms/21.0ms)
[2022-12-18T20:33:20.054+0900][gc,phases   ] GC(77)   Pre Evacuate Collection Set: 1.9ms
[2022-12-18T20:33:20.054+0900][gc,phases   ] GC(77)   Merge Heap Roots: 2.3ms
[2022-12-18T20:33:20.054+0900][gc,phases   ] GC(77)   Evacuate Collection Set: 42.0ms
[2022-12-18T20:33:20.054+0900][gc,phases   ] GC(77)   Post Evacuate Collection Set: 3.5ms
[2022-12-18T20:33:20.054+0900][gc,phases   ] GC(77)   Other: 1.5ms
[2022-12-18T20:33:20.054+0900][gc,heap     ] GC(77) Eden regions: 118->0(42)
[2022-12-18T20:33:20.054+0900][gc,heap     ] GC(77) Survivor regions: 5->9(16)
[2022-12-18T20:33:20.054+0900][gc,heap     ] GC(77) Old regions: 81->81
[2022-12-18T20:33:20.054+0900][gc,heap     ] GC(77) Archive regions: 2->2
[2022-12-18T20:33:20.054+0900][gc,heap     ] GC(77) Humongous regions: 129->129
[2022-12-18T20:33:20.054+0900][gc,metaspace] GC(77) Metaspace: 44032K(44672K)->44032K(44672K) NonClass: 38423K(38784K)->38423K(38784K) Class: 5609K(5888K)->5609K(5888K)
[2022-12-18T20:33:20.054+0900][gc          ] GC(77) Pause Young (Normal) (G1 Evacuation Pause) 333M->219M(1024M) 51.226ms
[2022-12-18T20:33:20.054+0900][gc,cpu      ] GC(77) User=0.03s Sys=0.04s Real=0.05s
[2022-12-18T20:38:40.649+0900][gc,start    ] GC(78) Pause Young (Normal) (G1 Evacuation Pause)
[2022-12-18T20:38:40.650+0900][gc,task     ] GC(78) Using 8 workers of 8 for evacuation
[2022-12-18T20:38:40.687+0900][gc,mmu      ] GC(78) MMU target violated: 21.0ms (20.0ms/21.0ms)
[2022-12-18T20:38:40.687+0900][gc,phases   ] GC(78)   Pre Evacuate Collection Set: 0.6ms
[2022-12-18T20:38:40.687+0900][gc,phases   ] GC(78)   Merge Heap Roots: 0.4ms
[2022-12-18T20:38:40.687+0900][gc,phases   ] GC(78)   Evacuate Collection Set: 34.2ms
[2022-12-18T20:38:40.687+0900][gc,phases   ] GC(78)   Post Evacuate Collection Set: 1.2ms
[2022-12-18T20:38:40.687+0900][gc,phases   ] GC(78)   Other: 1.8ms
[2022-12-18T20:38:40.687+0900][gc,heap     ] GC(78) Eden regions: 42->0(46)
[2022-12-18T20:38:40.687+0900][gc,heap     ] GC(78) Survivor regions: 9->5(7)
[2022-12-18T20:38:40.687+0900][gc,heap     ] GC(78) Old regions: 81->89
[2022-12-18T20:38:40.687+0900][gc,heap     ] GC(78) Archive regions: 2->2
[2022-12-18T20:38:40.687+0900][gc,heap     ] GC(78) Humongous regions: 129->129
[2022-12-18T20:38:40.687+0900][gc,metaspace] GC(78) Metaspace: 44042K(44672K)->44042K(44672K) NonClass: 38433K(38784K)->38433K(38784K) Class: 5609K(5888K)->5609K(5888K)
[2022-12-18T20:38:40.687+0900][gc          ] GC(78) Pause Young (Normal) (G1 Evacuation Pause) 261M->223M(1024M) 38.244ms
[2022-12-18T20:38:40.687+0900][gc,cpu      ] GC(78) User=0.05s Sys=0.02s Real=0.04s
[2022-12-18T20:44:37.089+0900][gc,start    ] GC(79) Pause Young (Normal) (G1 Evacuation Pause)
[2022-12-18T20:44:37.091+0900][gc,task     ] GC(79) Using 8 workers of 8 for evacuation
[2022-12-18T20:44:37.112+0900][gc,mmu      ] GC(79) MMU target violated: 21.0ms (20.0ms/21.0ms)
[2022-12-18T20:44:37.112+0900][gc,phases   ] GC(79)   Pre Evacuate Collection Set: 0.4ms
[2022-12-18T20:44:37.112+0900][gc,phases   ] GC(79)   Merge Heap Roots: 0.2ms
[2022-12-18T20:44:37.112+0900][gc,phases   ] GC(79)   Evacuate Collection Set: 19.8ms
[2022-12-18T20:44:37.112+0900][gc,phases   ] GC(79)   Post Evacuate Collection Set: 0.7ms
[2022-12-18T20:44:37.112+0900][gc,phases   ] GC(79)   Other: 1.8ms
[2022-12-18T20:44:37.112+0900][gc,heap     ] GC(79) Eden regions: 46->0(47)
[2022-12-18T20:44:37.112+0900][gc,heap     ] GC(79) Survivor regions: 5->4(7)
[2022-12-18T20:44:37.112+0900][gc,heap     ] GC(79) Old regions: 89->93
[2022-12-18T20:44:37.112+0900][gc,heap     ] GC(79) Archive regions: 2->2
[2022-12-18T20:44:37.112+0900][gc,heap     ] GC(79) Humongous regions: 129->129
[2022-12-18T20:44:37.112+0900][gc,metaspace] GC(79) Metaspace: 44042K(44672K)->44042K(44672K) NonClass: 38433K(38784K)->38433K(38784K) Class: 5609K(5888K)->5609K(5888K)
[2022-12-18T20:44:37.112+0900][gc          ] GC(79) Pause Young (Normal) (G1 Evacuation Pause) 269M->226M(1024M) 23.022ms
[2022-12-18T20:44:37.112+0900][gc,cpu      ] GC(79) User=0.03s Sys=0.01s Real=0.03s
[2022-12-18T20:50:42.059+0900][gc,start    ] GC(80) Pause Young (Normal) (G1 Evacuation Pause)
[2022-12-18T20:50:42.060+0900][gc,task     ] GC(80) Using 8 workers of 8 for evacuation
[2022-12-18T20:50:42.082+0900][gc,mmu      ] GC(80) MMU target violated: 20.8ms (20.0ms/21.0ms)
[2022-12-18T20:50:42.082+0900][gc,phases   ] GC(80)   Pre Evacuate Collection Set: 0.7ms
[2022-12-18T20:50:42.082+0900][gc,phases   ] GC(80)   Merge Heap Roots: 0.3ms
[2022-12-18T20:50:42.082+0900][gc,phases   ] GC(80)   Evacuate Collection Set: 19.2ms
[2022-12-18T20:50:42.082+0900][gc,phases   ] GC(80)   Post Evacuate Collection Set: 0.8ms
[2022-12-18T20:50:42.082+0900][gc,phases   ] GC(80)   Other: 1.5ms
[2022-12-18T20:50:42.082+0900][gc,heap     ] GC(80) Eden regions: 47->0(44)
[2022-12-18T20:50:42.082+0900][gc,heap     ] GC(80) Survivor regions: 4->7(7)
[2022-12-18T20:50:42.082+0900][gc,heap     ] GC(80) Old regions: 93->93
[2022-12-18T20:50:42.082+0900][gc,heap     ] GC(80) Archive regions: 2->2
[2022-12-18T20:50:42.082+0900][gc,heap     ] GC(80) Humongous regions: 129->129
[2022-12-18T20:50:42.082+0900][gc,metaspace] GC(80) Metaspace: 44043K(44672K)->44043K(44672K) NonClass: 38433K(38784K)->38433K(38784K) Class: 5609K(5888K)->5609K(5888K)
[2022-12-18T20:50:42.082+0900][gc          ] GC(80) Pause Young (Normal) (G1 Evacuation Pause) 273M->229M(1024M) 22.627ms
[2022-12-18T20:50:42.082+0900][gc,cpu      ] GC(80) User=0.04s Sys=0.02s Real=0.03s
[2022-12-18T20:56:21.394+0900][gc,start    ] GC(81) Pause Young (Normal) (G1 Evacuation Pause)
[2022-12-18T20:56:21.395+0900][gc,task     ] GC(81) Using 8 workers of 8 for evacuation
[2022-12-18T20:56:21.426+0900][gc,mmu      ] GC(81) MMU target violated: 21.0ms (20.0ms/21.0ms)
[2022-12-18T20:56:21.426+0900][gc,phases   ] GC(81)   Pre Evacuate Collection Set: 0.4ms
[2022-12-18T20:56:21.426+0900][gc,phases   ] GC(81)   Merge Heap Roots: 0.2ms
[2022-12-18T20:56:21.426+0900][gc,phases   ] GC(81)   Evacuate Collection Set: 29.0ms
[2022-12-18T20:56:21.426+0900][gc,phases   ] GC(81)   Post Evacuate Collection Set: 0.8ms
[2022-12-18T20:56:21.426+0900][gc,phases   ] GC(81)   Other: 1.2ms
[2022-12-18T20:56:21.426+0900][gc,heap     ] GC(81) Eden regions: 44->0(46)
[2022-12-18T20:56:21.426+0900][gc,heap     ] GC(81) Survivor regions: 7->5(7)
[2022-12-18T20:56:21.426+0900][gc,heap     ] GC(81) Old regions: 93->99
[2022-12-18T20:56:21.426+0900][gc,heap     ] GC(81) Archive regions: 2->2
[2022-12-18T20:56:21.426+0900][gc,heap     ] GC(81) Humongous regions: 129->129
[2022-12-18T20:56:21.426+0900][gc,metaspace] GC(81) Metaspace: 44048K(44672K)->44048K(44672K) NonClass: 38439K(38784K)->38439K(38784K) Class: 5609K(5888K)->5609K(5888K)
[2022-12-18T20:56:21.426+0900][gc          ] GC(81) Pause Young (Normal) (G1 Evacuation Pause) 273M->233M(1024M) 31.896ms
[2022-12-18T20:56:21.426+0900][gc,cpu      ] GC(81) User=0.04s Sys=0.02s Real=0.03s
[2022-12-18T21:01:50.051+0900][gc,start    ] GC(82) Pause Young (Normal) (G1 Evacuation Pause)
[2022-12-18T21:01:50.052+0900][gc,task     ] GC(82) Using 8 workers of 8 for evacuation
[2022-12-18T21:01:50.098+0900][gc,mmu      ] GC(82) MMU target violated: 21.0ms (20.0ms/21.0ms)
[2022-12-18T21:01:50.098+0900][gc,phases   ] GC(82)   Pre Evacuate Collection Set: 1.1ms
[2022-12-18T21:01:50.098+0900][gc,phases   ] GC(82)   Merge Heap Roots: 0.6ms
[2022-12-18T21:01:50.098+0900][gc,phases   ] GC(82)   Evacuate Collection Set: 42.4ms
[2022-12-18T21:01:50.098+0900][gc,phases   ] GC(82)   Post Evacuate Collection Set: 0.8ms
[2022-12-18T21:01:50.098+0900][gc,phases   ] GC(82)   Other: 1.8ms
[2022-12-18T21:01:50.098+0900][gc,heap     ] GC(82) Eden regions: 46->0(44)
[2022-12-18T21:01:50.098+0900][gc,heap     ] GC(82) Survivor regions: 5->7(7)
[2022-12-18T21:01:50.098+0900][gc,heap     ] GC(82) Old regions: 99->101
[2022-12-18T21:01:50.098+0900][gc,heap     ] GC(82) Archive regions: 2->2
[2022-12-18T21:01:50.098+0900][gc,heap     ] GC(82) Humongous regions: 129->129
[2022-12-18T21:01:50.098+0900][gc,metaspace] GC(82) Metaspace: 44050K(44672K)->44050K(44672K) NonClass: 38440K(38784K)->38440K(38784K) Class: 5609K(5888K)->5609K(5888K)
[2022-12-18T21:01:50.098+0900][gc          ] GC(82) Pause Young (Normal) (G1 Evacuation Pause) 279M->237M(1024M) 46.892ms
[2022-12-18T21:01:50.098+0900][gc,cpu      ] GC(82) User=0.04s Sys=0.04s Real=0.04s
[2022-12-18T21:07:30.115+0900][gc,start    ] GC(83) Pause Young (Normal) (G1 Evacuation Pause)
[2022-12-18T21:07:30.115+0900][gc,task     ] GC(83) Using 8 workers of 8 for evacuation
[2022-12-18T21:07:30.146+0900][gc,mmu      ] GC(83) MMU target violated: 21.0ms (20.0ms/21.0ms)
[2022-12-18T21:07:30.146+0900][gc,phases   ] GC(83)   Pre Evacuate Collection Set: 0.8ms
[2022-12-18T21:07:30.146+0900][gc,phases   ] GC(83)   Merge Heap Roots: 1.4ms
[2022-12-18T21:07:30.146+0900][gc,phases   ] GC(83)   Evacuate Collection Set: 27.2ms
[2022-12-18T21:07:30.146+0900][gc,phases   ] GC(83)   Post Evacuate Collection Set: 0.9ms
[2022-12-18T21:07:30.146+0900][gc,phases   ] GC(83)   Other: 1.1ms
[2022-12-18T21:07:30.146+0900][gc,heap     ] GC(83) Eden regions: 44->0(48)
[2022-12-18T21:07:30.146+0900][gc,heap     ] GC(83) Survivor regions: 7->3(7)
[2022-12-18T21:07:30.146+0900][gc,heap     ] GC(83) Old regions: 101->107
[2022-12-18T21:07:30.146+0900][gc,heap     ] GC(83) Archive regions: 2->2
[2022-12-18T21:07:30.146+0900][gc,heap     ] GC(83) Humongous regions: 129->129
[2022-12-18T21:07:30.146+0900][gc,metaspace] GC(83) Metaspace: 44057K(44672K)->44057K(44672K) NonClass: 38448K(38784K)->38448K(38784K) Class: 5609K(5888K)->5609K(5888K)
[2022-12-18T21:07:30.146+0900][gc          ] GC(83) Pause Young (Normal) (G1 Evacuation Pause) 281M->239M(1024M) 31.470ms
[2022-12-18T21:07:30.146+0900][gc,cpu      ] GC(83) User=0.05s Sys=0.03s Real=0.03s
[2022-12-18T21:13:45.947+0900][gc,start    ] GC(84) Pause Young (Normal) (G1 Evacuation Pause)
[2022-12-18T21:13:45.948+0900][gc,task     ] GC(84) Using 8 workers of 8 for evacuation
[2022-12-18T21:13:45.972+0900][gc,mmu      ] GC(84) MMU target violated: 21.0ms (20.0ms/21.0ms)
[2022-12-18T21:13:45.972+0900][gc,phases   ] GC(84)   Pre Evacuate Collection Set: 0.5ms
[2022-12-18T21:13:45.972+0900][gc,phases   ] GC(84)   Merge Heap Roots: 0.2ms
[2022-12-18T21:13:45.972+0900][gc,phases   ] GC(84)   Evacuate Collection Set: 20.8ms
[2022-12-18T21:13:45.972+0900][gc,phases   ] GC(84)   Post Evacuate Collection Set: 1.5ms
[2022-12-18T21:13:45.972+0900][gc,phases   ] GC(84)   Other: 1.6ms
[2022-12-18T21:13:45.972+0900][gc,heap     ] GC(84) Eden regions: 48->0(45)
[2022-12-18T21:13:45.972+0900][gc,heap     ] GC(84) Survivor regions: 3->6(7)
[2022-12-18T21:13:45.972+0900][gc,heap     ] GC(84) Old regions: 107->107
[2022-12-18T21:13:45.972+0900][gc,heap     ] GC(84) Archive regions: 2->2
[2022-12-18T21:13:45.972+0900][gc,heap     ] GC(84) Humongous regions: 129->129
[2022-12-18T21:13:45.972+0900][gc,metaspace] GC(84) Metaspace: 44062K(44672K)->44062K(44672K) NonClass: 38452K(38784K)->38452K(38784K) Class: 5609K(5888K)->5609K(5888K)
[2022-12-18T21:13:45.972+0900][gc          ] GC(84) Pause Young (Normal) (G1 Evacuation Pause) 287M->242M(1024M) 24.839ms
[2022-12-18T21:13:45.972+0900][gc,cpu      ] GC(84) User=0.03s Sys=0.02s Real=0.03s
[2022-12-18T21:19:34.961+0900][gc,start    ] GC(85) Pause Young (Normal) (G1 Evacuation Pause)
[2022-12-18T21:19:34.962+0900][gc,task     ] GC(85) Using 8 workers of 8 for evacuation
[2022-12-18T21:19:34.990+0900][gc,mmu      ] GC(85) MMU target violated: 21.0ms (20.0ms/21.0ms)
[2022-12-18T21:19:34.991+0900][gc,phases   ] GC(85)   Pre Evacuate Collection Set: 0.8ms
[2022-12-18T21:19:34.991+0900][gc,phases   ] GC(85)   Merge Heap Roots: 0.4ms
[2022-12-18T21:19:34.991+0900][gc,phases   ] GC(85)   Evacuate Collection Set: 25.7ms
[2022-12-18T21:19:34.991+0900][gc,phases   ] GC(85)   Post Evacuate Collection Set: 1.4ms
[2022-12-18T21:19:34.991+0900][gc,phases   ] GC(85)   Other: 1.5ms
[2022-12-18T21:19:34.991+0900][gc,heap     ] GC(85) Eden regions: 45->0(46)
[2022-12-18T21:19:34.991+0900][gc,heap     ] GC(85) Survivor regions: 6->5(7)
[2022-12-18T21:19:34.991+0900][gc,heap     ] GC(85) Old regions: 107->112
[2022-12-18T21:19:34.991+0900][gc,heap     ] GC(85) Archive regions: 2->2
[2022-12-18T21:19:34.991+0900][gc,heap     ] GC(85) Humongous regions: 129->129
[2022-12-18T21:19:34.991+0900][gc,metaspace] GC(85) Metaspace: 44063K(44672K)->44063K(44672K) NonClass: 38453K(38784K)->38453K(38784K) Class: 5609K(5888K)->5609K(5888K)
[2022-12-18T21:19:34.991+0900][gc          ] GC(85) Pause Young (Normal) (G1 Evacuation Pause) 287M->245M(1024M) 29.786ms
[2022-12-18T21:19:34.991+0900][gc,cpu      ] GC(85) User=0.05s Sys=0.02s Real=0.03s
[2022-12-18T21:25:30.650+0900][gc,start    ] GC(86) Pause Young (Normal) (G1 Evacuation Pause)
[2022-12-18T21:25:30.651+0900][gc,task     ] GC(86) Using 8 workers of 8 for evacuation
[2022-12-18T21:25:30.673+0900][gc,mmu      ] GC(86) MMU target violated: 21.0ms (20.0ms/21.0ms)
[2022-12-18T21:25:30.673+0900][gc,phases   ] GC(86)   Pre Evacuate Collection Set: 0.5ms
[2022-12-18T21:25:30.673+0900][gc,phases   ] GC(86)   Merge Heap Roots: 0.1ms
[2022-12-18T21:25:30.673+0900][gc,phases   ] GC(86)   Evacuate Collection Set: 19.9ms
[2022-12-18T21:25:30.673+0900][gc,phases   ] GC(86)   Post Evacuate Collection Set: 1.0ms
[2022-12-18T21:25:30.673+0900][gc,phases   ] GC(86)   Other: 1.0ms
[2022-12-18T21:25:30.673+0900][gc,heap     ] GC(86) Eden regions: 46->0(46)
[2022-12-18T21:25:30.673+0900][gc,heap     ] GC(86) Survivor regions: 5->5(7)
[2022-12-18T21:25:30.673+0900][gc,heap     ] GC(86) Old regions: 112->116
[2022-12-18T21:25:30.673+0900][gc,heap     ] GC(86) Archive regions: 2->2
[2022-12-18T21:25:30.673+0900][gc,heap     ] GC(86) Humongous regions: 129->129
[2022-12-18T21:25:30.673+0900][gc,metaspace] GC(86) Metaspace: 44063K(44672K)->44063K(44672K) NonClass: 38453K(38784K)->38453K(38784K) Class: 5609K(5888K)->5609K(5888K)
[2022-12-18T21:25:30.673+0900][gc          ] GC(86) Pause Young (Normal) (G1 Evacuation Pause) 291M->249M(1024M) 22.524ms
[2022-12-18T21:25:30.673+0900][gc,cpu      ] GC(86) User=0.03s Sys=0.02s Real=0.02s
[2022-12-18T21:31:27.953+0900][gc,start    ] GC(87) Pause Young (Normal) (G1 Evacuation Pause)
[2022-12-18T21:31:27.954+0900][gc,task     ] GC(87) Using 8 workers of 8 for evacuation
[2022-12-18T21:31:27.978+0900][gc,mmu      ] GC(87) MMU target violated: 21.0ms (20.0ms/21.0ms)
[2022-12-18T21:31:27.978+0900][gc,phases   ] GC(87)   Pre Evacuate Collection Set: 0.8ms
[2022-12-18T21:31:27.978+0900][gc,phases   ] GC(87)   Merge Heap Roots: 0.3ms
[2022-12-18T21:31:27.978+0900][gc,phases   ] GC(87)   Evacuate Collection Set: 21.0ms
[2022-12-18T21:31:27.978+0900][gc,phases   ] GC(87)   Post Evacuate Collection Set: 1.5ms
[2022-12-18T21:31:27.978+0900][gc,phases   ] GC(87)   Other: 1.2ms
[2022-12-18T21:31:27.978+0900][gc,heap     ] GC(87) Eden regions: 46->0(46)
[2022-12-18T21:31:27.978+0900][gc,heap     ] GC(87) Survivor regions: 5->5(7)
[2022-12-18T21:31:27.978+0900][gc,heap     ] GC(87) Old regions: 116->119
[2022-12-18T21:31:27.978+0900][gc,heap     ] GC(87) Archive regions: 2->2
[2022-12-18T21:31:27.978+0900][gc,heap     ] GC(87) Humongous regions: 129->129
[2022-12-18T21:31:27.978+0900][gc,metaspace] GC(87) Metaspace: 44063K(44672K)->44063K(44672K) NonClass: 38453K(38784K)->38453K(38784K) Class: 5609K(5888K)->5609K(5888K)
[2022-12-18T21:31:27.978+0900][gc          ] GC(87) Pause Young (Normal) (G1 Evacuation Pause) 295M->253M(1024M) 24.819ms
[2022-12-18T21:31:27.978+0900][gc,cpu      ] GC(87) User=0.04s Sys=0.02s Real=0.02s
[2022-12-18T21:32:26.329+0900][gc,start    ] GC(88) Pause Young (Normal) (G1 Evacuation Pause)
[2022-12-18T21:32:26.329+0900][gc,task     ] GC(88) Using 8 workers of 8 for evacuation
[2022-12-18T21:32:26.339+0900][gc,phases   ] GC(88)   Pre Evacuate Collection Set: 0.2ms
[2022-12-18T21:32:26.339+0900][gc,phases   ] GC(88)   Merge Heap Roots: 0.1ms
[2022-12-18T21:32:26.339+0900][gc,phases   ] GC(88)   Evacuate Collection Set: 8.5ms
[2022-12-18T21:32:26.339+0900][gc,phases   ] GC(88)   Post Evacuate Collection Set: 0.3ms
[2022-12-18T21:32:26.339+0900][gc,phases   ] GC(88)   Other: 0.4ms
[2022-12-18T21:32:26.339+0900][gc,heap     ] GC(88) Eden regions: 46->0(53)
[2022-12-18T21:32:26.339+0900][gc,heap     ] GC(88) Survivor regions: 5->4(7)
[2022-12-18T21:32:26.339+0900][gc,heap     ] GC(88) Old regions: 119->123
[2022-12-18T21:32:26.339+0900][gc,heap     ] GC(88) Archive regions: 2->2
[2022-12-18T21:32:26.339+0900][gc,heap     ] GC(88) Humongous regions: 129->129
[2022-12-18T21:32:26.339+0900][gc,metaspace] GC(88) Metaspace: 44071K(44672K)->44071K(44672K) NonClass: 38462K(38784K)->38462K(38784K) Class: 5609K(5888K)->5609K(5888K)
[2022-12-18T21:32:26.339+0900][gc          ] GC(88) Pause Young (Normal) (G1 Evacuation Pause) 299M->255M(1024M) 9.623ms
[2022-12-18T21:32:26.339+0900][gc,cpu      ] GC(88) User=0.02s Sys=0.01s Real=0.01s
[2022-12-18T21:32:27.278+0900][gc,start    ] GC(89) Pause Young (Normal) (G1 Evacuation Pause)
[2022-12-18T21:32:27.278+0900][gc,task     ] GC(89) Using 8 workers of 8 for evacuation
[2022-12-18T21:32:27.286+0900][gc,phases   ] GC(89)   Pre Evacuate Collection Set: 0.1ms
[2022-12-18T21:32:27.286+0900][gc,phases   ] GC(89)   Merge Heap Roots: 0.1ms
[2022-12-18T21:32:27.286+0900][gc,phases   ] GC(89)   Evacuate Collection Set: 6.8ms
[2022-12-18T21:32:27.286+0900][gc,phases   ] GC(89)   Post Evacuate Collection Set: 0.3ms
[2022-12-18T21:32:27.286+0900][gc,phases   ] GC(89)   Other: 0.1ms
[2022-12-18T21:32:27.286+0900][gc,heap     ] GC(89) Eden regions: 47->0(64)
[2022-12-18T21:32:27.286+0900][gc,heap     ] GC(89) Survivor regions: 4->5(7)
[2022-12-18T21:32:27.286+0900][gc,heap     ] GC(89) Old regions: 123->123
[2022-12-18T21:32:27.286+0900][gc,heap     ] GC(89) Archive regions: 2->2
[2022-12-18T21:32:27.286+0900][gc,heap     ] GC(89) Humongous regions: 129->129
[2022-12-18T21:32:27.286+0900][gc,metaspace] GC(89) Metaspace: 44071K(44672K)->44071K(44672K) NonClass: 38462K(38784K)->38462K(38784K) Class: 5609K(5888K)->5609K(5888K)
[2022-12-18T21:32:27.286+0900][gc          ] GC(89) Pause Young (Normal) (G1 Evacuation Pause) 302M->257M(1024M) 7.462ms
[2022-12-18T21:32:27.286+0900][gc,cpu      ] GC(89) User=0.01s Sys=0.00s Real=0.01s
[2022-12-18T21:32:27.600+0900][gc,start    ] GC(90) Pause Young (Normal) (G1 Evacuation Pause)
[2022-12-18T21:32:27.600+0900][gc,task     ] GC(90) Using 8 workers of 8 for evacuation
[2022-12-18T21:32:27.603+0900][gc,phases   ] GC(90)   Pre Evacuate Collection Set: 0.0ms
[2022-12-18T21:32:27.603+0900][gc,phases   ] GC(90)   Merge Heap Roots: 0.0ms
[2022-12-18T21:32:27.603+0900][gc,phases   ] GC(90)   Evacuate Collection Set: 2.4ms
[2022-12-18T21:32:27.603+0900][gc,phases   ] GC(90)   Post Evacuate Collection Set: 0.4ms
[2022-12-18T21:32:27.603+0900][gc,phases   ] GC(90)   Other: 0.1ms
[2022-12-18T21:32:27.603+0900][gc,heap     ] GC(90) Eden regions: 46->0(123)
[2022-12-18T21:32:27.603+0900][gc,heap     ] GC(90) Survivor regions: 5->4(7)
[2022-12-18T21:32:27.603+0900][gc,heap     ] GC(90) Old regions: 123->125
[2022-12-18T21:32:27.603+0900][gc,heap     ] GC(90) Archive regions: 2->2
[2022-12-18T21:32:27.603+0900][gc,heap     ] GC(90) Humongous regions: 129->129
[2022-12-18T21:32:27.603+0900][gc,metaspace] GC(90) Metaspace: 44071K(44672K)->44071K(44672K) NonClass: 38462K(38784K)->38462K(38784K) Class: 5609K(5888K)->5609K(5888K)
[2022-12-18T21:32:27.603+0900][gc          ] GC(90) Pause Young (Normal) (G1 Evacuation Pause) 303M->257M(1024M) 3.091ms
[2022-12-18T21:32:27.603+0900][gc,cpu      ] GC(90) User=0.01s Sys=0.00s Real=0.00s
[2022-12-18T21:32:29.297+0900][gc,start    ] GC(91) Pause Young (Normal) (G1 Evacuation Pause)
[2022-12-18T21:32:29.297+0900][gc,task     ] GC(91) Using 8 workers of 8 for evacuation
[2022-12-18T21:32:29.306+0900][gc,phases   ] GC(91)   Pre Evacuate Collection Set: 0.3ms
[2022-12-18T21:32:29.306+0900][gc,phases   ] GC(91)   Merge Heap Roots: 0.2ms
[2022-12-18T21:32:29.306+0900][gc,phases   ] GC(91)   Evacuate Collection Set: 8.1ms
[2022-12-18T21:32:29.306+0900][gc,phases   ] GC(91)   Post Evacuate Collection Set: 0.5ms
[2022-12-18T21:32:29.306+0900][gc,phases   ] GC(91)   Other: 0.2ms
[2022-12-18T21:32:29.306+0900][gc,heap     ] GC(91) Eden regions: 100->0(117)
[2022-12-18T21:32:29.306+0900][gc,heap     ] GC(91) Survivor regions: 4->5(13)
[2022-12-18T21:32:29.306+0900][gc,heap     ] GC(91) Old regions: 125->125
[2022-12-18T21:32:29.306+0900][gc,heap     ] GC(91) Archive regions: 2->2
[2022-12-18T21:32:29.306+0900][gc,heap     ] GC(91) Humongous regions: 129->129
[2022-12-18T21:32:29.306+0900][gc,metaspace] GC(91) Metaspace: 44071K(44672K)->44071K(44672K) NonClass: 38462K(38784K)->38462K(38784K) Class: 5609K(5888K)->5609K(5888K)
[2022-12-18T21:32:29.306+0900][gc          ] GC(91) Pause Young (Normal) (G1 Evacuation Pause) 357M->259M(1024M) 9.278ms
[2022-12-18T21:32:29.306+0900][gc,cpu      ] GC(91) User=0.01s Sys=0.00s Real=0.01s
[2022-12-18T21:32:49.844+0900][gc,start    ] GC(92) Pause Young (Normal) (G1 Evacuation Pause)
[2022-12-18T21:32:49.845+0900][gc,task     ] GC(92) Using 8 workers of 8 for evacuation
[2022-12-18T21:32:49.876+0900][gc,mmu      ] GC(92) MMU target violated: 21.0ms (20.0ms/21.0ms)
[2022-12-18T21:32:49.876+0900][gc,phases   ] GC(92)   Pre Evacuate Collection Set: 0.7ms
[2022-12-18T21:32:49.876+0900][gc,phases   ] GC(92)   Merge Heap Roots: 0.4ms
[2022-12-18T21:32:49.876+0900][gc,phases   ] GC(92)   Evacuate Collection Set: 25.5ms
[2022-12-18T21:32:49.876+0900][gc,phases   ] GC(92)   Post Evacuate Collection Set: 4.5ms
[2022-12-18T21:32:49.876+0900][gc,phases   ] GC(92)   Other: 1.5ms
[2022-12-18T21:32:49.877+0900][gc,heap     ] GC(92) Eden regions: 117->0(45)
[2022-12-18T21:32:49.877+0900][gc,heap     ] GC(92) Survivor regions: 5->6(16)
[2022-12-18T21:32:49.877+0900][gc,heap     ] GC(92) Old regions: 125->125
[2022-12-18T21:32:49.877+0900][gc,heap     ] GC(92) Archive regions: 2->2
[2022-12-18T21:32:49.877+0900][gc,heap     ] GC(92) Humongous regions: 129->129
[2022-12-18T21:32:49.877+0900][gc,metaspace] GC(92) Metaspace: 44073K(44672K)->44073K(44672K) NonClass: 38463K(38784K)->38463K(38784K) Class: 5609K(5888K)->5609K(5888K)
[2022-12-18T21:32:49.877+0900][gc          ] GC(92) Pause Young (Normal) (G1 Evacuation Pause) 376M->260M(1024M) 32.590ms
[2022-12-18T21:32:49.877+0900][gc,cpu      ] GC(92) User=0.03s Sys=0.03s Real=0.03s
[2022-12-18T21:33:08.530+0900][gc,start    ] GC(93) Pause Young (Normal) (G1 Evacuation Pause)
[2022-12-18T21:33:08.530+0900][gc,task     ] GC(93) Using 8 workers of 8 for evacuation
[2022-12-18T21:33:08.538+0900][gc,phases   ] GC(93)   Pre Evacuate Collection Set: 0.2ms
[2022-12-18T21:33:08.538+0900][gc,phases   ] GC(93)   Merge Heap Roots: 0.2ms
[2022-12-18T21:33:08.538+0900][gc,phases   ] GC(93)   Evacuate Collection Set: 7.3ms
[2022-12-18T21:33:08.538+0900][gc,phases   ] GC(93)   Post Evacuate Collection Set: 0.5ms
[2022-12-18T21:33:08.538+0900][gc,phases   ] GC(93)   Other: 0.5ms
[2022-12-18T21:33:08.538+0900][gc,heap     ] GC(93) Eden regions: 45->0(81)
[2022-12-18T21:33:08.538+0900][gc,heap     ] GC(93) Survivor regions: 6->4(7)
[2022-12-18T21:33:08.538+0900][gc,heap     ] GC(93) Old regions: 125->128
[2022-12-18T21:33:08.538+0900][gc,heap     ] GC(93) Archive regions: 2->2
[2022-12-18T21:33:08.538+0900][gc,heap     ] GC(93) Humongous regions: 129->129
[2022-12-18T21:33:08.538+0900][gc,metaspace] GC(93) Metaspace: 44073K(44672K)->44073K(44672K) NonClass: 38463K(38784K)->38463K(38784K) Class: 5609K(5888K)->5609K(5888K)
[2022-12-18T21:33:08.538+0900][gc          ] GC(93) Pause Young (Normal) (G1 Evacuation Pause) 305M->261M(1024M) 8.701ms
[2022-12-18T21:33:08.538+0900][gc,cpu      ] GC(93) User=0.01s Sys=0.01s Real=0.00s
[2022-12-18T21:33:09.349+0900][gc,start    ] GC(94) Pause Young (Normal) (G1 Evacuation Pause)
[2022-12-18T21:33:09.349+0900][gc,task     ] GC(94) Using 8 workers of 8 for evacuation
[2022-12-18T21:33:09.355+0900][gc,phases   ] GC(94)   Pre Evacuate Collection Set: 0.1ms
[2022-12-18T21:33:09.355+0900][gc,phases   ] GC(94)   Merge Heap Roots: 0.1ms
[2022-12-18T21:33:09.355+0900][gc,phases   ] GC(94)   Evacuate Collection Set: 5.1ms
[2022-12-18T21:33:09.355+0900][gc,phases   ] GC(94)   Post Evacuate Collection Set: 0.3ms
[2022-12-18T21:33:09.355+0900][gc,phases   ] GC(94)   Other: 0.1ms
[2022-12-18T21:33:09.355+0900][gc,heap     ] GC(94) Eden regions: 58->0(104)
[2022-12-18T21:33:09.355+0900][gc,heap     ] GC(94) Survivor regions: 4->5(8)
[2022-12-18T21:33:09.355+0900][gc,heap     ] GC(94) Old regions: 128->128
[2022-12-18T21:33:09.355+0900][gc,heap     ] GC(94) Archive regions: 2->2
[2022-12-18T21:33:09.355+0900][gc,heap     ] GC(94) Humongous regions: 129->129
[2022-12-18T21:33:09.355+0900][gc,metaspace] GC(94) Metaspace: 44073K(44672K)->44073K(44672K) NonClass: 38463K(38784K)->38463K(38784K) Class: 5609K(5888K)->5609K(5888K)
[2022-12-18T21:33:09.355+0900][gc          ] GC(94) Pause Young (Normal) (G1 Evacuation Pause) 319M->261M(1024M) 5.831ms
[2022-12-18T21:33:09.355+0900][gc,cpu      ] GC(94) User=0.01s Sys=0.01s Real=0.01s
[2022-12-18T21:33:10.753+0900][gc,start    ] GC(95) Pause Young (Normal) (G1 Evacuation Pause)
[2022-12-18T21:33:10.756+0900][gc,task     ] GC(95) Using 8 workers of 8 for evacuation
[2022-12-18T21:33:10.763+0900][gc,phases   ] GC(95)   Pre Evacuate Collection Set: 0.3ms
[2022-12-18T21:33:10.763+0900][gc,phases   ] GC(95)   Merge Heap Roots: 0.2ms
[2022-12-18T21:33:10.763+0900][gc,phases   ] GC(95)   Evacuate Collection Set: 5.4ms
[2022-12-18T21:33:10.763+0900][gc,phases   ] GC(95)   Post Evacuate Collection Set: 0.6ms
[2022-12-18T21:33:10.763+0900][gc,phases   ] GC(95)   Other: 3.7ms
[2022-12-18T21:33:10.763+0900][gc,heap     ] GC(95) Eden regions: 104->0(136)
[2022-12-18T21:33:10.763+0900][gc,heap     ] GC(95) Survivor regions: 5->6(14)
[2022-12-18T21:33:10.763+0900][gc,heap     ] GC(95) Old regions: 128->128
[2022-12-18T21:33:10.763+0900][gc,heap     ] GC(95) Archive regions: 2->2
[2022-12-18T21:33:10.763+0900][gc,heap     ] GC(95) Humongous regions: 129->129
[2022-12-18T21:33:10.763+0900][gc,metaspace] GC(95) Metaspace: 44073K(44672K)->44073K(44672K) NonClass: 38463K(38784K)->38463K(38784K) Class: 5609K(5888K)->5609K(5888K)
[2022-12-18T21:33:10.763+0900][gc          ] GC(95) Pause Young (Normal) (G1 Evacuation Pause) 365M->263M(1024M) 10.219ms
[2022-12-18T21:33:10.763+0900][gc,cpu      ] GC(95) User=0.02s Sys=0.01s Real=0.01s
[2022-12-18T21:33:12.668+0900][gc,start    ] GC(96) Pause Young (Normal) (G1 Evacuation Pause)
[2022-12-18T21:33:12.668+0900][gc,task     ] GC(96) Using 8 workers of 8 for evacuation
[2022-12-18T21:33:12.684+0900][gc,phases   ] GC(96)   Pre Evacuate Collection Set: 0.1ms
[2022-12-18T21:33:12.685+0900][gc,phases   ] GC(96)   Merge Heap Roots: 0.1ms
[2022-12-18T21:33:12.685+0900][gc,phases   ] GC(96)   Evacuate Collection Set: 15.5ms
[2022-12-18T21:33:12.685+0900][gc,phases   ] GC(96)   Post Evacuate Collection Set: 0.4ms
[2022-12-18T21:33:12.685+0900][gc,phases   ] GC(96)   Other: 0.1ms
[2022-12-18T21:33:12.685+0900][gc,heap     ] GC(96) Eden regions: 136->0(89)
[2022-12-18T21:33:12.685+0900][gc,heap     ] GC(96) Survivor regions: 6->7(18)
[2022-12-18T21:33:12.685+0900][gc,heap     ] GC(96) Old regions: 128->128
[2022-12-18T21:33:12.685+0900][gc,heap     ] GC(96) Archive regions: 2->2
[2022-12-18T21:33:12.685+0900][gc,heap     ] GC(96) Humongous regions: 129->129
[2022-12-18T21:33:12.685+0900][gc,metaspace] GC(96) Metaspace: 44073K(44672K)->44073K(44672K) NonClass: 38463K(38784K)->38463K(38784K) Class: 5609K(5888K)->5609K(5888K)
[2022-12-18T21:33:12.685+0900][gc          ] GC(96) Pause Young (Normal) (G1 Evacuation Pause) 399M->263M(1024M) 16.221ms
[2022-12-18T21:33:12.685+0900][gc,cpu      ] GC(96) User=0.02s Sys=0.01s Real=0.02s
[2022-12-18T21:35:44.983+0900][gc,start    ] GC(97) Pause Young (Normal) (G1 Evacuation Pause)
[2022-12-18T21:35:44.984+0900][gc,task     ] GC(97) Using 8 workers of 8 for evacuation
[2022-12-18T21:35:44.996+0900][gc,phases   ] GC(97)   Pre Evacuate Collection Set: 0.3ms
[2022-12-18T21:35:44.996+0900][gc,phases   ] GC(97)   Merge Heap Roots: 0.2ms
[2022-12-18T21:35:44.996+0900][gc,phases   ] GC(97)   Evacuate Collection Set: 10.5ms
[2022-12-18T21:35:44.996+0900][gc,phases   ] GC(97)   Post Evacuate Collection Set: 0.6ms
[2022-12-18T21:35:44.996+0900][gc,phases   ] GC(97)   Other: 1.1ms
[2022-12-18T21:35:44.996+0900][gc,heap     ] GC(97) Eden regions: 89->0(62)
[2022-12-18T21:35:44.996+0900][gc,heap     ] GC(97) Survivor regions: 7->9(12)
[2022-12-18T21:35:44.996+0900][gc,heap     ] GC(97) Old regions: 128->128
[2022-12-18T21:35:44.996+0900][gc,heap     ] GC(97) Archive regions: 2->2
[2022-12-18T21:35:44.996+0900][gc,heap     ] GC(97) Humongous regions: 129->129
[2022-12-18T21:35:44.996+0900][gc,metaspace] GC(97) Metaspace: 44073K(44672K)->44073K(44672K) NonClass: 38463K(38784K)->38463K(38784K) Class: 5609K(5888K)->5609K(5888K)
[2022-12-18T21:35:44.996+0900][gc          ] GC(97) Pause Young (Normal) (G1 Evacuation Pause) 352M->266M(1024M) 12.698ms
[2022-12-18T21:35:44.996+0900][gc,cpu      ] GC(97) User=0.02s Sys=0.01s Real=0.01s
[2022-12-18T21:35:45.824+0900][gc,start    ] GC(98) Pause Young (Normal) (G1 Evacuation Pause)
[2022-12-18T21:35:45.824+0900][gc,task     ] GC(98) Using 8 workers of 8 for evacuation
[2022-12-18T21:35:45.829+0900][gc,phases   ] GC(98)   Pre Evacuate Collection Set: 0.1ms
[2022-12-18T21:35:45.829+0900][gc,phases   ] GC(98)   Merge Heap Roots: 0.0ms
[2022-12-18T21:35:45.829+0900][gc,phases   ] GC(98)   Evacuate Collection Set: 3.9ms
[2022-12-18T21:35:45.829+0900][gc,phases   ] GC(98)   Post Evacuate Collection Set: 0.3ms
[2022-12-18T21:35:45.829+0900][gc,phases   ] GC(98)   Other: 0.1ms
[2022-12-18T21:35:45.829+0900][gc,heap     ] GC(98) Eden regions: 62->0(260)
[2022-12-18T21:35:45.829+0900][gc,heap     ] GC(98) Survivor regions: 9->7(9)
[2022-12-18T21:35:45.829+0900][gc,heap     ] GC(98) Old regions: 128->131
[2022-12-18T21:35:45.829+0900][gc,heap     ] GC(98) Archive regions: 2->2
[2022-12-18T21:35:45.829+0900][gc,heap     ] GC(98) Humongous regions: 129->129
[2022-12-18T21:35:45.829+0900][gc,metaspace] GC(98) Metaspace: 44073K(44672K)->44073K(44672K) NonClass: 38463K(38784K)->38463K(38784K) Class: 5609K(5888K)->5609K(5888K)
[2022-12-18T21:35:45.829+0900][gc          ] GC(98) Pause Young (Normal) (G1 Evacuation Pause) 328M->267M(1024M) 4.493ms
[2022-12-18T21:35:45.829+0900][gc,cpu      ] GC(98) User=0.03s Sys=0.00s Real=0.00s
[2022-12-18T21:36:43.855+0900][gc,start    ] GC(99) Pause Young (Normal) (G1 Evacuation Pause)
[2022-12-18T21:36:43.857+0900][gc,task     ] GC(99) Using 8 workers of 8 for evacuation
[2022-12-18T21:36:43.907+0900][gc,mmu      ] GC(99) MMU target violated: 21.0ms (20.0ms/21.0ms)
[2022-12-18T21:36:43.907+0900][gc,phases   ] GC(99)   Pre Evacuate Collection Set: 1.1ms
[2022-12-18T21:36:43.907+0900][gc,phases   ] GC(99)   Merge Heap Roots: 0.8ms
[2022-12-18T21:36:43.907+0900][gc,phases   ] GC(99)   Evacuate Collection Set: 45.9ms
[2022-12-18T21:36:43.907+0900][gc,phases   ] GC(99)   Post Evacuate Collection Set: 1.1ms
[2022-12-18T21:36:43.907+0900][gc,phases   ] GC(99)   Other: 2.5ms
[2022-12-18T21:36:43.907+0900][gc,heap     ] GC(99) Eden regions: 226->0(41)
[2022-12-18T21:36:43.907+0900][gc,heap     ] GC(99) Survivor regions: 7->10(30)
[2022-12-18T21:36:43.907+0900][gc,heap     ] GC(99) Old regions: 131->131
[2022-12-18T21:36:43.907+0900][gc,heap     ] GC(99) Archive regions: 2->2
[2022-12-18T21:36:43.907+0900][gc,heap     ] GC(99) Humongous regions: 129->129
[2022-12-18T21:36:43.907+0900][gc,metaspace] GC(99) Metaspace: 44073K(44672K)->44073K(44672K) NonClass: 38463K(38784K)->38463K(38784K) Class: 5609K(5888K)->5609K(5888K)
[2022-12-18T21:36:43.907+0900][gc          ] GC(99) Pause Young (Normal) (G1 Evacuation Pause) 493M->270M(1024M) 51.430ms
[2022-12-18T21:36:43.907+0900][gc,cpu      ] GC(99) User=0.04s Sys=0.07s Real=0.05s
[2022-12-18T21:41:57.895+0900][gc,start    ] GC(100) Pause Young (Normal) (G1 Evacuation Pause)
[2022-12-18T21:41:57.896+0900][gc,task     ] GC(100) Using 8 workers of 8 for evacuation
[2022-12-18T21:41:57.916+0900][gc,phases   ] GC(100)   Pre Evacuate Collection Set: 0.5ms
[2022-12-18T21:41:57.916+0900][gc,phases   ] GC(100)   Merge Heap Roots: 0.7ms
[2022-12-18T21:41:57.916+0900][gc,phases   ] GC(100)   Evacuate Collection Set: 16.5ms
[2022-12-18T21:41:57.916+0900][gc,phases   ] GC(100)   Post Evacuate Collection Set: 1.6ms
[2022-12-18T21:41:57.916+0900][gc,phases   ] GC(100)   Other: 3.5ms
[2022-12-18T21:41:57.916+0900][gc,heap     ] GC(100) Eden regions: 41->0(44)
[2022-12-18T21:41:57.916+0900][gc,heap     ] GC(100) Survivor regions: 10->7(7)
[2022-12-18T21:41:57.916+0900][gc,heap     ] GC(100) Old regions: 131->137
[2022-12-18T21:41:57.916+0900][gc,heap     ] GC(100) Archive regions: 2->2
[2022-12-18T21:41:57.916+0900][gc,heap     ] GC(100) Humongous regions: 129->129
[2022-12-18T21:41:57.917+0900][gc,metaspace] GC(100) Metaspace: 44073K(44672K)->44073K(44672K) NonClass: 38463K(38784K)->38463K(38784K) Class: 5609K(5888K)->5609K(5888K)
[2022-12-18T21:41:57.917+0900][gc          ] GC(100) Pause Young (Normal) (G1 Evacuation Pause) 311M->273M(1024M) 22.387ms
[2022-12-18T21:41:57.917+0900][gc,cpu      ] GC(100) User=0.05s Sys=0.04s Real=0.02s
[2022-12-18T21:46:05.468+0900][gc,start    ] GC(101) Pause Young (Normal) (G1 Evacuation Pause)
[2022-12-18T21:46:05.468+0900][gc,task     ] GC(101) Using 8 workers of 8 for evacuation
[2022-12-18T21:46:05.482+0900][gc,phases   ] GC(101)   Pre Evacuate Collection Set: 0.2ms
[2022-12-18T21:46:05.482+0900][gc,phases   ] GC(101)   Merge Heap Roots: 0.1ms
[2022-12-18T21:46:05.482+0900][gc,phases   ] GC(101)   Evacuate Collection Set: 9.2ms
[2022-12-18T21:46:05.482+0900][gc,phases   ] GC(101)   Post Evacuate Collection Set: 4.0ms
[2022-12-18T21:46:05.482+0900][gc,phases   ] GC(101)   Other: 0.5ms
[2022-12-18T21:46:05.482+0900][gc,heap     ] GC(101) Eden regions: 44->0(50)
[2022-12-18T21:46:05.482+0900][gc,heap     ] GC(101) Survivor regions: 7->6(7)
[2022-12-18T21:46:05.482+0900][gc,heap     ] GC(101) Old regions: 137->140
[2022-12-18T21:46:05.482+0900][gc,heap     ] GC(101) Archive regions: 2->2
[2022-12-18T21:46:05.482+0900][gc,heap     ] GC(101) Humongous regions: 129->129
[2022-12-18T21:46:05.482+0900][gc,metaspace] GC(101) Metaspace: 44073K(44672K)->44073K(44672K) NonClass: 38463K(38784K)->38463K(38784K) Class: 5609K(5888K)->5609K(5888K)
[2022-12-18T21:46:05.482+0900][gc          ] GC(101) Pause Young (Normal) (G1 Evacuation Pause) 317M->275M(1024M) 14.265ms
[2022-12-18T21:46:05.482+0900][gc,cpu      ] GC(101) User=0.02s Sys=0.01s Real=0.02s
[2022-12-18T21:46:06.525+0900][gc,start    ] GC(102) Pause Young (Normal) (G1 Evacuation Pause)
[2022-12-18T21:46:06.525+0900][gc,task     ] GC(102) Using 8 workers of 8 for evacuation
[2022-12-18T21:46:06.528+0900][gc,phases   ] GC(102)   Pre Evacuate Collection Set: 0.1ms
[2022-12-18T21:46:06.528+0900][gc,phases   ] GC(102)   Merge Heap Roots: 0.1ms
[2022-12-18T21:46:06.528+0900][gc,phases   ] GC(102)   Evacuate Collection Set: 3.0ms
[2022-12-18T21:46:06.528+0900][gc,phases   ] GC(102)   Post Evacuate Collection Set: 0.2ms
[2022-12-18T21:46:06.528+0900][gc,phases   ] GC(102)   Other: 0.1ms
[2022-12-18T21:46:06.528+0900][gc,heap     ] GC(102) Eden regions: 50->0(97)
[2022-12-18T21:46:06.528+0900][gc,heap     ] GC(102) Survivor regions: 6->6(7)
[2022-12-18T21:46:06.528+0900][gc,heap     ] GC(102) Old regions: 140->143
[2022-12-18T21:46:06.528+0900][gc,heap     ] GC(102) Archive regions: 2->2
[2022-12-18T21:46:06.528+0900][gc,heap     ] GC(102) Humongous regions: 129->129
[2022-12-18T21:46:06.528+0900][gc,metaspace] GC(102) Metaspace: 44073K(44672K)->44073K(44672K) NonClass: 38463K(38784K)->38463K(38784K) Class: 5609K(5888K)->5609K(5888K)
[2022-12-18T21:46:06.528+0900][gc          ] GC(102) Pause Young (Normal) (G1 Evacuation Pause) 325M->277M(1024M) 3.542ms
[2022-12-18T21:46:06.528+0900][gc,cpu      ] GC(102) User=0.02s Sys=0.00s Real=0.00s
[2022-12-18T21:46:08.003+0900][gc,start    ] GC(103) Pause Young (Normal) (G1 Evacuation Pause)
[2022-12-18T21:46:08.003+0900][gc,task     ] GC(103) Using 8 workers of 8 for evacuation
[2022-12-18T21:46:08.013+0900][gc,phases   ] GC(103)   Pre Evacuate Collection Set: 0.1ms
[2022-12-18T21:46:08.013+0900][gc,phases   ] GC(103)   Merge Heap Roots: 0.1ms
[2022-12-18T21:46:08.013+0900][gc,phases   ] GC(103)   Evacuate Collection Set: 8.7ms
[2022-12-18T21:46:08.013+0900][gc,phases   ] GC(103)   Post Evacuate Collection Set: 0.4ms
[2022-12-18T21:46:08.013+0900][gc,phases   ] GC(103)   Other: 0.1ms
[2022-12-18T21:46:08.013+0900][gc,heap     ] GC(103) Eden regions: 97->0(89)
[2022-12-18T21:46:08.013+0900][gc,heap     ] GC(103) Survivor regions: 6->8(13)
[2022-12-18T21:46:08.013+0900][gc,heap     ] GC(103) Old regions: 143->143
[2022-12-18T21:46:08.013+0900][gc,heap     ] GC(103) Archive regions: 2->2
[2022-12-18T21:46:08.013+0900][gc,heap     ] GC(103) Humongous regions: 129->129
[2022-12-18T21:46:08.013+0900][gc,metaspace] GC(103) Metaspace: 44073K(44672K)->44073K(44672K) NonClass: 38463K(38784K)->38463K(38784K) Class: 5609K(5888K)->5609K(5888K)
[2022-12-18T21:46:08.013+0900][gc          ] GC(103) Pause Young (Normal) (G1 Evacuation Pause) 374M->280M(1024M) 9.452ms
[2022-12-18T21:46:08.013+0900][gc,cpu      ] GC(103) User=0.02s Sys=0.01s Real=0.01s
[2022-12-18T21:46:08.854+0900][gc,start    ] GC(104) Pause Young (Normal) (G1 Evacuation Pause)
[2022-12-18T21:46:08.854+0900][gc,task     ] GC(104) Using 8 workers of 8 for evacuation
[2022-12-18T21:46:08.857+0900][gc,phases   ] GC(104)   Pre Evacuate Collection Set: 0.1ms
[2022-12-18T21:46:08.857+0900][gc,phases   ] GC(104)   Merge Heap Roots: 0.0ms
[2022-12-18T21:46:08.857+0900][gc,phases   ] GC(104)   Evacuate Collection Set: 2.9ms
[2022-12-18T21:46:08.857+0900][gc,phases   ] GC(104)   Post Evacuate Collection Set: 0.2ms
[2022-12-18T21:46:08.857+0900][gc,phases   ] GC(104)   Other: 0.1ms
[2022-12-18T21:46:08.858+0900][gc,heap     ] GC(104) Eden regions: 89->0(165)
[2022-12-18T21:46:08.858+0900][gc,heap     ] GC(104) Survivor regions: 8->7(13)
[2022-12-18T21:46:08.858+0900][gc,heap     ] GC(104) Old regions: 143->146
[2022-12-18T21:46:08.858+0900][gc,heap     ] GC(104) Archive regions: 2->2
[2022-12-18T21:46:08.858+0900][gc,heap     ] GC(104) Humongous regions: 129->129
[2022-12-18T21:46:08.858+0900][gc,metaspace] GC(104) Metaspace: 44073K(44672K)->44073K(44672K) NonClass: 38463K(38784K)->38463K(38784K) Class: 5609K(5888K)->5609K(5888K)
[2022-12-18T21:46:08.858+0900][gc          ] GC(104) Pause Young (Normal) (G1 Evacuation Pause) 369M->282M(1024M) 3.460ms
[2022-12-18T21:46:08.858+0900][gc,cpu      ] GC(104) User=0.03s Sys=0.01s Real=0.00s
[2022-12-18T21:55:05.424+0900][gc,start    ] GC(105) Pause Young (Normal) (G1 Evacuation Pause)
[2022-12-18T21:55:05.424+0900][gc,task     ] GC(105) Using 8 workers of 8 for evacuation
[2022-12-18T21:55:05.456+0900][gc,mmu      ] GC(105) MMU target violated: 21.0ms (20.0ms/21.0ms)
[2022-12-18T21:55:05.456+0900][gc,phases   ] GC(105)   Pre Evacuate Collection Set: 0.4ms
[2022-12-18T21:55:05.456+0900][gc,phases   ] GC(105)   Merge Heap Roots: 0.2ms
[2022-12-18T21:55:05.456+0900][gc,phases   ] GC(105)   Evacuate Collection Set: 30.1ms
[2022-12-18T21:55:05.456+0900][gc,phases   ] GC(105)   Post Evacuate Collection Set: 0.7ms
[2022-12-18T21:55:05.456+0900][gc,phases   ] GC(105)   Other: 0.6ms
[2022-12-18T21:55:05.456+0900][gc,heap     ] GC(105) Eden regions: 165->0(38)
[2022-12-18T21:55:05.456+0900][gc,heap     ] GC(105) Survivor regions: 7->13(22)
[2022-12-18T21:55:05.456+0900][gc,heap     ] GC(105) Old regions: 146->146
[2022-12-18T21:55:05.456+0900][gc,heap     ] GC(105) Archive regions: 2->2
[2022-12-18T21:55:05.456+0900][gc,heap     ] GC(105) Humongous regions: 129->129
[2022-12-18T21:55:05.456+0900][gc,metaspace] GC(105) Metaspace: 44076K(44672K)->44076K(44672K) NonClass: 38466K(38784K)->38466K(38784K) Class: 5609K(5888K)->5609K(5888K)
[2022-12-18T21:55:05.456+0900][gc          ] GC(105) Pause Young (Normal) (G1 Evacuation Pause) 447M->287M(1024M) 31.960ms
[2022-12-18T21:55:05.456+0900][gc,cpu      ] GC(105) User=0.03s Sys=0.02s Real=0.03s
[2022-12-18T21:55:06.105+0900][gc,start    ] GC(106) Pause Young (Normal) (G1 Evacuation Pause)
[2022-12-18T21:55:06.105+0900][gc,task     ] GC(106) Using 8 workers of 8 for evacuation
[2022-12-18T21:55:06.113+0900][gc,phases   ] GC(106)   Pre Evacuate Collection Set: 0.1ms
[2022-12-18T21:55:06.113+0900][gc,phases   ] GC(106)   Merge Heap Roots: 0.1ms
[2022-12-18T21:55:06.113+0900][gc,phases   ] GC(106)   Evacuate Collection Set: 5.9ms
[2022-12-18T21:55:06.113+0900][gc,phases   ] GC(106)   Post Evacuate Collection Set: 1.4ms
[2022-12-18T21:55:06.113+0900][gc,phases   ] GC(106)   Other: 0.1ms
[2022-12-18T21:55:06.113+0900][gc,heap     ] GC(106) Eden regions: 38->0(206)
[2022-12-18T21:55:06.113+0900][gc,heap     ] GC(106) Survivor regions: 13->3(7)
[2022-12-18T21:55:06.113+0900][gc,heap     ] GC(106) Old regions: 146->158
[2022-12-18T21:55:06.113+0900][gc,heap     ] GC(106) Archive regions: 2->2
[2022-12-18T21:55:06.113+0900][gc,heap     ] GC(106) Humongous regions: 129->129
[2022-12-18T21:55:06.113+0900][gc,metaspace] GC(106) Metaspace: 44076K(44672K)->44076K(44672K) NonClass: 38466K(38784K)->38466K(38784K) Class: 5609K(5888K)->5609K(5888K)
[2022-12-18T21:55:06.113+0900][gc          ] GC(106) Pause Young (Normal) (G1 Evacuation Pause) 325M->289M(1024M) 7.606ms
[2022-12-18T21:55:06.113+0900][gc,cpu      ] GC(106) User=0.03s Sys=0.00s Real=0.01s
[2022-12-18T21:55:09.332+0900][gc,start    ] GC(107) Pause Young (Normal) (G1 Evacuation Pause)
[2022-12-18T21:55:09.332+0900][gc,task     ] GC(107) Using 8 workers of 8 for evacuation
[2022-12-18T21:55:09.341+0900][gc,phases   ] GC(107)   Pre Evacuate Collection Set: 0.2ms
[2022-12-18T21:55:09.341+0900][gc,phases   ] GC(107)   Merge Heap Roots: 0.2ms
[2022-12-18T21:55:09.341+0900][gc,phases   ] GC(107)   Evacuate Collection Set: 7.7ms
[2022-12-18T21:55:09.341+0900][gc,phases   ] GC(107)   Post Evacuate Collection Set: 0.3ms
[2022-12-18T21:55:09.341+0900][gc,phases   ] GC(107)   Other: 0.2ms
[2022-12-18T21:55:09.341+0900][gc,heap     ] GC(107) Eden regions: 206->0(218)
[2022-12-18T21:55:09.341+0900][gc,heap     ] GC(107) Survivor regions: 3->6(27)
[2022-12-18T21:55:09.341+0900][gc,heap     ] GC(107) Old regions: 158->158
[2022-12-18T21:55:09.341+0900][gc,heap     ] GC(107) Archive regions: 2->2
[2022-12-18T21:55:09.341+0900][gc,heap     ] GC(107) Humongous regions: 129->129
[2022-12-18T21:55:09.341+0900][gc,metaspace] GC(107) Metaspace: 44076K(44672K)->44076K(44672K) NonClass: 38466K(38784K)->38466K(38784K) Class: 5609K(5888K)->5609K(5888K)
[2022-12-18T21:55:09.341+0900][gc          ] GC(107) Pause Young (Normal) (G1 Evacuation Pause) 495M->293M(1024M) 8.677ms
[2022-12-18T21:55:09.341+0900][gc,cpu      ] GC(107) User=0.02s Sys=0.01s Real=0.01s
[2022-12-18T21:55:11.580+0900][gc,start    ] GC(108) Pause Young (Normal) (G1 Evacuation Pause)
[2022-12-18T21:55:11.580+0900][gc,task     ] GC(108) Using 8 workers of 8 for evacuation
[2022-12-18T21:55:11.589+0900][gc,phases   ] GC(108)   Pre Evacuate Collection Set: 0.1ms
[2022-12-18T21:55:11.589+0900][gc,phases   ] GC(108)   Merge Heap Roots: 0.1ms
[2022-12-18T21:55:11.589+0900][gc,phases   ] GC(108)   Evacuate Collection Set: 7.8ms
[2022-12-18T21:55:11.589+0900][gc,phases   ] GC(108)   Post Evacuate Collection Set: 0.2ms
[2022-12-18T21:55:11.589+0900][gc,phases   ] GC(108)   Other: 0.8ms
[2022-12-18T21:55:11.589+0900][gc,heap     ] GC(108) Eden regions: 218->0(211)
[2022-12-18T21:55:11.589+0900][gc,heap     ] GC(108) Survivor regions: 6->9(28)
[2022-12-18T21:55:11.589+0900][gc,heap     ] GC(108) Old regions: 158->158
[2022-12-18T21:55:11.589+0900][gc,heap     ] GC(108) Archive regions: 2->2
[2022-12-18T21:55:11.589+0900][gc,heap     ] GC(108) Humongous regions: 129->129
[2022-12-18T21:55:11.589+0900][gc,metaspace] GC(108) Metaspace: 44076K(44672K)->44076K(44672K) NonClass: 38466K(38784K)->38466K(38784K) Class: 5609K(5888K)->5609K(5888K)
[2022-12-18T21:55:11.589+0900][gc          ] GC(108) Pause Young (Normal) (G1 Evacuation Pause) 511M->295M(1024M) 9.105ms
[2022-12-18T21:55:11.589+0900][gc,cpu      ] GC(108) User=0.02s Sys=0.01s Real=0.00s
[2022-12-18T21:55:13.800+0900][gc,start    ] GC(109) Pause Young (Normal) (G1 Evacuation Pause)
[2022-12-18T21:55:13.800+0900][gc,task     ] GC(109) Using 8 workers of 8 for evacuation
[2022-12-18T21:55:13.806+0900][gc,phases   ] GC(109)   Pre Evacuate Collection Set: 0.2ms
[2022-12-18T21:55:13.806+0900][gc,phases   ] GC(109)   Merge Heap Roots: 0.1ms
[2022-12-18T21:55:13.806+0900][gc,phases   ] GC(109)   Evacuate Collection Set: 4.8ms
[2022-12-18T21:55:13.806+0900][gc,phases   ] GC(109)   Post Evacuate Collection Set: 0.8ms
[2022-12-18T21:55:13.806+0900][gc,phases   ] GC(109)   Other: 0.2ms
[2022-12-18T21:55:13.806+0900][gc,heap     ] GC(109) Eden regions: 211->0(270)
[2022-12-18T21:55:13.806+0900][gc,heap     ] GC(109) Survivor regions: 9->10(28)
[2022-12-18T21:55:13.806+0900][gc,heap     ] GC(109) Old regions: 158->158
[2022-12-18T21:55:13.806+0900][gc,heap     ] GC(109) Archive regions: 2->2
[2022-12-18T21:55:13.806+0900][gc,heap     ] GC(109) Humongous regions: 129->129
[2022-12-18T21:55:13.806+0900][gc,metaspace] GC(109) Metaspace: 44076K(44672K)->44076K(44672K) NonClass: 38466K(38784K)->38466K(38784K) Class: 5609K(5888K)->5609K(5888K)
[2022-12-18T21:55:13.806+0900][gc          ] GC(109) Pause Young (Normal) (G1 Evacuation Pause) 506M->297M(1024M) 6.133ms
[2022-12-18T21:55:13.806+0900][gc,cpu      ] GC(109) User=0.02s Sys=0.01s Real=0.00s
[2022-12-18T21:55:16.987+0900][gc,start    ] GC(110) Pause Young (Normal) (G1 Evacuation Pause)
[2022-12-18T21:55:16.987+0900][gc,task     ] GC(110) Using 8 workers of 8 for evacuation
[2022-12-18T21:55:17.002+0900][gc,phases   ] GC(110)   Pre Evacuate Collection Set: 0.1ms
[2022-12-18T21:55:17.002+0900][gc,phases   ] GC(110)   Merge Heap Roots: 0.2ms
[2022-12-18T21:55:17.002+0900][gc,phases   ] GC(110)   Evacuate Collection Set: 14.3ms
[2022-12-18T21:55:17.002+0900][gc,phases   ] GC(110)   Post Evacuate Collection Set: 0.4ms
[2022-12-18T21:55:17.002+0900][gc,phases   ] GC(110)   Other: 0.3ms
[2022-12-18T21:55:17.002+0900][gc,heap     ] GC(110) Eden regions: 270->0(226)
[2022-12-18T21:55:17.002+0900][gc,heap     ] GC(110) Survivor regions: 10->11(35)
[2022-12-18T21:55:17.002+0900][gc,heap     ] GC(110) Old regions: 158->158
[2022-12-18T21:55:17.002+0900][gc,heap     ] GC(110) Archive regions: 2->2
[2022-12-18T21:55:17.002+0900][gc,heap     ] GC(110) Humongous regions: 129->129
[2022-12-18T21:55:17.002+0900][gc,metaspace] GC(110) Metaspace: 44076K(44672K)->44076K(44672K) NonClass: 38466K(38784K)->38466K(38784K) Class: 5609K(5888K)->5609K(5888K)
[2022-12-18T21:55:17.002+0900][gc          ] GC(110) Pause Young (Normal) (G1 Evacuation Pause) 567M->297M(1024M) 15.329ms
[2022-12-18T21:55:17.003+0900][gc,cpu      ] GC(110) User=0.02s Sys=0.01s Real=0.02s
[2022-12-18T21:55:19.622+0900][gc,start    ] GC(111) Pause Young (Normal) (G1 Evacuation Pause)
[2022-12-18T21:55:19.622+0900][gc,task     ] GC(111) Using 8 workers of 8 for evacuation
[2022-12-18T21:55:19.629+0900][gc,phases   ] GC(111)   Pre Evacuate Collection Set: 0.1ms
[2022-12-18T21:55:19.629+0900][gc,phases   ] GC(111)   Merge Heap Roots: 0.1ms
[2022-12-18T21:55:19.629+0900][gc,phases   ] GC(111)   Evacuate Collection Set: 6.9ms
[2022-12-18T21:55:19.629+0900][gc,phases   ] GC(111)   Post Evacuate Collection Set: 0.6ms
[2022-12-18T21:55:19.629+0900][gc,phases   ] GC(111)   Other: 0.1ms
[2022-12-18T21:55:19.629+0900][gc,heap     ] GC(111) Eden regions: 226->0(290)
[2022-12-18T21:55:19.629+0900][gc,heap     ] GC(111) Survivor regions: 11->12(30)
[2022-12-18T21:55:19.629+0900][gc,heap     ] GC(111) Old regions: 158->158
[2022-12-18T21:55:19.629+0900][gc,heap     ] GC(111) Archive regions: 2->2
[2022-12-18T21:55:19.629+0900][gc,heap     ] GC(111) Humongous regions: 129->129
[2022-12-18T21:55:19.629+0900][gc,metaspace] GC(111) Metaspace: 44076K(44672K)->44076K(44672K) NonClass: 38466K(38784K)->38466K(38784K) Class: 5609K(5888K)->5609K(5888K)
[2022-12-18T21:55:19.629+0900][gc          ] GC(111) Pause Young (Normal) (G1 Evacuation Pause) 523M->298M(1024M) 7.816ms
[2022-12-18T21:55:19.629+0900][gc,cpu      ] GC(111) User=0.02s Sys=0.01s Real=0.00s
[2022-12-18T21:55:23.293+0900][gc,start    ] GC(112) Pause Young (Normal) (G1 Evacuation Pause)
[2022-12-18T21:55:23.293+0900][gc,task     ] GC(112) Using 8 workers of 8 for evacuation
[2022-12-18T21:55:23.312+0900][gc,phases   ] GC(112)   Pre Evacuate Collection Set: 0.2ms
[2022-12-18T21:55:23.313+0900][gc,phases   ] GC(112)   Merge Heap Roots: 0.1ms
[2022-12-18T21:55:23.313+0900][gc,phases   ] GC(112)   Evacuate Collection Set: 18.8ms
[2022-12-18T21:55:23.313+0900][gc,phases   ] GC(112)   Post Evacuate Collection Set: 0.6ms
[2022-12-18T21:55:23.313+0900][gc,phases   ] GC(112)   Other: 0.3ms
[2022-12-18T21:55:23.313+0900][gc,heap     ] GC(112) Eden regions: 290->0(253)
[2022-12-18T21:55:23.313+0900][gc,heap     ] GC(112) Survivor regions: 12->13(38)
[2022-12-18T21:55:23.313+0900][gc,heap     ] GC(112) Old regions: 158->158
[2022-12-18T21:55:23.313+0900][gc,heap     ] GC(112) Archive regions: 2->2
[2022-12-18T21:55:23.313+0900][gc,heap     ] GC(112) Humongous regions: 129->129
[2022-12-18T21:55:23.313+0900][gc,metaspace] GC(112) Metaspace: 44076K(44672K)->44076K(44672K) NonClass: 38466K(38784K)->38466K(38784K) Class: 5609K(5888K)->5609K(5888K)
[2022-12-18T21:55:23.313+0900][gc          ] GC(112) Pause Young (Normal) (G1 Evacuation Pause) 588M->299M(1024M) 20.030ms
[2022-12-18T21:55:23.313+0900][gc,cpu      ] GC(112) User=0.02s Sys=0.02s Real=0.02s
[2022-12-18T21:55:26.600+0900][gc,start    ] GC(113) Pause Young (Normal) (G1 Evacuation Pause)
[2022-12-18T21:55:26.600+0900][gc,task     ] GC(113) Using 8 workers of 8 for evacuation
[2022-12-18T21:55:26.615+0900][gc,phases   ] GC(113)   Pre Evacuate Collection Set: 0.2ms
[2022-12-18T21:55:26.615+0900][gc,phases   ] GC(113)   Merge Heap Roots: 0.1ms
[2022-12-18T21:55:26.615+0900][gc,phases   ] GC(113)   Evacuate Collection Set: 13.2ms
[2022-12-18T21:55:26.615+0900][gc,phases   ] GC(113)   Post Evacuate Collection Set: 0.7ms
[2022-12-18T21:55:26.615+0900][gc,phases   ] GC(113)   Other: 0.2ms
[2022-12-18T21:55:26.615+0900][gc,heap     ] GC(113) Eden regions: 253->0(310)
[2022-12-18T21:55:26.615+0900][gc,heap     ] GC(113) Survivor regions: 13->13(34)
[2022-12-18T21:55:26.615+0900][gc,heap     ] GC(113) Old regions: 158->158
[2022-12-18T21:55:26.615+0900][gc,heap     ] GC(113) Archive regions: 2->2
[2022-12-18T21:55:26.615+0900][gc,heap     ] GC(113) Humongous regions: 129->129
[2022-12-18T21:55:26.615+0900][gc,metaspace] GC(113) Metaspace: 44076K(44672K)->44076K(44672K) NonClass: 38466K(38784K)->38466K(38784K) Class: 5609K(5888K)->5609K(5888K)
[2022-12-18T21:55:26.615+0900][gc          ] GC(113) Pause Young (Normal) (G1 Evacuation Pause) 552M->300M(1024M) 14.462ms
[2022-12-18T21:55:26.615+0900][gc,cpu      ] GC(113) User=0.02s Sys=0.03s Real=0.01s
[2022-12-18T21:55:30.425+0900][gc,start    ] GC(114) Pause Young (Normal) (G1 Evacuation Pause)
[2022-12-18T21:55:30.425+0900][gc,task     ] GC(114) Using 8 workers of 8 for evacuation
[2022-12-18T21:55:30.450+0900][gc,mmu      ] GC(114) MMU target violated: 21.0ms (20.0ms/21.0ms)
[2022-12-18T21:55:30.450+0900][gc,phases   ] GC(114)   Pre Evacuate Collection Set: 0.2ms
[2022-12-18T21:55:30.450+0900][gc,phases   ] GC(114)   Merge Heap Roots: 0.1ms
[2022-12-18T21:55:30.450+0900][gc,phases   ] GC(114)   Evacuate Collection Set: 23.8ms
[2022-12-18T21:55:30.450+0900][gc,phases   ] GC(114)   Post Evacuate Collection Set: 0.7ms
[2022-12-18T21:55:30.450+0900][gc,phases   ] GC(114)   Other: 0.4ms
[2022-12-18T21:55:30.450+0900][gc,heap     ] GC(114) Eden regions: 310->0(176)
[2022-12-18T21:55:30.450+0900][gc,heap     ] GC(114) Survivor regions: 13->14(41)
[2022-12-18T21:55:30.450+0900][gc,heap     ] GC(114) Old regions: 158->158
[2022-12-18T21:55:30.450+0900][gc,heap     ] GC(114) Archive regions: 2->2
[2022-12-18T21:55:30.450+0900][gc,heap     ] GC(114) Humongous regions: 129->129
[2022-12-18T21:55:30.450+0900][gc,metaspace] GC(114) Metaspace: 44076K(44672K)->44076K(44672K) NonClass: 38466K(38784K)->38466K(38784K) Class: 5609K(5888K)->5609K(5888K)
[2022-12-18T21:55:30.450+0900][gc          ] GC(114) Pause Young (Normal) (G1 Evacuation Pause) 610M->300M(1024M) 25.241ms
[2022-12-18T21:55:30.450+0900][gc,cpu      ] GC(114) User=0.03s Sys=0.02s Real=0.03s
[2022-12-18T21:55:32.175+0900][gc,start    ] GC(115) Pause Young (Normal) (G1 Evacuation Pause)
[2022-12-18T21:55:32.175+0900][gc,task     ] GC(115) Using 8 workers of 8 for evacuation
[2022-12-18T21:55:32.193+0900][gc,phases   ] GC(115)   Pre Evacuate Collection Set: 0.3ms
[2022-12-18T21:55:32.193+0900][gc,phases   ] GC(115)   Merge Heap Roots: 0.2ms
[2022-12-18T21:55:32.193+0900][gc,phases   ] GC(115)   Evacuate Collection Set: 13.5ms
[2022-12-18T21:55:32.193+0900][gc,phases   ] GC(115)   Post Evacuate Collection Set: 4.1ms
[2022-12-18T21:55:32.193+0900][gc,phases   ] GC(115)   Other: 0.2ms
[2022-12-18T21:55:32.193+0900][gc,heap     ] GC(115) Eden regions: 176->0(308)
[2022-12-18T21:55:32.193+0900][gc,heap     ] GC(115) Survivor regions: 14->12(24)
[2022-12-18T21:55:32.193+0900][gc,heap     ] GC(115) Old regions: 158->159
[2022-12-18T21:55:32.193+0900][gc,heap     ] GC(115) Archive regions: 2->2
[2022-12-18T21:55:32.193+0900][gc,heap     ] GC(115) Humongous regions: 129->129
[2022-12-18T21:55:32.193+0900][gc,metaspace] GC(115) Metaspace: 44076K(44672K)->44076K(44672K) NonClass: 38466K(38784K)->38466K(38784K) Class: 5609K(5888K)->5609K(5888K)
[2022-12-18T21:55:32.193+0900][gc          ] GC(115) Pause Young (Normal) (G1 Evacuation Pause) 476M->300M(1024M) 18.324ms
[2022-12-18T21:55:32.193+0900][gc,cpu      ] GC(115) User=0.03s Sys=0.03s Real=0.02s
[2022-12-18T21:55:36.465+0900][gc,start    ] GC(116) Pause Young (Normal) (G1 Evacuation Pause)
[2022-12-18T21:55:36.465+0900][gc,task     ] GC(116) Using 8 workers of 8 for evacuation
[2022-12-18T21:55:36.482+0900][gc,phases   ] GC(116)   Pre Evacuate Collection Set: 0.2ms
[2022-12-18T21:55:36.482+0900][gc,phases   ] GC(116)   Merge Heap Roots: 0.1ms
[2022-12-18T21:55:36.482+0900][gc,phases   ] GC(116)   Evacuate Collection Set: 15.5ms
[2022-12-18T21:55:36.482+0900][gc,phases   ] GC(116)   Post Evacuate Collection Set: 0.6ms
[2022-12-18T21:55:36.482+0900][gc,phases   ] GC(116)   Other: 0.5ms
[2022-12-18T21:55:36.482+0900][gc,heap     ] GC(116) Eden regions: 299->0(283)
[2022-12-18T21:55:36.482+0900][gc,heap     ] GC(116) Survivor regions: 12->13(39)
[2022-12-18T21:55:36.482+0900][gc,heap     ] GC(116) Old regions: 159->159
[2022-12-18T21:55:36.482+0900][gc,heap     ] GC(116) Archive regions: 2->2
[2022-12-18T21:55:36.482+0900][gc,heap     ] GC(116) Humongous regions: 129->129
[2022-12-18T21:55:36.482+0900][gc,metaspace] GC(116) Metaspace: 44076K(44672K)->44076K(44672K) NonClass: 38466K(38784K)->38466K(38784K) Class: 5609K(5888K)->5609K(5888K)
[2022-12-18T21:55:36.482+0900][gc          ] GC(116) Pause Young (Normal) (G1 Evacuation Pause) 599M->301M(1024M) 16.905ms
[2022-12-18T21:55:36.482+0900][gc,cpu      ] GC(116) User=0.03s Sys=0.03s Real=0.02s
[2022-12-18T21:55:40.331+0900][gc,start    ] GC(117) Pause Young (Normal) (G1 Evacuation Pause)
[2022-12-18T21:55:40.331+0900][gc,task     ] GC(117) Using 8 workers of 8 for evacuation
[2022-12-18T21:55:40.349+0900][gc,phases   ] GC(117)   Pre Evacuate Collection Set: 0.2ms
[2022-12-18T21:55:40.349+0900][gc,phases   ] GC(117)   Merge Heap Roots: 0.1ms
[2022-12-18T21:55:40.349+0900][gc,phases   ] GC(117)   Evacuate Collection Set: 13.9ms
[2022-12-18T21:55:40.349+0900][gc,phases   ] GC(117)   Post Evacuate Collection Set: 3.9ms
[2022-12-18T21:55:40.349+0900][gc,phases   ] GC(117)   Other: 0.2ms
[2022-12-18T21:55:40.349+0900][gc,heap     ] GC(117) Eden regions: 283->0(262)
[2022-12-18T21:55:40.349+0900][gc,heap     ] GC(117) Survivor regions: 13->13(37)
[2022-12-18T21:55:40.349+0900][gc,heap     ] GC(117) Old regions: 159->159
[2022-12-18T21:55:40.349+0900][gc,heap     ] GC(117) Archive regions: 2->2
[2022-12-18T21:55:40.349+0900][gc,heap     ] GC(117) Humongous regions: 129->129
[2022-12-18T21:55:40.349+0900][gc,metaspace] GC(117) Metaspace: 44076K(44672K)->44076K(44672K) NonClass: 38466K(38784K)->38466K(38784K) Class: 5609K(5888K)->5609K(5888K)
[2022-12-18T21:55:40.349+0900][gc          ] GC(117) Pause Young (Normal) (G1 Evacuation Pause) 584M->301M(1024M) 18.350ms
[2022-12-18T21:55:40.349+0900][gc,cpu      ] GC(117) User=0.03s Sys=0.03s Real=0.01s
[2022-12-18T21:55:43.180+0900][gc,start    ] GC(118) Pause Young (Normal) (G1 Evacuation Pause)
[2022-12-18T21:55:43.180+0900][gc,task     ] GC(118) Using 8 workers of 8 for evacuation
[2022-12-18T21:55:43.185+0900][gc,phases   ] GC(118)   Pre Evacuate Collection Set: 0.2ms
[2022-12-18T21:55:43.185+0900][gc,phases   ] GC(118)   Merge Heap Roots: 0.1ms
[2022-12-18T21:55:43.185+0900][gc,phases   ] GC(118)   Evacuate Collection Set: 4.3ms
[2022-12-18T21:55:43.185+0900][gc,phases   ] GC(118)   Post Evacuate Collection Set: 0.3ms
[2022-12-18T21:55:43.185+0900][gc,phases   ] GC(118)   Other: 0.4ms
[2022-12-18T21:55:43.185+0900][gc,heap     ] GC(118) Eden regions: 262->0(422)
[2022-12-18T21:55:43.185+0900][gc,heap     ] GC(118) Survivor regions: 13->14(35)
[2022-12-18T21:55:43.185+0900][gc,heap     ] GC(118) Old regions: 159->159
[2022-12-18T21:55:43.185+0900][gc,heap     ] GC(118) Archive regions: 2->2
[2022-12-18T21:55:43.185+0900][gc,heap     ] GC(118) Humongous regions: 129->129
[2022-12-18T21:55:43.185+0900][gc,metaspace] GC(118) Metaspace: 44076K(44672K)->44076K(44672K) NonClass: 38466K(38784K)->38466K(38784K) Class: 5609K(5888K)->5609K(5888K)
[2022-12-18T21:55:43.185+0900][gc          ] GC(118) Pause Young (Normal) (G1 Evacuation Pause) 563M->302M(1024M) 5.261ms
[2022-12-18T21:55:43.185+0900][gc,cpu      ] GC(118) User=0.02s Sys=0.00s Real=0.00s
[2022-12-18T21:55:48.052+0900][gc,start    ] GC(119) Pause Young (Normal) (G1 Evacuation Pause)
[2022-12-18T21:55:48.052+0900][gc,task     ] GC(119) Using 8 workers of 8 for evacuation
[2022-12-18T21:55:48.078+0900][gc,mmu      ] GC(119) MMU target violated: 21.0ms (20.0ms/21.0ms)
[2022-12-18T21:55:48.078+0900][gc,phases   ] GC(119)   Pre Evacuate Collection Set: 0.1ms
[2022-12-18T21:55:48.078+0900][gc,phases   ] GC(119)   Merge Heap Roots: 0.1ms
[2022-12-18T21:55:48.078+0900][gc,phases   ] GC(119)   Evacuate Collection Set: 25.5ms
[2022-12-18T21:55:48.078+0900][gc,phases   ] GC(119)   Post Evacuate Collection Set: 0.7ms
[2022-12-18T21:55:48.078+0900][gc,phases   ] GC(119)   Other: 0.2ms
[2022-12-18T21:55:48.078+0900][gc,heap     ] GC(119) Eden regions: 422->0(37)
[2022-12-18T21:55:48.078+0900][gc,heap     ] GC(119) Survivor regions: 14->14(55)
[2022-12-18T21:55:48.078+0900][gc,heap     ] GC(119) Old regions: 159->159
[2022-12-18T21:55:48.078+0900][gc,heap     ] GC(119) Archive regions: 2->2
[2022-12-18T21:55:48.078+0900][gc,heap     ] GC(119) Humongous regions: 129->129
[2022-12-18T21:55:48.078+0900][gc,metaspace] GC(119) Metaspace: 44076K(44672K)->44076K(44672K) NonClass: 38466K(38784K)->38466K(38784K) Class: 5609K(5888K)->5609K(5888K)
[2022-12-18T21:55:48.078+0900][gc          ] GC(119) Pause Young (Normal) (G1 Evacuation Pause) 724M->302M(1024M) 26.680ms
[2022-12-18T21:55:48.078+0900][gc,cpu      ] GC(119) User=0.02s Sys=0.03s Real=0.02s
[2022-12-18T21:55:48.798+0900][gc,start    ] GC(120) Pause Young (Normal) (G1 Evacuation Pause)
[2022-12-18T21:55:48.799+0900][gc,task     ] GC(120) Using 8 workers of 8 for evacuation
[2022-12-18T21:55:48.805+0900][gc,phases   ] GC(120)   Pre Evacuate Collection Set: 0.1ms
[2022-12-18T21:55:48.805+0900][gc,phases   ] GC(120)   Merge Heap Roots: 0.1ms
[2022-12-18T21:55:48.805+0900][gc,phases   ] GC(120)   Evacuate Collection Set: 5.8ms
[2022-12-18T21:55:48.805+0900][gc,phases   ] GC(120)   Post Evacuate Collection Set: 0.2ms
[2022-12-18T21:55:48.805+0900][gc,phases   ] GC(120)   Other: 0.2ms
[2022-12-18T21:55:48.805+0900][gc,heap     ] GC(120) Eden regions: 37->0(607)
[2022-12-18T21:55:48.805+0900][gc,heap     ] GC(120) Survivor regions: 14->5(7)
[2022-12-18T21:55:48.805+0900][gc,heap     ] GC(120) Old regions: 159->169
[2022-12-18T21:55:48.805+0900][gc,heap     ] GC(120) Archive regions: 2->2
[2022-12-18T21:55:48.805+0900][gc,heap     ] GC(120) Humongous regions: 129->129
[2022-12-18T21:55:48.805+0900][gc,metaspace] GC(120) Metaspace: 44076K(44672K)->44076K(44672K) NonClass: 38466K(38784K)->38466K(38784K) Class: 5609K(5888K)->5609K(5888K)
[2022-12-18T21:55:48.805+0900][gc          ] GC(120) Pause Young (Normal) (G1 Evacuation Pause) 339M->303M(1024M) 6.381ms
[2022-12-18T21:55:48.805+0900][gc,cpu      ] GC(120) User=0.03s Sys=0.01s Real=0.01s
[2022-12-18T21:55:55.708+0900][gc,start    ] GC(121) Pause Young (Normal) (G1 Evacuation Pause)
[2022-12-18T21:55:55.708+0900][gc,task     ] GC(121) Using 8 workers of 8 for evacuation
[2022-12-18T21:55:55.724+0900][gc,phases   ] GC(121)   Pre Evacuate Collection Set: 0.2ms
[2022-12-18T21:55:55.724+0900][gc,phases   ] GC(121)   Merge Heap Roots: 0.2ms
[2022-12-18T21:55:55.724+0900][gc,phases   ] GC(121)   Evacuate Collection Set: 15.5ms
[2022-12-18T21:55:55.724+0900][gc,phases   ] GC(121)   Post Evacuate Collection Set: 0.6ms
[2022-12-18T21:55:55.724+0900][gc,phases   ] GC(121)   Other: 0.3ms
[2022-12-18T21:55:55.724+0900][gc,heap     ] GC(121) Eden regions: 607->0(608)
[2022-12-18T21:55:55.724+0900][gc,heap     ] GC(121) Survivor regions: 5->5(77)
[2022-12-18T21:55:55.724+0900][gc,heap     ] GC(121) Old regions: 169->169
[2022-12-18T21:55:55.724+0900][gc,heap     ] GC(121) Archive regions: 2->2
[2022-12-18T21:55:55.724+0900][gc,heap     ] GC(121) Humongous regions: 129->129
[2022-12-18T21:55:55.724+0900][gc,metaspace] GC(121) Metaspace: 44076K(44672K)->44076K(44672K) NonClass: 38466K(38784K)->38466K(38784K) Class: 5609K(5888K)->5609K(5888K)
[2022-12-18T21:55:55.724+0900][gc          ] GC(121) Pause Young (Normal) (G1 Evacuation Pause) 910M->303M(1024M) 16.839ms
[2022-12-18T21:55:55.724+0900][gc,cpu      ] GC(121) User=0.02s Sys=0.04s Real=0.02s
[2022-12-18T21:56:03.034+0900][gc,start    ] GC(122) Pause Young (Normal) (G1 Evacuation Pause)
[2022-12-18T21:56:03.034+0900][gc,task     ] GC(122) Using 8 workers of 8 for evacuation
[2022-12-18T21:56:03.052+0900][gc,phases   ] GC(122)   Pre Evacuate Collection Set: 0.8ms
[2022-12-18T21:56:03.052+0900][gc,phases   ] GC(122)   Merge Heap Roots: 2.0ms
[2022-12-18T21:56:03.052+0900][gc,phases   ] GC(122)   Evacuate Collection Set: 10.5ms
[2022-12-18T21:56:03.052+0900][gc,phases   ] GC(122)   Post Evacuate Collection Set: 3.7ms
[2022-12-18T21:56:03.052+0900][gc,phases   ] GC(122)   Other: 0.7ms
[2022-12-18T21:56:03.052+0900][gc,heap     ] GC(122) Eden regions: 608->0(529)
[2022-12-18T21:56:03.052+0900][gc,heap     ] GC(122) Survivor regions: 5->5(77)
[2022-12-18T21:56:03.052+0900][gc,heap     ] GC(122) Old regions: 169->169
[2022-12-18T21:56:03.052+0900][gc,heap     ] GC(122) Archive regions: 2->2
[2022-12-18T21:56:03.052+0900][gc,heap     ] GC(122) Humongous regions: 129->129
[2022-12-18T21:56:03.052+0900][gc,metaspace] GC(122) Metaspace: 44076K(44672K)->44076K(44672K) NonClass: 38466K(38784K)->38466K(38784K) Class: 5609K(5888K)->5609K(5888K)
[2022-12-18T21:56:03.052+0900][gc          ] GC(122) Pause Young (Normal) (G1 Evacuation Pause) 911M->303M(1024M) 17.792ms
[2022-12-18T21:56:03.052+0900][gc,cpu      ] GC(122) User=0.01s Sys=0.03s Real=0.02s
[2022-12-18T21:56:09.100+0900][gc,start    ] GC(123) Pause Young (Normal) (G1 Evacuation Pause)
[2022-12-18T21:56:09.101+0900][gc,task     ] GC(123) Using 8 workers of 8 for evacuation
[2022-12-18T21:56:09.117+0900][gc,phases   ] GC(123)   Pre Evacuate Collection Set: 0.2ms
[2022-12-18T21:56:09.117+0900][gc,phases   ] GC(123)   Merge Heap Roots: 0.2ms
[2022-12-18T21:56:09.117+0900][gc,phases   ] GC(123)   Evacuate Collection Set: 15.0ms
[2022-12-18T21:56:09.117+0900][gc,phases   ] GC(123)   Post Evacuate Collection Set: 0.8ms
[2022-12-18T21:56:09.117+0900][gc,phases   ] GC(123)   Other: 1.0ms
[2022-12-18T21:56:09.117+0900][gc,heap     ] GC(123) Eden regions: 503->0(413)
[2022-12-18T21:56:09.117+0900][gc,heap     ] GC(123) Survivor regions: 5->6(64)
[2022-12-18T21:56:09.117+0900][gc,heap     ] GC(123) Old regions: 169->169
[2022-12-18T21:56:09.117+0900][gc,heap     ] GC(123) Archive regions: 2->2
[2022-12-18T21:56:09.117+0900][gc,heap     ] GC(123) Humongous regions: 129->129
[2022-12-18T21:56:09.117+0900][gc,metaspace] GC(123) Metaspace: 44076K(44672K)->44076K(44672K) NonClass: 38466K(38784K)->38466K(38784K) Class: 5609K(5888K)->5609K(5888K)
[2022-12-18T21:56:09.117+0900][gc          ] GC(123) Pause Young (Normal) (G1 Evacuation Pause) 806M->304M(1024M) 17.278ms
[2022-12-18T21:56:09.117+0900][gc,cpu      ] GC(123) User=0.02s Sys=0.03s Real=0.01s
[2022-12-18T21:56:14.779+0900][gc,start    ] GC(124) Pause Young (Normal) (G1 Evacuation Pause)
[2022-12-18T21:56:14.779+0900][gc,task     ] GC(124) Using 8 workers of 8 for evacuation
[2022-12-18T21:56:14.792+0900][gc,phases   ] GC(124)   Pre Evacuate Collection Set: 0.2ms
[2022-12-18T21:56:14.792+0900][gc,phases   ] GC(124)   Merge Heap Roots: 0.1ms
[2022-12-18T21:56:14.792+0900][gc,phases   ] GC(124)   Evacuate Collection Set: 11.9ms
[2022-12-18T21:56:14.792+0900][gc,phases   ] GC(124)   Post Evacuate Collection Set: 0.6ms
[2022-12-18T21:56:14.792+0900][gc,phases   ] GC(124)   Other: 0.4ms
[2022-12-18T21:56:14.792+0900][gc,heap     ] GC(124) Eden regions: 370->0(568)
[2022-12-18T21:56:14.792+0900][gc,heap     ] GC(124) Survivor regions: 6->6(47)
[2022-12-18T21:56:14.792+0900][gc,heap     ] GC(124) Old regions: 169->169
[2022-12-18T21:56:14.792+0900][gc,heap     ] GC(124) Archive regions: 2->2
[2022-12-18T21:56:14.792+0900][gc,heap     ] GC(124) Humongous regions: 129->129
[2022-12-18T21:56:14.792+0900][gc,metaspace] GC(124) Metaspace: 44077K(44672K)->44077K(44672K) NonClass: 38468K(38784K)->38468K(38784K) Class: 5609K(5888K)->5609K(5888K)
[2022-12-18T21:56:14.792+0900][gc          ] GC(124) Pause Young (Normal) (G1 Evacuation Pause) 674M->304M(1024M) 13.366ms
[2022-12-18T21:56:14.792+0900][gc,cpu      ] GC(124) User=0.02s Sys=0.01s Real=0.02s
[2022-12-18T21:56:21.103+0900][gc,start    ] GC(125) Pause Young (Normal) (G1 Evacuation Pause)
[2022-12-18T21:56:21.104+0900][gc,task     ] GC(125) Using 8 workers of 8 for evacuation
[2022-12-18T21:56:21.120+0900][gc,phases   ] GC(125)   Pre Evacuate Collection Set: 0.3ms
[2022-12-18T21:56:21.120+0900][gc,phases   ] GC(125)   Merge Heap Roots: 0.1ms
[2022-12-18T21:56:21.120+0900][gc,phases   ] GC(125)   Evacuate Collection Set: 14.9ms
[2022-12-18T21:56:21.120+0900][gc,phases   ] GC(125)   Post Evacuate Collection Set: 0.8ms
[2022-12-18T21:56:21.120+0900][gc,phases   ] GC(125)   Other: 1.0ms
[2022-12-18T21:56:21.120+0900][gc,heap     ] GC(125) Eden regions: 506->0(561)
[2022-12-18T21:56:21.120+0900][gc,heap     ] GC(125) Survivor regions: 6->7(64)
[2022-12-18T21:56:21.120+0900][gc,heap     ] GC(125) Old regions: 169->169
[2022-12-18T21:56:21.120+0900][gc,heap     ] GC(125) Archive regions: 2->2
[2022-12-18T21:56:21.120+0900][gc,heap     ] GC(125) Humongous regions: 129->129
[2022-12-18T21:56:21.120+0900][gc,metaspace] GC(125) Metaspace: 44077K(44672K)->44077K(44672K) NonClass: 38468K(38784K)->38468K(38784K) Class: 5609K(5888K)->5609K(5888K)
[2022-12-18T21:56:21.120+0900][gc          ] GC(125) Pause Young (Normal) (G1 Evacuation Pause) 810M->304M(1024M) 17.141ms
[2022-12-18T21:56:21.120+0900][gc,cpu      ] GC(125) User=0.01s Sys=0.02s Real=0.02s
[2022-12-18T21:56:27.958+0900][gc,start    ] GC(126) Pause Young (Normal) (G1 Evacuation Pause)
[2022-12-18T21:56:27.959+0900][gc,task     ] GC(126) Using 8 workers of 8 for evacuation
[2022-12-18T21:56:27.978+0900][gc,phases   ] GC(126)   Pre Evacuate Collection Set: 0.3ms
[2022-12-18T21:56:27.995+0900][gc,phases   ] GC(126)   Merge Heap Roots: 0.2ms
[2022-12-18T21:56:27.995+0900][gc,phases   ] GC(126)   Evacuate Collection Set: 17.6ms
[2022-12-18T21:56:27.995+0900][gc,phases   ] GC(126)   Post Evacuate Collection Set: 0.8ms
[2022-12-18T21:56:27.995+0900][gc,phases   ] GC(126)   Other: 0.4ms
[2022-12-18T21:56:27.995+0900][gc,heap     ] GC(126) Eden regions: 561->0(607)
[2022-12-18T21:56:27.995+0900][gc,heap     ] GC(126) Survivor regions: 7->7(71)
[2022-12-18T21:56:27.995+0900][gc,heap     ] GC(126) Old regions: 169->169
[2022-12-18T21:56:27.995+0900][gc,heap     ] GC(126) Archive regions: 2->2
[2022-12-18T21:56:27.995+0900][gc,heap     ] GC(126) Humongous regions: 129->129
[2022-12-18T21:56:27.995+0900][gc,metaspace] GC(126) Metaspace: 44077K(44672K)->44077K(44672K) NonClass: 38468K(38784K)->38468K(38784K) Class: 5609K(5888K)->5609K(5888K)
[2022-12-18T21:56:27.995+0900][gc          ] GC(126) Pause Young (Normal) (G1 Evacuation Pause) 865M->305M(1024M) 36.259ms
[2022-12-18T21:56:27.995+0900][gc,cpu      ] GC(126) User=0.01s Sys=0.03s Real=0.04s
[2022-12-18T21:56:36.269+0900][gc,start    ] GC(127) Pause Young (Normal) (G1 Evacuation Pause)
[2022-12-18T21:56:36.270+0900][gc,task     ] GC(127) Using 8 workers of 8 for evacuation
[2022-12-18T21:56:36.295+0900][gc,mmu      ] GC(127) MMU target violated: 21.0ms (20.0ms/21.0ms)
[2022-12-18T21:56:36.295+0900][gc,phases   ] GC(127)   Pre Evacuate Collection Set: 0.2ms
[2022-12-18T21:56:36.295+0900][gc,phases   ] GC(127)   Merge Heap Roots: 0.2ms
[2022-12-18T21:56:36.295+0900][gc,phases   ] GC(127)   Evacuate Collection Set: 24.0ms
[2022-12-18T21:56:36.295+0900][gc,phases   ] GC(127)   Post Evacuate Collection Set: 0.6ms
[2022-12-18T21:56:36.295+0900][gc,phases   ] GC(127)   Other: 1.0ms
[2022-12-18T21:56:36.295+0900][gc,heap     ] GC(127) Eden regions: 607->0(276)
[2022-12-18T21:56:36.295+0900][gc,heap     ] GC(127) Survivor regions: 7->7(77)
[2022-12-18T21:56:36.295+0900][gc,heap     ] GC(127) Old regions: 169->169
[2022-12-18T21:56:36.295+0900][gc,heap     ] GC(127) Archive regions: 2->2
[2022-12-18T21:56:36.295+0900][gc,heap     ] GC(127) Humongous regions: 129->129
[2022-12-18T21:56:36.295+0900][gc,metaspace] GC(127) Metaspace: 44077K(44672K)->44077K(44672K) NonClass: 38468K(38784K)->38468K(38784K) Class: 5609K(5888K)->5609K(5888K)
[2022-12-18T21:56:36.295+0900][gc          ] GC(127) Pause Young (Normal) (G1 Evacuation Pause) 912M->305M(1024M) 26.159ms
[2022-12-18T21:56:36.295+0900][gc,cpu      ] GC(127) User=0.01s Sys=0.03s Real=0.03s
[2022-12-18T21:56:40.361+0900][gc,start    ] GC(128) Pause Young (Normal) (G1 Evacuation Pause)
[2022-12-18T21:56:40.361+0900][gc,task     ] GC(128) Using 8 workers of 8 for evacuation
[2022-12-18T21:56:40.373+0900][gc,phases   ] GC(128)   Pre Evacuate Collection Set: 0.2ms
[2022-12-18T21:56:40.373+0900][gc,phases   ] GC(128)   Merge Heap Roots: 0.1ms
[2022-12-18T21:56:40.373+0900][gc,phases   ] GC(128)   Evacuate Collection Set: 11.3ms
[2022-12-18T21:56:40.373+0900][gc,phases   ] GC(128)   Post Evacuate Collection Set: 0.7ms
[2022-12-18T21:56:40.373+0900][gc,phases   ] GC(128)   Other: 0.2ms
[2022-12-18T21:56:40.373+0900][gc,heap     ] GC(128) Eden regions: 276->0(563)
[2022-12-18T21:56:40.373+0900][gc,heap     ] GC(128) Survivor regions: 7->7(36)
[2022-12-18T21:56:40.373+0900][gc,heap     ] GC(128) Old regions: 169->170
[2022-12-18T21:56:40.373+0900][gc,heap     ] GC(128) Archive regions: 2->2
[2022-12-18T21:56:40.373+0900][gc,heap     ] GC(128) Humongous regions: 129->129
[2022-12-18T21:56:40.373+0900][gc,metaspace] GC(128) Metaspace: 44078K(44672K)->44078K(44672K) NonClass: 38468K(38784K)->38468K(38784K) Class: 5609K(5888K)->5609K(5888K)
[2022-12-18T21:56:40.373+0900][gc          ] GC(128) Pause Young (Normal) (G1 Evacuation Pause) 581M->305M(1024M) 12.592ms
[2022-12-18T21:56:40.373+0900][gc,cpu      ] GC(128) User=0.02s Sys=0.02s Real=0.01s
[2022-12-18T21:56:43.749+0900][gc,start    ] GC(129) Pause Young (Normal) (G1 Evacuation Pause)
[2022-12-18T21:56:43.750+0900][gc,task     ] GC(129) Using 8 workers of 8 for evacuation
[2022-12-18T21:56:43.761+0900][gc,phases   ] GC(129)   Pre Evacuate Collection Set: 0.3ms
[2022-12-18T21:56:43.761+0900][gc,phases   ] GC(129)   Merge Heap Roots: 0.2ms
[2022-12-18T21:56:43.761+0900][gc,phases   ] GC(129)   Evacuate Collection Set: 10.2ms
[2022-12-18T21:56:43.761+0900][gc,phases   ] GC(129)   Post Evacuate Collection Set: 0.6ms
[2022-12-18T21:56:43.761+0900][gc,phases   ] GC(129)   Other: 0.9ms
[2022-12-18T21:56:43.761+0900][gc,heap     ] GC(129) Eden regions: 400->0(606)
[2022-12-18T21:56:43.761+0900][gc,heap     ] GC(129) Survivor regions: 7->7(51)
[2022-12-18T21:56:43.761+0900][gc,heap     ] GC(129) Old regions: 170->170
[2022-12-18T21:56:43.761+0900][gc,heap     ] GC(129) Archive regions: 2->2
[2022-12-18T21:56:43.761+0900][gc,heap     ] GC(129) Humongous regions: 129->129
[2022-12-18T21:56:43.761+0900][gc,metaspace] GC(129) Metaspace: 44078K(44672K)->44078K(44672K) NonClass: 38468K(38784K)->38468K(38784K) Class: 5609K(5888K)->5609K(5888K)
[2022-12-18T21:56:43.761+0900][gc          ] GC(129) Pause Young (Normal) (G1 Evacuation Pause) 705M->306M(1024M) 12.303ms
[2022-12-18T21:56:43.761+0900][gc,cpu      ] GC(129) User=0.01s Sys=0.02s Real=0.02s
[2022-12-18T21:56:51.970+0900][gc,start    ] GC(130) Pause Young (Normal) (G1 Evacuation Pause)
[2022-12-18T21:56:51.970+0900][gc,task     ] GC(130) Using 8 workers of 8 for evacuation
[2022-12-18T21:56:51.986+0900][gc,phases   ] GC(130)   Pre Evacuate Collection Set: 0.3ms
[2022-12-18T21:56:51.986+0900][gc,phases   ] GC(130)   Merge Heap Roots: 0.2ms
[2022-12-18T21:56:51.986+0900][gc,phases   ] GC(130)   Evacuate Collection Set: 14.8ms
[2022-12-18T21:56:51.986+0900][gc,phases   ] GC(130)   Post Evacuate Collection Set: 0.9ms
[2022-12-18T21:56:51.986+0900][gc,phases   ] GC(130)   Other: 0.5ms
[2022-12-18T21:56:51.986+0900][gc,heap     ] GC(130) Eden regions: 606->0(605)
[2022-12-18T21:56:51.986+0900][gc,heap     ] GC(130) Survivor regions: 7->7(77)
[2022-12-18T21:56:51.986+0900][gc,heap     ] GC(130) Old regions: 170->171
[2022-12-18T21:56:51.986+0900][gc,heap     ] GC(130) Archive regions: 2->2
[2022-12-18T21:56:51.986+0900][gc,heap     ] GC(130) Humongous regions: 129->129
[2022-12-18T21:56:51.986+0900][gc,metaspace] GC(130) Metaspace: 44078K(44672K)->44078K(44672K) NonClass: 38468K(38784K)->38468K(38784K) Class: 5609K(5888K)->5609K(5888K)
[2022-12-18T21:56:51.986+0900][gc          ] GC(130) Pause Young (Normal) (G1 Evacuation Pause) 912M->306M(1024M) 16.752ms
[2022-12-18T21:56:51.986+0900][gc,cpu      ] GC(130) User=0.02s Sys=0.03s Real=0.01s
[2022-12-18T21:56:59.195+0900][gc,start    ] GC(131) Pause Young (Normal) (G1 Evacuation Pause)
[2022-12-18T21:56:59.196+0900][gc,task     ] GC(131) Using 8 workers of 8 for evacuation
[2022-12-18T21:56:59.227+0900][gc,mmu      ] GC(131) MMU target violated: 21.0ms (20.0ms/21.0ms)
[2022-12-18T21:56:59.227+0900][gc,phases   ] GC(131)   Pre Evacuate Collection Set: 0.2ms
[2022-12-18T21:56:59.227+0900][gc,phases   ] GC(131)   Merge Heap Roots: 0.2ms
[2022-12-18T21:56:59.227+0900][gc,phases   ] GC(131)   Evacuate Collection Set: 29.1ms
[2022-12-18T21:56:59.227+0900][gc,phases   ] GC(131)   Post Evacuate Collection Set: 0.9ms
[2022-12-18T21:56:59.227+0900][gc,phases   ] GC(131)   Other: 1.0ms
[2022-12-18T21:56:59.227+0900][gc,heap     ] GC(131) Eden regions: 605->0(98)
[2022-12-18T21:56:59.227+0900][gc,heap     ] GC(131) Survivor regions: 7->7(77)
[2022-12-18T21:56:59.227+0900][gc,heap     ] GC(131) Old regions: 171->171
[2022-12-18T21:56:59.227+0900][gc,heap     ] GC(131) Archive regions: 2->2
[2022-12-18T21:56:59.227+0900][gc,heap     ] GC(131) Humongous regions: 129->129
[2022-12-18T21:56:59.227+0900][gc,metaspace] GC(131) Metaspace: 44078K(44672K)->44078K(44672K) NonClass: 38468K(38784K)->38468K(38784K) Class: 5609K(5888K)->5609K(5888K)
[2022-12-18T21:56:59.227+0900][gc          ] GC(131) Pause Young (Normal) (G1 Evacuation Pause) 911M->307M(1024M) 31.517ms
[2022-12-18T21:56:59.227+0900][gc,cpu      ] GC(131) User=0.03s Sys=0.04s Real=0.03s
[2022-12-18T21:56:59.651+0900][gc,start    ] GC(132) Pause Young (Normal) (G1 Evacuation Pause)
[2022-12-18T21:56:59.651+0900][gc,task     ] GC(132) Using 8 workers of 8 for evacuation
[2022-12-18T21:56:59.655+0900][gc,phases   ] GC(132)   Pre Evacuate Collection Set: 0.1ms
[2022-12-18T21:56:59.655+0900][gc,phases   ] GC(132)   Merge Heap Roots: 0.1ms
[2022-12-18T21:56:59.655+0900][gc,phases   ] GC(132)   Evacuate Collection Set: 3.4ms
[2022-12-18T21:56:59.655+0900][gc,phases   ] GC(132)   Post Evacuate Collection Set: 0.3ms
[2022-12-18T21:56:59.655+0900][gc,phases   ] GC(132)   Other: 0.1ms
[2022-12-18T21:56:59.655+0900][gc,heap     ] GC(132) Eden regions: 44->0(606)
[2022-12-18T21:56:59.655+0900][gc,heap     ] GC(132) Survivor regions: 7->5(7)
[2022-12-18T21:56:59.655+0900][gc,heap     ] GC(132) Old regions: 171->174
[2022-12-18T21:56:59.655+0900][gc,heap     ] GC(132) Archive regions: 2->2
[2022-12-18T21:56:59.655+0900][gc,heap     ] GC(132) Humongous regions: 129->129
[2022-12-18T21:56:59.655+0900][gc,metaspace] GC(132) Metaspace: 44078K(44672K)->44078K(44672K) NonClass: 38468K(38784K)->38468K(38784K) Class: 5609K(5888K)->5609K(5888K)
[2022-12-18T21:56:59.655+0900][gc          ] GC(132) Pause Young (Normal) (G1 Evacuation Pause) 351M->307M(1024M) 4.058ms
[2022-12-18T21:56:59.655+0900][gc,cpu      ] GC(132) User=0.02s Sys=0.01s Real=0.00s
[2022-12-18T21:57:06.816+0900][gc,start    ] GC(133) Pause Young (Normal) (G1 Evacuation Pause)
[2022-12-18T21:57:06.817+0900][gc,task     ] GC(133) Using 8 workers of 8 for evacuation
[2022-12-18T21:57:06.833+0900][gc,phases   ] GC(133)   Pre Evacuate Collection Set: 0.2ms
[2022-12-18T21:57:06.833+0900][gc,phases   ] GC(133)   Merge Heap Roots: 0.2ms
[2022-12-18T21:57:06.833+0900][gc,phases   ] GC(133)   Evacuate Collection Set: 15.0ms
[2022-12-18T21:57:06.833+0900][gc,phases   ] GC(133)   Post Evacuate Collection Set: 0.7ms
[2022-12-18T21:57:06.833+0900][gc,phases   ] GC(133)   Other: 1.0ms
[2022-12-18T21:57:06.833+0900][gc,heap     ] GC(133) Eden regions: 606->0(606)
[2022-12-18T21:57:06.833+0900][gc,heap     ] GC(133) Survivor regions: 5->5(77)
[2022-12-18T21:57:06.833+0900][gc,heap     ] GC(133) Old regions: 174->174
[2022-12-18T21:57:06.833+0900][gc,heap     ] GC(133) Archive regions: 2->2
[2022-12-18T21:57:06.833+0900][gc,heap     ] GC(133) Humongous regions: 129->129
[2022-12-18T21:57:06.833+0900][gc,metaspace] GC(133) Metaspace: 44078K(44672K)->44078K(44672K) NonClass: 38468K(38784K)->38468K(38784K) Class: 5609K(5888K)->5609K(5888K)
[2022-12-18T21:57:06.833+0900][gc          ] GC(133) Pause Young (Normal) (G1 Evacuation Pause) 913M->307M(1024M) 17.076ms
[2022-12-18T21:57:06.833+0900][gc,cpu      ] GC(133) User=0.01s Sys=0.02s Real=0.02s
[2022-12-18T21:57:15.472+0900][gc,start    ] GC(134) Pause Young (Normal) (G1 Evacuation Pause)
[2022-12-18T21:57:15.472+0900][gc,task     ] GC(134) Using 8 workers of 8 for evacuation
[2022-12-18T21:57:15.489+0900][gc,phases   ] GC(134)   Pre Evacuate Collection Set: 1.1ms
[2022-12-18T21:57:15.489+0900][gc,phases   ] GC(134)   Merge Heap Roots: 0.1ms
[2022-12-18T21:57:15.489+0900][gc,phases   ] GC(134)   Evacuate Collection Set: 14.3ms
[2022-12-18T21:57:15.489+0900][gc,phases   ] GC(134)   Post Evacuate Collection Set: 0.8ms
[2022-12-18T21:57:15.489+0900][gc,phases   ] GC(134)   Other: 1.0ms
[2022-12-18T21:57:15.489+0900][gc,heap     ] GC(134) Eden regions: 606->0(606)
[2022-12-18T21:57:15.489+0900][gc,heap     ] GC(134) Survivor regions: 5->5(77)
[2022-12-18T21:57:15.489+0900][gc,heap     ] GC(134) Old regions: 174->174
[2022-12-18T21:57:15.489+0900][gc,heap     ] GC(134) Archive regions: 2->2
[2022-12-18T21:57:15.489+0900][gc,heap     ] GC(134) Humongous regions: 129->129
[2022-12-18T21:57:15.489+0900][gc,metaspace] GC(134) Metaspace: 44078K(44672K)->44078K(44672K) NonClass: 38468K(38784K)->38468K(38784K) Class: 5609K(5888K)->5609K(5888K)
[2022-12-18T21:57:15.489+0900][gc          ] GC(134) Pause Young (Normal) (G1 Evacuation Pause) 913M->308M(1024M) 17.099ms
[2022-12-18T21:57:15.489+0900][gc,cpu      ] GC(134) User=0.02s Sys=0.03s Real=0.01s
[2022-12-18T21:57:23.003+0900][gc,start    ] GC(135) Pause Young (Normal) (G1 Evacuation Pause)
[2022-12-18T21:57:23.004+0900][gc,task     ] GC(135) Using 8 workers of 8 for evacuation
[2022-12-18T21:57:23.020+0900][gc,phases   ] GC(135)   Pre Evacuate Collection Set: 0.2ms
[2022-12-18T21:57:23.020+0900][gc,phases   ] GC(135)   Merge Heap Roots: 0.3ms
[2022-12-18T21:57:23.020+0900][gc,phases   ] GC(135)   Evacuate Collection Set: 14.9ms
[2022-12-18T21:57:23.020+0900][gc,phases   ] GC(135)   Post Evacuate Collection Set: 0.8ms
[2022-12-18T21:57:23.020+0900][gc,phases   ] GC(135)   Other: 0.4ms
[2022-12-18T21:57:23.020+0900][gc,heap     ] GC(135) Eden regions: 606->0(604)
[2022-12-18T21:57:23.020+0900][gc,heap     ] GC(135) Survivor regions: 5->6(77)
[2022-12-18T21:57:23.020+0900][gc,heap     ] GC(135) Old regions: 174->174
[2022-12-18T21:57:23.020+0900][gc,heap     ] GC(135) Archive regions: 2->2
[2022-12-18T21:57:23.020+0900][gc,heap     ] GC(135) Humongous regions: 129->129
[2022-12-18T21:57:23.020+0900][gc,metaspace] GC(135) Metaspace: 44078K(44672K)->44078K(44672K) NonClass: 38468K(38784K)->38468K(38784K) Class: 5609K(5888K)->5609K(5888K)
[2022-12-18T21:57:23.020+0900][gc          ] GC(135) Pause Young (Normal) (G1 Evacuation Pause) 914M->308M(1024M) 16.745ms
[2022-12-18T21:57:23.020+0900][gc,cpu      ] GC(135) User=0.02s Sys=0.02s Real=0.02s
[2022-12-18T21:57:34.529+0900][gc,start    ] GC(136) Pause Young (Normal) (G1 Evacuation Pause)
[2022-12-18T21:57:34.530+0900][gc,task     ] GC(136) Using 8 workers of 8 for evacuation
[2022-12-18T21:57:34.551+0900][gc,mmu      ] GC(136) MMU target violated: 21.0ms (20.0ms/21.0ms)
[2022-12-18T21:57:34.551+0900][gc,phases   ] GC(136)   Pre Evacuate Collection Set: 0.2ms
[2022-12-18T21:57:34.551+0900][gc,phases   ] GC(136)   Merge Heap Roots: 0.2ms
[2022-12-18T21:57:34.551+0900][gc,phases   ] GC(136)   Evacuate Collection Set: 15.9ms
[2022-12-18T21:57:34.552+0900][gc,phases   ] GC(136)   Post Evacuate Collection Set: 5.2ms
[2022-12-18T21:57:34.552+0900][gc,phases   ] GC(136)   Other: 0.6ms
[2022-12-18T21:57:34.552+0900][gc,heap     ] GC(136) Eden regions: 604->0(231)
[2022-12-18T21:57:34.552+0900][gc,heap     ] GC(136) Survivor regions: 6->6(77)
[2022-12-18T21:57:34.552+0900][gc,heap     ] GC(136) Old regions: 174->174
[2022-12-18T21:57:34.552+0900][gc,heap     ] GC(136) Archive regions: 2->2
[2022-12-18T21:57:34.552+0900][gc,heap     ] GC(136) Humongous regions: 129->129
[2022-12-18T21:57:34.552+0900][gc,metaspace] GC(136) Metaspace: 44078K(44672K)->44078K(44672K) NonClass: 38468K(38784K)->38468K(38784K) Class: 5609K(5888K)->5609K(5888K)
[2022-12-18T21:57:34.552+0900][gc          ] GC(136) Pause Young (Normal) (G1 Evacuation Pause) 912M->308M(1024M) 22.378ms
[2022-12-18T21:57:34.552+0900][gc,cpu      ] GC(136) User=0.02s Sys=0.03s Real=0.03s
[2022-12-18T21:57:37.448+0900][gc,start    ] GC(137) Pause Young (Normal) (G1 Evacuation Pause)
[2022-12-18T21:57:37.448+0900][gc,task     ] GC(137) Using 8 workers of 8 for evacuation
[2022-12-18T21:57:37.460+0900][gc,phases   ] GC(137)   Pre Evacuate Collection Set: 0.2ms
[2022-12-18T21:57:37.460+0900][gc,phases   ] GC(137)   Merge Heap Roots: 0.2ms
[2022-12-18T21:57:37.460+0900][gc,phases   ] GC(137)   Evacuate Collection Set: 10.3ms
[2022-12-18T21:57:37.460+0900][gc,phases   ] GC(137)   Post Evacuate Collection Set: 0.7ms
[2022-12-18T21:57:37.460+0900][gc,phases   ] GC(137)   Other: 0.2ms
[2022-12-18T21:57:37.460+0900][gc,heap     ] GC(137) Eden regions: 231->0(473)
[2022-12-18T21:57:37.460+0900][gc,heap     ] GC(137) Survivor regions: 6->6(30)
[2022-12-18T21:57:37.460+0900][gc,heap     ] GC(137) Old regions: 174->174
[2022-12-18T21:57:37.460+0900][gc,heap     ] GC(137) Archive regions: 2->2
[2022-12-18T21:57:37.460+0900][gc,heap     ] GC(137) Humongous regions: 129->129
[2022-12-18T21:57:37.460+0900][gc,metaspace] GC(137) Metaspace: 44078K(44672K)->44078K(44672K) NonClass: 38468K(38784K)->38468K(38784K) Class: 5609K(5888K)->5609K(5888K)
[2022-12-18T21:57:37.460+0900][gc          ] GC(137) Pause Young (Normal) (G1 Evacuation Pause) 539M->309M(1024M) 11.728ms
[2022-12-18T21:57:37.460+0900][gc,cpu      ] GC(137) User=0.01s Sys=0.02s Real=0.02s
[2022-12-18T21:57:43.244+0900][gc,start    ] GC(138) Pause Young (Normal) (G1 Evacuation Pause)
[2022-12-18T21:57:43.245+0900][gc,task     ] GC(138) Using 8 workers of 8 for evacuation
[2022-12-18T21:57:43.261+0900][gc,phases   ] GC(138)   Pre Evacuate Collection Set: 0.3ms
[2022-12-18T21:57:43.261+0900][gc,phases   ] GC(138)   Merge Heap Roots: 0.2ms
[2022-12-18T21:57:43.261+0900][gc,phases   ] GC(138)   Evacuate Collection Set: 14.8ms
[2022-12-18T21:57:43.261+0900][gc,phases   ] GC(138)   Post Evacuate Collection Set: 0.9ms
[2022-12-18T21:57:43.261+0900][gc,phases   ] GC(138)   Other: 0.9ms
[2022-12-18T21:57:43.261+0900][gc,heap     ] GC(138) Eden regions: 473->0(604)
[2022-12-18T21:57:43.261+0900][gc,heap     ] GC(138) Survivor regions: 6->6(60)
[2022-12-18T21:57:43.261+0900][gc,heap     ] GC(138) Old regions: 174->174
[2022-12-18T21:57:43.261+0900][gc,heap     ] GC(138) Archive regions: 2->2
[2022-12-18T21:57:43.261+0900][gc,heap     ] GC(138) Humongous regions: 129->129
[2022-12-18T21:57:43.261+0900][gc,metaspace] GC(138) Metaspace: 44078K(44672K)->44078K(44672K) NonClass: 38468K(38784K)->38468K(38784K) Class: 5609K(5888K)->5609K(5888K)
[2022-12-18T21:57:43.261+0900][gc          ] GC(138) Pause Young (Normal) (G1 Evacuation Pause) 782M->309M(1024M) 17.143ms
[2022-12-18T21:57:43.261+0900][gc,cpu      ] GC(138) User=0.02s Sys=0.02s Real=0.02s
[2022-12-18T21:57:52.136+0900][gc,start    ] GC(139) Pause Young (Normal) (G1 Evacuation Pause)
[2022-12-18T21:57:52.136+0900][gc,task     ] GC(139) Using 8 workers of 8 for evacuation
[2022-12-18T21:57:52.159+0900][gc,mmu      ] GC(139) MMU target violated: 21.0ms (20.0ms/21.0ms)
[2022-12-18T21:57:52.159+0900][gc,phases   ] GC(139)   Pre Evacuate Collection Set: 0.3ms
[2022-12-18T21:57:52.159+0900][gc,phases   ] GC(139)   Merge Heap Roots: 0.5ms
[2022-12-18T21:57:52.159+0900][gc,phases   ] GC(139)   Evacuate Collection Set: 21.1ms
[2022-12-18T21:57:52.159+0900][gc,phases   ] GC(139)   Post Evacuate Collection Set: 0.9ms
[2022-12-18T21:57:52.159+0900][gc,phases   ] GC(139)   Other: 0.5ms
[2022-12-18T21:57:52.159+0900][gc,heap     ] GC(139) Eden regions: 604->0(481)
[2022-12-18T21:57:52.159+0900][gc,heap     ] GC(139) Survivor regions: 6->6(77)
[2022-12-18T21:57:52.159+0900][gc,heap     ] GC(139) Old regions: 174->175
[2022-12-18T21:57:52.159+0900][gc,heap     ] GC(139) Archive regions: 2->2
[2022-12-18T21:57:52.159+0900][gc,heap     ] GC(139) Humongous regions: 129->129
[2022-12-18T21:57:52.159+0900][gc,metaspace] GC(139) Metaspace: 44078K(44672K)->44078K(44672K) NonClass: 38468K(38784K)->38468K(38784K) Class: 5609K(5888K)->5609K(5888K)
[2022-12-18T21:57:52.159+0900][gc          ] GC(139) Pause Young (Normal) (G1 Evacuation Pause) 913M->309M(1024M) 23.207ms
[2022-12-18T21:57:52.159+0900][gc,cpu      ] GC(139) User=0.02s Sys=0.03s Real=0.02s
[2022-12-18T21:57:56.992+0900][gc,start    ] GC(140) Pause Young (Normal) (G1 Evacuation Pause)
[2022-12-18T21:57:56.992+0900][gc,task     ] GC(140) Using 8 workers of 8 for evacuation
[2022-12-18T21:57:57.005+0900][gc,phases   ] GC(140)   Pre Evacuate Collection Set: 0.3ms
[2022-12-18T21:57:57.005+0900][gc,phases   ] GC(140)   Merge Heap Roots: 0.2ms
[2022-12-18T21:57:57.005+0900][gc,phases   ] GC(140)   Evacuate Collection Set: 11.7ms
[2022-12-18T21:57:57.005+0900][gc,phases   ] GC(140)   Post Evacuate Collection Set: 0.6ms
[2022-12-18T21:57:57.005+0900][gc,phases   ] GC(140)   Other: 0.2ms
[2022-12-18T21:57:57.005+0900][gc,heap     ] GC(140) Eden regions: 395->0(603)
[2022-12-18T21:57:57.005+0900][gc,heap     ] GC(140) Survivor regions: 6->6(51)
[2022-12-18T21:57:57.005+0900][gc,heap     ] GC(140) Old regions: 175->175
[2022-12-18T21:57:57.005+0900][gc,heap     ] GC(140) Archive regions: 2->2
[2022-12-18T21:57:57.005+0900][gc,heap     ] GC(140) Humongous regions: 129->129
[2022-12-18T21:57:57.005+0900][gc,metaspace] GC(140) Metaspace: 44078K(44672K)->44078K(44672K) NonClass: 38468K(38784K)->38468K(38784K) Class: 5609K(5888K)->5609K(5888K)
[2022-12-18T21:57:57.005+0900][gc          ] GC(140) Pause Young (Normal) (G1 Evacuation Pause) 704M->310M(1024M) 13.062ms
[2022-12-18T21:57:57.005+0900][gc,cpu      ] GC(140) User=0.02s Sys=0.02s Real=0.01s
[2022-12-18T21:58:05.501+0900][gc,start    ] GC(141) Pause Young (Normal) (G1 Evacuation Pause)
[2022-12-18T21:58:05.503+0900][gc,task     ] GC(141) Using 8 workers of 8 for evacuation
[2022-12-18T21:58:05.524+0900][gc,mmu      ] GC(141) MMU target violated: 20.8ms (20.0ms/21.0ms)
[2022-12-18T21:58:05.530+0900][gc,phases   ] GC(141)   Pre Evacuate Collection Set: 0.2ms
[2022-12-18T21:58:05.530+0900][gc,phases   ] GC(141)   Merge Heap Roots: 0.3ms
[2022-12-18T21:58:05.530+0900][gc,phases   ] GC(141)   Evacuate Collection Set: 19.4ms
[2022-12-18T21:58:05.530+0900][gc,phases   ] GC(141)   Post Evacuate Collection Set: 0.9ms
[2022-12-18T21:58:05.530+0900][gc,phases   ] GC(141)   Other: 8.1ms
[2022-12-18T21:58:05.530+0900][gc,heap     ] GC(141) Eden regions: 603->0(592)
[2022-12-18T21:58:05.530+0900][gc,heap     ] GC(141) Survivor regions: 6->6(77)
[2022-12-18T21:58:05.530+0900][gc,heap     ] GC(141) Old regions: 175->176
[2022-12-18T21:58:05.530+0900][gc,heap     ] GC(141) Archive regions: 2->2
[2022-12-18T21:58:05.530+0900][gc,heap     ] GC(141) Humongous regions: 129->129
[2022-12-18T21:58:05.530+0900][gc,metaspace] GC(141) Metaspace: 44078K(44672K)->44078K(44672K) NonClass: 38468K(38784K)->38468K(38784K) Class: 5609K(5888K)->5609K(5888K)
[2022-12-18T21:58:05.530+0900][gc          ] GC(141) Pause Young (Normal) (G1 Evacuation Pause) 913M->310M(1024M) 29.003ms
[2022-12-18T21:58:05.530+0900][gc,cpu      ] GC(141) User=0.02s Sys=0.03s Real=0.03s
[2022-12-18T21:58:13.139+0900][gc,start    ] GC(142) Pause Young (Normal) (G1 Evacuation Pause)
[2022-12-18T21:58:13.140+0900][gc,task     ] GC(142) Using 8 workers of 8 for evacuation
[2022-12-18T21:58:13.157+0900][gc,phases   ] GC(142)   Pre Evacuate Collection Set: 0.2ms
[2022-12-18T21:58:13.157+0900][gc,phases   ] GC(142)   Merge Heap Roots: 0.2ms
[2022-12-18T21:58:13.157+0900][gc,phases   ] GC(142)   Evacuate Collection Set: 15.6ms
[2022-12-18T21:58:13.157+0900][gc,phases   ] GC(142)   Post Evacuate Collection Set: 0.8ms
[2022-12-18T21:58:13.157+0900][gc,phases   ] GC(142)   Other: 0.4ms
[2022-12-18T21:58:13.157+0900][gc,heap     ] GC(142) Eden regions: 474->0(602)
[2022-12-18T21:58:13.157+0900][gc,heap     ] GC(142) Survivor regions: 6->6(60)
[2022-12-18T21:58:13.157+0900][gc,heap     ] GC(142) Old regions: 176->176
[2022-12-18T21:58:13.157+0900][gc,heap     ] GC(142) Archive regions: 2->2
[2022-12-18T21:58:13.157+0900][gc,heap     ] GC(142) Humongous regions: 129->129
[2022-12-18T21:58:13.157+0900][gc,metaspace] GC(142) Metaspace: 44078K(44672K)->44078K(44672K) NonClass: 38468K(38784K)->38468K(38784K) Class: 5609K(5888K)->5609K(5888K)
[2022-12-18T21:58:13.157+0900][gc          ] GC(142) Pause Young (Normal) (G1 Evacuation Pause) 784M->310M(1024M) 17.342ms
[2022-12-18T21:58:13.157+0900][gc,cpu      ] GC(142) User=0.02s Sys=0.03s Real=0.02s
[2022-12-18T21:58:21.197+0900][gc,start    ] GC(143) Pause Young (Normal) (G1 Evacuation Pause)
[2022-12-18T21:58:21.198+0900][gc,task     ] GC(143) Using 8 workers of 8 for evacuation
[2022-12-18T21:58:21.218+0900][gc,phases   ] GC(143)   Pre Evacuate Collection Set: 0.2ms
[2022-12-18T21:58:21.218+0900][gc,phases   ] GC(143)   Merge Heap Roots: 0.2ms
[2022-12-18T21:58:21.218+0900][gc,phases   ] GC(143)   Evacuate Collection Set: 18.7ms
[2022-12-18T21:58:21.218+0900][gc,phases   ] GC(143)   Post Evacuate Collection Set: 0.9ms
[2022-12-18T21:58:21.218+0900][gc,phases   ] GC(143)   Other: 1.0ms
[2022-12-18T21:58:21.218+0900][gc,heap     ] GC(143) Eden regions: 602->0(602)
[2022-12-18T21:58:21.218+0900][gc,heap     ] GC(143) Survivor regions: 6->6(76)
[2022-12-18T21:58:21.218+0900][gc,heap     ] GC(143) Old regions: 176->176
[2022-12-18T21:58:21.218+0900][gc,heap     ] GC(143) Archive regions: 2->2
[2022-12-18T21:58:21.218+0900][gc,heap     ] GC(143) Humongous regions: 129->129
[2022-12-18T21:58:21.218+0900][gc,metaspace] GC(143) Metaspace: 44078K(44672K)->44078K(44672K) NonClass: 38468K(38784K)->38468K(38784K) Class: 5609K(5888K)->5609K(5888K)
[2022-12-18T21:58:21.218+0900][gc          ] GC(143) Pause Young (Normal) (G1 Evacuation Pause) 912M->311M(1024M) 21.014ms
[2022-12-18T21:58:21.218+0900][gc,cpu      ] GC(143) User=0.02s Sys=0.04s Real=0.02s
[2022-12-18T21:58:30.125+0900][gc,start    ] GC(144) Pause Young (Normal) (G1 Evacuation Pause)
[2022-12-18T21:58:30.126+0900][gc,task     ] GC(144) Using 8 workers of 8 for evacuation
[2022-12-18T21:58:30.138+0900][gc,phases   ] GC(144)   Pre Evacuate Collection Set: 0.3ms
[2022-12-18T21:58:30.138+0900][gc,phases   ] GC(144)   Merge Heap Roots: 0.2ms
[2022-12-18T21:58:30.138+0900][gc,phases   ] GC(144)   Evacuate Collection Set: 10.9ms
[2022-12-18T21:58:30.138+0900][gc,phases   ] GC(144)   Post Evacuate Collection Set: 0.8ms
[2022-12-18T21:58:30.138+0900][gc,phases   ] GC(144)   Other: 0.9ms
[2022-12-18T21:58:30.138+0900][gc,heap     ] GC(144) Eden regions: 602->0(601)
[2022-12-18T21:58:30.138+0900][gc,heap     ] GC(144) Survivor regions: 6->6(76)
[2022-12-18T21:58:30.138+0900][gc,heap     ] GC(144) Old regions: 176->177
[2022-12-18T21:58:30.138+0900][gc,heap     ] GC(144) Archive regions: 2->2
[2022-12-18T21:58:30.138+0900][gc,heap     ] GC(144) Humongous regions: 129->129
[2022-12-18T21:58:30.138+0900][gc,metaspace] GC(144) Metaspace: 44078K(44672K)->44078K(44672K) NonClass: 38468K(38784K)->38468K(38784K) Class: 5609K(5888K)->5609K(5888K)
[2022-12-18T21:58:30.138+0900][gc          ] GC(144) Pause Young (Normal) (G1 Evacuation Pause) 913M->311M(1024M) 13.167ms
[2022-12-18T21:58:30.138+0900][gc,cpu      ] GC(144) User=0.01s Sys=0.02s Real=0.01s
[2022-12-18T21:58:38.229+0900][gc,start    ] GC(145) Pause Young (Normal) (G1 Evacuation Pause)
[2022-12-18T21:58:38.230+0900][gc,task     ] GC(145) Using 8 workers of 8 for evacuation
[2022-12-18T21:58:38.249+0900][gc,phases   ] GC(145)   Pre Evacuate Collection Set: 0.3ms
[2022-12-18T21:58:38.249+0900][gc,phases   ] GC(145)   Merge Heap Roots: 0.2ms
[2022-12-18T21:58:38.249+0900][gc,phases   ] GC(145)   Evacuate Collection Set: 17.3ms
[2022-12-18T21:58:38.249+0900][gc,phases   ] GC(145)   Post Evacuate Collection Set: 0.8ms
[2022-12-18T21:58:38.249+0900][gc,phases   ] GC(145)   Other: 0.9ms
[2022-12-18T21:58:38.249+0900][gc,heap     ] GC(145) Eden regions: 601->0(601)
[2022-12-18T21:58:38.249+0900][gc,heap     ] GC(145) Survivor regions: 6->6(76)
[2022-12-18T21:58:38.249+0900][gc,heap     ] GC(145) Old regions: 177->177
[2022-12-18T21:58:38.249+0900][gc,heap     ] GC(145) Archive regions: 2->2
[2022-12-18T21:58:38.249+0900][gc,heap     ] GC(145) Humongous regions: 129->129
[2022-12-18T21:58:38.249+0900][gc,metaspace] GC(145) Metaspace: 44078K(44672K)->44078K(44672K) NonClass: 38468K(38784K)->38468K(38784K) Class: 5609K(5888K)->5609K(5888K)
[2022-12-18T21:58:38.249+0900][gc          ] GC(145) Pause Young (Normal) (G1 Evacuation Pause) 912M->312M(1024M) 19.569ms
[2022-12-18T21:58:38.249+0900][gc,cpu      ] GC(145) User=0.01s Sys=0.03s Real=0.02s
[2022-12-18T21:58:47.620+0900][gc,start    ] GC(146) Pause Young (Normal) (G1 Evacuation Pause)
[2022-12-18T21:58:47.620+0900][gc,task     ] GC(146) Using 8 workers of 8 for evacuation
[2022-12-18T21:58:47.635+0900][gc,phases   ] GC(146)   Pre Evacuate Collection Set: 0.3ms
[2022-12-18T21:58:47.635+0900][gc,phases   ] GC(146)   Merge Heap Roots: 0.2ms
[2022-12-18T21:58:47.635+0900][gc,phases   ] GC(146)   Evacuate Collection Set: 13.4ms
[2022-12-18T21:58:47.635+0900][gc,phases   ] GC(146)   Post Evacuate Collection Set: 0.6ms
[2022-12-18T21:58:47.635+0900][gc,phases   ] GC(146)   Other: 0.5ms
[2022-12-18T21:58:47.635+0900][gc,heap     ] GC(146) Eden regions: 601->0(600)
[2022-12-18T21:58:47.635+0900][gc,heap     ] GC(146) Survivor regions: 6->6(76)
[2022-12-18T21:58:47.635+0900][gc,heap     ] GC(146) Old regions: 177->178
[2022-12-18T21:58:47.635+0900][gc,heap     ] GC(146) Archive regions: 2->2
[2022-12-18T21:58:47.635+0900][gc,heap     ] GC(146) Humongous regions: 129->129
[2022-12-18T21:58:47.635+0900][gc,metaspace] GC(146) Metaspace: 44078K(44672K)->44078K(44672K) NonClass: 38468K(38784K)->38468K(38784K) Class: 5609K(5888K)->5609K(5888K)
[2022-12-18T21:58:47.635+0900][gc          ] GC(146) Pause Young (Normal) (G1 Evacuation Pause) 913M->312M(1024M) 15.076ms
[2022-12-18T21:58:47.635+0900][gc,cpu      ] GC(146) User=0.02s Sys=0.03s Real=0.01s
[2022-12-18T21:58:56.495+0900][gc,start    ] GC(147) Pause Young (Normal) (G1 Evacuation Pause)
[2022-12-18T21:58:56.496+0900][gc,task     ] GC(147) Using 8 workers of 8 for evacuation
[2022-12-18T21:58:56.510+0900][gc,phases   ] GC(147)   Pre Evacuate Collection Set: 0.3ms
[2022-12-18T21:58:56.510+0900][gc,phases   ] GC(147)   Merge Heap Roots: 0.2ms
[2022-12-18T21:58:56.510+0900][gc,phases   ] GC(147)   Evacuate Collection Set: 12.9ms
[2022-12-18T21:58:56.510+0900][gc,phases   ] GC(147)   Post Evacuate Collection Set: 0.8ms
[2022-12-18T21:58:56.510+0900][gc,phases   ] GC(147)   Other: 0.7ms
[2022-12-18T21:58:56.510+0900][gc,heap     ] GC(147) Eden regions: 600->0(600)
[2022-12-18T21:58:56.510+0900][gc,heap     ] GC(147) Survivor regions: 6->6(76)
[2022-12-18T21:58:56.510+0900][gc,heap     ] GC(147) Old regions: 178->178
[2022-12-18T21:58:56.510+0900][gc,heap     ] GC(147) Archive regions: 2->2
[2022-12-18T21:58:56.510+0900][gc,heap     ] GC(147) Humongous regions: 129->129
[2022-12-18T21:58:56.510+0900][gc,metaspace] GC(147) Metaspace: 44078K(44672K)->44078K(44672K) NonClass: 38468K(38784K)->38468K(38784K) Class: 5609K(5888K)->5609K(5888K)
[2022-12-18T21:58:56.510+0900][gc          ] GC(147) Pause Young (Normal) (G1 Evacuation Pause) 912M->312M(1024M) 14.905ms
[2022-12-18T21:58:56.510+0900][gc,cpu      ] GC(147) User=0.02s Sys=0.03s Real=0.02s
[2022-12-18T21:59:03.566+0900][gc,start    ] GC(148) Pause Young (Normal) (G1 Evacuation Pause)
[2022-12-18T21:59:03.567+0900][gc,task     ] GC(148) Using 8 workers of 8 for evacuation
[2022-12-18T21:59:03.582+0900][gc,phases   ] GC(148)   Pre Evacuate Collection Set: 0.3ms
[2022-12-18T21:59:03.582+0900][gc,phases   ] GC(148)   Merge Heap Roots: 0.2ms
[2022-12-18T21:59:03.582+0900][gc,phases   ] GC(148)   Evacuate Collection Set: 13.5ms
[2022-12-18T21:59:03.582+0900][gc,phases   ] GC(148)   Post Evacuate Collection Set: 1.0ms
[2022-12-18T21:59:03.582+0900][gc,phases   ] GC(148)   Other: 1.0ms
[2022-12-18T21:59:03.582+0900][gc,heap     ] GC(148) Eden regions: 600->0(600)
[2022-12-18T21:59:03.582+0900][gc,heap     ] GC(148) Survivor regions: 6->6(76)
[2022-12-18T21:59:03.582+0900][gc,heap     ] GC(148) Old regions: 178->178
[2022-12-18T21:59:03.582+0900][gc,heap     ] GC(148) Archive regions: 2->2
[2022-12-18T21:59:03.582+0900][gc,heap     ] GC(148) Humongous regions: 129->129
[2022-12-18T21:59:03.582+0900][gc,metaspace] GC(148) Metaspace: 44078K(44672K)->44078K(44672K) NonClass: 38468K(38784K)->38468K(38784K) Class: 5609K(5888K)->5609K(5888K)
[2022-12-18T21:59:03.582+0900][gc          ] GC(148) Pause Young (Normal) (G1 Evacuation Pause) 912M->313M(1024M) 16.021ms
[2022-12-18T21:59:03.582+0900][gc,cpu      ] GC(148) User=0.02s Sys=0.03s Real=0.02s
[2022-12-18T21:59:09.683+0900][gc,start    ] GC(149) Pause Young (Normal) (G1 Evacuation Pause)
[2022-12-18T21:59:09.683+0900][gc,task     ] GC(149) Using 8 workers of 8 for evacuation
[2022-12-18T21:59:09.699+0900][gc,phases   ] GC(149)   Pre Evacuate Collection Set: 0.2ms
[2022-12-18T21:59:09.699+0900][gc,phases   ] GC(149)   Merge Heap Roots: 0.3ms
[2022-12-18T21:59:09.699+0900][gc,phases   ] GC(149)   Evacuate Collection Set: 10.1ms
[2022-12-18T21:59:09.699+0900][gc,phases   ] GC(149)   Post Evacuate Collection Set: 4.9ms
[2022-12-18T21:59:09.699+0900][gc,phases   ] GC(149)   Other: 1.0ms
[2022-12-18T21:59:09.699+0900][gc,heap     ] GC(149) Eden regions: 600->0(599)
[2022-12-18T21:59:09.699+0900][gc,heap     ] GC(149) Survivor regions: 6->6(76)
[2022-12-18T21:59:09.699+0900][gc,heap     ] GC(149) Old regions: 178->179
[2022-12-18T21:59:09.699+0900][gc,heap     ] GC(149) Archive regions: 2->2
[2022-12-18T21:59:09.699+0900][gc,heap     ] GC(149) Humongous regions: 129->129
[2022-12-18T21:59:09.699+0900][gc,metaspace] GC(149) Metaspace: 44078K(44672K)->44078K(44672K) NonClass: 38468K(38784K)->38468K(38784K) Class: 5609K(5888K)->5609K(5888K)
[2022-12-18T21:59:09.699+0900][gc          ] GC(149) Pause Young (Normal) (G1 Evacuation Pause) 913M->313M(1024M) 16.514ms
[2022-12-18T21:59:09.699+0900][gc,cpu      ] GC(149) User=0.02s Sys=0.03s Real=0.01s
[2022-12-18T21:59:17.135+0900][gc,start    ] GC(150) Pause Young (Normal) (G1 Evacuation Pause)
[2022-12-18T21:59:17.135+0900][gc,task     ] GC(150) Using 8 workers of 8 for evacuation
[2022-12-18T21:59:17.147+0900][gc,phases   ] GC(150)   Pre Evacuate Collection Set: 0.2ms
[2022-12-18T21:59:17.147+0900][gc,phases   ] GC(150)   Merge Heap Roots: 0.2ms
[2022-12-18T21:59:17.147+0900][gc,phases   ] GC(150)   Evacuate Collection Set: 10.4ms
[2022-12-18T21:59:17.147+0900][gc,phases   ] GC(150)   Post Evacuate Collection Set: 0.7ms
[2022-12-18T21:59:17.147+0900][gc,phases   ] GC(150)   Other: 0.5ms
[2022-12-18T21:59:17.147+0900][gc,heap     ] GC(150) Eden regions: 599->0(599)
[2022-12-18T21:59:17.147+0900][gc,heap     ] GC(150) Survivor regions: 6->6(76)
[2022-12-18T21:59:17.147+0900][gc,heap     ] GC(150) Old regions: 179->179
[2022-12-18T21:59:17.147+0900][gc,heap     ] GC(150) Archive regions: 2->2
[2022-12-18T21:59:17.147+0900][gc,heap     ] GC(150) Humongous regions: 129->129
[2022-12-18T21:59:17.147+0900][gc,metaspace] GC(150) Metaspace: 44078K(44672K)->44078K(44672K) NonClass: 38468K(38784K)->38468K(38784K) Class: 5609K(5888K)->5609K(5888K)
[2022-12-18T21:59:17.147+0900][gc          ] GC(150) Pause Young (Normal) (G1 Evacuation Pause) 912M->314M(1024M) 12.206ms
[2022-12-18T21:59:17.147+0900][gc,cpu      ] GC(150) User=0.02s Sys=0.03s Real=0.01s
[2022-12-18T21:59:24.274+0900][gc,start    ] GC(151) Pause Young (Normal) (G1 Evacuation Pause)
[2022-12-18T21:59:24.275+0900][gc,task     ] GC(151) Using 8 workers of 8 for evacuation
[2022-12-18T21:59:24.291+0900][gc,phases   ] GC(151)   Pre Evacuate Collection Set: 0.2ms
[2022-12-18T21:59:24.291+0900][gc,phases   ] GC(151)   Merge Heap Roots: 0.3ms
[2022-12-18T21:59:24.291+0900][gc,phases   ] GC(151)   Evacuate Collection Set: 10.6ms
[2022-12-18T21:59:24.291+0900][gc,phases   ] GC(151)   Post Evacuate Collection Set: 5.0ms
[2022-12-18T21:59:24.291+0900][gc,phases   ] GC(151)   Other: 0.9ms
[2022-12-18T21:59:24.291+0900][gc,heap     ] GC(151) Eden regions: 599->0(599)
[2022-12-18T21:59:24.291+0900][gc,heap     ] GC(151) Survivor regions: 6->6(76)
[2022-12-18T21:59:24.291+0900][gc,heap     ] GC(151) Old regions: 179->179
[2022-12-18T21:59:24.291+0900][gc,heap     ] GC(151) Archive regions: 2->2
[2022-12-18T21:59:24.291+0900][gc,heap     ] GC(151) Humongous regions: 129->129
[2022-12-18T21:59:24.291+0900][gc,metaspace] GC(151) Metaspace: 44078K(44672K)->44078K(44672K) NonClass: 38468K(38784K)->38468K(38784K) Class: 5609K(5888K)->5609K(5888K)
[2022-12-18T21:59:24.291+0900][gc          ] GC(151) Pause Young (Normal) (G1 Evacuation Pause) 913M->314M(1024M) 17.202ms
[2022-12-18T21:59:24.291+0900][gc,cpu      ] GC(151) User=0.02s Sys=0.03s Real=0.02s
[2022-12-18T21:59:31.608+0900][gc,start    ] GC(152) Pause Young (Normal) (G1 Evacuation Pause)
[2022-12-18T21:59:31.609+0900][gc,task     ] GC(152) Using 8 workers of 8 for evacuation
[2022-12-18T21:59:31.625+0900][gc,phases   ] GC(152)   Pre Evacuate Collection Set: 0.2ms
[2022-12-18T21:59:31.625+0900][gc,phases   ] GC(152)   Merge Heap Roots: 0.2ms
[2022-12-18T21:59:31.625+0900][gc,phases   ] GC(152)   Evacuate Collection Set: 14.7ms
[2022-12-18T21:59:31.625+0900][gc,phases   ] GC(152)   Post Evacuate Collection Set: 0.7ms
[2022-12-18T21:59:31.625+0900][gc,phases   ] GC(152)   Other: 0.9ms
[2022-12-18T21:59:31.625+0900][gc,heap     ] GC(152) Eden regions: 599->0(598)
[2022-12-18T21:59:31.625+0900][gc,heap     ] GC(152) Survivor regions: 6->6(76)
[2022-12-18T21:59:31.625+0900][gc,heap     ] GC(152) Old regions: 179->180
[2022-12-18T21:59:31.625+0900][gc,heap     ] GC(152) Archive regions: 2->2
[2022-12-18T21:59:31.625+0900][gc,heap     ] GC(152) Humongous regions: 129->129
[2022-12-18T21:59:31.625+0900][gc,metaspace] GC(152) Metaspace: 44078K(44672K)->44078K(44672K) NonClass: 38468K(38784K)->38468K(38784K) Class: 5609K(5888K)->5609K(5888K)
[2022-12-18T21:59:31.625+0900][gc          ] GC(152) Pause Young (Normal) (G1 Evacuation Pause) 913M->315M(1024M) 16.845ms
[2022-12-18T21:59:31.625+0900][gc,cpu      ] GC(152) User=0.02s Sys=0.03s Real=0.02s
[2022-12-18T21:59:38.381+0900][gc,start    ] GC(153) Pause Young (Normal) (G1 Evacuation Pause)
[2022-12-18T21:59:38.382+0900][gc,task     ] GC(153) Using 8 workers of 8 for evacuation
[2022-12-18T21:59:38.394+0900][gc,phases   ] GC(153)   Pre Evacuate Collection Set: 0.2ms
[2022-12-18T21:59:38.394+0900][gc,phases   ] GC(153)   Merge Heap Roots: 0.2ms
[2022-12-18T21:59:38.394+0900][gc,phases   ] GC(153)   Evacuate Collection Set: 10.5ms
[2022-12-18T21:59:38.394+0900][gc,phases   ] GC(153)   Post Evacuate Collection Set: 0.9ms
[2022-12-18T21:59:38.394+0900][gc,phases   ] GC(153)   Other: 0.9ms
[2022-12-18T21:59:38.394+0900][gc,heap     ] GC(153) Eden regions: 598->0(598)
[2022-12-18T21:59:38.394+0900][gc,heap     ] GC(153) Survivor regions: 6->6(76)
[2022-12-18T21:59:38.394+0900][gc,heap     ] GC(153) Old regions: 180->180
[2022-12-18T21:59:38.394+0900][gc,heap     ] GC(153) Archive regions: 2->2
[2022-12-18T21:59:38.394+0900][gc,heap     ] GC(153) Humongous regions: 129->129
[2022-12-18T21:59:38.394+0900][gc,metaspace] GC(153) Metaspace: 44078K(44672K)->44078K(44672K) NonClass: 38468K(38784K)->38468K(38784K) Class: 5609K(5888K)->5609K(5888K)
[2022-12-18T21:59:38.394+0900][gc          ] GC(153) Pause Young (Normal) (G1 Evacuation Pause) 913M->315M(1024M) 12.740ms
[2022-12-18T21:59:38.394+0900][gc,cpu      ] GC(153) User=0.02s Sys=0.03s Real=0.01s
[2022-12-18T21:59:44.727+0900][gc,start    ] GC(154) Pause Young (Normal) (G1 Evacuation Pause)
[2022-12-18T21:59:44.728+0900][gc,task     ] GC(154) Using 8 workers of 8 for evacuation
[2022-12-18T21:59:44.755+0900][gc,mmu      ] GC(154) MMU target violated: 21.0ms (20.0ms/21.0ms)
[2022-12-18T21:59:44.755+0900][gc,phases   ] GC(154)   Pre Evacuate Collection Set: 0.3ms
[2022-12-18T21:59:44.755+0900][gc,phases   ] GC(154)   Merge Heap Roots: 0.3ms
[2022-12-18T21:59:44.755+0900][gc,phases   ] GC(154)   Evacuate Collection Set: 25.6ms
[2022-12-18T21:59:44.755+0900][gc,phases   ] GC(154)   Post Evacuate Collection Set: 0.9ms
[2022-12-18T21:59:44.755+0900][gc,phases   ] GC(154)   Other: 1.1ms
[2022-12-18T21:59:44.755+0900][gc,heap     ] GC(154) Eden regions: 598->0(598)
[2022-12-18T21:59:44.755+0900][gc,heap     ] GC(154) Survivor regions: 6->6(76)
[2022-12-18T21:59:44.755+0900][gc,heap     ] GC(154) Old regions: 180->180
[2022-12-18T21:59:44.755+0900][gc,heap     ] GC(154) Archive regions: 2->2
[2022-12-18T21:59:44.755+0900][gc,heap     ] GC(154) Humongous regions: 129->129
[2022-12-18T21:59:44.755+0900][gc,metaspace] GC(154) Metaspace: 44078K(44672K)->44078K(44672K) NonClass: 38468K(38784K)->38468K(38784K) Class: 5609K(5888K)->5609K(5888K)
[2022-12-18T21:59:44.755+0900][gc          ] GC(154) Pause Young (Normal) (G1 Evacuation Pause) 913M->315M(1024M) 28.162ms
[2022-12-18T21:59:44.755+0900][gc,cpu      ] GC(154) User=0.02s Sys=0.03s Real=0.03s
[2022-12-18T21:59:52.928+0900][gc,start    ] GC(155) Pause Young (Normal) (G1 Evacuation Pause)
[2022-12-18T21:59:52.928+0900][gc,task     ] GC(155) Using 8 workers of 8 for evacuation
[2022-12-18T21:59:52.945+0900][gc,phases   ] GC(155)   Pre Evacuate Collection Set: 0.2ms
[2022-12-18T21:59:52.945+0900][gc,phases   ] GC(155)   Merge Heap Roots: 0.2ms
[2022-12-18T21:59:52.945+0900][gc,phases   ] GC(155)   Evacuate Collection Set: 14.9ms
[2022-12-18T21:59:52.945+0900][gc,phases   ] GC(155)   Post Evacuate Collection Set: 0.8ms
[2022-12-18T21:59:52.945+0900][gc,phases   ] GC(155)   Other: 1.0ms
[2022-12-18T21:59:52.945+0900][gc,heap     ] GC(155) Eden regions: 596->0(597)
[2022-12-18T21:59:52.945+0900][gc,heap     ] GC(155) Survivor regions: 6->6(76)
[2022-12-18T21:59:52.945+0900][gc,heap     ] GC(155) Old regions: 180->181
[2022-12-18T21:59:52.945+0900][gc,heap     ] GC(155) Archive regions: 2->2
[2022-12-18T21:59:52.945+0900][gc,heap     ] GC(155) Humongous regions: 129->129
[2022-12-18T21:59:52.945+0900][gc,metaspace] GC(155) Metaspace: 44078K(44672K)->44078K(44672K) NonClass: 38468K(38784K)->38468K(38784K) Class: 5609K(5888K)->5609K(5888K)
[2022-12-18T21:59:52.945+0900][gc          ] GC(155) Pause Young (Normal) (G1 Evacuation Pause) 911M->316M(1024M) 17.212ms
[2022-12-18T21:59:52.945+0900][gc,cpu      ] GC(155) User=0.02s Sys=0.03s Real=0.02s
[2022-12-18T21:59:59.065+0900][gc,start    ] GC(156) Pause Young (Normal) (G1 Evacuation Pause)
[2022-12-18T21:59:59.066+0900][gc,task     ] GC(156) Using 8 workers of 8 for evacuation
[2022-12-18T21:59:59.080+0900][gc,phases   ] GC(156)   Pre Evacuate Collection Set: 0.3ms
[2022-12-18T21:59:59.080+0900][gc,phases   ] GC(156)   Merge Heap Roots: 0.3ms
[2022-12-18T21:59:59.080+0900][gc,phases   ] GC(156)   Evacuate Collection Set: 12.3ms
[2022-12-18T21:59:59.080+0900][gc,phases   ] GC(156)   Post Evacuate Collection Set: 0.9ms
[2022-12-18T21:59:59.080+0900][gc,phases   ] GC(156)   Other: 0.4ms
[2022-12-18T21:59:59.080+0900][gc,heap     ] GC(156) Eden regions: 597->0(597)
[2022-12-18T21:59:59.080+0900][gc,heap     ] GC(156) Survivor regions: 6->6(76)
[2022-12-18T21:59:59.080+0900][gc,heap     ] GC(156) Old regions: 181->181
[2022-12-18T21:59:59.080+0900][gc,heap     ] GC(156) Archive regions: 2->2
[2022-12-18T21:59:59.080+0900][gc,heap     ] GC(156) Humongous regions: 129->129
[2022-12-18T21:59:59.080+0900][gc,metaspace] GC(156) Metaspace: 44078K(44672K)->44078K(44672K) NonClass: 38468K(38784K)->38468K(38784K) Class: 5609K(5888K)->5609K(5888K)
[2022-12-18T21:59:59.080+0900][gc          ] GC(156) Pause Young (Normal) (G1 Evacuation Pause) 913M->316M(1024M) 14.222ms
[2022-12-18T21:59:59.080+0900][gc,cpu      ] GC(156) User=0.02s Sys=0.03s Real=0.02s
[2022-12-18T22:00:05.808+0900][gc,start    ] GC(157) Pause Young (Normal) (G1 Evacuation Pause)
[2022-12-18T22:00:05.809+0900][gc,task     ] GC(157) Using 8 workers of 8 for evacuation
[2022-12-18T22:00:05.825+0900][gc,phases   ] GC(157)   Pre Evacuate Collection Set: 0.3ms
[2022-12-18T22:00:05.825+0900][gc,phases   ] GC(157)   Merge Heap Roots: 0.2ms
[2022-12-18T22:00:05.825+0900][gc,phases   ] GC(157)   Evacuate Collection Set: 14.6ms
[2022-12-18T22:00:05.825+0900][gc,phases   ] GC(157)   Post Evacuate Collection Set: 0.7ms
[2022-12-18T22:00:05.825+0900][gc,phases   ] GC(157)   Other: 0.4ms
[2022-12-18T22:00:05.825+0900][gc,heap     ] GC(157) Eden regions: 597->0(597)
[2022-12-18T22:00:05.825+0900][gc,heap     ] GC(157) Survivor regions: 6->6(76)
[2022-12-18T22:00:05.825+0900][gc,heap     ] GC(157) Old regions: 181->181
[2022-12-18T22:00:05.825+0900][gc,heap     ] GC(157) Archive regions: 2->2
[2022-12-18T22:00:05.825+0900][gc,heap     ] GC(157) Humongous regions: 129->129
[2022-12-18T22:00:05.825+0900][gc,metaspace] GC(157) Metaspace: 44078K(44672K)->44078K(44672K) NonClass: 38468K(38784K)->38468K(38784K) Class: 5609K(5888K)->5609K(5888K)
[2022-12-18T22:00:05.825+0900][gc          ] GC(157) Pause Young (Normal) (G1 Evacuation Pause) 913M->316M(1024M) 16.239ms
[2022-12-18T22:00:05.825+0900][gc,cpu      ] GC(157) User=0.02s Sys=0.03s Real=0.02s
[2022-12-18T22:00:12.758+0900][gc,start    ] GC(158) Pause Young (Normal) (G1 Evacuation Pause)
[2022-12-18T22:00:12.759+0900][gc,task     ] GC(158) Using 8 workers of 8 for evacuation
[2022-12-18T22:00:12.774+0900][gc,phases   ] GC(158)   Pre Evacuate Collection Set: 0.3ms
[2022-12-18T22:00:12.774+0900][gc,phases   ] GC(158)   Merge Heap Roots: 0.3ms
[2022-12-18T22:00:12.774+0900][gc,phases   ] GC(158)   Evacuate Collection Set: 14.3ms
[2022-12-18T22:00:12.774+0900][gc,phases   ] GC(158)   Post Evacuate Collection Set: 0.7ms
[2022-12-18T22:00:12.774+0900][gc,phases   ] GC(158)   Other: 0.9ms
[2022-12-18T22:00:12.774+0900][gc,heap     ] GC(158) Eden regions: 597->0(596)
[2022-12-18T22:00:12.774+0900][gc,heap     ] GC(158) Survivor regions: 6->6(76)
[2022-12-18T22:00:12.774+0900][gc,heap     ] GC(158) Old regions: 181->182
[2022-12-18T22:00:12.774+0900][gc,heap     ] GC(158) Archive regions: 2->2
[2022-12-18T22:00:12.774+0900][gc,heap     ] GC(158) Humongous regions: 129->129
[2022-12-18T22:00:12.774+0900][gc,metaspace] GC(158) Metaspace: 44078K(44672K)->44078K(44672K) NonClass: 38468K(38784K)->38468K(38784K) Class: 5609K(5888K)->5609K(5888K)
[2022-12-18T22:00:12.774+0900][gc          ] GC(158) Pause Young (Normal) (G1 Evacuation Pause) 913M->317M(1024M) 16.592ms
[2022-12-18T22:00:12.775+0900][gc,cpu      ] GC(158) User=0.02s Sys=0.02s Real=0.02s
[2022-12-18T22:00:19.023+0900][gc,start    ] GC(159) Pause Young (Normal) (G1 Evacuation Pause)
[2022-12-18T22:00:19.024+0900][gc,task     ] GC(159) Using 8 workers of 8 for evacuation
[2022-12-18T22:00:19.039+0900][gc,phases   ] GC(159)   Pre Evacuate Collection Set: 0.3ms
[2022-12-18T22:00:19.039+0900][gc,phases   ] GC(159)   Merge Heap Roots: 0.3ms
[2022-12-18T22:00:19.039+0900][gc,phases   ] GC(159)   Evacuate Collection Set: 13.0ms
[2022-12-18T22:00:19.039+0900][gc,phases   ] GC(159)   Post Evacuate Collection Set: 0.9ms
[2022-12-18T22:00:19.039+0900][gc,phases   ] GC(159)   Other: 1.0ms
[2022-12-18T22:00:19.039+0900][gc,heap     ] GC(159) Eden regions: 596->0(596)
[2022-12-18T22:00:19.039+0900][gc,heap     ] GC(159) Survivor regions: 6->6(76)
[2022-12-18T22:00:19.039+0900][gc,heap     ] GC(159) Old regions: 182->182
[2022-12-18T22:00:19.039+0900][gc,heap     ] GC(159) Archive regions: 2->2
[2022-12-18T22:00:19.039+0900][gc,heap     ] GC(159) Humongous regions: 129->129
[2022-12-18T22:00:19.039+0900][gc,metaspace] GC(159) Metaspace: 44078K(44672K)->44078K(44672K) NonClass: 38468K(38784K)->38468K(38784K) Class: 5609K(5888K)->5609K(5888K)
[2022-12-18T22:00:19.039+0900][gc          ] GC(159) Pause Young (Normal) (G1 Evacuation Pause) 913M->317M(1024M) 15.614ms
[2022-12-18T22:00:19.039+0900][gc,cpu      ] GC(159) User=0.02s Sys=0.02s Real=0.01s
[2022-12-18T22:00:26.166+0900][gc,start    ] GC(160) Pause Young (Normal) (G1 Evacuation Pause)
[2022-12-18T22:00:26.166+0900][gc,task     ] GC(160) Using 8 workers of 8 for evacuation
[2022-12-18T22:00:26.182+0900][gc,phases   ] GC(160)   Pre Evacuate Collection Set: 0.2ms
[2022-12-18T22:00:26.182+0900][gc,phases   ] GC(160)   Merge Heap Roots: 0.2ms
[2022-12-18T22:00:26.182+0900][gc,phases   ] GC(160)   Evacuate Collection Set: 14.1ms
[2022-12-18T22:00:26.182+0900][gc,phases   ] GC(160)   Post Evacuate Collection Set: 0.8ms
[2022-12-18T22:00:26.182+0900][gc,phases   ] GC(160)   Other: 0.4ms
[2022-12-18T22:00:26.182+0900][gc,heap     ] GC(160) Eden regions: 596->0(595)
[2022-12-18T22:00:26.182+0900][gc,heap     ] GC(160) Survivor regions: 6->6(76)
[2022-12-18T22:00:26.182+0900][gc,heap     ] GC(160) Old regions: 182->183
[2022-12-18T22:00:26.182+0900][gc,heap     ] GC(160) Archive regions: 2->2
[2022-12-18T22:00:26.182+0900][gc,heap     ] GC(160) Humongous regions: 129->129
[2022-12-18T22:00:26.182+0900][gc,metaspace] GC(160) Metaspace: 44078K(44672K)->44078K(44672K) NonClass: 38468K(38784K)->38468K(38784K) Class: 5609K(5888K)->5609K(5888K)
[2022-12-18T22:00:26.182+0900][gc          ] GC(160) Pause Young (Normal) (G1 Evacuation Pause) 913M->317M(1024M) 15.787ms
[2022-12-18T22:00:26.182+0900][gc,cpu      ] GC(160) User=0.02s Sys=0.02s Real=0.02s
[2022-12-18T22:00:34.237+0900][gc,start    ] GC(161) Pause Young (Normal) (G1 Evacuation Pause)
[2022-12-18T22:00:34.238+0900][gc,task     ] GC(161) Using 8 workers of 8 for evacuation
[2022-12-18T22:00:34.256+0900][gc,phases   ] GC(161)   Pre Evacuate Collection Set: 0.3ms
[2022-12-18T22:00:34.256+0900][gc,phases   ] GC(161)   Merge Heap Roots: 0.3ms
[2022-12-18T22:00:34.256+0900][gc,phases   ] GC(161)   Evacuate Collection Set: 17.1ms
[2022-12-18T22:00:34.256+0900][gc,phases   ] GC(161)   Post Evacuate Collection Set: 0.8ms
[2022-12-18T22:00:34.256+0900][gc,phases   ] GC(161)   Other: 1.0ms
[2022-12-18T22:00:34.256+0900][gc,heap     ] GC(161) Eden regions: 595->0(595)
[2022-12-18T22:00:34.256+0900][gc,heap     ] GC(161) Survivor regions: 6->6(76)
[2022-12-18T22:00:34.256+0900][gc,heap     ] GC(161) Old regions: 183->183
[2022-12-18T22:00:34.256+0900][gc,heap     ] GC(161) Archive regions: 2->2
[2022-12-18T22:00:34.256+0900][gc,heap     ] GC(161) Humongous regions: 129->129
[2022-12-18T22:00:34.256+0900][gc,metaspace] GC(161) Metaspace: 44078K(44672K)->44078K(44672K) NonClass: 38468K(38784K)->38468K(38784K) Class: 5609K(5888K)->5609K(5888K)
[2022-12-18T22:00:34.256+0900][gc          ] GC(161) Pause Young (Normal) (G1 Evacuation Pause) 912M->318M(1024M) 19.465ms
[2022-12-18T22:00:34.257+0900][gc,cpu      ] GC(161) User=0.02s Sys=0.03s Real=0.02s
[2022-12-18T22:00:40.513+0900][gc,start    ] GC(162) Pause Young (Normal) (G1 Evacuation Pause)
[2022-12-18T22:00:40.513+0900][gc,task     ] GC(162) Using 8 workers of 8 for evacuation
[2022-12-18T22:00:40.527+0900][gc,phases   ] GC(162)   Pre Evacuate Collection Set: 0.3ms
[2022-12-18T22:00:40.527+0900][gc,phases   ] GC(162)   Merge Heap Roots: 0.2ms
[2022-12-18T22:00:40.527+0900][gc,phases   ] GC(162)   Evacuate Collection Set: 12.4ms
[2022-12-18T22:00:40.527+0900][gc,phases   ] GC(162)   Post Evacuate Collection Set: 0.7ms
[2022-12-18T22:00:40.527+0900][gc,phases   ] GC(162)   Other: 1.0ms
[2022-12-18T22:00:40.527+0900][gc,heap     ] GC(162) Eden regions: 595->0(595)
[2022-12-18T22:00:40.527+0900][gc,heap     ] GC(162) Survivor regions: 6->6(76)
[2022-12-18T22:00:40.527+0900][gc,heap     ] GC(162) Old regions: 183->183
[2022-12-18T22:00:40.527+0900][gc,heap     ] GC(162) Archive regions: 2->2
[2022-12-18T22:00:40.527+0900][gc,heap     ] GC(162) Humongous regions: 129->129
[2022-12-18T22:00:40.527+0900][gc,metaspace] GC(162) Metaspace: 44078K(44672K)->44078K(44672K) NonClass: 38468K(38784K)->38468K(38784K) Class: 5609K(5888K)->5609K(5888K)
[2022-12-18T22:00:40.527+0900][gc          ] GC(162) Pause Young (Normal) (G1 Evacuation Pause) 913M->318M(1024M) 14.559ms
[2022-12-18T22:00:40.527+0900][gc,cpu      ] GC(162) User=0.02s Sys=0.02s Real=0.01s
[2022-12-18T22:00:46.859+0900][gc,start    ] GC(163) Pause Young (Normal) (G1 Evacuation Pause)
[2022-12-18T22:00:46.860+0900][gc,task     ] GC(163) Using 8 workers of 8 for evacuation
[2022-12-18T22:00:46.880+0900][gc,mmu      ] GC(163) MMU target violated: 20.3ms (20.0ms/21.0ms)
[2022-12-18T22:00:46.880+0900][gc,phases   ] GC(163)   Pre Evacuate Collection Set: 0.2ms
[2022-12-18T22:00:46.880+0900][gc,phases   ] GC(163)   Merge Heap Roots: 0.3ms
[2022-12-18T22:00:46.880+0900][gc,phases   ] GC(163)   Evacuate Collection Set: 19.0ms
[2022-12-18T22:00:46.880+0900][gc,phases   ] GC(163)   Post Evacuate Collection Set: 0.9ms
[2022-12-18T22:00:46.880+0900][gc,phases   ] GC(163)   Other: 0.4ms
[2022-12-18T22:00:46.880+0900][gc,heap     ] GC(163) Eden regions: 595->0(590)
[2022-12-18T22:00:46.880+0900][gc,heap     ] GC(163) Survivor regions: 6->8(76)
[2022-12-18T22:00:46.880+0900][gc,heap     ] GC(163) Old regions: 183->184
[2022-12-18T22:00:46.880+0900][gc,heap     ] GC(163) Archive regions: 2->2
[2022-12-18T22:00:46.880+0900][gc,heap     ] GC(163) Humongous regions: 129->129
[2022-12-18T22:00:46.880+0900][gc,metaspace] GC(163) Metaspace: 44078K(44672K)->44078K(44672K) NonClass: 38468K(38784K)->38468K(38784K) Class: 5609K(5888K)->5609K(5888K)
[2022-12-18T22:00:46.880+0900][gc          ] GC(163) Pause Young (Normal) (G1 Evacuation Pause) 913M->320M(1024M) 20.829ms
[2022-12-18T22:00:46.880+0900][gc,cpu      ] GC(163) User=0.03s Sys=0.03s Real=0.03s
[2022-12-18T22:00:55.319+0900][gc,start    ] GC(164) Pause Young (Normal) (G1 Evacuation Pause)
[2022-12-18T22:00:55.319+0900][gc,task     ] GC(164) Using 8 workers of 8 for evacuation
[2022-12-18T22:00:55.336+0900][gc,phases   ] GC(164)   Pre Evacuate Collection Set: 0.2ms
[2022-12-18T22:00:55.336+0900][gc,phases   ] GC(164)   Merge Heap Roots: 0.2ms
[2022-12-18T22:00:55.336+0900][gc,phases   ] GC(164)   Evacuate Collection Set: 15.6ms
[2022-12-18T22:00:55.336+0900][gc,phases   ] GC(164)   Post Evacuate Collection Set: 0.8ms
[2022-12-18T22:00:55.336+0900][gc,phases   ] GC(164)   Other: 0.9ms
[2022-12-18T22:00:55.336+0900][gc,heap     ] GC(164) Eden regions: 590->0(592)
[2022-12-18T22:00:55.336+0900][gc,heap     ] GC(164) Survivor regions: 8->7(75)
[2022-12-18T22:00:55.336+0900][gc,heap     ] GC(164) Old regions: 184->184
[2022-12-18T22:00:55.336+0900][gc,heap     ] GC(164) Archive regions: 2->2
[2022-12-18T22:00:55.336+0900][gc,heap     ] GC(164) Humongous regions: 129->129
[2022-12-18T22:00:55.336+0900][gc,metaspace] GC(164) Metaspace: 44078K(44672K)->44078K(44672K) NonClass: 38468K(38784K)->38468K(38784K) Class: 5609K(5888K)->5609K(5888K)
[2022-12-18T22:00:55.336+0900][gc          ] GC(164) Pause Young (Normal) (G1 Evacuation Pause) 910M->320M(1024M) 17.790ms
[2022-12-18T22:00:55.337+0900][gc,cpu      ] GC(164) User=0.02s Sys=0.03s Real=0.02s
[2022-12-18T22:01:03.173+0900][gc,start    ] GC(165) Pause Young (Normal) (G1 Evacuation Pause)
[2022-12-18T22:01:03.174+0900][gc,task     ] GC(165) Using 8 workers of 8 for evacuation
[2022-12-18T22:01:03.191+0900][gc,phases   ] GC(165)   Pre Evacuate Collection Set: 0.3ms
[2022-12-18T22:01:03.191+0900][gc,phases   ] GC(165)   Merge Heap Roots: 0.3ms
[2022-12-18T22:01:03.191+0900][gc,phases   ] GC(165)   Evacuate Collection Set: 15.8ms
[2022-12-18T22:01:03.191+0900][gc,phases   ] GC(165)   Post Evacuate Collection Set: 0.7ms
[2022-12-18T22:01:03.191+0900][gc,phases   ] GC(165)   Other: 1.0ms
[2022-12-18T22:01:03.191+0900][gc,heap     ] GC(165) Eden regions: 592->0(589)
[2022-12-18T22:01:03.191+0900][gc,heap     ] GC(165) Survivor regions: 7->8(75)
[2022-12-18T22:01:03.191+0900][gc,heap     ] GC(165) Old regions: 184->185
[2022-12-18T22:01:03.191+0900][gc,heap     ] GC(165) Archive regions: 2->2
[2022-12-18T22:01:03.191+0900][gc,heap     ] GC(165) Humongous regions: 129->129
[2022-12-18T22:01:03.191+0900][gc,metaspace] GC(165) Metaspace: 44078K(44672K)->44078K(44672K) NonClass: 38468K(38784K)->38468K(38784K) Class: 5609K(5888K)->5609K(5888K)
[2022-12-18T22:01:03.191+0900][gc          ] GC(165) Pause Young (Normal) (G1 Evacuation Pause) 912M->321M(1024M) 18.090ms
[2022-12-18T22:01:03.191+0900][gc,cpu      ] GC(165) User=0.02s Sys=0.03s Real=0.02s
[2022-12-18T22:01:09.509+0900][gc,start    ] GC(166) Pause Young (Normal) (G1 Evacuation Pause)
[2022-12-18T22:01:09.510+0900][gc,task     ] GC(166) Using 8 workers of 8 for evacuation
[2022-12-18T22:01:09.524+0900][gc,phases   ] GC(166)   Pre Evacuate Collection Set: 0.2ms
[2022-12-18T22:01:09.525+0900][gc,phases   ] GC(166)   Merge Heap Roots: 0.2ms
[2022-12-18T22:01:09.525+0900][gc,phases   ] GC(166)   Evacuate Collection Set: 13.8ms
[2022-12-18T22:01:09.525+0900][gc,phases   ] GC(166)   Post Evacuate Collection Set: 0.7ms
[2022-12-18T22:01:09.525+0900][gc,phases   ] GC(166)   Other: 0.4ms
[2022-12-18T22:01:09.525+0900][gc,heap     ] GC(166) Eden regions: 589->0(589)
[2022-12-18T22:01:09.525+0900][gc,heap     ] GC(166) Survivor regions: 8->8(75)
[2022-12-18T22:01:09.525+0900][gc,heap     ] GC(166) Old regions: 185->185
[2022-12-18T22:01:09.525+0900][gc,heap     ] GC(166) Archive regions: 2->2
[2022-12-18T22:01:09.525+0900][gc,heap     ] GC(166) Humongous regions: 129->129
[2022-12-18T22:01:09.525+0900][gc,metaspace] GC(166) Metaspace: 44078K(44672K)->44078K(44672K) NonClass: 38468K(38784K)->38468K(38784K) Class: 5609K(5888K)->5609K(5888K)
[2022-12-18T22:01:09.525+0900][gc          ] GC(166) Pause Young (Normal) (G1 Evacuation Pause) 910M->322M(1024M) 15.302ms
[2022-12-18T22:01:09.525+0900][gc,cpu      ] GC(166) User=0.02s Sys=0.03s Real=0.02s
[2022-12-18T22:01:16.152+0900][gc,start    ] GC(167) Pause Young (Normal) (G1 Evacuation Pause)
[2022-12-18T22:01:16.152+0900][gc,task     ] GC(167) Using 8 workers of 8 for evacuation
[2022-12-18T22:01:16.170+0900][gc,phases   ] GC(167)   Pre Evacuate Collection Set: 0.3ms
[2022-12-18T22:01:16.170+0900][gc,phases   ] GC(167)   Merge Heap Roots: 0.3ms
[2022-12-18T22:01:16.170+0900][gc,phases   ] GC(167)   Evacuate Collection Set: 15.8ms
[2022-12-18T22:01:16.170+0900][gc,phases   ] GC(167)   Post Evacuate Collection Set: 0.7ms
[2022-12-18T22:01:16.170+0900][gc,phases   ] GC(167)   Other: 0.2ms
[2022-12-18T22:01:16.170+0900][gc,heap     ] GC(167) Eden regions: 589->0(588)
[2022-12-18T22:01:16.170+0900][gc,heap     ] GC(167) Survivor regions: 8->8(75)
[2022-12-18T22:01:16.170+0900][gc,heap     ] GC(167) Old regions: 185->186
[2022-12-18T22:01:16.170+0900][gc,heap     ] GC(167) Archive regions: 2->2
[2022-12-18T22:01:16.170+0900][gc,heap     ] GC(167) Humongous regions: 129->129
[2022-12-18T22:01:16.170+0900][gc,metaspace] GC(167) Metaspace: 44078K(44672K)->44078K(44672K) NonClass: 38468K(38784K)->38468K(38784K) Class: 5609K(5888K)->5609K(5888K)
[2022-12-18T22:01:16.170+0900][gc          ] GC(167) Pause Young (Normal) (G1 Evacuation Pause) 911M->322M(1024M) 17.344ms
[2022-12-18T22:01:16.170+0900][gc,cpu      ] GC(167) User=0.02s Sys=0.03s Real=0.02s
[2022-12-18T22:01:23.857+0900][gc,start    ] GC(168) Pause Young (Normal) (G1 Evacuation Pause)
[2022-12-18T22:01:23.857+0900][gc,task     ] GC(168) Using 8 workers of 8 for evacuation
[2022-12-18T22:01:23.879+0900][gc,mmu      ] GC(168) MMU target violated: 21.0ms (20.0ms/21.0ms)
[2022-12-18T22:01:23.879+0900][gc,phases   ] GC(168)   Pre Evacuate Collection Set: 0.2ms
[2022-12-18T22:01:23.879+0900][gc,phases   ] GC(168)   Merge Heap Roots: 0.2ms
[2022-12-18T22:01:23.879+0900][gc,phases   ] GC(168)   Evacuate Collection Set: 20.0ms
[2022-12-18T22:01:23.879+0900][gc,phases   ] GC(168)   Post Evacuate Collection Set: 1.8ms
[2022-12-18T22:01:23.879+0900][gc,phases   ] GC(168)   Other: 0.4ms
[2022-12-18T22:01:23.879+0900][gc,heap     ] GC(168) Eden regions: 588->0(588)
[2022-12-18T22:01:23.879+0900][gc,heap     ] GC(168) Survivor regions: 8->8(75)
[2022-12-18T22:01:23.879+0900][gc,heap     ] GC(168) Old regions: 186->186
[2022-12-18T22:01:23.879+0900][gc,heap     ] GC(168) Archive regions: 2->2
[2022-12-18T22:01:23.879+0900][gc,heap     ] GC(168) Humongous regions: 129->129
[2022-12-18T22:01:23.879+0900][gc,metaspace] GC(168) Metaspace: 44078K(44672K)->44078K(44672K) NonClass: 38468K(38784K)->38468K(38784K) Class: 5609K(5888K)->5609K(5888K)
[2022-12-18T22:01:23.879+0900][gc          ] GC(168) Pause Young (Normal) (G1 Evacuation Pause) 910M->322M(1024M) 22.705ms
[2022-12-18T22:01:23.879+0900][gc,cpu      ] GC(168) User=0.02s Sys=0.03s Real=0.02s
[2022-12-18T22:01:32.977+0900][gc,start    ] GC(169) Pause Young (Normal) (G1 Evacuation Pause)
[2022-12-18T22:01:32.977+0900][gc,task     ] GC(169) Using 8 workers of 8 for evacuation
[2022-12-18T22:01:32.996+0900][gc,phases   ] GC(169)   Pre Evacuate Collection Set: 0.2ms
[2022-12-18T22:01:32.996+0900][gc,phases   ] GC(169)   Merge Heap Roots: 0.3ms
[2022-12-18T22:01:32.996+0900][gc,phases   ] GC(169)   Evacuate Collection Set: 17.4ms
[2022-12-18T22:01:32.996+0900][gc,phases   ] GC(169)   Post Evacuate Collection Set: 0.8ms
[2022-12-18T22:01:32.996+0900][gc,phases   ] GC(169)   Other: 0.4ms
[2022-12-18T22:01:32.996+0900][gc,heap     ] GC(169) Eden regions: 588->0(590)
[2022-12-18T22:01:32.996+0900][gc,heap     ] GC(169) Survivor regions: 8->7(75)
[2022-12-18T22:01:32.996+0900][gc,heap     ] GC(169) Old regions: 186->186
[2022-12-18T22:01:32.996+0900][gc,heap     ] GC(169) Archive regions: 2->2
[2022-12-18T22:01:32.996+0900][gc,heap     ] GC(169) Humongous regions: 129->129
[2022-12-18T22:01:32.996+0900][gc,metaspace] GC(169) Metaspace: 44078K(44672K)->44078K(44672K) NonClass: 38468K(38784K)->38468K(38784K) Class: 5609K(5888K)->5609K(5888K)
[2022-12-18T22:01:32.996+0900][gc          ] GC(169) Pause Young (Normal) (G1 Evacuation Pause) 910M->322M(1024M) 19.076ms
[2022-12-18T22:01:32.996+0900][gc,cpu      ] GC(169) User=0.03s Sys=0.04s Real=0.02s
[2022-12-18T22:01:39.772+0900][gc,start    ] GC(170) Pause Young (Normal) (G1 Evacuation Pause)
[2022-12-18T22:01:39.772+0900][gc,task     ] GC(170) Using 8 workers of 8 for evacuation
[2022-12-18T22:01:39.788+0900][gc,phases   ] GC(170)   Pre Evacuate Collection Set: 0.2ms
[2022-12-18T22:01:39.788+0900][gc,phases   ] GC(170)   Merge Heap Roots: 0.2ms
[2022-12-18T22:01:39.788+0900][gc,phases   ] GC(170)   Evacuate Collection Set: 12.4ms
[2022-12-18T22:01:39.788+0900][gc,phases   ] GC(170)   Post Evacuate Collection Set: 3.1ms
[2022-12-18T22:01:39.788+0900][gc,phases   ] GC(170)   Other: 0.3ms
[2022-12-18T22:01:39.788+0900][gc,heap     ] GC(170) Eden regions: 590->0(589)
[2022-12-18T22:01:39.788+0900][gc,heap     ] GC(170) Survivor regions: 7->7(75)
[2022-12-18T22:01:39.788+0900][gc,heap     ] GC(170) Old regions: 186->187
[2022-12-18T22:01:39.788+0900][gc,heap     ] GC(170) Archive regions: 2->2
[2022-12-18T22:01:39.788+0900][gc,heap     ] GC(170) Humongous regions: 129->129
[2022-12-18T22:01:39.788+0900][gc,metaspace] GC(170) Metaspace: 44078K(44672K)->44078K(44672K) NonClass: 38468K(38784K)->38468K(38784K) Class: 5609K(5888K)->5609K(5888K)
[2022-12-18T22:01:39.788+0900][gc          ] GC(170) Pause Young (Normal) (G1 Evacuation Pause) 912M->322M(1024M) 16.299ms
[2022-12-18T22:01:39.788+0900][gc,cpu      ] GC(170) User=0.02s Sys=0.03s Real=0.01s
[2022-12-18T22:01:47.660+0900][gc,start    ] GC(171) Pause Young (Normal) (G1 Evacuation Pause)
[2022-12-18T22:01:47.661+0900][gc,task     ] GC(171) Using 8 workers of 8 for evacuation
[2022-12-18T22:01:47.679+0900][gc,phases   ] GC(171)   Pre Evacuate Collection Set: 0.3ms
[2022-12-18T22:01:47.679+0900][gc,phases   ] GC(171)   Merge Heap Roots: 0.2ms
[2022-12-18T22:01:47.679+0900][gc,phases   ] GC(171)   Evacuate Collection Set: 17.5ms
[2022-12-18T22:01:47.679+0900][gc,phases   ] GC(171)   Post Evacuate Collection Set: 0.6ms
[2022-12-18T22:01:47.679+0900][gc,phases   ] GC(171)   Other: 1.2ms
[2022-12-18T22:01:47.679+0900][gc,heap     ] GC(171) Eden regions: 589->0(589)
[2022-12-18T22:01:47.679+0900][gc,heap     ] GC(171) Survivor regions: 7->7(75)
[2022-12-18T22:01:47.679+0900][gc,heap     ] GC(171) Old regions: 187->187
[2022-12-18T22:01:47.679+0900][gc,heap     ] GC(171) Archive regions: 2->2
[2022-12-18T22:01:47.679+0900][gc,heap     ] GC(171) Humongous regions: 129->129
[2022-12-18T22:01:47.679+0900][gc,metaspace] GC(171) Metaspace: 44078K(44672K)->44078K(44672K) NonClass: 38468K(38784K)->38468K(38784K) Class: 5609K(5888K)->5609K(5888K)
[2022-12-18T22:01:47.679+0900][gc          ] GC(171) Pause Young (Normal) (G1 Evacuation Pause) 911M->323M(1024M) 19.856ms
[2022-12-18T22:01:47.679+0900][gc,cpu      ] GC(171) User=0.02s Sys=0.03s Real=0.01s
[2022-12-18T22:01:54.553+0900][gc,start    ] GC(172) Pause Young (Normal) (G1 Evacuation Pause)
[2022-12-18T22:01:54.553+0900][gc,task     ] GC(172) Using 8 workers of 8 for evacuation
[2022-12-18T22:01:54.574+0900][gc,mmu      ] GC(172) MMU target violated: 20.5ms (20.0ms/21.0ms)
[2022-12-18T22:01:54.574+0900][gc,phases   ] GC(172)   Pre Evacuate Collection Set: 0.2ms
[2022-12-18T22:01:54.574+0900][gc,phases   ] GC(172)   Merge Heap Roots: 0.3ms
[2022-12-18T22:01:54.574+0900][gc,phases   ] GC(172)   Evacuate Collection Set: 16.5ms
[2022-12-18T22:01:54.574+0900][gc,phases   ] GC(172)   Post Evacuate Collection Set: 3.5ms
[2022-12-18T22:01:54.574+0900][gc,phases   ] GC(172)   Other: 1.0ms
[2022-12-18T22:01:54.574+0900][gc,heap     ] GC(172) Eden regions: 589->0(590)
[2022-12-18T22:01:54.574+0900][gc,heap     ] GC(172) Survivor regions: 7->6(75)
[2022-12-18T22:01:54.574+0900][gc,heap     ] GC(172) Old regions: 187->188
[2022-12-18T22:01:54.574+0900][gc,heap     ] GC(172) Archive regions: 2->2
[2022-12-18T22:01:54.574+0900][gc,heap     ] GC(172) Humongous regions: 129->129
[2022-12-18T22:01:54.574+0900][gc,metaspace] GC(172) Metaspace: 44078K(44672K)->44078K(44672K) NonClass: 38468K(38784K)->38468K(38784K) Class: 5609K(5888K)->5609K(5888K)
[2022-12-18T22:01:54.574+0900][gc          ] GC(172) Pause Young (Normal) (G1 Evacuation Pause) 912M->322M(1024M) 21.505ms
[2022-12-18T22:01:54.574+0900][gc,cpu      ] GC(172) User=0.03s Sys=0.03s Real=0.02s
[2022-12-18T22:02:03.028+0900][gc,start    ] GC(173) Pause Young (Normal) (G1 Evacuation Pause)
[2022-12-18T22:02:03.029+0900][gc,task     ] GC(173) Using 8 workers of 8 for evacuation
[2022-12-18T22:02:03.053+0900][gc,mmu      ] GC(173) MMU target violated: 21.0ms (20.0ms/21.0ms)
[2022-12-18T22:02:03.053+0900][gc,phases   ] GC(173)   Pre Evacuate Collection Set: 0.2ms
[2022-12-18T22:02:03.054+0900][gc,phases   ] GC(173)   Merge Heap Roots: 0.3ms
[2022-12-18T22:02:03.054+0900][gc,phases   ] GC(173)   Evacuate Collection Set: 18.8ms
[2022-12-18T22:02:03.054+0900][gc,phases   ] GC(173)   Post Evacuate Collection Set: 5.0ms
[2022-12-18T22:02:03.054+0900][gc,phases   ] GC(173)   Other: 1.0ms
[2022-12-18T22:02:03.054+0900][gc,heap     ] GC(173) Eden regions: 590->0(571)
[2022-12-18T22:02:03.054+0900][gc,heap     ] GC(173) Survivor regions: 6->6(75)
[2022-12-18T22:02:03.054+0900][gc,heap     ] GC(173) Old regions: 188->188
[2022-12-18T22:02:03.054+0900][gc,heap     ] GC(173) Archive regions: 2->2
[2022-12-18T22:02:03.054+0900][gc,heap     ] GC(173) Humongous regions: 129->129
[2022-12-18T22:02:03.054+0900][gc,metaspace] GC(173) Metaspace: 44078K(44672K)->44078K(44672K) NonClass: 38468K(38784K)->38468K(38784K) Class: 5609K(5888K)->5609K(5888K)
[2022-12-18T22:02:03.054+0900][gc          ] GC(173) Pause Young (Normal) (G1 Evacuation Pause) 912M->323M(1024M) 25.211ms
[2022-12-18T22:02:03.054+0900][gc,cpu      ] GC(173) User=0.02s Sys=0.04s Real=0.03s
[2022-12-18T22:14:38.777+0900][gc,start    ] GC(174) Pause Young (Normal) (G1 Evacuation Pause)
[2022-12-18T22:14:38.778+0900][gc,task     ] GC(174) Using 8 workers of 8 for evacuation
[2022-12-18T22:14:38.817+0900][gc,mmu      ] GC(174) MMU target violated: 21.0ms (20.0ms/21.0ms)
[2022-12-18T22:14:38.817+0900][gc,phases   ] GC(174)   Pre Evacuate Collection Set: 0.9ms
[2022-12-18T22:14:38.817+0900][gc,phases   ] GC(174)   Merge Heap Roots: 0.4ms
[2022-12-18T22:14:38.817+0900][gc,phases   ] GC(174)   Evacuate Collection Set: 35.6ms
[2022-12-18T22:14:38.817+0900][gc,phases   ] GC(174)   Post Evacuate Collection Set: 2.3ms
[2022-12-18T22:14:38.817+0900][gc,phases   ] GC(174)   Other: 3.8ms
[2022-12-18T22:14:38.818+0900][gc,heap     ] GC(174) Eden regions: 264->0(44)
[2022-12-18T22:14:38.818+0900][gc,heap     ] GC(174) Survivor regions: 6->7(34)
[2022-12-18T22:14:38.818+0900][gc,heap     ] GC(174) Old regions: 188->188
[2022-12-18T22:14:38.818+0900][gc,heap     ] GC(174) Archive regions: 2->2
[2022-12-18T22:14:38.818+0900][gc,heap     ] GC(174) Humongous regions: 129->129
[2022-12-18T22:14:38.818+0900][gc,metaspace] GC(174) Metaspace: 44078K(44672K)->44078K(44672K) NonClass: 38469K(38784K)->38469K(38784K) Class: 5609K(5888K)->5609K(5888K)
[2022-12-18T22:14:38.818+0900][gc          ] GC(174) Pause Young (Normal) (G1 Evacuation Pause) 587M->324M(1024M) 41.818ms
[2022-12-18T22:14:38.818+0900][gc,cpu      ] GC(174) User=0.05s Sys=0.05s Real=0.04s
[2022-12-18T22:20:09.741+0900][gc,start    ] GC(175) Pause Young (Normal) (G1 Evacuation Pause)
[2022-12-18T22:20:09.743+0900][gc,task     ] GC(175) Using 8 workers of 8 for evacuation
[2022-12-18T22:20:09.770+0900][gc,mmu      ] GC(175) MMU target violated: 21.0ms (20.0ms/21.0ms)
[2022-12-18T22:20:09.770+0900][gc,phases   ] GC(175)   Pre Evacuate Collection Set: 0.8ms
[2022-12-18T22:20:09.770+0900][gc,phases   ] GC(175)   Merge Heap Roots: 0.5ms
[2022-12-18T22:20:09.770+0900][gc,phases   ] GC(175)   Evacuate Collection Set: 21.6ms
[2022-12-18T22:20:09.770+0900][gc,phases   ] GC(175)   Post Evacuate Collection Set: 4.2ms
[2022-12-18T22:20:09.770+0900][gc,phases   ] GC(175)   Other: 2.5ms
[2022-12-18T22:20:09.770+0900][gc,heap     ] GC(175) Eden regions: 44->0(47)
[2022-12-18T22:20:09.770+0900][gc,heap     ] GC(175) Survivor regions: 7->4(7)
[2022-12-18T22:20:09.770+0900][gc,heap     ] GC(175) Old regions: 188->191
[2022-12-18T22:20:09.770+0900][gc,heap     ] GC(175) Archive regions: 2->2
[2022-12-18T22:20:09.770+0900][gc,heap     ] GC(175) Humongous regions: 129->129
[2022-12-18T22:20:09.770+0900][gc,metaspace] GC(175) Metaspace: 44078K(44672K)->44078K(44672K) NonClass: 38469K(38784K)->38469K(38784K) Class: 5609K(5888K)->5609K(5888K)
[2022-12-18T22:20:09.770+0900][gc          ] GC(175) Pause Young (Normal) (G1 Evacuation Pause) 368M->324M(1024M) 29.646ms
[2022-12-18T22:20:09.770+0900][gc,cpu      ] GC(175) User=0.05s Sys=0.06s Real=0.03s
[2022-12-18T22:26:13.226+0900][gc,start    ] GC(176) Pause Young (Normal) (G1 Evacuation Pause)
[2022-12-18T22:26:13.226+0900][gc,task     ] GC(176) Using 8 workers of 8 for evacuation
[2022-12-18T22:26:13.262+0900][gc,mmu      ] GC(176) MMU target violated: 21.0ms (20.0ms/21.0ms)
[2022-12-18T22:26:13.262+0900][gc,phases   ] GC(176)   Pre Evacuate Collection Set: 0.9ms
[2022-12-18T22:26:13.263+0900][gc,phases   ] GC(176)   Merge Heap Roots: 0.3ms
[2022-12-18T22:26:13.263+0900][gc,phases   ] GC(176)   Evacuate Collection Set: 32.8ms
[2022-12-18T22:26:13.263+0900][gc,phases   ] GC(176)   Post Evacuate Collection Set: 1.6ms
[2022-12-18T22:26:13.263+0900][gc,phases   ] GC(176)   Other: 1.3ms
[2022-12-18T22:26:13.263+0900][gc,heap     ] GC(176) Eden regions: 47->0(46)
[2022-12-18T22:26:13.263+0900][gc,heap     ] GC(176) Survivor regions: 4->5(7)
[2022-12-18T22:26:13.263+0900][gc,heap     ] GC(176) Old regions: 191->191
[2022-12-18T22:26:13.263+0900][gc,heap     ] GC(176) Archive regions: 2->2
[2022-12-18T22:26:13.263+0900][gc,heap     ] GC(176) Humongous regions: 129->129
[2022-12-18T22:26:13.263+0900][gc,metaspace] GC(176) Metaspace: 44078K(44672K)->44078K(44672K) NonClass: 38469K(38784K)->38469K(38784K) Class: 5609K(5888K)->5609K(5888K)
[2022-12-18T22:26:13.263+0900][gc          ] GC(176) Pause Young (Normal) (G1 Evacuation Pause) 371M->324M(1024M) 37.071ms
[2022-12-18T22:26:13.263+0900][gc,cpu      ] GC(176) User=0.03s Sys=0.04s Real=0.04s
[2022-12-18T22:32:10.159+0900][gc,start    ] GC(177) Pause Young (Normal) (G1 Evacuation Pause)
[2022-12-18T22:32:10.161+0900][gc,task     ] GC(177) Using 8 workers of 8 for evacuation
[2022-12-18T22:32:10.181+0900][gc,phases   ] GC(177)   Pre Evacuate Collection Set: 0.9ms
[2022-12-18T22:32:10.181+0900][gc,phases   ] GC(177)   Merge Heap Roots: 0.3ms
[2022-12-18T22:32:10.181+0900][gc,phases   ] GC(177)   Evacuate Collection Set: 18.2ms
[2022-12-18T22:32:10.181+0900][gc,phases   ] GC(177)   Post Evacuate Collection Set: 0.9ms
[2022-12-18T22:32:10.181+0900][gc,phases   ] GC(177)   Other: 2.7ms
[2022-12-18T22:32:10.181+0900][gc,heap     ] GC(177) Eden regions: 46->0(46)
[2022-12-18T22:32:10.181+0900][gc,heap     ] GC(177) Survivor regions: 5->5(7)
[2022-12-18T22:32:10.181+0900][gc,heap     ] GC(177) Old regions: 191->191
[2022-12-18T22:32:10.181+0900][gc,heap     ] GC(177) Archive regions: 2->2
[2022-12-18T22:32:10.181+0900][gc,heap     ] GC(177) Humongous regions: 129->129
[2022-12-18T22:32:10.181+0900][gc,metaspace] GC(177) Metaspace: 44078K(44672K)->44078K(44672K) NonClass: 38469K(38784K)->38469K(38784K) Class: 5609K(5888K)->5609K(5888K)
[2022-12-18T22:32:10.181+0900][gc          ] GC(177) Pause Young (Normal) (G1 Evacuation Pause) 370M->325M(1024M) 22.884ms
[2022-12-18T22:32:10.181+0900][gc,cpu      ] GC(177) User=0.03s Sys=0.05s Real=0.03s
[2022-12-18T22:38:07.134+0900][gc,start    ] GC(178) Pause Young (Normal) (G1 Evacuation Pause)
[2022-12-18T22:38:07.135+0900][gc,task     ] GC(178) Using 8 workers of 8 for evacuation
[2022-12-18T22:38:07.174+0900][gc,mmu      ] GC(178) MMU target violated: 21.0ms (20.0ms/21.0ms)
[2022-12-18T22:38:07.174+0900][gc,phases   ] GC(178)   Pre Evacuate Collection Set: 0.9ms
[2022-12-18T22:38:07.174+0900][gc,phases   ] GC(178)   Merge Heap Roots: 0.4ms
[2022-12-18T22:38:07.174+0900][gc,phases   ] GC(178)   Evacuate Collection Set: 36.6ms
[2022-12-18T22:38:07.174+0900][gc,phases   ] GC(178)   Post Evacuate Collection Set: 1.0ms
[2022-12-18T22:38:07.174+0900][gc,phases   ] GC(178)   Other: 1.0ms
[2022-12-18T22:38:07.174+0900][gc,heap     ] GC(178) Eden regions: 46->0(46)
[2022-12-18T22:38:07.174+0900][gc,heap     ] GC(178) Survivor regions: 5->5(7)
[2022-12-18T22:38:07.174+0900][gc,heap     ] GC(178) Old regions: 191->192
[2022-12-18T22:38:07.174+0900][gc,heap     ] GC(178) Archive regions: 2->2
[2022-12-18T22:38:07.174+0900][gc,heap     ] GC(178) Humongous regions: 129->129
[2022-12-18T22:38:07.174+0900][gc,metaspace] GC(178) Metaspace: 44079K(44672K)->44079K(44672K) NonClass: 38469K(38784K)->38469K(38784K) Class: 5609K(5888K)->5609K(5888K)
[2022-12-18T22:38:07.174+0900][gc          ] GC(178) Pause Young (Normal) (G1 Evacuation Pause) 371M->325M(1024M) 40.120ms
[2022-12-18T22:38:07.174+0900][gc,cpu      ] GC(178) User=0.03s Sys=0.04s Real=0.04s
[2022-12-18T22:44:03.733+0900][gc,start    ] GC(179) Pause Young (Normal) (G1 Evacuation Pause)
[2022-12-18T22:44:03.733+0900][gc,task     ] GC(179) Using 8 workers of 8 for evacuation
[2022-12-18T22:44:03.749+0900][gc,phases   ] GC(179)   Pre Evacuate Collection Set: 1.6ms
[2022-12-18T22:44:03.749+0900][gc,phases   ] GC(179)   Merge Heap Roots: 0.1ms
[2022-12-18T22:44:03.749+0900][gc,phases   ] GC(179)   Evacuate Collection Set: 12.9ms
[2022-12-18T22:44:03.749+0900][gc,phases   ] GC(179)   Post Evacuate Collection Set: 1.2ms
[2022-12-18T22:44:03.749+0900][gc,phases   ] GC(179)   Other: 0.9ms
[2022-12-18T22:44:03.749+0900][gc,heap     ] GC(179) Eden regions: 46->0(100)
[2022-12-18T22:44:03.749+0900][gc,heap     ] GC(179) Survivor regions: 5->3(7)
[2022-12-18T22:44:03.749+0900][gc,heap     ] GC(179) Old regions: 192->193
[2022-12-18T22:44:03.749+0900][gc,heap     ] GC(179) Archive regions: 2->2
[2022-12-18T22:44:03.749+0900][gc,heap     ] GC(179) Humongous regions: 129->129
[2022-12-18T22:44:03.749+0900][gc,metaspace] GC(179) Metaspace: 44079K(44672K)->44079K(44672K) NonClass: 38469K(38784K)->38469K(38784K) Class: 5609K(5888K)->5609K(5888K)
[2022-12-18T22:44:03.750+0900][gc          ] GC(179) Pause Young (Normal) (G1 Evacuation Pause) 371M->325M(1024M) 17.039ms
[2022-12-18T22:44:03.750+0900][gc,cpu      ] GC(179) User=0.02s Sys=0.02s Real=0.02s
[2022-12-18T22:57:08.949+0900][gc,start    ] GC(180) Pause Young (Normal) (G1 Evacuation Pause)
[2022-12-18T22:57:08.963+0900][gc,task     ] GC(180) Using 8 workers of 8 for evacuation
[2022-12-18T22:57:08.989+0900][gc,mmu      ] GC(180) MMU target violated: 21.0ms (20.0ms/21.0ms)
[2022-12-18T22:57:09.000+0900][gc,phases   ] GC(180)   Pre Evacuate Collection Set: 0.7ms
[2022-12-18T22:57:09.000+0900][gc,phases   ] GC(180)   Merge Heap Roots: 0.4ms
[2022-12-18T22:57:09.000+0900][gc,phases   ] GC(180)   Evacuate Collection Set: 23.1ms
[2022-12-18T22:57:09.000+0900][gc,phases   ] GC(180)   Post Evacuate Collection Set: 1.6ms
[2022-12-18T22:57:09.000+0900][gc,phases   ] GC(180)   Other: 27.1ms
[2022-12-18T22:57:09.000+0900][gc,heap     ] GC(180) Eden regions: 100->0(46)
[2022-12-18T22:57:09.001+0900][gc,heap     ] GC(180) Survivor regions: 3->5(13)
[2022-12-18T22:57:09.001+0900][gc,heap     ] GC(180) Old regions: 193->193
[2022-12-18T22:57:09.001+0900][gc,heap     ] GC(180) Archive regions: 2->2
[2022-12-18T22:57:09.001+0900][gc,heap     ] GC(180) Humongous regions: 129->129
[2022-12-18T22:57:09.001+0900][gc,metaspace] GC(180) Metaspace: 44079K(44672K)->44079K(44672K) NonClass: 38469K(38784K)->38469K(38784K) Class: 5609K(5888K)->5609K(5888K)
[2022-12-18T22:57:09.001+0900][gc          ] GC(180) Pause Young (Normal) (G1 Evacuation Pause) 425M->326M(1024M) 52.670ms
[2022-12-18T22:57:09.001+0900][gc,cpu      ] GC(180) User=0.02s Sys=0.04s Real=0.06s
[2022-12-18T23:02:37.583+0900][gc,start    ] GC(181) Pause Young (Normal) (G1 Evacuation Pause)
[2022-12-18T23:02:37.590+0900][gc,task     ] GC(181) Using 8 workers of 8 for evacuation
[2022-12-18T23:02:37.606+0900][gc,phases   ] GC(181)   Pre Evacuate Collection Set: 0.8ms
[2022-12-18T23:02:37.613+0900][gc,phases   ] GC(181)   Merge Heap Roots: 0.2ms
[2022-12-18T23:02:37.613+0900][gc,phases   ] GC(181)   Evacuate Collection Set: 13.9ms
[2022-12-18T23:02:37.613+0900][gc,phases   ] GC(181)   Post Evacuate Collection Set: 0.6ms
[2022-12-18T23:02:37.613+0900][gc,phases   ] GC(181)   Other: 8.2ms
[2022-12-18T23:02:37.613+0900][gc,heap     ] GC(181) Eden regions: 46->0(45)
[2022-12-18T23:02:37.613+0900][gc,heap     ] GC(181) Survivor regions: 5->6(7)
[2022-12-18T23:02:37.613+0900][gc,heap     ] GC(181) Old regions: 193->194
[2022-12-18T23:02:37.613+0900][gc,heap     ] GC(181) Archive regions: 2->2
[2022-12-18T23:02:37.613+0900][gc,heap     ] GC(181) Humongous regions: 129->129
[2022-12-18T23:02:37.613+0900][gc,metaspace] GC(181) Metaspace: 44079K(44672K)->44079K(44672K) NonClass: 38469K(38784K)->38469K(38784K) Class: 5609K(5888K)->5609K(5888K)
[2022-12-18T23:02:37.613+0900][gc          ] GC(181) Pause Young (Normal) (G1 Evacuation Pause) 372M->328M(1024M) 30.699ms
[2022-12-18T23:02:37.613+0900][gc,cpu      ] GC(181) User=0.02s Sys=0.04s Real=0.03s
[2022-12-18T23:08:27.264+0900][gc,start    ] GC(182) Pause Young (Normal) (G1 Evacuation Pause)
[2022-12-18T23:08:27.265+0900][gc,task     ] GC(182) Using 8 workers of 8 for evacuation
[2022-12-18T23:08:27.284+0900][gc,phases   ] GC(182)   Pre Evacuate Collection Set: 1.0ms
[2022-12-18T23:08:27.284+0900][gc,phases   ] GC(182)   Merge Heap Roots: 0.9ms
[2022-12-18T23:08:27.284+0900][gc,phases   ] GC(182)   Evacuate Collection Set: 16.7ms
[2022-12-18T23:08:27.284+0900][gc,phases   ] GC(182)   Post Evacuate Collection Set: 0.9ms
[2022-12-18T23:08:27.285+0900][gc,phases   ] GC(182)   Other: 1.1ms
[2022-12-18T23:08:27.285+0900][gc,heap     ] GC(182) Eden regions: 45->0(140)
[2022-12-18T23:08:27.285+0900][gc,heap     ] GC(182) Survivor regions: 6->3(7)
[2022-12-18T23:08:27.285+0900][gc,heap     ] GC(182) Old regions: 194->196
[2022-12-18T23:08:27.285+0900][gc,heap     ] GC(182) Archive regions: 2->2
[2022-12-18T23:08:27.285+0900][gc,heap     ] GC(182) Humongous regions: 129->129
[2022-12-18T23:08:27.285+0900][gc,metaspace] GC(182) Metaspace: 44079K(44672K)->44079K(44672K) NonClass: 38469K(38784K)->38469K(38784K) Class: 5609K(5888K)->5609K(5888K)
[2022-12-18T23:08:27.285+0900][gc          ] GC(182) Pause Young (Normal) (G1 Evacuation Pause) 373M->328M(1024M) 20.894ms
[2022-12-18T23:08:27.285+0900][gc,cpu      ] GC(182) User=0.02s Sys=0.02s Real=0.02s
