[2022-12-18T08:42:45.499+0900][gc] Using G1
[2022-12-18T08:42:45.500+0900][gc,init] Version: 17.0.5+8-LTS (release)
[2022-12-18T08:42:45.500+0900][gc,init] CPUs: 8 total, 8 available
[2022-12-18T08:42:45.500+0900][gc,init] Memory: 8192M
[2022-12-18T08:42:45.500+0900][gc,init] Large Page Support: Disabled
[2022-12-18T08:42:45.500+0900][gc,init] NUMA Support: Disabled
[2022-12-18T08:42:45.500+0900][gc,init] Compressed Oops: Enabled (Zero based)
[2022-12-18T08:42:45.500+0900][gc,init] Heap Region Size: 1M
[2022-12-18T08:42:45.500+0900][gc,init] Heap Min Capacity: 1G
[2022-12-18T08:42:45.500+0900][gc,init] Heap Initial Capacity: 1G
[2022-12-18T08:42:45.500+0900][gc,init] Heap Max Capacity: 1G
[2022-12-18T08:42:45.500+0900][gc,init] Pre-touch: Disabled
[2022-12-18T08:42:45.500+0900][gc,init] Parallel Workers: 8
[2022-12-18T08:42:45.500+0900][gc,init] Concurrent Workers: 2
[2022-12-18T08:42:45.500+0900][gc,init] Concurrent Refinement Workers: 8
[2022-12-18T08:42:45.500+0900][gc,init] Periodic GC: Disabled
[2022-12-18T08:42:45.500+0900][gc,metaspace] CDS archive(s) mapped at: [0x0000000800000000-0x0000000800bd8000-0x0000000800bd8000), size 12419072, SharedBaseAddress: 0x0000000800000000, ArchiveRelocationMode: 0.
[2022-12-18T08:42:45.500+0900][gc,metaspace] Compressed class space mapped at: 0x0000000800c00000-0x0000000840c00000, reserved size: 1073741824
[2022-12-18T08:42:45.500+0900][gc,metaspace] Narrow klass base: 0x0000000800000000, Narrow klass shift: 0, Narrow klass range: 0x100000000
[2022-12-18T08:42:46.585+0900][gc,start    ] GC(0) Pause Young (Normal) (G1 Evacuation Pause)
[2022-12-18T08:42:46.585+0900][gc,task     ] GC(0) Using 8 workers of 8 for evacuation
[2022-12-18T08:42:46.588+0900][gc,phases   ] GC(0)   Pre Evacuate Collection Set: 0.1ms
[2022-12-18T08:42:46.588+0900][gc,phases   ] GC(0)   Merge Heap Roots: 0.0ms
[2022-12-18T08:42:46.588+0900][gc,phases   ] GC(0)   Evacuate Collection Set: 2.5ms
[2022-12-18T08:42:46.588+0900][gc,phases   ] GC(0)   Post Evacuate Collection Set: 0.3ms
[2022-12-18T08:42:46.588+0900][gc,phases   ] GC(0)   Other: 0.4ms
[2022-12-18T08:42:46.588+0900][gc,heap     ] GC(0) Eden regions: 51->0(44)
[2022-12-18T08:42:46.588+0900][gc,heap     ] GC(0) Survivor regions: 0->7(7)
[2022-12-18T08:42:46.588+0900][gc,heap     ] GC(0) Old regions: 0->1
[2022-12-18T08:42:46.588+0900][gc,heap     ] GC(0) Archive regions: 2->2
[2022-12-18T08:42:46.588+0900][gc,heap     ] GC(0) Humongous regions: 0->0
[2022-12-18T08:42:46.588+0900][gc,metaspace] GC(0) Metaspace: 18688K(18880K)->18688K(18880K) NonClass: 16185K(16256K)->16185K(16256K) Class: 2503K(2624K)->2503K(2624K)
[2022-12-18T08:42:46.588+0900][gc          ] GC(0) Pause Young (Normal) (G1 Evacuation Pause) 51M->8M(1024M) 3.376ms
[2022-12-18T08:42:46.588+0900][gc,cpu      ] GC(0) User=0.01s Sys=0.01s Real=0.00s
[2022-12-18T08:42:46.679+0900][gc,start    ] GC(1) Pause Young (Concurrent Start) (Metadata GC Threshold)
[2022-12-18T08:42:46.679+0900][gc,task     ] GC(1) Using 8 workers of 8 for evacuation
[2022-12-18T08:42:46.682+0900][gc,phases   ] GC(1)   Pre Evacuate Collection Set: 0.1ms
[2022-12-18T08:42:46.682+0900][gc,phases   ] GC(1)   Merge Heap Roots: 0.0ms
[2022-12-18T08:42:46.682+0900][gc,phases   ] GC(1)   Evacuate Collection Set: 2.6ms
[2022-12-18T08:42:46.682+0900][gc,phases   ] GC(1)   Post Evacuate Collection Set: 0.2ms
[2022-12-18T08:42:46.682+0900][gc,phases   ] GC(1)   Other: 0.1ms
[2022-12-18T08:42:46.682+0900][gc,heap     ] GC(1) Eden regions: 10->0(50)
[2022-12-18T08:42:46.682+0900][gc,heap     ] GC(1) Survivor regions: 7->1(7)
[2022-12-18T08:42:46.682+0900][gc,heap     ] GC(1) Old regions: 1->8
[2022-12-18T08:42:46.682+0900][gc,heap     ] GC(1) Archive regions: 2->2
[2022-12-18T08:42:46.682+0900][gc,heap     ] GC(1) Humongous regions: 0->0
[2022-12-18T08:42:46.682+0900][gc,metaspace] GC(1) Metaspace: 21286K(21504K)->21286K(21504K) NonClass: 18422K(18496K)->18422K(18496K) Class: 2863K(3008K)->2863K(3008K)
[2022-12-18T08:42:46.682+0900][gc          ] GC(1) Pause Young (Concurrent Start) (Metadata GC Threshold) 18M->9M(1024M) 3.157ms
[2022-12-18T08:42:46.682+0900][gc,cpu      ] GC(1) User=0.02s Sys=0.01s Real=0.01s
[2022-12-18T08:42:46.682+0900][gc          ] GC(2) Concurrent Mark Cycle
[2022-12-18T08:42:46.682+0900][gc,marking  ] GC(2) Concurrent Clear Claimed Marks
[2022-12-18T08:42:46.682+0900][gc,marking  ] GC(2) Concurrent Clear Claimed Marks 0.013ms
[2022-12-18T08:42:46.682+0900][gc,marking  ] GC(2) Concurrent Scan Root Regions
[2022-12-18T08:42:46.683+0900][gc,marking  ] GC(2) Concurrent Scan Root Regions 1.436ms
[2022-12-18T08:42:46.683+0900][gc,marking  ] GC(2) Concurrent Mark
[2022-12-18T08:42:46.683+0900][gc,marking  ] GC(2) Concurrent Mark From Roots
[2022-12-18T08:42:46.683+0900][gc,task     ] GC(2) Using 2 workers of 2 for marking
[2022-12-18T08:42:46.684+0900][gc,marking  ] GC(2) Concurrent Mark From Roots 0.862ms
[2022-12-18T08:42:46.684+0900][gc,marking  ] GC(2) Concurrent Preclean
[2022-12-18T08:42:46.684+0900][gc,marking  ] GC(2) Concurrent Preclean 0.013ms
[2022-12-18T08:42:46.684+0900][gc,start    ] GC(2) Pause Remark
[2022-12-18T08:42:46.685+0900][gc          ] GC(2) Pause Remark 9M->9M(1024M) 0.856ms
[2022-12-18T08:42:46.685+0900][gc,cpu      ] GC(2) User=0.01s Sys=0.00s Real=0.00s
[2022-12-18T08:42:46.685+0900][gc,marking  ] GC(2) Concurrent Mark 1.859ms
[2022-12-18T08:42:46.685+0900][gc,marking  ] GC(2) Concurrent Rebuild Remembered Sets
[2022-12-18T08:42:46.686+0900][gc,marking  ] GC(2) Concurrent Rebuild Remembered Sets 1.296ms
[2022-12-18T08:42:46.687+0900][gc,start    ] GC(2) Pause Cleanup
[2022-12-18T08:42:46.687+0900][gc          ] GC(2) Pause Cleanup 9M->9M(1024M) 0.065ms
[2022-12-18T08:42:46.687+0900][gc,cpu      ] GC(2) User=0.00s Sys=0.00s Real=0.00s
[2022-12-18T08:42:46.687+0900][gc,marking  ] GC(2) Concurrent Cleanup for Next Mark
[2022-12-18T08:42:46.689+0900][gc,marking  ] GC(2) Concurrent Cleanup for Next Mark 2.051ms
[2022-12-18T08:42:46.689+0900][gc          ] GC(2) Concurrent Mark Cycle 6.988ms
[2022-12-18T08:42:47.118+0900][gc,start    ] GC(3) Pause Young (Normal) (G1 Evacuation Pause)
[2022-12-18T08:42:47.118+0900][gc,task     ] GC(3) Using 8 workers of 8 for evacuation
[2022-12-18T08:42:47.120+0900][gc,phases   ] GC(3)   Pre Evacuate Collection Set: 0.1ms
[2022-12-18T08:42:47.120+0900][gc,phases   ] GC(3)   Merge Heap Roots: 0.0ms
[2022-12-18T08:42:47.120+0900][gc,phases   ] GC(3)   Evacuate Collection Set: 1.8ms
[2022-12-18T08:42:47.120+0900][gc,phases   ] GC(3)   Post Evacuate Collection Set: 0.3ms
[2022-12-18T08:42:47.120+0900][gc,phases   ] GC(3)   Other: 0.1ms
[2022-12-18T08:42:47.120+0900][gc,heap     ] GC(3) Eden regions: 50->0(45)
[2022-12-18T08:42:47.120+0900][gc,heap     ] GC(3) Survivor regions: 1->6(7)
[2022-12-18T08:42:47.120+0900][gc,heap     ] GC(3) Old regions: 8->8
[2022-12-18T08:42:47.120+0900][gc,heap     ] GC(3) Archive regions: 2->2
[2022-12-18T08:42:47.120+0900][gc,heap     ] GC(3) Humongous regions: 129->129
[2022-12-18T08:42:47.120+0900][gc,metaspace] GC(3) Metaspace: 33079K(33344K)->33079K(33344K) NonClass: 29079K(29248K)->29079K(29248K) Class: 4000K(4096K)->4000K(4096K)
[2022-12-18T08:42:47.120+0900][gc          ] GC(3) Pause Young (Normal) (G1 Evacuation Pause) 188M->142M(1024M) 2.336ms
[2022-12-18T08:42:47.120+0900][gc,cpu      ] GC(3) User=0.02s Sys=0.01s Real=0.01s
[2022-12-18T08:43:07.587+0900][gc,start    ] GC(4) Pause Young (Concurrent Start) (Metadata GC Threshold)
[2022-12-18T08:43:07.587+0900][gc,task     ] GC(4) Using 8 workers of 8 for evacuation
[2022-12-18T08:43:07.594+0900][gc,phases   ] GC(4)   Pre Evacuate Collection Set: 0.1ms
[2022-12-18T08:43:07.594+0900][gc,phases   ] GC(4)   Merge Heap Roots: 0.1ms
[2022-12-18T08:43:07.594+0900][gc,phases   ] GC(4)   Evacuate Collection Set: 6.0ms
[2022-12-18T08:43:07.594+0900][gc,phases   ] GC(4)   Post Evacuate Collection Set: 0.7ms
[2022-12-18T08:43:07.594+0900][gc,phases   ] GC(4)   Other: 0.2ms
[2022-12-18T08:43:07.594+0900][gc,heap     ] GC(4) Eden regions: 15->0(49)
[2022-12-18T08:43:07.594+0900][gc,heap     ] GC(4) Survivor regions: 6->2(7)
[2022-12-18T08:43:07.594+0900][gc,heap     ] GC(4) Old regions: 8->13
[2022-12-18T08:43:07.594+0900][gc,heap     ] GC(4) Archive regions: 2->2
[2022-12-18T08:43:07.594+0900][gc,heap     ] GC(4) Humongous regions: 129->129
[2022-12-18T08:43:07.594+0900][gc,metaspace] GC(4) Metaspace: 35722K(35968K)->35722K(35968K) NonClass: 31287K(31424K)->31287K(31424K) Class: 4435K(4544K)->4435K(4544K)
[2022-12-18T08:43:07.594+0900][gc          ] GC(4) Pause Young (Concurrent Start) (Metadata GC Threshold) 156M->143M(1024M) 7.256ms
[2022-12-18T08:43:07.594+0900][gc,cpu      ] GC(4) User=0.01s Sys=0.00s Real=0.01s
[2022-12-18T08:43:07.594+0900][gc          ] GC(5) Concurrent Mark Cycle
[2022-12-18T08:43:07.594+0900][gc,marking  ] GC(5) Concurrent Clear Claimed Marks
[2022-12-18T08:43:07.594+0900][gc,marking  ] GC(5) Concurrent Clear Claimed Marks 0.046ms
[2022-12-18T08:43:07.594+0900][gc,marking  ] GC(5) Concurrent Scan Root Regions
[2022-12-18T08:43:07.596+0900][gc,marking  ] GC(5) Concurrent Scan Root Regions 2.128ms
[2022-12-18T08:43:07.596+0900][gc,marking  ] GC(5) Concurrent Mark
[2022-12-18T08:43:07.596+0900][gc,marking  ] GC(5) Concurrent Mark From Roots
[2022-12-18T08:43:07.596+0900][gc,task     ] GC(5) Using 2 workers of 2 for marking
[2022-12-18T08:43:07.601+0900][gc,marking  ] GC(5) Concurrent Mark From Roots 4.930ms
[2022-12-18T08:43:07.601+0900][gc,marking  ] GC(5) Concurrent Preclean
[2022-12-18T08:43:07.602+0900][gc,marking  ] GC(5) Concurrent Preclean 0.104ms
[2022-12-18T08:43:07.602+0900][gc,start    ] GC(5) Pause Remark
[2022-12-18T08:43:07.603+0900][gc          ] GC(5) Pause Remark 144M->144M(1024M) 1.337ms
[2022-12-18T08:43:07.603+0900][gc,cpu      ] GC(5) User=0.01s Sys=0.00s Real=0.00s
[2022-12-18T08:43:07.603+0900][gc,marking  ] GC(5) Concurrent Mark 6.910ms
[2022-12-18T08:43:07.603+0900][gc,marking  ] GC(5) Concurrent Rebuild Remembered Sets
[2022-12-18T08:43:07.608+0900][gc,marking  ] GC(5) Concurrent Rebuild Remembered Sets 4.530ms
[2022-12-18T08:43:07.608+0900][gc,start    ] GC(5) Pause Cleanup
[2022-12-18T08:43:07.608+0900][gc          ] GC(5) Pause Cleanup 144M->144M(1024M) 0.175ms
[2022-12-18T08:43:07.608+0900][gc,cpu      ] GC(5) User=0.00s Sys=0.00s Real=0.00s
[2022-12-18T08:43:07.608+0900][gc,marking  ] GC(5) Concurrent Cleanup for Next Mark
[2022-12-18T08:43:07.615+0900][gc,marking  ] GC(5) Concurrent Cleanup for Next Mark 6.552ms
[2022-12-18T08:43:07.615+0900][gc          ] GC(5) Concurrent Mark Cycle 20.677ms
[2022-12-18T08:50:15.320+0900][gc,start    ] GC(6) Pause Young (Prepare Mixed) (G1 Evacuation Pause)
[2022-12-18T08:50:15.320+0900][gc,task     ] GC(6) Using 8 workers of 8 for evacuation
[2022-12-18T08:50:15.330+0900][gc,phases   ] GC(6)   Pre Evacuate Collection Set: 0.4ms
[2022-12-18T08:50:15.330+0900][gc,phases   ] GC(6)   Merge Heap Roots: 0.2ms
[2022-12-18T08:50:15.330+0900][gc,phases   ] GC(6)   Evacuate Collection Set: 8.7ms
[2022-12-18T08:50:15.330+0900][gc,phases   ] GC(6)   Post Evacuate Collection Set: 0.6ms
[2022-12-18T08:50:15.330+0900][gc,phases   ] GC(6)   Other: 0.7ms
[2022-12-18T08:50:15.330+0900][gc,heap     ] GC(6) Eden regions: 49->0(47)
[2022-12-18T08:50:15.330+0900][gc,heap     ] GC(6) Survivor regions: 2->4(7)
[2022-12-18T08:50:15.330+0900][gc,heap     ] GC(6) Old regions: 13->13
[2022-12-18T08:50:15.330+0900][gc,heap     ] GC(6) Archive regions: 2->2
[2022-12-18T08:50:15.330+0900][gc,heap     ] GC(6) Humongous regions: 129->129
[2022-12-18T08:50:15.330+0900][gc,metaspace] GC(6) Metaspace: 38428K(38784K)->38428K(38784K) NonClass: 33725K(33920K)->33725K(33920K) Class: 4703K(4864K)->4703K(4864K)
[2022-12-18T08:50:15.330+0900][gc          ] GC(6) Pause Young (Prepare Mixed) (G1 Evacuation Pause) 192M->145M(1024M) 10.773ms
[2022-12-18T08:50:15.330+0900][gc,cpu      ] GC(6) User=0.02s Sys=0.02s Real=0.01s
[2022-12-18T08:57:31.314+0900][gc,start    ] GC(7) Pause Young (Mixed) (G1 Evacuation Pause)
[2022-12-18T08:57:31.314+0900][gc,task     ] GC(7) Using 8 workers of 8 for evacuation
[2022-12-18T08:57:31.323+0900][gc,phases   ] GC(7)   Pre Evacuate Collection Set: 0.6ms
[2022-12-18T08:57:31.323+0900][gc,phases   ] GC(7)   Merge Heap Roots: 0.5ms
[2022-12-18T08:57:31.323+0900][gc,phases   ] GC(7)   Evacuate Collection Set: 7.2ms
[2022-12-18T08:57:31.323+0900][gc,phases   ] GC(7)   Post Evacuate Collection Set: 0.4ms
[2022-12-18T08:57:31.323+0900][gc,phases   ] GC(7)   Other: 0.8ms
[2022-12-18T08:57:31.323+0900][gc,heap     ] GC(7) Eden regions: 47->0(48)
[2022-12-18T08:57:31.323+0900][gc,heap     ] GC(7) Survivor regions: 4->3(7)
[2022-12-18T08:57:31.323+0900][gc,heap     ] GC(7) Old regions: 13->13
[2022-12-18T08:57:31.323+0900][gc,heap     ] GC(7) Archive regions: 2->2
[2022-12-18T08:57:31.323+0900][gc,heap     ] GC(7) Humongous regions: 129->129
[2022-12-18T08:57:31.323+0900][gc,metaspace] GC(7) Metaspace: 38729K(39168K)->38729K(39168K) NonClass: 33972K(34240K)->33972K(34240K) Class: 4756K(4928K)->4756K(4928K)
[2022-12-18T08:57:31.323+0900][gc          ] GC(7) Pause Young (Mixed) (G1 Evacuation Pause) 192M->145M(1024M) 9.661ms
[2022-12-18T08:57:31.323+0900][gc,cpu      ] GC(7) User=0.02s Sys=0.01s Real=0.01s
[2022-12-18T09:05:44.178+0900][gc,start    ] GC(8) Pause Young (Normal) (G1 Evacuation Pause)
[2022-12-18T09:05:44.179+0900][gc,task     ] GC(8) Using 8 workers of 8 for evacuation
[2022-12-18T09:05:44.190+0900][gc,phases   ] GC(8)   Pre Evacuate Collection Set: 0.3ms
[2022-12-18T09:05:44.190+0900][gc,phases   ] GC(8)   Merge Heap Roots: 0.1ms
[2022-12-18T09:05:44.190+0900][gc,phases   ] GC(8)   Evacuate Collection Set: 9.2ms
[2022-12-18T09:05:44.190+0900][gc,phases   ] GC(8)   Post Evacuate Collection Set: 1.0ms
[2022-12-18T09:05:44.190+0900][gc,phases   ] GC(8)   Other: 1.2ms
[2022-12-18T09:05:44.190+0900][gc,heap     ] GC(8) Eden regions: 48->0(48)
[2022-12-18T09:05:44.190+0900][gc,heap     ] GC(8) Survivor regions: 3->3(7)
[2022-12-18T09:05:44.190+0900][gc,heap     ] GC(8) Old regions: 13->13
[2022-12-18T09:05:44.190+0900][gc,heap     ] GC(8) Archive regions: 2->2
[2022-12-18T09:05:44.190+0900][gc,heap     ] GC(8) Humongous regions: 129->129
[2022-12-18T09:05:44.190+0900][gc,metaspace] GC(8) Metaspace: 38827K(39232K)->38827K(39232K) NonClass: 34070K(34304K)->34070K(34304K) Class: 4756K(4928K)->4756K(4928K)
[2022-12-18T09:05:44.190+0900][gc          ] GC(8) Pause Young (Normal) (G1 Evacuation Pause) 193M->145M(1024M) 12.086ms
[2022-12-18T09:05:44.190+0900][gc,cpu      ] GC(8) User=0.02s Sys=0.01s Real=0.02s
[2022-12-18T09:14:36.946+0900][gc,start    ] GC(9) Pause Young (Normal) (G1 Evacuation Pause)
[2022-12-18T09:14:36.947+0900][gc,task     ] GC(9) Using 8 workers of 8 for evacuation
[2022-12-18T09:14:36.955+0900][gc,phases   ] GC(9)   Pre Evacuate Collection Set: 0.5ms
[2022-12-18T09:14:36.955+0900][gc,phases   ] GC(9)   Merge Heap Roots: 0.2ms
[2022-12-18T09:14:36.955+0900][gc,phases   ] GC(9)   Evacuate Collection Set: 6.4ms
[2022-12-18T09:14:36.955+0900][gc,phases   ] GC(9)   Post Evacuate Collection Set: 0.5ms
[2022-12-18T09:14:36.955+0900][gc,phases   ] GC(9)   Other: 1.1ms
[2022-12-18T09:14:36.955+0900][gc,heap     ] GC(9) Eden regions: 48->0(64)
[2022-12-18T09:14:36.955+0900][gc,heap     ] GC(9) Survivor regions: 3->3(7)
[2022-12-18T09:14:36.955+0900][gc,heap     ] GC(9) Old regions: 13->13
[2022-12-18T09:14:36.955+0900][gc,heap     ] GC(9) Archive regions: 2->2
[2022-12-18T09:14:36.955+0900][gc,heap     ] GC(9) Humongous regions: 129->129
[2022-12-18T09:14:36.955+0900][gc,metaspace] GC(9) Metaspace: 38851K(39296K)->38851K(39296K) NonClass: 34092K(34368K)->34092K(34368K) Class: 4758K(4928K)->4758K(4928K)
[2022-12-18T09:14:36.955+0900][gc          ] GC(9) Pause Young (Normal) (G1 Evacuation Pause) 193M->145M(1024M) 8.855ms
[2022-12-18T09:14:36.955+0900][gc,cpu      ] GC(9) User=0.01s Sys=0.01s Real=0.01s
[2022-12-18T09:26:45.044+0900][gc,start    ] GC(10) Pause Young (Normal) (G1 Evacuation Pause)
[2022-12-18T09:26:45.045+0900][gc,task     ] GC(10) Using 8 workers of 8 for evacuation
[2022-12-18T09:26:45.056+0900][gc,phases   ] GC(10)   Pre Evacuate Collection Set: 0.4ms
[2022-12-18T09:26:45.056+0900][gc,phases   ] GC(10)   Merge Heap Roots: 0.2ms
[2022-12-18T09:26:45.056+0900][gc,phases   ] GC(10)   Evacuate Collection Set: 9.2ms
[2022-12-18T09:26:45.056+0900][gc,phases   ] GC(10)   Post Evacuate Collection Set: 1.1ms
[2022-12-18T09:26:45.056+0900][gc,phases   ] GC(10)   Other: 1.4ms
[2022-12-18T09:26:45.056+0900][gc,heap     ] GC(10) Eden regions: 64->0(408)
[2022-12-18T09:26:45.057+0900][gc,heap     ] GC(10) Survivor regions: 3->3(9)
[2022-12-18T09:26:45.057+0900][gc,heap     ] GC(10) Old regions: 13->13
[2022-12-18T09:26:45.057+0900][gc,heap     ] GC(10) Archive regions: 2->2
[2022-12-18T09:26:45.057+0900][gc,heap     ] GC(10) Humongous regions: 129->129
[2022-12-18T09:26:45.057+0900][gc,metaspace] GC(10) Metaspace: 38895K(39296K)->38895K(39296K) NonClass: 34137K(34368K)->34137K(34368K) Class: 4758K(4928K)->4758K(4928K)
[2022-12-18T09:26:45.057+0900][gc          ] GC(10) Pause Young (Normal) (G1 Evacuation Pause) 209M->145M(1024M) 12.513ms
[2022-12-18T09:26:45.057+0900][gc,cpu      ] GC(10) User=0.02s Sys=0.01s Real=0.01s
[2022-12-18T10:44:17.973+0900][gc,start    ] GC(11) Pause Young (Normal) (G1 Evacuation Pause)
[2022-12-18T10:44:17.975+0900][gc,task     ] GC(11) Using 8 workers of 8 for evacuation
[2022-12-18T10:44:18.002+0900][gc,mmu      ] GC(11) MMU target violated: 21.0ms (20.0ms/21.0ms)
[2022-12-18T10:44:18.002+0900][gc,phases   ] GC(11)   Pre Evacuate Collection Set: 2.9ms
[2022-12-18T10:44:18.002+0900][gc,phases   ] GC(11)   Merge Heap Roots: 0.8ms
[2022-12-18T10:44:18.002+0900][gc,phases   ] GC(11)   Evacuate Collection Set: 20.3ms
[2022-12-18T10:44:18.002+0900][gc,phases   ] GC(11)   Post Evacuate Collection Set: 2.4ms
[2022-12-18T10:44:18.002+0900][gc,phases   ] GC(11)   Other: 4.0ms
[2022-12-18T10:44:18.003+0900][gc,heap     ] GC(11) Eden regions: 408->0(174)
[2022-12-18T10:44:18.003+0900][gc,heap     ] GC(11) Survivor regions: 3->4(52)
[2022-12-18T10:44:18.003+0900][gc,heap     ] GC(11) Old regions: 13->13
[2022-12-18T10:44:18.003+0900][gc,heap     ] GC(11) Archive regions: 2->2
[2022-12-18T10:44:18.003+0900][gc,heap     ] GC(11) Humongous regions: 129->129
[2022-12-18T10:44:18.003+0900][gc,metaspace] GC(11) Metaspace: 39048K(39488K)->39048K(39488K) NonClass: 34287K(34560K)->34287K(34560K) Class: 4761K(4928K)->4761K(4928K)
[2022-12-18T10:44:18.003+0900][gc          ] GC(11) Pause Young (Normal) (G1 Evacuation Pause) 553M->145M(1024M) 29.976ms
[2022-12-18T10:44:18.003+0900][gc,cpu      ] GC(11) User=0.02s Sys=0.04s Real=0.03s
[2022-12-18T11:18:01.914+0900][gc,start    ] GC(12) Pause Young (Normal) (G1 Evacuation Pause)
[2022-12-18T11:18:01.915+0900][gc,task     ] GC(12) Using 8 workers of 8 for evacuation
[2022-12-18T11:18:01.935+0900][gc,phases   ] GC(12)   Pre Evacuate Collection Set: 0.5ms
[2022-12-18T11:18:01.935+0900][gc,phases   ] GC(12)   Merge Heap Roots: 0.2ms
[2022-12-18T11:18:01.935+0900][gc,phases   ] GC(12)   Evacuate Collection Set: 18.0ms
[2022-12-18T11:18:01.935+0900][gc,phases   ] GC(12)   Post Evacuate Collection Set: 1.0ms
[2022-12-18T11:18:01.935+0900][gc,phases   ] GC(12)   Other: 1.5ms
[2022-12-18T11:18:01.935+0900][gc,heap     ] GC(12) Eden regions: 174->0(320)
[2022-12-18T11:18:01.935+0900][gc,heap     ] GC(12) Survivor regions: 4->4(23)
[2022-12-18T11:18:01.935+0900][gc,heap     ] GC(12) Old regions: 13->13
[2022-12-18T11:18:01.935+0900][gc,heap     ] GC(12) Archive regions: 2->2
[2022-12-18T11:18:01.935+0900][gc,heap     ] GC(12) Humongous regions: 129->129
[2022-12-18T11:18:01.935+0900][gc,metaspace] GC(12) Metaspace: 39093K(39488K)->39093K(39488K) NonClass: 34326K(34560K)->34326K(34560K) Class: 4767K(4928K)->4767K(4928K)
[2022-12-18T11:18:01.935+0900][gc          ] GC(12) Pause Young (Normal) (G1 Evacuation Pause) 319M->146M(1024M) 21.290ms
[2022-12-18T11:18:01.935+0900][gc,cpu      ] GC(12) User=0.02s Sys=0.02s Real=0.02s
[2022-12-18T12:19:43.379+0900][gc,start    ] GC(13) Pause Young (Normal) (G1 Evacuation Pause)
[2022-12-18T12:19:43.381+0900][gc,task     ] GC(13) Using 8 workers of 8 for evacuation
[2022-12-18T12:19:43.400+0900][gc,phases   ] GC(13)   Pre Evacuate Collection Set: 0.5ms
[2022-12-18T12:19:43.400+0900][gc,phases   ] GC(13)   Merge Heap Roots: 0.7ms
[2022-12-18T12:19:43.400+0900][gc,phases   ] GC(13)   Evacuate Collection Set: 16.7ms
[2022-12-18T12:19:43.400+0900][gc,phases   ] GC(13)   Post Evacuate Collection Set: 1.2ms
[2022-12-18T12:19:43.400+0900][gc,phases   ] GC(13)   Other: 1.6ms
[2022-12-18T12:19:43.400+0900][gc,heap     ] GC(13) Eden regions: 320->0(468)
[2022-12-18T12:19:43.400+0900][gc,heap     ] GC(13) Survivor regions: 4->4(41)
[2022-12-18T12:19:43.400+0900][gc,heap     ] GC(13) Old regions: 13->13
[2022-12-18T12:19:43.400+0900][gc,heap     ] GC(13) Archive regions: 2->2
[2022-12-18T12:19:43.400+0900][gc,heap     ] GC(13) Humongous regions: 129->129
[2022-12-18T12:19:43.400+0900][gc,metaspace] GC(13) Metaspace: 39108K(39488K)->39108K(39488K) NonClass: 34341K(34560K)->34341K(34560K) Class: 4767K(4928K)->4767K(4928K)
[2022-12-18T12:19:43.400+0900][gc          ] GC(13) Pause Young (Normal) (G1 Evacuation Pause) 466M->145M(1024M) 20.762ms
[2022-12-18T12:19:43.400+0900][gc,cpu      ] GC(13) User=0.02s Sys=0.02s Real=0.03s
[2022-12-18T14:53:16.661+0900][gc,start    ] GC(14) Pause Young (Normal) (G1 Evacuation Pause)
[2022-12-18T14:53:16.663+0900][gc,task     ] GC(14) Using 8 workers of 8 for evacuation
[2022-12-18T14:53:16.680+0900][gc,phases   ] GC(14)   Pre Evacuate Collection Set: 0.5ms
[2022-12-18T14:53:16.681+0900][gc,phases   ] GC(14)   Merge Heap Roots: 0.4ms
[2022-12-18T14:53:16.681+0900][gc,phases   ] GC(14)   Evacuate Collection Set: 11.3ms
[2022-12-18T14:53:16.681+0900][gc,phases   ] GC(14)   Post Evacuate Collection Set: 4.7ms
[2022-12-18T14:53:16.681+0900][gc,phases   ] GC(14)   Other: 2.3ms
[2022-12-18T14:53:16.681+0900][gc,heap     ] GC(14) Eden regions: 468->0(471)
[2022-12-18T14:53:16.681+0900][gc,heap     ] GC(14) Survivor regions: 4->4(59)
[2022-12-18T14:53:16.681+0900][gc,heap     ] GC(14) Old regions: 13->13
[2022-12-18T14:53:16.681+0900][gc,heap     ] GC(14) Archive regions: 2->2
[2022-12-18T14:53:16.681+0900][gc,heap     ] GC(14) Humongous regions: 129->129
[2022-12-18T14:53:16.681+0900][gc,metaspace] GC(14) Metaspace: 39145K(39552K)->39145K(39552K) NonClass: 34377K(34624K)->34377K(34624K) Class: 4767K(4928K)->4767K(4928K)
[2022-12-18T14:53:16.681+0900][gc          ] GC(14) Pause Young (Normal) (G1 Evacuation Pause) 613M->146M(1024M) 19.338ms
[2022-12-18T14:53:16.681+0900][gc,cpu      ] GC(14) User=0.03s Sys=0.02s Real=0.02s
[2022-12-18T16:24:28.541+0900][gc,start    ] GC(15) Pause Young (Normal) (G1 Evacuation Pause)
[2022-12-18T16:24:28.541+0900][gc,task     ] GC(15) Using 8 workers of 8 for evacuation
[2022-12-18T16:24:28.569+0900][gc,mmu      ] GC(15) MMU target violated: 21.0ms (20.0ms/21.0ms)
[2022-12-18T16:24:28.569+0900][gc,phases   ] GC(15)   Pre Evacuate Collection Set: 2.0ms
[2022-12-18T16:24:28.569+0900][gc,phases   ] GC(15)   Merge Heap Roots: 1.1ms
[2022-12-18T16:24:28.569+0900][gc,phases   ] GC(15)   Evacuate Collection Set: 22.3ms
[2022-12-18T16:24:28.569+0900][gc,phases   ] GC(15)   Post Evacuate Collection Set: 2.2ms
[2022-12-18T16:24:28.570+0900][gc,phases   ] GC(15)   Other: 2.4ms
[2022-12-18T16:24:28.570+0900][gc,heap     ] GC(15) Eden regions: 471->0(610)
[2022-12-18T16:24:28.570+0900][gc,heap     ] GC(15) Survivor regions: 4->4(60)
[2022-12-18T16:24:28.570+0900][gc,heap     ] GC(15) Old regions: 13->13
[2022-12-18T16:24:28.570+0900][gc,heap     ] GC(15) Archive regions: 2->2
[2022-12-18T16:24:28.570+0900][gc,heap     ] GC(15) Humongous regions: 129->129
[2022-12-18T16:24:28.570+0900][gc,metaspace] GC(15) Metaspace: 39160K(39552K)->39160K(39552K) NonClass: 34393K(34624K)->34393K(34624K) Class: 4767K(4928K)->4767K(4928K)
[2022-12-18T16:24:28.570+0900][gc          ] GC(15) Pause Young (Normal) (G1 Evacuation Pause) 617M->145M(1024M) 28.902ms
[2022-12-18T16:24:28.570+0900][gc,cpu      ] GC(15) User=0.03s Sys=0.05s Real=0.03s
[2022-12-18T17:54:03.078+0900][gc,start    ] GC(16) Pause Young (Normal) (G1 Evacuation Pause)
[2022-12-18T17:54:03.079+0900][gc,task     ] GC(16) Using 8 workers of 8 for evacuation
[2022-12-18T17:54:03.088+0900][gc,phases   ] GC(16)   Pre Evacuate Collection Set: 0.3ms
[2022-12-18T17:54:03.088+0900][gc,phases   ] GC(16)   Merge Heap Roots: 0.4ms
[2022-12-18T17:54:03.088+0900][gc,phases   ] GC(16)   Evacuate Collection Set: 7.4ms
[2022-12-18T17:54:03.088+0900][gc,phases   ] GC(16)   Post Evacuate Collection Set: 0.6ms
[2022-12-18T17:54:03.088+0900][gc,phases   ] GC(16)   Other: 0.7ms
[2022-12-18T17:54:03.088+0900][gc,heap     ] GC(16) Eden regions: 610->0(542)
[2022-12-18T17:54:03.088+0900][gc,heap     ] GC(16) Survivor regions: 4->5(77)
[2022-12-18T17:54:03.088+0900][gc,heap     ] GC(16) Old regions: 13->13
[2022-12-18T17:54:03.088+0900][gc,heap     ] GC(16) Archive regions: 2->2
[2022-12-18T17:54:03.088+0900][gc,heap     ] GC(16) Humongous regions: 129->129
[2022-12-18T17:54:03.088+0900][gc,metaspace] GC(16) Metaspace: 41155K(41664K)->41155K(41664K) NonClass: 36146K(36416K)->36146K(36416K) Class: 5009K(5248K)->5009K(5248K)
[2022-12-18T17:54:03.088+0900][gc          ] GC(16) Pause Young (Normal) (G1 Evacuation Pause) 755M->147M(1024M) 9.472ms
[2022-12-18T17:54:03.088+0900][gc,cpu      ] GC(16) User=0.01s Sys=0.02s Real=0.01s
[2022-12-18T17:54:12.582+0900][gc,start    ] GC(17) Pause Young (Normal) (G1 Evacuation Pause)
[2022-12-18T17:54:12.582+0900][gc,task     ] GC(17) Using 8 workers of 8 for evacuation
[2022-12-18T17:54:12.587+0900][gc,phases   ] GC(17)   Pre Evacuate Collection Set: 0.2ms
[2022-12-18T17:54:12.587+0900][gc,phases   ] GC(17)   Merge Heap Roots: 0.1ms
[2022-12-18T17:54:12.587+0900][gc,phases   ] GC(17)   Evacuate Collection Set: 4.3ms
[2022-12-18T17:54:12.587+0900][gc,phases   ] GC(17)   Post Evacuate Collection Set: 0.4ms
[2022-12-18T17:54:12.587+0900][gc,phases   ] GC(17)   Other: 0.3ms
[2022-12-18T17:54:12.587+0900][gc,heap     ] GC(17) Eden regions: 500->0(609)
[2022-12-18T17:54:12.587+0900][gc,heap     ] GC(17) Survivor regions: 5->5(64)
[2022-12-18T17:54:12.587+0900][gc,heap     ] GC(17) Old regions: 13->13
[2022-12-18T17:54:12.587+0900][gc,heap     ] GC(17) Archive regions: 2->2
[2022-12-18T17:54:12.587+0900][gc,heap     ] GC(17) Humongous regions: 129->129
[2022-12-18T17:54:12.587+0900][gc,metaspace] GC(17) Metaspace: 41179K(41728K)->41179K(41728K) NonClass: 36168K(36480K)->36168K(36480K) Class: 5011K(5248K)->5011K(5248K)
[2022-12-18T17:54:12.587+0900][gc          ] GC(17) Pause Young (Normal) (G1 Evacuation Pause) 647M->147M(1024M) 5.451ms
[2022-12-18T17:54:12.587+0900][gc,cpu      ] GC(17) User=0.02s Sys=0.01s Real=0.00s
[2022-12-18T17:54:35.830+0900][gc,start    ] GC(18) Pause Young (Normal) (G1 Evacuation Pause)
[2022-12-18T17:54:35.830+0900][gc,task     ] GC(18) Using 8 workers of 8 for evacuation
[2022-12-18T17:54:35.838+0900][gc,phases   ] GC(18)   Pre Evacuate Collection Set: 0.2ms
[2022-12-18T17:54:35.838+0900][gc,phases   ] GC(18)   Merge Heap Roots: 0.1ms
[2022-12-18T17:54:35.838+0900][gc,phases   ] GC(18)   Evacuate Collection Set: 7.7ms
[2022-12-18T17:54:35.838+0900][gc,phases   ] GC(18)   Post Evacuate Collection Set: 0.5ms
[2022-12-18T17:54:35.838+0900][gc,phases   ] GC(18)   Other: 0.3ms
[2022-12-18T17:54:35.838+0900][gc,heap     ] GC(18) Eden regions: 609->0(609)
[2022-12-18T17:54:35.838+0900][gc,heap     ] GC(18) Survivor regions: 5->5(77)
[2022-12-18T17:54:35.838+0900][gc,heap     ] GC(18) Old regions: 13->13
[2022-12-18T17:54:35.838+0900][gc,heap     ] GC(18) Archive regions: 2->2
[2022-12-18T17:54:35.838+0900][gc,heap     ] GC(18) Humongous regions: 129->129
[2022-12-18T17:54:35.838+0900][gc,metaspace] GC(18) Metaspace: 41179K(41728K)->41179K(41728K) NonClass: 36168K(36480K)->36168K(36480K) Class: 5011K(5248K)->5011K(5248K)
[2022-12-18T17:54:35.838+0900][gc          ] GC(18) Pause Young (Normal) (G1 Evacuation Pause) 756M->147M(1024M) 8.882ms
[2022-12-18T17:54:35.838+0900][gc,cpu      ] GC(18) User=0.02s Sys=0.02s Real=0.00s
[2022-12-18T17:54:42.163+0900][gc,start    ] GC(19) Pause Young (Normal) (G1 Evacuation Pause)
[2022-12-18T17:54:42.163+0900][gc,task     ] GC(19) Using 8 workers of 8 for evacuation
[2022-12-18T17:54:42.176+0900][gc,phases   ] GC(19)   Pre Evacuate Collection Set: 0.2ms
[2022-12-18T17:54:42.176+0900][gc,phases   ] GC(19)   Merge Heap Roots: 0.2ms
[2022-12-18T17:54:42.176+0900][gc,phases   ] GC(19)   Evacuate Collection Set: 11.3ms
[2022-12-18T17:54:42.176+0900][gc,phases   ] GC(19)   Post Evacuate Collection Set: 0.7ms
[2022-12-18T17:54:42.176+0900][gc,phases   ] GC(19)   Other: 0.3ms
[2022-12-18T17:54:42.176+0900][gc,heap     ] GC(19) Eden regions: 609->0(609)
[2022-12-18T17:54:42.176+0900][gc,heap     ] GC(19) Survivor regions: 5->5(77)
[2022-12-18T17:54:42.176+0900][gc,heap     ] GC(19) Old regions: 13->13
[2022-12-18T17:54:42.176+0900][gc,heap     ] GC(19) Archive regions: 2->2
[2022-12-18T17:54:42.176+0900][gc,heap     ] GC(19) Humongous regions: 129->129
[2022-12-18T17:54:42.176+0900][gc,metaspace] GC(19) Metaspace: 41179K(41728K)->41179K(41728K) NonClass: 36168K(36480K)->36168K(36480K) Class: 5011K(5248K)->5011K(5248K)
[2022-12-18T17:54:42.176+0900][gc          ] GC(19) Pause Young (Normal) (G1 Evacuation Pause) 756M->147M(1024M) 12.782ms
[2022-12-18T17:54:42.176+0900][gc,cpu      ] GC(19) User=0.01s Sys=0.03s Real=0.01s
[2022-12-18T17:54:49.635+0900][gc,start    ] GC(20) Pause Young (Normal) (G1 Evacuation Pause)
[2022-12-18T17:54:49.637+0900][gc,task     ] GC(20) Using 8 workers of 8 for evacuation
[2022-12-18T17:54:49.654+0900][gc,phases   ] GC(20)   Pre Evacuate Collection Set: 0.3ms
[2022-12-18T17:54:49.654+0900][gc,phases   ] GC(20)   Merge Heap Roots: 0.1ms
[2022-12-18T17:54:49.654+0900][gc,phases   ] GC(20)   Evacuate Collection Set: 14.9ms
[2022-12-18T17:54:49.654+0900][gc,phases   ] GC(20)   Post Evacuate Collection Set: 0.9ms
[2022-12-18T17:54:49.654+0900][gc,phases   ] GC(20)   Other: 2.9ms
[2022-12-18T17:54:49.654+0900][gc,heap     ] GC(20) Eden regions: 609->0(609)
[2022-12-18T17:54:49.654+0900][gc,heap     ] GC(20) Survivor regions: 5->5(77)
[2022-12-18T17:54:49.654+0900][gc,heap     ] GC(20) Old regions: 13->13
[2022-12-18T17:54:49.654+0900][gc,heap     ] GC(20) Archive regions: 2->2
[2022-12-18T17:54:49.654+0900][gc,heap     ] GC(20) Humongous regions: 129->129
[2022-12-18T17:54:49.654+0900][gc,metaspace] GC(20) Metaspace: 41179K(41728K)->41179K(41728K) NonClass: 36168K(36480K)->36168K(36480K) Class: 5011K(5248K)->5011K(5248K)
[2022-12-18T17:54:49.654+0900][gc          ] GC(20) Pause Young (Normal) (G1 Evacuation Pause) 756M->147M(1024M) 18.502ms
[2022-12-18T17:54:49.654+0900][gc,cpu      ] GC(20) User=0.01s Sys=0.04s Real=0.02s
[2022-12-18T17:58:30.390+0900][gc,start    ] GC(21) Pause Young (Normal) (G1 Evacuation Pause)
[2022-12-18T17:58:30.391+0900][gc,task     ] GC(21) Using 8 workers of 8 for evacuation
[2022-12-18T17:58:30.406+0900][gc,phases   ] GC(21)   Pre Evacuate Collection Set: 0.2ms
[2022-12-18T17:58:30.406+0900][gc,phases   ] GC(21)   Merge Heap Roots: 0.2ms
[2022-12-18T17:58:30.406+0900][gc,phases   ] GC(21)   Evacuate Collection Set: 11.0ms
[2022-12-18T17:58:30.406+0900][gc,phases   ] GC(21)   Post Evacuate Collection Set: 2.6ms
[2022-12-18T17:58:30.406+0900][gc,phases   ] GC(21)   Other: 1.6ms
[2022-12-18T17:58:30.406+0900][gc,heap     ] GC(21) Eden regions: 609->0(610)
[2022-12-18T17:58:30.406+0900][gc,heap     ] GC(21) Survivor regions: 5->4(77)
[2022-12-18T17:58:30.406+0900][gc,heap     ] GC(21) Old regions: 13->14
[2022-12-18T17:58:30.406+0900][gc,heap     ] GC(21) Archive regions: 2->2
[2022-12-18T17:58:30.406+0900][gc,heap     ] GC(21) Humongous regions: 129->129
[2022-12-18T17:58:30.406+0900][gc,metaspace] GC(21) Metaspace: 41181K(41728K)->41181K(41728K) NonClass: 36169K(36480K)->36169K(36480K) Class: 5011K(5248K)->5011K(5248K)
[2022-12-18T17:58:30.406+0900][gc          ] GC(21) Pause Young (Normal) (G1 Evacuation Pause) 756M->147M(1024M) 15.617ms
[2022-12-18T17:58:30.406+0900][gc,cpu      ] GC(21) User=0.02s Sys=0.02s Real=0.01s
[2022-12-18T17:58:37.946+0900][gc,start    ] GC(22) Pause Young (Normal) (G1 Evacuation Pause)
[2022-12-18T17:58:37.946+0900][gc,task     ] GC(22) Using 8 workers of 8 for evacuation
[2022-12-18T17:58:37.956+0900][gc,phases   ] GC(22)   Pre Evacuate Collection Set: 0.3ms
[2022-12-18T17:58:37.956+0900][gc,phases   ] GC(22)   Merge Heap Roots: 0.2ms
[2022-12-18T17:58:37.956+0900][gc,phases   ] GC(22)   Evacuate Collection Set: 8.1ms
[2022-12-18T17:58:37.956+0900][gc,phases   ] GC(22)   Post Evacuate Collection Set: 0.7ms
[2022-12-18T17:58:37.956+0900][gc,phases   ] GC(22)   Other: 0.9ms
[2022-12-18T17:58:37.956+0900][gc,heap     ] GC(22) Eden regions: 610->0(610)
[2022-12-18T17:58:37.956+0900][gc,heap     ] GC(22) Survivor regions: 4->4(77)
[2022-12-18T17:58:37.956+0900][gc,heap     ] GC(22) Old regions: 14->14
[2022-12-18T17:58:37.956+0900][gc,heap     ] GC(22) Archive regions: 2->2
[2022-12-18T17:58:37.956+0900][gc,heap     ] GC(22) Humongous regions: 129->129
[2022-12-18T17:58:37.956+0900][gc,metaspace] GC(22) Metaspace: 41181K(41728K)->41181K(41728K) NonClass: 36169K(36480K)->36169K(36480K) Class: 5011K(5248K)->5011K(5248K)
[2022-12-18T17:58:37.956+0900][gc          ] GC(22) Pause Young (Normal) (G1 Evacuation Pause) 757M->147M(1024M) 10.275ms
[2022-12-18T17:58:37.956+0900][gc,cpu      ] GC(22) User=0.02s Sys=0.01s Real=0.01s
[2022-12-18T17:58:44.835+0900][gc,start    ] GC(23) Pause Young (Normal) (G1 Evacuation Pause)
[2022-12-18T17:58:44.836+0900][gc,task     ] GC(23) Using 8 workers of 8 for evacuation
[2022-12-18T17:58:44.842+0900][gc,phases   ] GC(23)   Pre Evacuate Collection Set: 0.2ms
[2022-12-18T17:58:44.842+0900][gc,phases   ] GC(23)   Merge Heap Roots: 0.1ms
[2022-12-18T17:58:44.842+0900][gc,phases   ] GC(23)   Evacuate Collection Set: 5.6ms
[2022-12-18T17:58:44.842+0900][gc,phases   ] GC(23)   Post Evacuate Collection Set: 0.6ms
[2022-12-18T17:58:44.842+0900][gc,phases   ] GC(23)   Other: 0.9ms
[2022-12-18T17:58:44.842+0900][gc,heap     ] GC(23) Eden regions: 610->0(610)
[2022-12-18T17:58:44.842+0900][gc,heap     ] GC(23) Survivor regions: 4->4(77)
[2022-12-18T17:58:44.842+0900][gc,heap     ] GC(23) Old regions: 14->14
[2022-12-18T17:58:44.842+0900][gc,heap     ] GC(23) Archive regions: 2->2
[2022-12-18T17:58:44.842+0900][gc,heap     ] GC(23) Humongous regions: 129->129
[2022-12-18T17:58:44.842+0900][gc,metaspace] GC(23) Metaspace: 41181K(41728K)->41181K(41728K) NonClass: 36169K(36480K)->36169K(36480K) Class: 5011K(5248K)->5011K(5248K)
[2022-12-18T17:58:44.842+0900][gc          ] GC(23) Pause Young (Normal) (G1 Evacuation Pause) 757M->147M(1024M) 7.463ms
[2022-12-18T17:58:44.842+0900][gc,cpu      ] GC(23) User=0.01s Sys=0.02s Real=0.01s
[2022-12-18T17:58:52.346+0900][gc,start    ] GC(24) Pause Young (Normal) (G1 Evacuation Pause)
[2022-12-18T17:58:52.347+0900][gc,task     ] GC(24) Using 8 workers of 8 for evacuation
[2022-12-18T17:58:52.358+0900][gc,phases   ] GC(24)   Pre Evacuate Collection Set: 0.2ms
[2022-12-18T17:58:52.366+0900][gc,phases   ] GC(24)   Merge Heap Roots: 0.1ms
[2022-12-18T17:58:52.366+0900][gc,phases   ] GC(24)   Evacuate Collection Set: 9.8ms
[2022-12-18T17:58:52.366+0900][gc,phases   ] GC(24)   Post Evacuate Collection Set: 1.2ms
[2022-12-18T17:58:52.366+0900][gc,phases   ] GC(24)   Other: 0.4ms
[2022-12-18T17:58:52.366+0900][gc,heap     ] GC(24) Eden regions: 610->0(610)
[2022-12-18T17:58:52.366+0900][gc,heap     ] GC(24) Survivor regions: 4->4(77)
[2022-12-18T17:58:52.366+0900][gc,heap     ] GC(24) Old regions: 14->14
[2022-12-18T17:58:52.366+0900][gc,heap     ] GC(24) Archive regions: 2->2
[2022-12-18T17:58:52.366+0900][gc,heap     ] GC(24) Humongous regions: 129->129
[2022-12-18T17:58:52.366+0900][gc,metaspace] GC(24) Metaspace: 41183K(41728K)->41183K(41728K) NonClass: 36172K(36480K)->36172K(36480K) Class: 5011K(5248K)->5011K(5248K)
[2022-12-18T17:58:52.366+0900][gc          ] GC(24) Pause Young (Normal) (G1 Evacuation Pause) 757M->147M(1024M) 20.148ms
[2022-12-18T17:58:52.366+0900][gc,cpu      ] GC(24) User=0.02s Sys=0.02s Real=0.02s
[2022-12-18T17:58:59.859+0900][gc,start    ] GC(25) Pause Young (Normal) (G1 Evacuation Pause)
[2022-12-18T17:58:59.861+0900][gc,task     ] GC(25) Using 8 workers of 8 for evacuation
[2022-12-18T17:58:59.877+0900][gc,phases   ] GC(25)   Pre Evacuate Collection Set: 3.0ms
[2022-12-18T17:58:59.877+0900][gc,phases   ] GC(25)   Merge Heap Roots: 0.2ms
[2022-12-18T17:58:59.877+0900][gc,phases   ] GC(25)   Evacuate Collection Set: 11.5ms
[2022-12-18T17:58:59.877+0900][gc,phases   ] GC(25)   Post Evacuate Collection Set: 0.6ms
[2022-12-18T17:58:59.877+0900][gc,phases   ] GC(25)   Other: 2.3ms
[2022-12-18T17:58:59.877+0900][gc,heap     ] GC(25) Eden regions: 610->0(610)
[2022-12-18T17:58:59.877+0900][gc,heap     ] GC(25) Survivor regions: 4->4(77)
[2022-12-18T17:58:59.877+0900][gc,heap     ] GC(25) Old regions: 14->14
[2022-12-18T17:58:59.877+0900][gc,heap     ] GC(25) Archive regions: 2->2
[2022-12-18T17:58:59.877+0900][gc,heap     ] GC(25) Humongous regions: 129->129
[2022-12-18T17:58:59.877+0900][gc,metaspace] GC(25) Metaspace: 41183K(41728K)->41183K(41728K) NonClass: 36172K(36480K)->36172K(36480K) Class: 5011K(5248K)->5011K(5248K)
[2022-12-18T17:58:59.877+0900][gc          ] GC(25) Pause Young (Normal) (G1 Evacuation Pause) 757M->147M(1024M) 17.603ms
[2022-12-18T17:58:59.877+0900][gc,cpu      ] GC(25) User=0.01s Sys=0.02s Real=0.02s
[2022-12-18T17:59:53.280+0900][gc,start    ] GC(26) Pause Young (Normal) (G1 Evacuation Pause)
[2022-12-18T17:59:53.281+0900][gc,task     ] GC(26) Using 8 workers of 8 for evacuation
[2022-12-18T17:59:53.296+0900][gc,phases   ] GC(26)   Pre Evacuate Collection Set: 0.3ms
[2022-12-18T17:59:53.296+0900][gc,phases   ] GC(26)   Merge Heap Roots: 0.2ms
[2022-12-18T17:59:53.296+0900][gc,phases   ] GC(26)   Evacuate Collection Set: 13.6ms
[2022-12-18T17:59:53.296+0900][gc,phases   ] GC(26)   Post Evacuate Collection Set: 0.9ms
[2022-12-18T17:59:53.296+0900][gc,phases   ] GC(26)   Other: 1.2ms
[2022-12-18T17:59:53.296+0900][gc,heap     ] GC(26) Eden regions: 610->0(610)
[2022-12-18T17:59:53.296+0900][gc,heap     ] GC(26) Survivor regions: 4->4(77)
[2022-12-18T17:59:53.296+0900][gc,heap     ] GC(26) Old regions: 14->14
[2022-12-18T17:59:53.296+0900][gc,heap     ] GC(26) Archive regions: 2->2
[2022-12-18T17:59:53.296+0900][gc,heap     ] GC(26) Humongous regions: 129->129
[2022-12-18T17:59:53.296+0900][gc,metaspace] GC(26) Metaspace: 41184K(41728K)->41184K(41728K) NonClass: 36173K(36480K)->36173K(36480K) Class: 5011K(5248K)->5011K(5248K)
[2022-12-18T17:59:53.296+0900][gc          ] GC(26) Pause Young (Normal) (G1 Evacuation Pause) 757M->147M(1024M) 16.286ms
[2022-12-18T17:59:53.296+0900][gc,cpu      ] GC(26) User=0.01s Sys=0.03s Real=0.01s
[2022-12-18T18:00:48.777+0900][gc,start    ] GC(27) Pause Young (Normal) (G1 Evacuation Pause)
[2022-12-18T18:00:48.778+0900][gc,task     ] GC(27) Using 8 workers of 8 for evacuation
[2022-12-18T18:00:48.790+0900][gc,phases   ] GC(27)   Pre Evacuate Collection Set: 0.3ms
[2022-12-18T18:00:48.790+0900][gc,phases   ] GC(27)   Merge Heap Roots: 0.1ms
[2022-12-18T18:00:48.790+0900][gc,phases   ] GC(27)   Evacuate Collection Set: 11.0ms
[2022-12-18T18:00:48.790+0900][gc,phases   ] GC(27)   Post Evacuate Collection Set: 0.6ms
[2022-12-18T18:00:48.790+0900][gc,phases   ] GC(27)   Other: 1.0ms
[2022-12-18T18:00:48.790+0900][gc,heap     ] GC(27) Eden regions: 610->0(610)
[2022-12-18T18:00:48.790+0900][gc,heap     ] GC(27) Survivor regions: 4->4(77)
[2022-12-18T18:00:48.790+0900][gc,heap     ] GC(27) Old regions: 14->14
[2022-12-18T18:00:48.790+0900][gc,heap     ] GC(27) Archive regions: 2->2
[2022-12-18T18:00:48.790+0900][gc,heap     ] GC(27) Humongous regions: 129->129
[2022-12-18T18:00:48.790+0900][gc,metaspace] GC(27) Metaspace: 41186K(41728K)->41186K(41728K) NonClass: 36175K(36480K)->36175K(36480K) Class: 5011K(5248K)->5011K(5248K)
[2022-12-18T18:00:48.790+0900][gc          ] GC(27) Pause Young (Normal) (G1 Evacuation Pause) 757M->147M(1024M) 13.148ms
[2022-12-18T18:00:48.790+0900][gc,cpu      ] GC(27) User=0.02s Sys=0.02s Real=0.02s
[2022-12-18T18:00:55.732+0900][gc,start    ] GC(28) Pause Young (Normal) (G1 Evacuation Pause)
[2022-12-18T18:00:55.733+0900][gc,task     ] GC(28) Using 8 workers of 8 for evacuation
[2022-12-18T18:00:55.741+0900][gc,phases   ] GC(28)   Pre Evacuate Collection Set: 0.2ms
[2022-12-18T18:00:55.741+0900][gc,phases   ] GC(28)   Merge Heap Roots: 0.2ms
[2022-12-18T18:00:55.742+0900][gc,phases   ] GC(28)   Evacuate Collection Set: 6.8ms
[2022-12-18T18:00:55.742+0900][gc,phases   ] GC(28)   Post Evacuate Collection Set: 1.5ms
[2022-12-18T18:00:55.742+0900][gc,phases   ] GC(28)   Other: 1.0ms
[2022-12-18T18:00:55.742+0900][gc,heap     ] GC(28) Eden regions: 610->0(610)
[2022-12-18T18:00:55.742+0900][gc,heap     ] GC(28) Survivor regions: 4->4(77)
[2022-12-18T18:00:55.742+0900][gc,heap     ] GC(28) Old regions: 14->14
[2022-12-18T18:00:55.742+0900][gc,heap     ] GC(28) Archive regions: 2->2
[2022-12-18T18:00:55.742+0900][gc,heap     ] GC(28) Humongous regions: 129->129
[2022-12-18T18:00:55.742+0900][gc,metaspace] GC(28) Metaspace: 41186K(41728K)->41186K(41728K) NonClass: 36175K(36480K)->36175K(36480K) Class: 5011K(5248K)->5011K(5248K)
[2022-12-18T18:00:55.742+0900][gc          ] GC(28) Pause Young (Normal) (G1 Evacuation Pause) 757M->147M(1024M) 9.851ms
[2022-12-18T18:00:55.742+0900][gc,cpu      ] GC(28) User=0.01s Sys=0.01s Real=0.01s
[2022-12-18T18:01:03.325+0900][gc,start    ] GC(29) Pause Young (Normal) (G1 Evacuation Pause)
[2022-12-18T18:01:03.326+0900][gc,task     ] GC(29) Using 8 workers of 8 for evacuation
[2022-12-18T18:01:03.337+0900][gc,phases   ] GC(29)   Pre Evacuate Collection Set: 0.2ms
[2022-12-18T18:01:03.337+0900][gc,phases   ] GC(29)   Merge Heap Roots: 0.2ms
[2022-12-18T18:01:03.337+0900][gc,phases   ] GC(29)   Evacuate Collection Set: 9.9ms
[2022-12-18T18:01:03.337+0900][gc,phases   ] GC(29)   Post Evacuate Collection Set: 0.5ms
[2022-12-18T18:01:03.337+0900][gc,phases   ] GC(29)   Other: 0.9ms
[2022-12-18T18:01:03.337+0900][gc,heap     ] GC(29) Eden regions: 610->0(610)
[2022-12-18T18:01:03.337+0900][gc,heap     ] GC(29) Survivor regions: 4->4(77)
[2022-12-18T18:01:03.337+0900][gc,heap     ] GC(29) Old regions: 14->14
[2022-12-18T18:01:03.337+0900][gc,heap     ] GC(29) Archive regions: 2->2
[2022-12-18T18:01:03.337+0900][gc,heap     ] GC(29) Humongous regions: 129->129
[2022-12-18T18:01:03.337+0900][gc,metaspace] GC(29) Metaspace: 41186K(41728K)->41186K(41728K) NonClass: 36175K(36480K)->36175K(36480K) Class: 5011K(5248K)->5011K(5248K)
[2022-12-18T18:01:03.337+0900][gc          ] GC(29) Pause Young (Normal) (G1 Evacuation Pause) 757M->147M(1024M) 11.858ms
[2022-12-18T18:01:03.337+0900][gc,cpu      ] GC(29) User=0.01s Sys=0.02s Real=0.01s
[2022-12-18T18:01:11.002+0900][gc,start    ] GC(30) Pause Young (Normal) (G1 Evacuation Pause)
[2022-12-18T18:01:11.003+0900][gc,task     ] GC(30) Using 8 workers of 8 for evacuation
[2022-12-18T18:01:11.014+0900][gc,phases   ] GC(30)   Pre Evacuate Collection Set: 0.2ms
[2022-12-18T18:01:11.020+0900][gc,phases   ] GC(30)   Merge Heap Roots: 0.1ms
[2022-12-18T18:01:11.020+0900][gc,phases   ] GC(30)   Evacuate Collection Set: 9.7ms
[2022-12-18T18:01:11.020+0900][gc,phases   ] GC(30)   Post Evacuate Collection Set: 0.5ms
[2022-12-18T18:01:11.020+0900][gc,phases   ] GC(30)   Other: 1.0ms
[2022-12-18T18:01:11.020+0900][gc,heap     ] GC(30) Eden regions: 610->0(610)
[2022-12-18T18:01:11.020+0900][gc,heap     ] GC(30) Survivor regions: 4->4(77)
[2022-12-18T18:01:11.020+0900][gc,heap     ] GC(30) Old regions: 14->14
[2022-12-18T18:01:11.020+0900][gc,heap     ] GC(30) Archive regions: 2->2
[2022-12-18T18:01:11.020+0900][gc,heap     ] GC(30) Humongous regions: 129->129
[2022-12-18T18:01:11.020+0900][gc,metaspace] GC(30) Metaspace: 41186K(41728K)->41186K(41728K) NonClass: 36175K(36480K)->36175K(36480K) Class: 5011K(5248K)->5011K(5248K)
[2022-12-18T18:01:11.020+0900][gc          ] GC(30) Pause Young (Normal) (G1 Evacuation Pause) 757M->147M(1024M) 18.266ms
[2022-12-18T18:01:11.020+0900][gc,cpu      ] GC(30) User=0.01s Sys=0.02s Real=0.02s
[2022-12-18T18:01:18.144+0900][gc,start    ] GC(31) Pause Young (Normal) (G1 Evacuation Pause)
[2022-12-18T18:01:18.145+0900][gc,task     ] GC(31) Using 8 workers of 8 for evacuation
[2022-12-18T18:01:18.156+0900][gc,phases   ] GC(31)   Pre Evacuate Collection Set: 0.2ms
[2022-12-18T18:01:18.156+0900][gc,phases   ] GC(31)   Merge Heap Roots: 0.1ms
[2022-12-18T18:01:18.156+0900][gc,phases   ] GC(31)   Evacuate Collection Set: 10.6ms
[2022-12-18T18:01:18.156+0900][gc,phases   ] GC(31)   Post Evacuate Collection Set: 0.5ms
[2022-12-18T18:01:18.156+0900][gc,phases   ] GC(31)   Other: 0.9ms
[2022-12-18T18:01:18.156+0900][gc,heap     ] GC(31) Eden regions: 610->0(611)
[2022-12-18T18:01:18.156+0900][gc,heap     ] GC(31) Survivor regions: 4->3(77)
[2022-12-18T18:01:18.156+0900][gc,heap     ] GC(31) Old regions: 14->15
[2022-12-18T18:01:18.156+0900][gc,heap     ] GC(31) Archive regions: 2->2
[2022-12-18T18:01:18.156+0900][gc,heap     ] GC(31) Humongous regions: 129->129
[2022-12-18T18:01:18.156+0900][gc,metaspace] GC(31) Metaspace: 41186K(41728K)->41186K(41728K) NonClass: 36175K(36480K)->36175K(36480K) Class: 5011K(5248K)->5011K(5248K)
[2022-12-18T18:01:18.156+0900][gc          ] GC(31) Pause Young (Normal) (G1 Evacuation Pause) 757M->147M(1024M) 12.409ms
[2022-12-18T18:01:18.156+0900][gc,cpu      ] GC(31) User=0.01s Sys=0.02s Real=0.01s
[2022-12-18T18:01:46.709+0900][gc,start    ] GC(32) Pause Young (Normal) (G1 Evacuation Pause)
[2022-12-18T18:01:46.710+0900][gc,task     ] GC(32) Using 8 workers of 8 for evacuation
[2022-12-18T18:01:46.722+0900][gc,phases   ] GC(32)   Pre Evacuate Collection Set: 0.2ms
[2022-12-18T18:01:46.722+0900][gc,phases   ] GC(32)   Merge Heap Roots: 0.1ms
[2022-12-18T18:01:46.722+0900][gc,phases   ] GC(32)   Evacuate Collection Set: 8.5ms
[2022-12-18T18:01:46.722+0900][gc,phases   ] GC(32)   Post Evacuate Collection Set: 3.1ms
[2022-12-18T18:01:46.722+0900][gc,phases   ] GC(32)   Other: 1.0ms
[2022-12-18T18:01:46.722+0900][gc,heap     ] GC(32) Eden regions: 611->0(611)
[2022-12-18T18:01:46.722+0900][gc,heap     ] GC(32) Survivor regions: 3->3(77)
[2022-12-18T18:01:46.722+0900][gc,heap     ] GC(32) Old regions: 15->15
[2022-12-18T18:01:46.722+0900][gc,heap     ] GC(32) Archive regions: 2->2
[2022-12-18T18:01:46.722+0900][gc,heap     ] GC(32) Humongous regions: 129->129
[2022-12-18T18:01:46.722+0900][gc,metaspace] GC(32) Metaspace: 41187K(41728K)->41187K(41728K) NonClass: 36175K(36480K)->36175K(36480K) Class: 5011K(5248K)->5011K(5248K)
[2022-12-18T18:01:46.722+0900][gc          ] GC(32) Pause Young (Normal) (G1 Evacuation Pause) 758M->147M(1024M) 12.963ms
[2022-12-18T18:01:46.722+0900][gc,cpu      ] GC(32) User=0.01s Sys=0.02s Real=0.02s
[2022-12-18T18:01:54.839+0900][gc,start    ] GC(33) Pause Young (Normal) (G1 Evacuation Pause)
[2022-12-18T18:01:54.840+0900][gc,task     ] GC(33) Using 8 workers of 8 for evacuation
[2022-12-18T18:01:54.847+0900][gc,phases   ] GC(33)   Pre Evacuate Collection Set: 0.2ms
[2022-12-18T18:01:54.847+0900][gc,phases   ] GC(33)   Merge Heap Roots: 0.1ms
[2022-12-18T18:01:54.847+0900][gc,phases   ] GC(33)   Evacuate Collection Set: 5.1ms
[2022-12-18T18:01:54.847+0900][gc,phases   ] GC(33)   Post Evacuate Collection Set: 2.2ms
[2022-12-18T18:01:54.847+0900][gc,phases   ] GC(33)   Other: 1.1ms
[2022-12-18T18:01:54.847+0900][gc,heap     ] GC(33) Eden regions: 611->0(611)
[2022-12-18T18:01:54.847+0900][gc,heap     ] GC(33) Survivor regions: 3->3(77)
[2022-12-18T18:01:54.847+0900][gc,heap     ] GC(33) Old regions: 15->15
[2022-12-18T18:01:54.847+0900][gc,heap     ] GC(33) Archive regions: 2->2
[2022-12-18T18:01:54.847+0900][gc,heap     ] GC(33) Humongous regions: 129->129
[2022-12-18T18:01:54.847+0900][gc,metaspace] GC(33) Metaspace: 41187K(41728K)->41187K(41728K) NonClass: 36175K(36480K)->36175K(36480K) Class: 5011K(5248K)->5011K(5248K)
[2022-12-18T18:01:54.848+0900][gc          ] GC(33) Pause Young (Normal) (G1 Evacuation Pause) 758M->147M(1024M) 8.884ms
[2022-12-18T18:01:54.848+0900][gc,cpu      ] GC(33) User=0.01s Sys=0.01s Real=0.01s
[2022-12-18T18:02:02.387+0900][gc,start    ] GC(34) Pause Young (Normal) (G1 Evacuation Pause)
[2022-12-18T18:02:02.388+0900][gc,task     ] GC(34) Using 8 workers of 8 for evacuation
[2022-12-18T18:02:02.399+0900][gc,phases   ] GC(34)   Pre Evacuate Collection Set: 0.3ms
[2022-12-18T18:02:02.399+0900][gc,phases   ] GC(34)   Merge Heap Roots: 0.1ms
[2022-12-18T18:02:02.399+0900][gc,phases   ] GC(34)   Evacuate Collection Set: 4.7ms
[2022-12-18T18:02:02.399+0900][gc,phases   ] GC(34)   Post Evacuate Collection Set: 3.9ms
[2022-12-18T18:02:02.399+0900][gc,phases   ] GC(34)   Other: 2.2ms
[2022-12-18T18:02:02.399+0900][gc,heap     ] GC(34) Eden regions: 611->0(611)
[2022-12-18T18:02:02.399+0900][gc,heap     ] GC(34) Survivor regions: 3->3(77)
[2022-12-18T18:02:02.399+0900][gc,heap     ] GC(34) Old regions: 15->15
[2022-12-18T18:02:02.399+0900][gc,heap     ] GC(34) Archive regions: 2->2
[2022-12-18T18:02:02.399+0900][gc,heap     ] GC(34) Humongous regions: 129->129
[2022-12-18T18:02:02.399+0900][gc,metaspace] GC(34) Metaspace: 41189K(41728K)->41189K(41728K) NonClass: 36178K(36480K)->36178K(36480K) Class: 5011K(5248K)->5011K(5248K)
[2022-12-18T18:02:02.399+0900][gc          ] GC(34) Pause Young (Normal) (G1 Evacuation Pause) 758M->147M(1024M) 11.235ms
[2022-12-18T18:02:02.399+0900][gc,cpu      ] GC(34) User=0.00s Sys=0.02s Real=0.01s
[2022-12-18T18:02:10.647+0900][gc,start    ] GC(35) Pause Young (Normal) (G1 Evacuation Pause)
[2022-12-18T18:02:10.648+0900][gc,task     ] GC(35) Using 8 workers of 8 for evacuation
[2022-12-18T18:02:10.658+0900][gc,phases   ] GC(35)   Pre Evacuate Collection Set: 0.2ms
[2022-12-18T18:02:10.658+0900][gc,phases   ] GC(35)   Merge Heap Roots: 0.1ms
[2022-12-18T18:02:10.658+0900][gc,phases   ] GC(35)   Evacuate Collection Set: 8.9ms
[2022-12-18T18:02:10.658+0900][gc,phases   ] GC(35)   Post Evacuate Collection Set: 0.6ms
[2022-12-18T18:02:10.658+0900][gc,phases   ] GC(35)   Other: 1.0ms
[2022-12-18T18:02:10.658+0900][gc,heap     ] GC(35) Eden regions: 611->0(611)
[2022-12-18T18:02:10.658+0900][gc,heap     ] GC(35) Survivor regions: 3->3(77)
[2022-12-18T18:02:10.658+0900][gc,heap     ] GC(35) Old regions: 15->15
[2022-12-18T18:02:10.658+0900][gc,heap     ] GC(35) Archive regions: 2->2
[2022-12-18T18:02:10.658+0900][gc,heap     ] GC(35) Humongous regions: 129->129
[2022-12-18T18:02:10.658+0900][gc,metaspace] GC(35) Metaspace: 41189K(41728K)->41189K(41728K) NonClass: 36178K(36480K)->36178K(36480K) Class: 5011K(5248K)->5011K(5248K)
[2022-12-18T18:02:10.658+0900][gc          ] GC(35) Pause Young (Normal) (G1 Evacuation Pause) 758M->147M(1024M) 10.822ms
[2022-12-18T18:02:10.658+0900][gc,cpu      ] GC(35) User=0.00s Sys=0.02s Real=0.01s
[2022-12-18T18:02:17.700+0900][gc,start    ] GC(36) Pause Young (Normal) (G1 Evacuation Pause)
[2022-12-18T18:02:17.700+0900][gc,task     ] GC(36) Using 8 workers of 8 for evacuation
[2022-12-18T18:02:17.708+0900][gc,phases   ] GC(36)   Pre Evacuate Collection Set: 0.2ms
[2022-12-18T18:02:17.708+0900][gc,phases   ] GC(36)   Merge Heap Roots: 0.2ms
[2022-12-18T18:02:17.708+0900][gc,phases   ] GC(36)   Evacuate Collection Set: 3.3ms
[2022-12-18T18:02:17.708+0900][gc,phases   ] GC(36)   Post Evacuate Collection Set: 4.1ms
[2022-12-18T18:02:17.708+0900][gc,phases   ] GC(36)   Other: 0.5ms
[2022-12-18T18:02:17.708+0900][gc,heap     ] GC(36) Eden regions: 611->0(611)
[2022-12-18T18:02:17.708+0900][gc,heap     ] GC(36) Survivor regions: 3->3(77)
[2022-12-18T18:02:17.708+0900][gc,heap     ] GC(36) Old regions: 15->15
[2022-12-18T18:02:17.708+0900][gc,heap     ] GC(36) Archive regions: 2->2
[2022-12-18T18:02:17.708+0900][gc,heap     ] GC(36) Humongous regions: 129->129
[2022-12-18T18:02:17.708+0900][gc,metaspace] GC(36) Metaspace: 41189K(41728K)->41189K(41728K) NonClass: 36178K(36480K)->36178K(36480K) Class: 5011K(5248K)->5011K(5248K)
[2022-12-18T18:02:17.708+0900][gc          ] GC(36) Pause Young (Normal) (G1 Evacuation Pause) 758M->147M(1024M) 8.419ms
[2022-12-18T18:02:17.708+0900][gc,cpu      ] GC(36) User=0.01s Sys=0.01s Real=0.00s
[2022-12-18T18:02:25.362+0900][gc,start    ] GC(37) Pause Young (Normal) (G1 Evacuation Pause)
[2022-12-18T18:02:25.363+0900][gc,task     ] GC(37) Using 8 workers of 8 for evacuation
[2022-12-18T18:02:25.371+0900][gc,phases   ] GC(37)   Pre Evacuate Collection Set: 0.2ms
[2022-12-18T18:02:25.371+0900][gc,phases   ] GC(37)   Merge Heap Roots: 0.1ms
[2022-12-18T18:02:25.371+0900][gc,phases   ] GC(37)   Evacuate Collection Set: 7.1ms
[2022-12-18T18:02:25.371+0900][gc,phases   ] GC(37)   Post Evacuate Collection Set: 0.7ms
[2022-12-18T18:02:25.371+0900][gc,phases   ] GC(37)   Other: 1.0ms
[2022-12-18T18:02:25.371+0900][gc,heap     ] GC(37) Eden regions: 611->0(611)
[2022-12-18T18:02:25.371+0900][gc,heap     ] GC(37) Survivor regions: 3->3(77)
[2022-12-18T18:02:25.371+0900][gc,heap     ] GC(37) Old regions: 15->15
[2022-12-18T18:02:25.371+0900][gc,heap     ] GC(37) Archive regions: 2->2
[2022-12-18T18:02:25.371+0900][gc,heap     ] GC(37) Humongous regions: 129->129
[2022-12-18T18:02:25.371+0900][gc,metaspace] GC(37) Metaspace: 41189K(41728K)->41189K(41728K) NonClass: 36178K(36480K)->36178K(36480K) Class: 5011K(5248K)->5011K(5248K)
[2022-12-18T18:02:25.371+0900][gc          ] GC(37) Pause Young (Normal) (G1 Evacuation Pause) 758M->147M(1024M) 9.118ms
[2022-12-18T18:02:25.371+0900][gc,cpu      ] GC(37) User=0.01s Sys=0.02s Real=0.01s
[2022-12-18T18:02:33.727+0900][gc,start    ] GC(38) Pause Young (Normal) (G1 Evacuation Pause)
[2022-12-18T18:02:33.728+0900][gc,task     ] GC(38) Using 8 workers of 8 for evacuation
[2022-12-18T18:02:33.740+0900][gc,phases   ] GC(38)   Pre Evacuate Collection Set: 1.5ms
[2022-12-18T18:02:33.740+0900][gc,phases   ] GC(38)   Merge Heap Roots: 0.2ms
[2022-12-18T18:02:33.740+0900][gc,phases   ] GC(38)   Evacuate Collection Set: 4.0ms
[2022-12-18T18:02:33.740+0900][gc,phases   ] GC(38)   Post Evacuate Collection Set: 4.5ms
[2022-12-18T18:02:33.740+0900][gc,phases   ] GC(38)   Other: 3.0ms
[2022-12-18T18:02:33.740+0900][gc,heap     ] GC(38) Eden regions: 611->0(610)
[2022-12-18T18:02:33.740+0900][gc,heap     ] GC(38) Survivor regions: 3->4(77)
[2022-12-18T18:02:33.740+0900][gc,heap     ] GC(38) Old regions: 15->15
[2022-12-18T18:02:33.740+0900][gc,heap     ] GC(38) Archive regions: 2->2
[2022-12-18T18:02:33.740+0900][gc,heap     ] GC(38) Humongous regions: 129->129
[2022-12-18T18:02:33.740+0900][gc,metaspace] GC(38) Metaspace: 41189K(41728K)->41189K(41728K) NonClass: 36178K(36480K)->36178K(36480K) Class: 5011K(5248K)->5011K(5248K)
[2022-12-18T18:02:33.740+0900][gc          ] GC(38) Pause Young (Normal) (G1 Evacuation Pause) 758M->148M(1024M) 13.251ms
[2022-12-18T18:02:33.741+0900][gc,cpu      ] GC(38) User=0.01s Sys=0.02s Real=0.02s
[2022-12-18T18:02:41.172+0900][gc,start    ] GC(39) Pause Young (Normal) (G1 Evacuation Pause)
[2022-12-18T18:02:41.172+0900][gc,task     ] GC(39) Using 8 workers of 8 for evacuation
[2022-12-18T18:02:41.182+0900][gc,phases   ] GC(39)   Pre Evacuate Collection Set: 0.2ms
[2022-12-18T18:02:41.182+0900][gc,phases   ] GC(39)   Merge Heap Roots: 0.1ms
[2022-12-18T18:02:41.182+0900][gc,phases   ] GC(39)   Evacuate Collection Set: 8.7ms
[2022-12-18T18:02:41.182+0900][gc,phases   ] GC(39)   Post Evacuate Collection Set: 0.7ms
[2022-12-18T18:02:41.182+0900][gc,phases   ] GC(39)   Other: 0.4ms
[2022-12-18T18:02:41.182+0900][gc,heap     ] GC(39) Eden regions: 610->0(610)
[2022-12-18T18:02:41.182+0900][gc,heap     ] GC(39) Survivor regions: 4->4(77)
[2022-12-18T18:02:41.182+0900][gc,heap     ] GC(39) Old regions: 15->15
[2022-12-18T18:02:41.182+0900][gc,heap     ] GC(39) Archive regions: 2->2
[2022-12-18T18:02:41.182+0900][gc,heap     ] GC(39) Humongous regions: 129->129
[2022-12-18T18:02:41.182+0900][gc,metaspace] GC(39) Metaspace: 41193K(41728K)->41193K(41728K) NonClass: 36182K(36480K)->36182K(36480K) Class: 5011K(5248K)->5011K(5248K)
[2022-12-18T18:02:41.182+0900][gc          ] GC(39) Pause Young (Normal) (G1 Evacuation Pause) 758M->148M(1024M) 10.107ms
[2022-12-18T18:02:41.182+0900][gc,cpu      ] GC(39) User=0.01s Sys=0.02s Real=0.01s
[2022-12-18T18:02:48.240+0900][gc,start    ] GC(40) Pause Young (Normal) (G1 Evacuation Pause)
[2022-12-18T18:02:48.241+0900][gc,task     ] GC(40) Using 8 workers of 8 for evacuation
[2022-12-18T18:02:48.253+0900][gc,phases   ] GC(40)   Pre Evacuate Collection Set: 0.2ms
[2022-12-18T18:02:48.253+0900][gc,phases   ] GC(40)   Merge Heap Roots: 0.1ms
[2022-12-18T18:02:48.253+0900][gc,phases   ] GC(40)   Evacuate Collection Set: 11.4ms
[2022-12-18T18:02:48.253+0900][gc,phases   ] GC(40)   Post Evacuate Collection Set: 0.6ms
[2022-12-18T18:02:48.253+0900][gc,phases   ] GC(40)   Other: 1.0ms
[2022-12-18T18:02:48.253+0900][gc,heap     ] GC(40) Eden regions: 610->0(609)
[2022-12-18T18:02:48.253+0900][gc,heap     ] GC(40) Survivor regions: 4->5(77)
[2022-12-18T18:02:48.253+0900][gc,heap     ] GC(40) Old regions: 15->16
[2022-12-18T18:02:48.253+0900][gc,heap     ] GC(40) Archive regions: 2->2
[2022-12-18T18:02:48.253+0900][gc,heap     ] GC(40) Humongous regions: 129->129
[2022-12-18T18:02:48.253+0900][gc,metaspace] GC(40) Metaspace: 41193K(41728K)->41193K(41728K) NonClass: 36182K(36480K)->36182K(36480K) Class: 5011K(5248K)->5011K(5248K)
[2022-12-18T18:02:48.253+0900][gc          ] GC(40) Pause Young (Normal) (G1 Evacuation Pause) 758M->149M(1024M) 13.457ms
[2022-12-18T18:02:48.253+0900][gc,cpu      ] GC(40) User=0.01s Sys=0.02s Real=0.01s
[2022-12-18T18:02:56.017+0900][gc,start    ] GC(41) Pause Young (Normal) (G1 Evacuation Pause)
[2022-12-18T18:02:56.018+0900][gc,task     ] GC(41) Using 8 workers of 8 for evacuation
[2022-12-18T18:02:56.028+0900][gc,phases   ] GC(41)   Pre Evacuate Collection Set: 0.2ms
[2022-12-18T18:02:56.028+0900][gc,phases   ] GC(41)   Merge Heap Roots: 0.1ms
[2022-12-18T18:02:56.028+0900][gc,phases   ] GC(41)   Evacuate Collection Set: 9.8ms
[2022-12-18T18:02:56.028+0900][gc,phases   ] GC(41)   Post Evacuate Collection Set: 0.5ms
[2022-12-18T18:02:56.028+0900][gc,phases   ] GC(41)   Other: 1.0ms
[2022-12-18T18:02:56.028+0900][gc,heap     ] GC(41) Eden regions: 609->0(609)
[2022-12-18T18:02:56.028+0900][gc,heap     ] GC(41) Survivor regions: 5->5(77)
[2022-12-18T18:02:56.028+0900][gc,heap     ] GC(41) Old regions: 16->16
[2022-12-18T18:02:56.028+0900][gc,heap     ] GC(41) Archive regions: 2->2
[2022-12-18T18:02:56.028+0900][gc,heap     ] GC(41) Humongous regions: 129->129
[2022-12-18T18:02:56.028+0900][gc,metaspace] GC(41) Metaspace: 41193K(41728K)->41193K(41728K) NonClass: 36182K(36480K)->36182K(36480K) Class: 5011K(5248K)->5011K(5248K)
[2022-12-18T18:02:56.028+0900][gc          ] GC(41) Pause Young (Normal) (G1 Evacuation Pause) 758M->149M(1024M) 11.694ms
[2022-12-18T18:02:56.028+0900][gc,cpu      ] GC(41) User=0.01s Sys=0.03s Real=0.01s
[2022-12-18T18:03:02.455+0900][gc,start    ] GC(42) Pause Young (Normal) (G1 Evacuation Pause)
[2022-12-18T18:03:02.456+0900][gc,task     ] GC(42) Using 8 workers of 8 for evacuation
[2022-12-18T18:03:02.467+0900][gc,phases   ] GC(42)   Pre Evacuate Collection Set: 0.2ms
[2022-12-18T18:03:02.467+0900][gc,phases   ] GC(42)   Merge Heap Roots: 0.1ms
[2022-12-18T18:03:02.467+0900][gc,phases   ] GC(42)   Evacuate Collection Set: 8.2ms
[2022-12-18T18:03:02.467+0900][gc,phases   ] GC(42)   Post Evacuate Collection Set: 2.4ms
[2022-12-18T18:03:02.467+0900][gc,phases   ] GC(42)   Other: 0.5ms
[2022-12-18T18:03:02.467+0900][gc,heap     ] GC(42) Eden regions: 609->0(609)
[2022-12-18T18:03:02.467+0900][gc,heap     ] GC(42) Survivor regions: 5->5(77)
[2022-12-18T18:03:02.467+0900][gc,heap     ] GC(42) Old regions: 16->16
[2022-12-18T18:03:02.467+0900][gc,heap     ] GC(42) Archive regions: 2->2
[2022-12-18T18:03:02.467+0900][gc,heap     ] GC(42) Humongous regions: 129->129
[2022-12-18T18:03:02.467+0900][gc,metaspace] GC(42) Metaspace: 41193K(41728K)->41193K(41728K) NonClass: 36182K(36480K)->36182K(36480K) Class: 5011K(5248K)->5011K(5248K)
[2022-12-18T18:03:02.467+0900][gc          ] GC(42) Pause Young (Normal) (G1 Evacuation Pause) 758M->149M(1024M) 11.501ms
[2022-12-18T18:03:02.467+0900][gc,cpu      ] GC(42) User=0.01s Sys=0.01s Real=0.01s
[2022-12-18T18:03:09.695+0900][gc,start    ] GC(43) Pause Young (Normal) (G1 Evacuation Pause)
[2022-12-18T18:03:09.696+0900][gc,task     ] GC(43) Using 8 workers of 8 for evacuation
[2022-12-18T18:03:09.706+0900][gc,phases   ] GC(43)   Pre Evacuate Collection Set: 0.3ms
[2022-12-18T18:03:09.706+0900][gc,phases   ] GC(43)   Merge Heap Roots: 0.1ms
[2022-12-18T18:03:09.706+0900][gc,phases   ] GC(43)   Evacuate Collection Set: 9.2ms
[2022-12-18T18:03:09.706+0900][gc,phases   ] GC(43)   Post Evacuate Collection Set: 0.6ms
[2022-12-18T18:03:09.706+0900][gc,phases   ] GC(43)   Other: 1.0ms
[2022-12-18T18:03:09.706+0900][gc,heap     ] GC(43) Eden regions: 609->0(609)
[2022-12-18T18:03:09.706+0900][gc,heap     ] GC(43) Survivor regions: 5->5(77)
[2022-12-18T18:03:09.706+0900][gc,heap     ] GC(43) Old regions: 16->16
[2022-12-18T18:03:09.706+0900][gc,heap     ] GC(43) Archive regions: 2->2
[2022-12-18T18:03:09.706+0900][gc,heap     ] GC(43) Humongous regions: 129->129
[2022-12-18T18:03:09.706+0900][gc,metaspace] GC(43) Metaspace: 41193K(41728K)->41193K(41728K) NonClass: 36182K(36480K)->36182K(36480K) Class: 5011K(5248K)->5011K(5248K)
[2022-12-18T18:03:09.706+0900][gc          ] GC(43) Pause Young (Normal) (G1 Evacuation Pause) 758M->150M(1024M) 11.251ms
[2022-12-18T18:03:09.706+0900][gc,cpu      ] GC(43) User=0.02s Sys=0.02s Real=0.01s
[2022-12-18T18:03:16.764+0900][gc,start    ] GC(44) Pause Young (Normal) (G1 Evacuation Pause)
[2022-12-18T18:03:16.765+0900][gc,task     ] GC(44) Using 8 workers of 8 for evacuation
[2022-12-18T18:03:16.776+0900][gc,phases   ] GC(44)   Pre Evacuate Collection Set: 0.2ms
[2022-12-18T18:03:16.776+0900][gc,phases   ] GC(44)   Merge Heap Roots: 0.1ms
[2022-12-18T18:03:16.776+0900][gc,phases   ] GC(44)   Evacuate Collection Set: 10.5ms
[2022-12-18T18:03:16.776+0900][gc,phases   ] GC(44)   Post Evacuate Collection Set: 0.5ms
[2022-12-18T18:03:16.776+0900][gc,phases   ] GC(44)   Other: 1.0ms
[2022-12-18T18:03:16.776+0900][gc,heap     ] GC(44) Eden regions: 609->0(608)
[2022-12-18T18:03:16.776+0900][gc,heap     ] GC(44) Survivor regions: 5->6(77)
[2022-12-18T18:03:16.776+0900][gc,heap     ] GC(44) Old regions: 16->16
[2022-12-18T18:03:16.776+0900][gc,heap     ] GC(44) Archive regions: 2->2
[2022-12-18T18:03:16.776+0900][gc,heap     ] GC(44) Humongous regions: 129->129
[2022-12-18T18:03:16.776+0900][gc,metaspace] GC(44) Metaspace: 41193K(41728K)->41193K(41728K) NonClass: 36182K(36480K)->36182K(36480K) Class: 5011K(5248K)->5011K(5248K)
[2022-12-18T18:03:16.776+0900][gc          ] GC(44) Pause Young (Normal) (G1 Evacuation Pause) 759M->150M(1024M) 12.350ms
[2022-12-18T18:03:16.776+0900][gc,cpu      ] GC(44) User=0.01s Sys=0.03s Real=0.01s
[2022-12-18T18:37:14.364+0900][gc,start    ] GC(45) Pause Young (Normal) (G1 Evacuation Pause)
[2022-12-18T18:37:14.366+0900][gc,task     ] GC(45) Using 8 workers of 8 for evacuation
[2022-12-18T18:37:14.434+0900][gc,mmu      ] GC(45) MMU target violated: 21.0ms (20.0ms/21.0ms)
[2022-12-18T18:37:14.434+0900][gc,phases   ] GC(45)   Pre Evacuate Collection Set: 0.5ms
[2022-12-18T18:37:14.434+0900][gc,phases   ] GC(45)   Merge Heap Roots: 1.0ms
[2022-12-18T18:37:14.434+0900][gc,phases   ] GC(45)   Evacuate Collection Set: 64.3ms
[2022-12-18T18:37:14.434+0900][gc,phases   ] GC(45)   Post Evacuate Collection Set: 1.6ms
[2022-12-18T18:37:14.434+0900][gc,phases   ] GC(45)   Other: 4.1ms
[2022-12-18T18:37:14.434+0900][gc,heap     ] GC(45) Eden regions: 608->0(29)
[2022-12-18T18:37:14.434+0900][gc,heap     ] GC(45) Survivor regions: 6->22(77)
[2022-12-18T18:37:14.434+0900][gc,heap     ] GC(45) Old regions: 16->16
[2022-12-18T18:37:14.434+0900][gc,heap     ] GC(45) Archive regions: 2->2
[2022-12-18T18:37:14.434+0900][gc,heap     ] GC(45) Humongous regions: 129->129
[2022-12-18T18:37:14.434+0900][gc,metaspace] GC(45) Metaspace: 41209K(41728K)->41209K(41728K) NonClass: 36198K(36480K)->36198K(36480K) Class: 5011K(5248K)->5011K(5248K)
[2022-12-18T18:37:14.434+0900][gc          ] GC(45) Pause Young (Normal) (G1 Evacuation Pause) 758M->167M(1024M) 71.615ms
[2022-12-18T18:37:14.434+0900][gc,cpu      ] GC(45) User=0.08s Sys=0.09s Real=0.07s
[2022-12-18T18:40:57.271+0900][gc,start    ] GC(46) Pause Young (Normal) (G1 Evacuation Pause)
[2022-12-18T18:40:57.273+0900][gc,task     ] GC(46) Using 8 workers of 8 for evacuation
[2022-12-18T18:40:57.316+0900][gc,mmu      ] GC(46) MMU target violated: 21.0ms (20.0ms/21.0ms)
[2022-12-18T18:40:57.316+0900][gc,phases   ] GC(46)   Pre Evacuate Collection Set: 0.8ms
[2022-12-18T18:40:57.316+0900][gc,phases   ] GC(46)   Merge Heap Roots: 0.4ms
[2022-12-18T18:40:57.316+0900][gc,phases   ] GC(46)   Evacuate Collection Set: 40.2ms
[2022-12-18T18:40:57.316+0900][gc,phases   ] GC(46)   Post Evacuate Collection Set: 1.9ms
[2022-12-18T18:40:57.316+0900][gc,phases   ] GC(46)   Other: 3.0ms
[2022-12-18T18:40:57.316+0900][gc,heap     ] GC(46) Eden regions: 29->0(45)
[2022-12-18T18:40:57.316+0900][gc,heap     ] GC(46) Survivor regions: 22->6(7)
[2022-12-18T18:40:57.316+0900][gc,heap     ] GC(46) Old regions: 16->36
[2022-12-18T18:40:57.316+0900][gc,heap     ] GC(46) Archive regions: 2->2
[2022-12-18T18:40:57.316+0900][gc,heap     ] GC(46) Humongous regions: 129->129
[2022-12-18T18:40:57.316+0900][gc,metaspace] GC(46) Metaspace: 41211K(41728K)->41211K(41728K) NonClass: 36200K(36480K)->36200K(36480K) Class: 5011K(5248K)->5011K(5248K)
[2022-12-18T18:40:57.317+0900][gc          ] GC(46) Pause Young (Normal) (G1 Evacuation Pause) 196M->171M(1024M) 46.613ms
[2022-12-18T18:40:57.317+0900][gc,cpu      ] GC(46) User=0.08s Sys=0.05s Real=0.04s
[2022-12-18T18:46:45.766+0900][gc,start    ] GC(47) Pause Young (Normal) (G1 Evacuation Pause)
[2022-12-18T18:46:45.779+0900][gc,task     ] GC(47) Using 8 workers of 8 for evacuation
[2022-12-18T18:46:45.807+0900][gc,mmu      ] GC(47) MMU target violated: 21.0ms (20.0ms/21.0ms)
[2022-12-18T18:46:45.807+0900][gc,phases   ] GC(47)   Pre Evacuate Collection Set: 0.6ms
[2022-12-18T18:46:45.807+0900][gc,phases   ] GC(47)   Merge Heap Roots: 0.2ms
[2022-12-18T18:46:45.807+0900][gc,phases   ] GC(47)   Evacuate Collection Set: 26.0ms
[2022-12-18T18:46:45.807+0900][gc,phases   ] GC(47)   Post Evacuate Collection Set: 0.6ms
[2022-12-18T18:46:45.807+0900][gc,phases   ] GC(47)   Other: 14.2ms
[2022-12-18T18:46:45.807+0900][gc,heap     ] GC(47) Eden regions: 45->0(44)
[2022-12-18T18:46:45.807+0900][gc,heap     ] GC(47) Survivor regions: 6->7(7)
[2022-12-18T18:46:45.807+0900][gc,heap     ] GC(47) Old regions: 36->39
[2022-12-18T18:46:45.807+0900][gc,heap     ] GC(47) Archive regions: 2->2
[2022-12-18T18:46:45.807+0900][gc,heap     ] GC(47) Humongous regions: 129->129
[2022-12-18T18:46:45.807+0900][gc,metaspace] GC(47) Metaspace: 41213K(41728K)->41213K(41728K) NonClass: 36202K(36480K)->36202K(36480K) Class: 5011K(5248K)->5011K(5248K)
[2022-12-18T18:46:45.807+0900][gc          ] GC(47) Pause Young (Normal) (G1 Evacuation Pause) 216M->175M(1024M) 41.780ms
[2022-12-18T18:46:45.807+0900][gc,cpu      ] GC(47) User=0.04s Sys=0.03s Real=0.04s
[2022-12-18T18:52:44.512+0900][gc,start    ] GC(48) Pause Young (Normal) (G1 Evacuation Pause)
[2022-12-18T18:52:44.514+0900][gc,task     ] GC(48) Using 8 workers of 8 for evacuation
[2022-12-18T18:52:44.536+0900][gc,mmu      ] GC(48) MMU target violated: 21.0ms (20.0ms/21.0ms)
[2022-12-18T18:52:44.536+0900][gc,phases   ] GC(48)   Pre Evacuate Collection Set: 0.7ms
[2022-12-18T18:52:44.536+0900][gc,phases   ] GC(48)   Merge Heap Roots: 0.5ms
[2022-12-18T18:52:44.536+0900][gc,phases   ] GC(48)   Evacuate Collection Set: 19.9ms
[2022-12-18T18:52:44.536+0900][gc,phases   ] GC(48)   Post Evacuate Collection Set: 0.7ms
[2022-12-18T18:52:44.536+0900][gc,phases   ] GC(48)   Other: 1.8ms
[2022-12-18T18:52:44.536+0900][gc,heap     ] GC(48) Eden regions: 44->0(66)
[2022-12-18T18:52:44.536+0900][gc,heap     ] GC(48) Survivor regions: 7->3(7)
[2022-12-18T18:52:44.536+0900][gc,heap     ] GC(48) Old regions: 39->43
[2022-12-18T18:52:44.536+0900][gc,heap     ] GC(48) Archive regions: 2->2
[2022-12-18T18:52:44.536+0900][gc,heap     ] GC(48) Humongous regions: 129->129
[2022-12-18T18:52:44.536+0900][gc,metaspace] GC(48) Metaspace: 41215K(41728K)->41215K(41728K) NonClass: 36203K(36480K)->36203K(36480K) Class: 5011K(5248K)->5011K(5248K)
[2022-12-18T18:52:44.536+0900][gc          ] GC(48) Pause Young (Normal) (G1 Evacuation Pause) 219M->174M(1024M) 23.735ms
[2022-12-18T18:52:44.536+0900][gc,cpu      ] GC(48) User=0.03s Sys=0.02s Real=0.02s
[2022-12-18T19:24:26.781+0900][gc,start    ] GC(49) Pause Young (Normal) (G1 Evacuation Pause)
[2022-12-18T19:24:26.782+0900][gc,task     ] GC(49) Using 8 workers of 8 for evacuation
[2022-12-18T19:24:26.817+0900][gc,mmu      ] GC(49) MMU target violated: 21.0ms (20.0ms/21.0ms)
[2022-12-18T19:24:26.817+0900][gc,phases   ] GC(49)   Pre Evacuate Collection Set: 1.6ms
[2022-12-18T19:24:26.817+0900][gc,phases   ] GC(49)   Merge Heap Roots: 0.9ms
[2022-12-18T19:24:26.817+0900][gc,phases   ] GC(49)   Evacuate Collection Set: 31.1ms
[2022-12-18T19:24:26.817+0900][gc,phases   ] GC(49)   Post Evacuate Collection Set: 0.4ms
[2022-12-18T19:24:26.817+0900][gc,phases   ] GC(49)   Other: 1.4ms
[2022-12-18T19:24:26.817+0900][gc,heap     ] GC(49) Eden regions: 66->0(44)
[2022-12-18T19:24:26.817+0900][gc,heap     ] GC(49) Survivor regions: 3->7(9)
[2022-12-18T19:24:26.817+0900][gc,heap     ] GC(49) Old regions: 43->43
[2022-12-18T19:24:26.817+0900][gc,heap     ] GC(49) Archive regions: 2->2
[2022-12-18T19:24:26.817+0900][gc,heap     ] GC(49) Humongous regions: 129->129
[2022-12-18T19:24:26.817+0900][gc,metaspace] GC(49) Metaspace: 41260K(41792K)->41260K(41792K) NonClass: 36241K(36544K)->36241K(36544K) Class: 5019K(5248K)->5019K(5248K)
[2022-12-18T19:24:26.817+0900][gc          ] GC(49) Pause Young (Normal) (G1 Evacuation Pause) 240M->179M(1024M) 35.349ms
[2022-12-18T19:24:26.817+0900][gc,cpu      ] GC(49) User=0.03s Sys=0.04s Real=0.03s
[2022-12-18T19:30:24.063+0900][gc,start    ] GC(50) Pause Young (Normal) (G1 Evacuation Pause)
[2022-12-18T19:30:24.063+0900][gc,task     ] GC(50) Using 8 workers of 8 for evacuation
[2022-12-18T19:30:24.090+0900][gc,mmu      ] GC(50) MMU target violated: 21.0ms (20.0ms/21.0ms)
[2022-12-18T19:30:24.090+0900][gc,phases   ] GC(50)   Pre Evacuate Collection Set: 0.5ms
[2022-12-18T19:30:24.090+0900][gc,phases   ] GC(50)   Merge Heap Roots: 0.2ms
[2022-12-18T19:30:24.090+0900][gc,phases   ] GC(50)   Evacuate Collection Set: 24.5ms
[2022-12-18T19:30:24.090+0900][gc,phases   ] GC(50)   Post Evacuate Collection Set: 1.1ms
[2022-12-18T19:30:24.090+0900][gc,phases   ] GC(50)   Other: 1.0ms
[2022-12-18T19:30:24.090+0900][gc,heap     ] GC(50) Eden regions: 44->0(46)
[2022-12-18T19:30:24.090+0900][gc,heap     ] GC(50) Survivor regions: 7->5(7)
[2022-12-18T19:30:24.090+0900][gc,heap     ] GC(50) Old regions: 43->49
[2022-12-18T19:30:24.090+0900][gc,heap     ] GC(50) Archive regions: 2->2
[2022-12-18T19:30:24.090+0900][gc,heap     ] GC(50) Humongous regions: 129->129
[2022-12-18T19:30:24.090+0900][gc,metaspace] GC(50) Metaspace: 41260K(41792K)->41260K(41792K) NonClass: 36241K(36544K)->36241K(36544K) Class: 5019K(5248K)->5019K(5248K)
[2022-12-18T19:30:24.090+0900][gc          ] GC(50) Pause Young (Normal) (G1 Evacuation Pause) 223M->182M(1024M) 27.425ms
[2022-12-18T19:30:24.091+0900][gc,cpu      ] GC(50) User=0.04s Sys=0.02s Real=0.03s
[2022-12-18T19:36:38.461+0900][gc,start    ] GC(51) Pause Young (Normal) (G1 Evacuation Pause)
[2022-12-18T19:36:38.462+0900][gc,task     ] GC(51) Using 8 workers of 8 for evacuation
[2022-12-18T19:36:38.493+0900][gc,mmu      ] GC(51) MMU target violated: 21.0ms (20.0ms/21.0ms)
[2022-12-18T19:36:38.493+0900][gc,phases   ] GC(51)   Pre Evacuate Collection Set: 0.6ms
[2022-12-18T19:36:38.493+0900][gc,phases   ] GC(51)   Merge Heap Roots: 0.3ms
[2022-12-18T19:36:38.493+0900][gc,phases   ] GC(51)   Evacuate Collection Set: 28.1ms
[2022-12-18T19:36:38.493+0900][gc,phases   ] GC(51)   Post Evacuate Collection Set: 1.3ms
[2022-12-18T19:36:38.493+0900][gc,phases   ] GC(51)   Other: 2.1ms
[2022-12-18T19:36:38.493+0900][gc,heap     ] GC(51) Eden regions: 46->0(46)
[2022-12-18T19:36:38.493+0900][gc,heap     ] GC(51) Survivor regions: 5->5(7)
[2022-12-18T19:36:38.493+0900][gc,heap     ] GC(51) Old regions: 49->53
[2022-12-18T19:36:38.493+0900][gc,heap     ] GC(51) Archive regions: 2->2
[2022-12-18T19:36:38.493+0900][gc,heap     ] GC(51) Humongous regions: 129->129
[2022-12-18T19:36:38.493+0900][gc,metaspace] GC(51) Metaspace: 41260K(41792K)->41260K(41792K) NonClass: 36241K(36544K)->36241K(36544K) Class: 5019K(5248K)->5019K(5248K)
[2022-12-18T19:36:38.493+0900][gc          ] GC(51) Pause Young (Normal) (G1 Evacuation Pause) 228M->186M(1024M) 32.666ms
[2022-12-18T19:36:38.493+0900][gc,cpu      ] GC(51) User=0.04s Sys=0.02s Real=0.03s
[2022-12-18T19:42:54.392+0900][gc,start    ] GC(52) Pause Young (Normal) (G1 Evacuation Pause)
[2022-12-18T19:42:54.393+0900][gc,task     ] GC(52) Using 8 workers of 8 for evacuation
[2022-12-18T19:42:54.420+0900][gc,mmu      ] GC(52) MMU target violated: 21.0ms (20.0ms/21.0ms)
[2022-12-18T19:42:54.420+0900][gc,phases   ] GC(52)   Pre Evacuate Collection Set: 0.4ms
[2022-12-18T19:42:54.420+0900][gc,phases   ] GC(52)   Merge Heap Roots: 0.2ms
[2022-12-18T19:42:54.420+0900][gc,phases   ] GC(52)   Evacuate Collection Set: 25.7ms
[2022-12-18T19:42:54.420+0900][gc,phases   ] GC(52)   Post Evacuate Collection Set: 0.7ms
[2022-12-18T19:42:54.420+0900][gc,phases   ] GC(52)   Other: 1.4ms
[2022-12-18T19:42:54.420+0900][gc,heap     ] GC(52) Eden regions: 46->0(46)
[2022-12-18T19:42:54.420+0900][gc,heap     ] GC(52) Survivor regions: 5->5(7)
[2022-12-18T19:42:54.420+0900][gc,heap     ] GC(52) Old regions: 53->56
[2022-12-18T19:42:54.420+0900][gc,heap     ] GC(52) Archive regions: 2->2
[2022-12-18T19:42:54.420+0900][gc,heap     ] GC(52) Humongous regions: 129->129
[2022-12-18T19:42:54.420+0900][gc,metaspace] GC(52) Metaspace: 41260K(41792K)->41260K(41792K) NonClass: 36241K(36544K)->36241K(36544K) Class: 5019K(5248K)->5019K(5248K)
[2022-12-18T19:42:54.420+0900][gc          ] GC(52) Pause Young (Normal) (G1 Evacuation Pause) 232M->190M(1024M) 28.402ms
[2022-12-18T19:42:54.420+0900][gc,cpu      ] GC(52) User=0.04s Sys=0.02s Real=0.03s
[2022-12-18T19:49:11.691+0900][gc,start    ] GC(53) Pause Young (Normal) (G1 Evacuation Pause)
[2022-12-18T19:49:11.692+0900][gc,task     ] GC(53) Using 8 workers of 8 for evacuation
[2022-12-18T19:49:11.709+0900][gc,phases   ] GC(53)   Pre Evacuate Collection Set: 0.5ms
[2022-12-18T19:49:11.709+0900][gc,phases   ] GC(53)   Merge Heap Roots: 0.1ms
[2022-12-18T19:49:11.709+0900][gc,phases   ] GC(53)   Evacuate Collection Set: 16.0ms
[2022-12-18T19:49:11.709+0900][gc,phases   ] GC(53)   Post Evacuate Collection Set: 0.7ms
[2022-12-18T19:49:11.709+0900][gc,phases   ] GC(53)   Other: 1.4ms
[2022-12-18T19:49:11.709+0900][gc,heap     ] GC(53) Eden regions: 46->0(47)
[2022-12-18T19:49:11.709+0900][gc,heap     ] GC(53) Survivor regions: 5->4(7)
[2022-12-18T19:49:11.709+0900][gc,heap     ] GC(53) Old regions: 56->60
[2022-12-18T19:49:11.709+0900][gc,heap     ] GC(53) Archive regions: 2->2
[2022-12-18T19:49:11.709+0900][gc,heap     ] GC(53) Humongous regions: 129->129
[2022-12-18T19:49:11.709+0900][gc,metaspace] GC(53) Metaspace: 41260K(41792K)->41260K(41792K) NonClass: 36241K(36544K)->36241K(36544K) Class: 5019K(5248K)->5019K(5248K)
[2022-12-18T19:49:11.709+0900][gc          ] GC(53) Pause Young (Normal) (G1 Evacuation Pause) 236M->193M(1024M) 18.949ms
[2022-12-18T19:49:11.710+0900][gc,cpu      ] GC(53) User=0.03s Sys=0.01s Real=0.02s
[2022-12-18T19:55:36.221+0900][gc,start    ] GC(54) Pause Young (Normal) (G1 Evacuation Pause)
[2022-12-18T19:55:36.222+0900][gc,task     ] GC(54) Using 8 workers of 8 for evacuation
[2022-12-18T19:55:36.248+0900][gc,mmu      ] GC(54) MMU target violated: 21.0ms (20.0ms/21.0ms)
[2022-12-18T19:55:36.248+0900][gc,phases   ] GC(54)   Pre Evacuate Collection Set: 0.7ms
[2022-12-18T19:55:36.248+0900][gc,phases   ] GC(54)   Merge Heap Roots: 0.2ms
[2022-12-18T19:55:36.248+0900][gc,phases   ] GC(54)   Evacuate Collection Set: 24.1ms
[2022-12-18T19:55:36.248+0900][gc,phases   ] GC(54)   Post Evacuate Collection Set: 0.7ms
[2022-12-18T19:55:36.248+0900][gc,phases   ] GC(54)   Other: 1.1ms
[2022-12-18T19:55:36.248+0900][gc,heap     ] GC(54) Eden regions: 47->0(46)
[2022-12-18T19:55:36.248+0900][gc,heap     ] GC(54) Survivor regions: 4->5(7)
[2022-12-18T19:55:36.248+0900][gc,heap     ] GC(54) Old regions: 60->63
[2022-12-18T19:55:36.248+0900][gc,heap     ] GC(54) Archive regions: 2->2
[2022-12-18T19:55:36.248+0900][gc,heap     ] GC(54) Humongous regions: 129->129
[2022-12-18T19:55:36.248+0900][gc,metaspace] GC(54) Metaspace: 41260K(41792K)->41260K(41792K) NonClass: 36241K(36544K)->36241K(36544K) Class: 5019K(5248K)->5019K(5248K)
[2022-12-18T19:55:36.248+0900][gc          ] GC(54) Pause Young (Normal) (G1 Evacuation Pause) 240M->197M(1024M) 26.937ms
[2022-12-18T19:55:36.248+0900][gc,cpu      ] GC(54) User=0.04s Sys=0.02s Real=0.02s
[2022-12-18T20:01:47.174+0900][gc,start    ] GC(55) Pause Young (Normal) (G1 Evacuation Pause)
[2022-12-18T20:01:47.175+0900][gc,task     ] GC(55) Using 8 workers of 8 for evacuation
[2022-12-18T20:01:47.201+0900][gc,mmu      ] GC(55) MMU target violated: 21.0ms (20.0ms/21.0ms)
[2022-12-18T20:01:47.201+0900][gc,phases   ] GC(55)   Pre Evacuate Collection Set: 0.6ms
[2022-12-18T20:01:47.201+0900][gc,phases   ] GC(55)   Merge Heap Roots: 0.3ms
[2022-12-18T20:01:47.201+0900][gc,phases   ] GC(55)   Evacuate Collection Set: 23.3ms
[2022-12-18T20:01:47.201+0900][gc,phases   ] GC(55)   Post Evacuate Collection Set: 1.5ms
[2022-12-18T20:01:47.201+0900][gc,phases   ] GC(55)   Other: 1.4ms
[2022-12-18T20:01:47.201+0900][gc,heap     ] GC(55) Eden regions: 46->0(45)
[2022-12-18T20:01:47.201+0900][gc,heap     ] GC(55) Survivor regions: 5->6(7)
[2022-12-18T20:01:47.201+0900][gc,heap     ] GC(55) Old regions: 63->67
[2022-12-18T20:01:47.201+0900][gc,heap     ] GC(55) Archive regions: 2->2
[2022-12-18T20:01:47.201+0900][gc,heap     ] GC(55) Humongous regions: 129->129
[2022-12-18T20:01:47.201+0900][gc,metaspace] GC(55) Metaspace: 41260K(41792K)->41260K(41792K) NonClass: 36241K(36544K)->36241K(36544K) Class: 5019K(5248K)->5019K(5248K)
[2022-12-18T20:01:47.201+0900][gc          ] GC(55) Pause Young (Normal) (G1 Evacuation Pause) 243M->201M(1024M) 27.165ms
[2022-12-18T20:01:47.201+0900][gc,cpu      ] GC(55) User=0.03s Sys=0.02s Real=0.03s
[2022-12-18T20:07:57.181+0900][gc,start    ] GC(56) Pause Young (Normal) (G1 Evacuation Pause)
[2022-12-18T20:07:57.182+0900][gc,task     ] GC(56) Using 8 workers of 8 for evacuation
[2022-12-18T20:07:57.197+0900][gc,phases   ] GC(56)   Pre Evacuate Collection Set: 0.5ms
[2022-12-18T20:07:57.197+0900][gc,phases   ] GC(56)   Merge Heap Roots: 0.2ms
[2022-12-18T20:07:57.197+0900][gc,phases   ] GC(56)   Evacuate Collection Set: 14.2ms
[2022-12-18T20:07:57.197+0900][gc,phases   ] GC(56)   Post Evacuate Collection Set: 0.6ms
[2022-12-18T20:07:57.197+0900][gc,phases   ] GC(56)   Other: 1.2ms
[2022-12-18T20:07:57.198+0900][gc,heap     ] GC(56) Eden regions: 45->0(46)
[2022-12-18T20:07:57.198+0900][gc,heap     ] GC(56) Survivor regions: 6->5(7)
[2022-12-18T20:07:57.198+0900][gc,heap     ] GC(56) Old regions: 67->71
[2022-12-18T20:07:57.198+0900][gc,heap     ] GC(56) Archive regions: 2->2
[2022-12-18T20:07:57.198+0900][gc,heap     ] GC(56) Humongous regions: 129->129
[2022-12-18T20:07:57.198+0900][gc,metaspace] GC(56) Metaspace: 41260K(41792K)->41260K(41792K) NonClass: 36241K(36544K)->36241K(36544K) Class: 5019K(5248K)->5019K(5248K)
[2022-12-18T20:07:57.198+0900][gc          ] GC(56) Pause Young (Normal) (G1 Evacuation Pause) 246M->205M(1024M) 17.016ms
[2022-12-18T20:07:57.198+0900][gc,cpu      ] GC(56) User=0.03s Sys=0.02s Real=0.01s
[2022-12-18T20:13:59.317+0900][gc,start    ] GC(57) Pause Young (Normal) (G1 Evacuation Pause)
[2022-12-18T20:13:59.317+0900][gc,task     ] GC(57) Using 8 workers of 8 for evacuation
[2022-12-18T20:13:59.334+0900][gc,phases   ] GC(57)   Pre Evacuate Collection Set: 0.4ms
[2022-12-18T20:13:59.334+0900][gc,phases   ] GC(57)   Merge Heap Roots: 0.2ms
[2022-12-18T20:13:59.334+0900][gc,phases   ] GC(57)   Evacuate Collection Set: 15.7ms
[2022-12-18T20:13:59.335+0900][gc,phases   ] GC(57)   Post Evacuate Collection Set: 1.1ms
[2022-12-18T20:13:59.335+0900][gc,phases   ] GC(57)   Other: 0.6ms
[2022-12-18T20:13:59.335+0900][gc,heap     ] GC(57) Eden regions: 46->0(60)
[2022-12-18T20:13:59.335+0900][gc,heap     ] GC(57) Survivor regions: 5->4(7)
[2022-12-18T20:13:59.335+0900][gc,heap     ] GC(57) Old regions: 71->74
[2022-12-18T20:13:59.335+0900][gc,heap     ] GC(57) Archive regions: 2->2
[2022-12-18T20:13:59.335+0900][gc,heap     ] GC(57) Humongous regions: 129->129
[2022-12-18T20:13:59.335+0900][gc,metaspace] GC(57) Metaspace: 41263K(41792K)->41263K(41792K) NonClass: 36244K(36544K)->36244K(36544K) Class: 5019K(5248K)->5019K(5248K)
[2022-12-18T20:13:59.335+0900][gc          ] GC(57) Pause Young (Normal) (G1 Evacuation Pause) 251M->206M(1024M) 18.034ms
[2022-12-18T20:13:59.335+0900][gc,cpu      ] GC(57) User=0.02s Sys=0.02s Real=0.02s
[2022-12-18T20:22:13.867+0900][gc,start    ] GC(58) Pause Young (Normal) (G1 Evacuation Pause)
[2022-12-18T20:22:13.867+0900][gc,task     ] GC(58) Using 8 workers of 8 for evacuation
[2022-12-18T20:22:13.904+0900][gc,mmu      ] GC(58) MMU target violated: 21.0ms (20.0ms/21.0ms)
[2022-12-18T20:22:13.904+0900][gc,phases   ] GC(58)   Pre Evacuate Collection Set: 0.6ms
[2022-12-18T20:22:13.904+0900][gc,phases   ] GC(58)   Merge Heap Roots: 0.2ms
[2022-12-18T20:22:13.904+0900][gc,phases   ] GC(58)   Evacuate Collection Set: 34.9ms
[2022-12-18T20:22:13.904+0900][gc,phases   ] GC(58)   Post Evacuate Collection Set: 1.3ms
[2022-12-18T20:22:13.904+0900][gc,phases   ] GC(58)   Other: 0.7ms
[2022-12-18T20:22:13.904+0900][gc,heap     ] GC(58) Eden regions: 60->0(46)
[2022-12-18T20:22:13.904+0900][gc,heap     ] GC(58) Survivor regions: 4->5(8)
[2022-12-18T20:22:13.904+0900][gc,heap     ] GC(58) Old regions: 74->74
[2022-12-18T20:22:13.904+0900][gc,heap     ] GC(58) Archive regions: 2->2
[2022-12-18T20:22:13.904+0900][gc,heap     ] GC(58) Humongous regions: 129->129
[2022-12-18T20:22:13.904+0900][gc,metaspace] GC(58) Metaspace: 41263K(41792K)->41263K(41792K) NonClass: 36244K(36544K)->36244K(36544K) Class: 5019K(5248K)->5019K(5248K)
[2022-12-18T20:22:13.905+0900][gc          ] GC(58) Pause Young (Normal) (G1 Evacuation Pause) 266M->208M(1024M) 37.673ms
[2022-12-18T20:22:13.905+0900][gc,cpu      ] GC(58) User=0.03s Sys=0.05s Real=0.04s
[2022-12-18T20:25:50.051+0900][gc,start    ] GC(59) Pause Young (Normal) (G1 Evacuation Pause)
[2022-12-18T20:25:50.052+0900][gc,task     ] GC(59) Using 8 workers of 8 for evacuation
[2022-12-18T20:25:50.056+0900][gc,phases   ] GC(59)   Pre Evacuate Collection Set: 0.2ms
[2022-12-18T20:25:50.056+0900][gc,phases   ] GC(59)   Merge Heap Roots: 0.1ms
[2022-12-18T20:25:50.056+0900][gc,phases   ] GC(59)   Evacuate Collection Set: 3.4ms
[2022-12-18T20:25:50.056+0900][gc,phases   ] GC(59)   Post Evacuate Collection Set: 0.2ms
[2022-12-18T20:25:50.056+0900][gc,phases   ] GC(59)   Other: 0.5ms
[2022-12-18T20:25:50.056+0900][gc,heap     ] GC(59) Eden regions: 46->0(53)
[2022-12-18T20:25:50.056+0900][gc,heap     ] GC(59) Survivor regions: 5->4(7)
[2022-12-18T20:25:50.056+0900][gc,heap     ] GC(59) Old regions: 74->76
[2022-12-18T20:25:50.056+0900][gc,heap     ] GC(59) Archive regions: 2->2
[2022-12-18T20:25:50.056+0900][gc,heap     ] GC(59) Humongous regions: 129->129
[2022-12-18T20:25:50.056+0900][gc,metaspace] GC(59) Metaspace: 41264K(41792K)->41264K(41792K) NonClass: 36245K(36544K)->36245K(36544K) Class: 5019K(5248K)->5019K(5248K)
[2022-12-18T20:25:50.056+0900][gc          ] GC(59) Pause Young (Normal) (G1 Evacuation Pause) 254M->208M(1024M) 4.484ms
[2022-12-18T20:25:50.056+0900][gc,cpu      ] GC(59) User=0.02s Sys=0.00s Real=0.00s
[2022-12-18T20:25:51.729+0900][gc,start    ] GC(60) Pause Young (Normal) (G1 Evacuation Pause)
[2022-12-18T20:25:51.729+0900][gc,task     ] GC(60) Using 8 workers of 8 for evacuation
[2022-12-18T20:25:51.734+0900][gc,phases   ] GC(60)   Pre Evacuate Collection Set: 0.2ms
[2022-12-18T20:25:51.734+0900][gc,phases   ] GC(60)   Merge Heap Roots: 0.2ms
[2022-12-18T20:25:51.734+0900][gc,phases   ] GC(60)   Evacuate Collection Set: 4.2ms
[2022-12-18T20:25:51.734+0900][gc,phases   ] GC(60)   Post Evacuate Collection Set: 0.4ms
[2022-12-18T20:25:51.734+0900][gc,phases   ] GC(60)   Other: 0.1ms
[2022-12-18T20:25:51.734+0900][gc,heap     ] GC(60) Eden regions: 53->0(92)
[2022-12-18T20:25:51.734+0900][gc,heap     ] GC(60) Survivor regions: 4->4(8)
[2022-12-18T20:25:51.734+0900][gc,heap     ] GC(60) Old regions: 76->76
[2022-12-18T20:25:51.734+0900][gc,heap     ] GC(60) Archive regions: 2->2
[2022-12-18T20:25:51.734+0900][gc,heap     ] GC(60) Humongous regions: 129->129
[2022-12-18T20:25:51.734+0900][gc,metaspace] GC(60) Metaspace: 41264K(41792K)->41264K(41792K) NonClass: 36245K(36544K)->36245K(36544K) Class: 5019K(5248K)->5019K(5248K)
[2022-12-18T20:25:51.734+0900][gc          ] GC(60) Pause Young (Normal) (G1 Evacuation Pause) 261M->209M(1024M) 5.181ms
[2022-12-18T20:25:51.734+0900][gc,cpu      ] GC(60) User=0.01s Sys=0.01s Real=0.01s
[2022-12-18T20:25:53.542+0900][gc,start    ] GC(61) Pause Young (Normal) (G1 Evacuation Pause)
[2022-12-18T20:25:53.542+0900][gc,task     ] GC(61) Using 8 workers of 8 for evacuation
[2022-12-18T20:25:53.549+0900][gc,phases   ] GC(61)   Pre Evacuate Collection Set: 0.1ms
[2022-12-18T20:25:53.549+0900][gc,phases   ] GC(61)   Merge Heap Roots: 0.1ms
[2022-12-18T20:25:53.549+0900][gc,phases   ] GC(61)   Evacuate Collection Set: 5.9ms
[2022-12-18T20:25:53.549+0900][gc,phases   ] GC(61)   Post Evacuate Collection Set: 0.3ms
[2022-12-18T20:25:53.549+0900][gc,phases   ] GC(61)   Other: 0.1ms
[2022-12-18T20:25:53.549+0900][gc,heap     ] GC(61) Eden regions: 92->0(116)
[2022-12-18T20:25:53.549+0900][gc,heap     ] GC(61) Survivor regions: 4->5(12)
[2022-12-18T20:25:53.549+0900][gc,heap     ] GC(61) Old regions: 76->76
[2022-12-18T20:25:53.549+0900][gc,heap     ] GC(61) Archive regions: 2->2
[2022-12-18T20:25:53.549+0900][gc,heap     ] GC(61) Humongous regions: 129->129
[2022-12-18T20:25:53.549+0900][gc,metaspace] GC(61) Metaspace: 41264K(41792K)->41264K(41792K) NonClass: 36245K(36544K)->36245K(36544K) Class: 5019K(5248K)->5019K(5248K)
[2022-12-18T20:25:53.549+0900][gc          ] GC(61) Pause Young (Normal) (G1 Evacuation Pause) 301M->209M(1024M) 6.439ms
[2022-12-18T20:25:53.549+0900][gc,cpu      ] GC(61) User=0.01s Sys=0.00s Real=0.00s
[2022-12-18T20:25:55.340+0900][gc,start    ] GC(62) Pause Young (Normal) (G1 Evacuation Pause)
[2022-12-18T20:25:55.341+0900][gc,task     ] GC(62) Using 8 workers of 8 for evacuation
[2022-12-18T20:25:55.350+0900][gc,phases   ] GC(62)   Pre Evacuate Collection Set: 0.1ms
[2022-12-18T20:25:55.350+0900][gc,phases   ] GC(62)   Merge Heap Roots: 0.0ms
[2022-12-18T20:25:55.350+0900][gc,phases   ] GC(62)   Evacuate Collection Set: 8.7ms
[2022-12-18T20:25:55.350+0900][gc,phases   ] GC(62)   Post Evacuate Collection Set: 0.2ms
[2022-12-18T20:25:55.350+0900][gc,phases   ] GC(62)   Other: 0.1ms
[2022-12-18T20:25:55.350+0900][gc,heap     ] GC(62) Eden regions: 116->0(142)
[2022-12-18T20:25:55.350+0900][gc,heap     ] GC(62) Survivor regions: 5->5(16)
[2022-12-18T20:25:55.350+0900][gc,heap     ] GC(62) Old regions: 76->76
[2022-12-18T20:25:55.350+0900][gc,heap     ] GC(62) Archive regions: 2->2
[2022-12-18T20:25:55.350+0900][gc,heap     ] GC(62) Humongous regions: 129->129
[2022-12-18T20:25:55.350+0900][gc,metaspace] GC(62) Metaspace: 41264K(41792K)->41264K(41792K) NonClass: 36245K(36544K)->36245K(36544K) Class: 5019K(5248K)->5019K(5248K)
[2022-12-18T20:25:55.350+0900][gc          ] GC(62) Pause Young (Normal) (G1 Evacuation Pause) 325M->209M(1024M) 9.306ms
[2022-12-18T20:25:55.350+0900][gc,cpu      ] GC(62) User=0.01s Sys=0.01s Real=0.01s
[2022-12-18T20:41:19.285+0900][gc,start    ] GC(63) Pause Young (Normal) (G1 Evacuation Pause)
[2022-12-18T20:41:19.286+0900][gc,task     ] GC(63) Using 8 workers of 8 for evacuation
[2022-12-18T20:41:19.321+0900][gc,mmu      ] GC(63) MMU target violated: 21.0ms (20.0ms/21.0ms)
[2022-12-18T20:41:19.322+0900][gc,phases   ] GC(63)   Pre Evacuate Collection Set: 0.7ms
[2022-12-18T20:41:19.322+0900][gc,phases   ] GC(63)   Merge Heap Roots: 0.4ms
[2022-12-18T20:41:19.322+0900][gc,phases   ] GC(63)   Evacuate Collection Set: 33.4ms
[2022-12-18T20:41:19.322+0900][gc,phases   ] GC(63)   Post Evacuate Collection Set: 0.6ms
[2022-12-18T20:41:19.322+0900][gc,phases   ] GC(63)   Other: 1.7ms
[2022-12-18T20:41:19.322+0900][gc,heap     ] GC(63) Eden regions: 142->0(44)
[2022-12-18T20:41:19.322+0900][gc,heap     ] GC(63) Survivor regions: 5->7(19)
[2022-12-18T20:41:19.322+0900][gc,heap     ] GC(63) Old regions: 76->76
[2022-12-18T20:41:19.322+0900][gc,heap     ] GC(63) Archive regions: 2->2
[2022-12-18T20:41:19.322+0900][gc,heap     ] GC(63) Humongous regions: 129->129
[2022-12-18T20:41:19.322+0900][gc,metaspace] GC(63) Metaspace: 41264K(41792K)->41264K(41792K) NonClass: 36245K(36544K)->36245K(36544K) Class: 5019K(5248K)->5019K(5248K)
[2022-12-18T20:41:19.322+0900][gc          ] GC(63) Pause Young (Normal) (G1 Evacuation Pause) 351M->211M(1024M) 36.762ms
[2022-12-18T20:41:19.322+0900][gc,cpu      ] GC(63) User=0.03s Sys=0.04s Real=0.04s
[2022-12-18T20:47:21.908+0900][gc,start    ] GC(64) Pause Young (Normal) (G1 Evacuation Pause)
[2022-12-18T20:47:21.909+0900][gc,task     ] GC(64) Using 8 workers of 8 for evacuation
[2022-12-18T20:47:21.940+0900][gc,mmu      ] GC(64) MMU target violated: 21.0ms (20.0ms/21.0ms)
[2022-12-18T20:47:21.940+0900][gc,phases   ] GC(64)   Pre Evacuate Collection Set: 1.1ms
[2022-12-18T20:47:21.940+0900][gc,phases   ] GC(64)   Merge Heap Roots: 0.5ms
[2022-12-18T20:47:21.940+0900][gc,phases   ] GC(64)   Evacuate Collection Set: 27.8ms
[2022-12-18T20:47:21.940+0900][gc,phases   ] GC(64)   Post Evacuate Collection Set: 0.7ms
[2022-12-18T20:47:21.940+0900][gc,phases   ] GC(64)   Other: 2.1ms
[2022-12-18T20:47:21.940+0900][gc,heap     ] GC(64) Eden regions: 44->0(46)
[2022-12-18T20:47:21.940+0900][gc,heap     ] GC(64) Survivor regions: 7->5(7)
[2022-12-18T20:47:21.940+0900][gc,heap     ] GC(64) Old regions: 76->79
[2022-12-18T20:47:21.940+0900][gc,heap     ] GC(64) Archive regions: 2->2
[2022-12-18T20:47:21.940+0900][gc,heap     ] GC(64) Humongous regions: 129->129
[2022-12-18T20:47:21.940+0900][gc,metaspace] GC(64) Metaspace: 41270K(41792K)->41270K(41792K) NonClass: 36251K(36544K)->36251K(36544K) Class: 5019K(5248K)->5019K(5248K)
[2022-12-18T20:47:21.940+0900][gc          ] GC(64) Pause Young (Normal) (G1 Evacuation Pause) 255M->212M(1024M) 32.354ms
[2022-12-18T20:47:21.940+0900][gc,cpu      ] GC(64) User=0.04s Sys=0.03s Real=0.04s
[2022-12-18T20:53:40.235+0900][gc,start    ] GC(65) Pause Young (Normal) (G1 Evacuation Pause)
[2022-12-18T20:53:40.235+0900][gc,task     ] GC(65) Using 8 workers of 8 for evacuation
[2022-12-18T20:53:40.257+0900][gc,mmu      ] GC(65) MMU target violated: 20.8ms (20.0ms/21.0ms)
[2022-12-18T20:53:40.257+0900][gc,phases   ] GC(65)   Pre Evacuate Collection Set: 0.5ms
[2022-12-18T20:53:40.257+0900][gc,phases   ] GC(65)   Merge Heap Roots: 0.2ms
[2022-12-18T20:53:40.257+0900][gc,phases   ] GC(65)   Evacuate Collection Set: 19.0ms
[2022-12-18T20:53:40.257+0900][gc,phases   ] GC(65)   Post Evacuate Collection Set: 1.4ms
[2022-12-18T20:53:40.257+0900][gc,phases   ] GC(65)   Other: 0.8ms
[2022-12-18T20:53:40.257+0900][gc,heap     ] GC(65) Eden regions: 46->0(72)
[2022-12-18T20:53:40.257+0900][gc,heap     ] GC(65) Survivor regions: 5->4(7)
[2022-12-18T20:53:40.257+0900][gc,heap     ] GC(65) Old regions: 79->80
[2022-12-18T20:53:40.257+0900][gc,heap     ] GC(65) Archive regions: 2->2
[2022-12-18T20:53:40.257+0900][gc,heap     ] GC(65) Humongous regions: 129->129
[2022-12-18T20:53:40.257+0900][gc,metaspace] GC(65) Metaspace: 41273K(41792K)->41273K(41792K) NonClass: 36254K(36544K)->36254K(36544K) Class: 5019K(5248K)->5019K(5248K)
[2022-12-18T20:53:40.257+0900][gc          ] GC(65) Pause Young (Normal) (G1 Evacuation Pause) 258M->213M(1024M) 21.906ms
[2022-12-18T20:53:40.257+0900][gc,cpu      ] GC(65) User=0.02s Sys=0.02s Real=0.02s
[2022-12-18T21:03:31.720+0900][gc,start    ] GC(66) Pause Young (Normal) (G1 Evacuation Pause)
[2022-12-18T21:03:31.721+0900][gc,task     ] GC(66) Using 8 workers of 8 for evacuation
[2022-12-18T21:03:31.743+0900][gc,mmu      ] GC(66) MMU target violated: 21.0ms (20.0ms/21.0ms)
[2022-12-18T21:03:31.743+0900][gc,phases   ] GC(66)   Pre Evacuate Collection Set: 0.8ms
[2022-12-18T21:03:31.743+0900][gc,phases   ] GC(66)   Merge Heap Roots: 0.3ms
[2022-12-18T21:03:31.743+0900][gc,phases   ] GC(66)   Evacuate Collection Set: 16.2ms
[2022-12-18T21:03:31.743+0900][gc,phases   ] GC(66)   Post Evacuate Collection Set: 0.7ms
[2022-12-18T21:03:31.743+0900][gc,phases   ] GC(66)   Other: 5.4ms
[2022-12-18T21:03:31.743+0900][gc,heap     ] GC(66) Eden regions: 72->0(46)
[2022-12-18T21:03:31.743+0900][gc,heap     ] GC(66) Survivor regions: 4->5(10)
[2022-12-18T21:03:31.743+0900][gc,heap     ] GC(66) Old regions: 80->80
[2022-12-18T21:03:31.744+0900][gc,heap     ] GC(66) Archive regions: 2->2
[2022-12-18T21:03:31.744+0900][gc,heap     ] GC(66) Humongous regions: 129->129
[2022-12-18T21:03:31.744+0900][gc,metaspace] GC(66) Metaspace: 41275K(41792K)->41275K(41792K) NonClass: 36256K(36544K)->36256K(36544K) Class: 5019K(5248K)->5019K(5248K)
[2022-12-18T21:03:31.744+0900][gc          ] GC(66) Pause Young (Normal) (G1 Evacuation Pause) 285M->214M(1024M) 23.544ms
[2022-12-18T21:03:31.744+0900][gc,cpu      ] GC(66) User=0.02s Sys=0.02s Real=0.02s
[2022-12-18T21:09:34.509+0900][gc,start    ] GC(67) Pause Young (Normal) (G1 Evacuation Pause)
[2022-12-18T21:09:34.509+0900][gc,task     ] GC(67) Using 8 workers of 8 for evacuation
[2022-12-18T21:09:34.531+0900][gc,mmu      ] GC(67) MMU target violated: 21.0ms (20.0ms/21.0ms)
[2022-12-18T21:09:34.532+0900][gc,phases   ] GC(67)   Pre Evacuate Collection Set: 3.3ms
[2022-12-18T21:09:34.532+0900][gc,phases   ] GC(67)   Merge Heap Roots: 0.4ms
[2022-12-18T21:09:34.532+0900][gc,phases   ] GC(67)   Evacuate Collection Set: 14.7ms
[2022-12-18T21:09:34.532+0900][gc,phases   ] GC(67)   Post Evacuate Collection Set: 3.7ms
[2022-12-18T21:09:34.532+0900][gc,phases   ] GC(67)   Other: 0.8ms
[2022-12-18T21:09:34.532+0900][gc,heap     ] GC(67) Eden regions: 46->0(47)
[2022-12-18T21:09:34.532+0900][gc,heap     ] GC(67) Survivor regions: 5->4(7)
[2022-12-18T21:09:34.532+0900][gc,heap     ] GC(67) Old regions: 80->82
[2022-12-18T21:09:34.532+0900][gc,heap     ] GC(67) Archive regions: 2->2
[2022-12-18T21:09:34.532+0900][gc,heap     ] GC(67) Humongous regions: 129->129
[2022-12-18T21:09:34.532+0900][gc,metaspace] GC(67) Metaspace: 41275K(41792K)->41275K(41792K) NonClass: 36256K(36544K)->36256K(36544K) Class: 5019K(5248K)->5019K(5248K)
[2022-12-18T21:09:34.532+0900][gc          ] GC(67) Pause Young (Normal) (G1 Evacuation Pause) 260M->214M(1024M) 22.899ms
[2022-12-18T21:09:34.532+0900][gc,cpu      ] GC(67) User=0.02s Sys=0.03s Real=0.03s
[2022-12-18T21:16:02.426+0900][gc,start    ] GC(68) Pause Young (Normal) (G1 Evacuation Pause)
[2022-12-18T21:16:02.427+0900][gc,task     ] GC(68) Using 8 workers of 8 for evacuation
[2022-12-18T21:16:02.457+0900][gc,mmu      ] GC(68) MMU target violated: 21.0ms (20.0ms/21.0ms)
[2022-12-18T21:16:02.457+0900][gc,phases   ] GC(68)   Pre Evacuate Collection Set: 0.9ms
[2022-12-18T21:16:02.457+0900][gc,phases   ] GC(68)   Merge Heap Roots: 0.7ms
[2022-12-18T21:16:02.457+0900][gc,phases   ] GC(68)   Evacuate Collection Set: 26.8ms
[2022-12-18T21:16:02.457+0900][gc,phases   ] GC(68)   Post Evacuate Collection Set: 1.0ms
[2022-12-18T21:16:02.457+0900][gc,phases   ] GC(68)   Other: 1.5ms
[2022-12-18T21:16:02.457+0900][gc,heap     ] GC(68) Eden regions: 47->0(46)
[2022-12-18T21:16:02.457+0900][gc,heap     ] GC(68) Survivor regions: 4->5(7)
[2022-12-18T21:16:02.457+0900][gc,heap     ] GC(68) Old regions: 82->82
[2022-12-18T21:16:02.457+0900][gc,heap     ] GC(68) Archive regions: 2->2
[2022-12-18T21:16:02.457+0900][gc,heap     ] GC(68) Humongous regions: 129->129
[2022-12-18T21:16:02.457+0900][gc,metaspace] GC(68) Metaspace: 41279K(41792K)->41279K(41792K) NonClass: 36260K(36544K)->36260K(36544K) Class: 5019K(5248K)->5019K(5248K)
[2022-12-18T21:16:02.458+0900][gc          ] GC(68) Pause Young (Normal) (G1 Evacuation Pause) 261M->215M(1024M) 31.400ms
[2022-12-18T21:16:02.458+0900][gc,cpu      ] GC(68) User=0.02s Sys=0.02s Real=0.03s
[2022-12-18T21:22:19.983+0900][gc,start    ] GC(69) Pause Young (Normal) (G1 Evacuation Pause)
[2022-12-18T21:22:19.984+0900][gc,task     ] GC(69) Using 8 workers of 8 for evacuation
[2022-12-18T21:22:20.000+0900][gc,phases   ] GC(69)   Pre Evacuate Collection Set: 1.2ms
[2022-12-18T21:22:20.001+0900][gc,phases   ] GC(69)   Merge Heap Roots: 0.4ms
[2022-12-18T21:22:20.001+0900][gc,phases   ] GC(69)   Evacuate Collection Set: 13.1ms
[2022-12-18T21:22:20.001+0900][gc,phases   ] GC(69)   Post Evacuate Collection Set: 1.1ms
[2022-12-18T21:22:20.001+0900][gc,phases   ] GC(69)   Other: 1.7ms
[2022-12-18T21:22:20.001+0900][gc,heap     ] GC(69) Eden regions: 46->0(139)
[2022-12-18T21:22:20.001+0900][gc,heap     ] GC(69) Survivor regions: 5->3(7)
[2022-12-18T21:22:20.001+0900][gc,heap     ] GC(69) Old regions: 82->82
[2022-12-18T21:22:20.001+0900][gc,heap     ] GC(69) Archive regions: 2->2
[2022-12-18T21:22:20.001+0900][gc,heap     ] GC(69) Humongous regions: 129->129
[2022-12-18T21:22:20.001+0900][gc,metaspace] GC(69) Metaspace: 41280K(41792K)->41280K(41792K) NonClass: 36261K(36544K)->36261K(36544K) Class: 5019K(5248K)->5019K(5248K)
[2022-12-18T21:22:20.001+0900][gc          ] GC(69) Pause Young (Normal) (G1 Evacuation Pause) 261M->214M(1024M) 17.745ms
[2022-12-18T21:22:20.001+0900][gc,cpu      ] GC(69) User=0.01s Sys=0.01s Real=0.02s
[2022-12-18T21:32:27.202+0900][gc,start    ] GC(70) Pause Young (Normal) (G1 Evacuation Pause)
[2022-12-18T21:32:27.202+0900][gc,task     ] GC(70) Using 8 workers of 8 for evacuation
[2022-12-18T21:32:27.214+0900][gc,phases   ] GC(70)   Pre Evacuate Collection Set: 0.4ms
[2022-12-18T21:32:27.214+0900][gc,phases   ] GC(70)   Merge Heap Roots: 0.2ms
[2022-12-18T21:32:27.214+0900][gc,phases   ] GC(70)   Evacuate Collection Set: 10.8ms
[2022-12-18T21:32:27.214+0900][gc,phases   ] GC(70)   Post Evacuate Collection Set: 0.8ms
[2022-12-18T21:32:27.214+0900][gc,phases   ] GC(70)   Other: 0.4ms
[2022-12-18T21:32:27.214+0900][gc,heap     ] GC(70) Eden regions: 139->0(171)
[2022-12-18T21:32:27.214+0900][gc,heap     ] GC(70) Survivor regions: 3->3(18)
[2022-12-18T21:32:27.214+0900][gc,heap     ] GC(70) Old regions: 82->82
[2022-12-18T21:32:27.214+0900][gc,heap     ] GC(70) Archive regions: 2->2
[2022-12-18T21:32:27.214+0900][gc,heap     ] GC(70) Humongous regions: 129->129
[2022-12-18T21:32:27.214+0900][gc,metaspace] GC(70) Metaspace: 41283K(41792K)->41283K(41792K) NonClass: 36264K(36544K)->36264K(36544K) Class: 5019K(5248K)->5019K(5248K)
[2022-12-18T21:32:27.214+0900][gc          ] GC(70) Pause Young (Normal) (G1 Evacuation Pause) 353M->214M(1024M) 12.653ms
[2022-12-18T21:32:27.214+0900][gc,cpu      ] GC(70) User=0.01s Sys=0.01s Real=0.01s
[2022-12-18T21:32:29.828+0900][gc,start    ] GC(71) Pause Young (Normal) (G1 Evacuation Pause)
[2022-12-18T21:32:29.828+0900][gc,task     ] GC(71) Using 8 workers of 8 for evacuation
[2022-12-18T21:32:29.839+0900][gc,phases   ] GC(71)   Pre Evacuate Collection Set: 0.2ms
[2022-12-18T21:32:29.839+0900][gc,phases   ] GC(71)   Merge Heap Roots: 0.0ms
[2022-12-18T21:32:29.839+0900][gc,phases   ] GC(71)   Evacuate Collection Set: 10.5ms
[2022-12-18T21:32:29.839+0900][gc,phases   ] GC(71)   Post Evacuate Collection Set: 0.2ms
[2022-12-18T21:32:29.839+0900][gc,phases   ] GC(71)   Other: 0.1ms
[2022-12-18T21:32:29.839+0900][gc,heap     ] GC(71) Eden regions: 166->0(200)
[2022-12-18T21:32:29.839+0900][gc,heap     ] GC(71) Survivor regions: 3->3(22)
[2022-12-18T21:32:29.839+0900][gc,heap     ] GC(71) Old regions: 82->82
[2022-12-18T21:32:29.839+0900][gc,heap     ] GC(71) Archive regions: 2->2
[2022-12-18T21:32:29.839+0900][gc,heap     ] GC(71) Humongous regions: 129->129
[2022-12-18T21:32:29.839+0900][gc,metaspace] GC(71) Metaspace: 41283K(41792K)->41283K(41792K) NonClass: 36264K(36544K)->36264K(36544K) Class: 5019K(5248K)->5019K(5248K)
[2022-12-18T21:32:29.839+0900][gc          ] GC(71) Pause Young (Normal) (G1 Evacuation Pause) 380M->214M(1024M) 11.188ms
[2022-12-18T21:32:29.839+0900][gc,cpu      ] GC(71) User=0.01s Sys=0.01s Real=0.01s
[2022-12-18T21:33:10.874+0900][gc,start    ] GC(72) Pause Young (Normal) (G1 Evacuation Pause)
[2022-12-18T21:33:10.874+0900][gc,task     ] GC(72) Using 8 workers of 8 for evacuation
[2022-12-18T21:33:10.883+0900][gc,phases   ] GC(72)   Pre Evacuate Collection Set: 0.2ms
[2022-12-18T21:33:10.883+0900][gc,phases   ] GC(72)   Merge Heap Roots: 0.1ms
[2022-12-18T21:33:10.883+0900][gc,phases   ] GC(72)   Evacuate Collection Set: 7.9ms
[2022-12-18T21:33:10.883+0900][gc,phases   ] GC(72)   Post Evacuate Collection Set: 0.5ms
[2022-12-18T21:33:10.883+0900][gc,phases   ] GC(72)   Other: 0.3ms
[2022-12-18T21:33:10.883+0900][gc,heap     ] GC(72) Eden regions: 187->0(295)
[2022-12-18T21:33:10.883+0900][gc,heap     ] GC(72) Survivor regions: 3->3(24)
[2022-12-18T21:33:10.883+0900][gc,heap     ] GC(72) Old regions: 82->82
[2022-12-18T21:33:10.883+0900][gc,heap     ] GC(72) Archive regions: 2->2
[2022-12-18T21:33:10.883+0900][gc,heap     ] GC(72) Humongous regions: 129->129
[2022-12-18T21:33:10.883+0900][gc,metaspace] GC(72) Metaspace: 41285K(41792K)->41285K(41792K) NonClass: 36266K(36544K)->36266K(36544K) Class: 5019K(5248K)->5019K(5248K)
[2022-12-18T21:33:10.883+0900][gc          ] GC(72) Pause Young (Normal) (G1 Evacuation Pause) 401M->214M(1024M) 9.056ms
[2022-12-18T21:33:10.883+0900][gc,cpu      ] GC(72) User=0.01s Sys=0.01s Real=0.01s
[2022-12-18T21:35:47.001+0900][gc,start    ] GC(73) Pause Young (Normal) (G1 Evacuation Pause)
[2022-12-18T21:35:47.001+0900][gc,task     ] GC(73) Using 8 workers of 8 for evacuation
[2022-12-18T21:35:47.007+0900][gc,phases   ] GC(73)   Pre Evacuate Collection Set: 0.2ms
[2022-12-18T21:35:47.007+0900][gc,phases   ] GC(73)   Merge Heap Roots: 0.1ms
[2022-12-18T21:35:47.007+0900][gc,phases   ] GC(73)   Evacuate Collection Set: 5.5ms
[2022-12-18T21:35:47.007+0900][gc,phases   ] GC(73)   Post Evacuate Collection Set: 0.5ms
[2022-12-18T21:35:47.007+0900][gc,phases   ] GC(73)   Other: 0.3ms
[2022-12-18T21:35:47.007+0900][gc,heap     ] GC(73) Eden regions: 295->0(444)
[2022-12-18T21:35:47.007+0900][gc,heap     ] GC(73) Survivor regions: 3->3(38)
[2022-12-18T21:35:47.007+0900][gc,heap     ] GC(73) Old regions: 82->82
[2022-12-18T21:35:47.007+0900][gc,heap     ] GC(73) Archive regions: 2->2
[2022-12-18T21:35:47.007+0900][gc,heap     ] GC(73) Humongous regions: 129->129
[2022-12-18T21:35:47.007+0900][gc,metaspace] GC(73) Metaspace: 41287K(41792K)->41287K(41792K) NonClass: 36268K(36544K)->36268K(36544K) Class: 5019K(5248K)->5019K(5248K)
[2022-12-18T21:35:47.007+0900][gc          ] GC(73) Pause Young (Normal) (G1 Evacuation Pause) 509M->214M(1024M) 6.692ms
[2022-12-18T21:35:47.007+0900][gc,cpu      ] GC(73) User=0.01s Sys=0.01s Real=0.00s
[2022-12-18T21:46:09.117+0900][gc,start    ] GC(74) Pause Young (Normal) (G1 Evacuation Pause)
[2022-12-18T21:46:09.117+0900][gc,task     ] GC(74) Using 8 workers of 8 for evacuation
[2022-12-18T21:46:09.125+0900][gc,phases   ] GC(74)   Pre Evacuate Collection Set: 0.2ms
[2022-12-18T21:46:09.125+0900][gc,phases   ] GC(74)   Merge Heap Roots: 0.1ms
[2022-12-18T21:46:09.125+0900][gc,phases   ] GC(74)   Evacuate Collection Set: 6.8ms
[2022-12-18T21:46:09.125+0900][gc,phases   ] GC(74)   Post Evacuate Collection Set: 0.6ms
[2022-12-18T21:46:09.125+0900][gc,phases   ] GC(74)   Other: 0.4ms
[2022-12-18T21:46:09.125+0900][gc,heap     ] GC(74) Eden regions: 444->0(593)
[2022-12-18T21:46:09.125+0900][gc,heap     ] GC(74) Survivor regions: 3->3(56)
[2022-12-18T21:46:09.125+0900][gc,heap     ] GC(74) Old regions: 82->82
[2022-12-18T21:46:09.125+0900][gc,heap     ] GC(74) Archive regions: 2->2
[2022-12-18T21:46:09.125+0900][gc,heap     ] GC(74) Humongous regions: 129->129
[2022-12-18T21:46:09.125+0900][gc,metaspace] GC(74) Metaspace: 41288K(41792K)->41288K(41792K) NonClass: 36269K(36544K)->36269K(36544K) Class: 5019K(5248K)->5019K(5248K)
[2022-12-18T21:46:09.125+0900][gc          ] GC(74) Pause Young (Normal) (G1 Evacuation Pause) 658M->214M(1024M) 8.182ms
[2022-12-18T21:46:09.125+0900][gc,cpu      ] GC(74) User=0.01s Sys=0.01s Real=0.01s
[2022-12-18T21:55:11.458+0900][gc,start    ] GC(75) Pause Young (Normal) (G1 Evacuation Pause)
[2022-12-18T21:55:11.458+0900][gc,task     ] GC(75) Using 8 workers of 8 for evacuation
[2022-12-18T21:55:11.466+0900][gc,phases   ] GC(75)   Pre Evacuate Collection Set: 0.2ms
[2022-12-18T21:55:11.466+0900][gc,phases   ] GC(75)   Merge Heap Roots: 0.1ms
[2022-12-18T21:55:11.466+0900][gc,phases   ] GC(75)   Evacuate Collection Set: 6.4ms
[2022-12-18T21:55:11.466+0900][gc,phases   ] GC(75)   Post Evacuate Collection Set: 0.5ms
[2022-12-18T21:55:11.466+0900][gc,phases   ] GC(75)   Other: 0.3ms
[2022-12-18T21:55:11.466+0900][gc,heap     ] GC(75) Eden regions: 593->0(611)
[2022-12-18T21:55:11.466+0900][gc,heap     ] GC(75) Survivor regions: 3->3(75)
[2022-12-18T21:55:11.466+0900][gc,heap     ] GC(75) Old regions: 82->82
[2022-12-18T21:55:11.466+0900][gc,heap     ] GC(75) Archive regions: 2->2
[2022-12-18T21:55:11.466+0900][gc,heap     ] GC(75) Humongous regions: 129->129
[2022-12-18T21:55:11.466+0900][gc,metaspace] GC(75) Metaspace: 41296K(41792K)->41296K(41792K) NonClass: 36276K(36544K)->36276K(36544K) Class: 5019K(5248K)->5019K(5248K)
[2022-12-18T21:55:11.466+0900][gc          ] GC(75) Pause Young (Normal) (G1 Evacuation Pause) 807M->214M(1024M) 7.624ms
[2022-12-18T21:55:11.466+0900][gc,cpu      ] GC(75) User=0.01s Sys=0.01s Real=0.01s
[2022-12-18T21:55:19.786+0900][gc,start    ] GC(76) Pause Young (Normal) (G1 Evacuation Pause)
[2022-12-18T21:55:19.786+0900][gc,task     ] GC(76) Using 8 workers of 8 for evacuation
[2022-12-18T21:55:19.796+0900][gc,phases   ] GC(76)   Pre Evacuate Collection Set: 0.1ms
[2022-12-18T21:55:19.796+0900][gc,phases   ] GC(76)   Merge Heap Roots: 0.2ms
[2022-12-18T21:55:19.796+0900][gc,phases   ] GC(76)   Evacuate Collection Set: 6.3ms
[2022-12-18T21:55:19.796+0900][gc,phases   ] GC(76)   Post Evacuate Collection Set: 3.4ms
[2022-12-18T21:55:19.796+0900][gc,phases   ] GC(76)   Other: 0.3ms
[2022-12-18T21:55:19.796+0900][gc,heap     ] GC(76) Eden regions: 611->0(611)
[2022-12-18T21:55:19.796+0900][gc,heap     ] GC(76) Survivor regions: 3->3(77)
[2022-12-18T21:55:19.796+0900][gc,heap     ] GC(76) Old regions: 82->82
[2022-12-18T21:55:19.796+0900][gc,heap     ] GC(76) Archive regions: 2->2
[2022-12-18T21:55:19.796+0900][gc,heap     ] GC(76) Humongous regions: 129->129
[2022-12-18T21:55:19.796+0900][gc,metaspace] GC(76) Metaspace: 41296K(41792K)->41296K(41792K) NonClass: 36276K(36544K)->36276K(36544K) Class: 5019K(5248K)->5019K(5248K)
[2022-12-18T21:55:19.796+0900][gc          ] GC(76) Pause Young (Normal) (G1 Evacuation Pause) 825M->214M(1024M) 10.329ms
[2022-12-18T21:55:19.796+0900][gc,cpu      ] GC(76) User=0.01s Sys=0.01s Real=0.01s
[2022-12-18T21:55:27.236+0900][gc,start    ] GC(77) Pause Young (Normal) (G1 Evacuation Pause)
[2022-12-18T21:55:27.236+0900][gc,task     ] GC(77) Using 8 workers of 8 for evacuation
[2022-12-18T21:55:27.249+0900][gc,phases   ] GC(77)   Pre Evacuate Collection Set: 0.3ms
[2022-12-18T21:55:27.249+0900][gc,phases   ] GC(77)   Merge Heap Roots: 0.2ms
[2022-12-18T21:55:27.249+0900][gc,phases   ] GC(77)   Evacuate Collection Set: 10.0ms
[2022-12-18T21:55:27.249+0900][gc,phases   ] GC(77)   Post Evacuate Collection Set: 2.1ms
[2022-12-18T21:55:27.249+0900][gc,phases   ] GC(77)   Other: 0.4ms
[2022-12-18T21:55:27.249+0900][gc,heap     ] GC(77) Eden regions: 611->0(611)
[2022-12-18T21:55:27.249+0900][gc,heap     ] GC(77) Survivor regions: 3->3(77)
[2022-12-18T21:55:27.249+0900][gc,heap     ] GC(77) Old regions: 82->82
[2022-12-18T21:55:27.249+0900][gc,heap     ] GC(77) Archive regions: 2->2
[2022-12-18T21:55:27.249+0900][gc,heap     ] GC(77) Humongous regions: 129->129
[2022-12-18T21:55:27.249+0900][gc,metaspace] GC(77) Metaspace: 41296K(41792K)->41296K(41792K) NonClass: 36276K(36544K)->36276K(36544K) Class: 5019K(5248K)->5019K(5248K)
[2022-12-18T21:55:27.249+0900][gc          ] GC(77) Pause Young (Normal) (G1 Evacuation Pause) 825M->214M(1024M) 13.011ms
[2022-12-18T21:55:27.249+0900][gc,cpu      ] GC(77) User=0.01s Sys=0.03s Real=0.01s
[2022-12-18T21:55:34.158+0900][gc,start    ] GC(78) Pause Young (Normal) (G1 Evacuation Pause)
[2022-12-18T21:55:34.159+0900][gc,task     ] GC(78) Using 8 workers of 8 for evacuation
[2022-12-18T21:55:34.167+0900][gc,phases   ] GC(78)   Pre Evacuate Collection Set: 0.3ms
[2022-12-18T21:55:34.167+0900][gc,phases   ] GC(78)   Merge Heap Roots: 0.1ms
[2022-12-18T21:55:34.167+0900][gc,phases   ] GC(78)   Evacuate Collection Set: 7.0ms
[2022-12-18T21:55:34.167+0900][gc,phases   ] GC(78)   Post Evacuate Collection Set: 0.5ms
[2022-12-18T21:55:34.167+0900][gc,phases   ] GC(78)   Other: 0.3ms
[2022-12-18T21:55:34.167+0900][gc,heap     ] GC(78) Eden regions: 611->0(611)
[2022-12-18T21:55:34.167+0900][gc,heap     ] GC(78) Survivor regions: 3->3(77)
[2022-12-18T21:55:34.167+0900][gc,heap     ] GC(78) Old regions: 82->82
[2022-12-18T21:55:34.167+0900][gc,heap     ] GC(78) Archive regions: 2->2
[2022-12-18T21:55:34.167+0900][gc,heap     ] GC(78) Humongous regions: 129->129
[2022-12-18T21:55:34.167+0900][gc,metaspace] GC(78) Metaspace: 41296K(41792K)->41296K(41792K) NonClass: 36276K(36544K)->36276K(36544K) Class: 5019K(5248K)->5019K(5248K)
[2022-12-18T21:55:34.167+0900][gc          ] GC(78) Pause Young (Normal) (G1 Evacuation Pause) 825M->214M(1024M) 8.278ms
[2022-12-18T21:55:34.167+0900][gc,cpu      ] GC(78) User=0.01s Sys=0.02s Real=0.01s
[2022-12-18T21:55:43.365+0900][gc,start    ] GC(79) Pause Young (Normal) (G1 Evacuation Pause)
[2022-12-18T21:55:43.365+0900][gc,task     ] GC(79) Using 8 workers of 8 for evacuation
[2022-12-18T21:55:43.379+0900][gc,phases   ] GC(79)   Pre Evacuate Collection Set: 0.2ms
[2022-12-18T21:55:43.379+0900][gc,phases   ] GC(79)   Merge Heap Roots: 0.2ms
[2022-12-18T21:55:43.379+0900][gc,phases   ] GC(79)   Evacuate Collection Set: 12.6ms
[2022-12-18T21:55:43.379+0900][gc,phases   ] GC(79)   Post Evacuate Collection Set: 0.6ms
[2022-12-18T21:55:43.379+0900][gc,phases   ] GC(79)   Other: 0.3ms
[2022-12-18T21:55:43.379+0900][gc,heap     ] GC(79) Eden regions: 611->0(611)
[2022-12-18T21:55:43.379+0900][gc,heap     ] GC(79) Survivor regions: 3->3(77)
[2022-12-18T21:55:43.379+0900][gc,heap     ] GC(79) Old regions: 82->82
[2022-12-18T21:55:43.379+0900][gc,heap     ] GC(79) Archive regions: 2->2
[2022-12-18T21:55:43.379+0900][gc,heap     ] GC(79) Humongous regions: 129->129
[2022-12-18T21:55:43.379+0900][gc,metaspace] GC(79) Metaspace: 41296K(41792K)->41296K(41792K) NonClass: 36276K(36544K)->36276K(36544K) Class: 5019K(5248K)->5019K(5248K)
[2022-12-18T21:55:43.379+0900][gc          ] GC(79) Pause Young (Normal) (G1 Evacuation Pause) 825M->214M(1024M) 13.883ms
[2022-12-18T21:55:43.379+0900][gc,cpu      ] GC(79) User=0.01s Sys=0.03s Real=0.01s
[2022-12-18T21:55:49.782+0900][gc,start    ] GC(80) Pause Young (Normal) (G1 Evacuation Pause)
[2022-12-18T21:55:49.782+0900][gc,task     ] GC(80) Using 8 workers of 8 for evacuation
[2022-12-18T21:55:49.792+0900][gc,phases   ] GC(80)   Pre Evacuate Collection Set: 0.3ms
[2022-12-18T21:55:49.792+0900][gc,phases   ] GC(80)   Merge Heap Roots: 0.2ms
[2022-12-18T21:55:49.792+0900][gc,phases   ] GC(80)   Evacuate Collection Set: 8.6ms
[2022-12-18T21:55:49.792+0900][gc,phases   ] GC(80)   Post Evacuate Collection Set: 0.6ms
[2022-12-18T21:55:49.792+0900][gc,phases   ] GC(80)   Other: 0.6ms
[2022-12-18T21:55:49.792+0900][gc,heap     ] GC(80) Eden regions: 611->0(611)
[2022-12-18T21:55:49.792+0900][gc,heap     ] GC(80) Survivor regions: 3->3(77)
[2022-12-18T21:55:49.792+0900][gc,heap     ] GC(80) Old regions: 82->82
[2022-12-18T21:55:49.792+0900][gc,heap     ] GC(80) Archive regions: 2->2
[2022-12-18T21:55:49.792+0900][gc,heap     ] GC(80) Humongous regions: 129->129
[2022-12-18T21:55:49.792+0900][gc,metaspace] GC(80) Metaspace: 41296K(41792K)->41296K(41792K) NonClass: 36276K(36544K)->36276K(36544K) Class: 5019K(5248K)->5019K(5248K)
[2022-12-18T21:55:49.792+0900][gc          ] GC(80) Pause Young (Normal) (G1 Evacuation Pause) 825M->214M(1024M) 10.318ms
[2022-12-18T21:55:49.792+0900][gc,cpu      ] GC(80) User=0.01s Sys=0.02s Real=0.01s
[2022-12-18T21:55:56.661+0900][gc,start    ] GC(81) Pause Young (Normal) (G1 Evacuation Pause)
[2022-12-18T21:55:56.662+0900][gc,task     ] GC(81) Using 8 workers of 8 for evacuation
[2022-12-18T21:55:56.671+0900][gc,phases   ] GC(81)   Pre Evacuate Collection Set: 0.2ms
[2022-12-18T21:55:56.671+0900][gc,phases   ] GC(81)   Merge Heap Roots: 0.1ms
[2022-12-18T21:55:56.671+0900][gc,phases   ] GC(81)   Evacuate Collection Set: 8.4ms
[2022-12-18T21:55:56.671+0900][gc,phases   ] GC(81)   Post Evacuate Collection Set: 0.6ms
[2022-12-18T21:55:56.671+0900][gc,phases   ] GC(81)   Other: 0.9ms
[2022-12-18T21:55:56.671+0900][gc,heap     ] GC(81) Eden regions: 611->0(611)
[2022-12-18T21:55:56.671+0900][gc,heap     ] GC(81) Survivor regions: 3->3(77)
[2022-12-18T21:55:56.671+0900][gc,heap     ] GC(81) Old regions: 82->82
[2022-12-18T21:55:56.671+0900][gc,heap     ] GC(81) Archive regions: 2->2
[2022-12-18T21:55:56.671+0900][gc,heap     ] GC(81) Humongous regions: 129->129
[2022-12-18T21:55:56.671+0900][gc,metaspace] GC(81) Metaspace: 41296K(41792K)->41296K(41792K) NonClass: 36276K(36544K)->36276K(36544K) Class: 5019K(5248K)->5019K(5248K)
[2022-12-18T21:55:56.671+0900][gc          ] GC(81) Pause Young (Normal) (G1 Evacuation Pause) 825M->214M(1024M) 10.246ms
[2022-12-18T21:55:56.671+0900][gc,cpu      ] GC(81) User=0.00s Sys=0.02s Real=0.01s
[2022-12-18T21:56:04.197+0900][gc,start    ] GC(82) Pause Young (Normal) (G1 Evacuation Pause)
[2022-12-18T21:56:04.197+0900][gc,task     ] GC(82) Using 8 workers of 8 for evacuation
[2022-12-18T21:56:04.212+0900][gc,phases   ] GC(82)   Pre Evacuate Collection Set: 0.2ms
[2022-12-18T21:56:04.212+0900][gc,phases   ] GC(82)   Merge Heap Roots: 0.2ms
[2022-12-18T21:56:04.212+0900][gc,phases   ] GC(82)   Evacuate Collection Set: 13.4ms
[2022-12-18T21:56:04.212+0900][gc,phases   ] GC(82)   Post Evacuate Collection Set: 0.7ms
[2022-12-18T21:56:04.212+0900][gc,phases   ] GC(82)   Other: 0.9ms
[2022-12-18T21:56:04.212+0900][gc,heap     ] GC(82) Eden regions: 611->0(611)
[2022-12-18T21:56:04.212+0900][gc,heap     ] GC(82) Survivor regions: 3->3(77)
[2022-12-18T21:56:04.212+0900][gc,heap     ] GC(82) Old regions: 82->83
[2022-12-18T21:56:04.212+0900][gc,heap     ] GC(82) Archive regions: 2->2
[2022-12-18T21:56:04.212+0900][gc,heap     ] GC(82) Humongous regions: 129->129
[2022-12-18T21:56:04.212+0900][gc,metaspace] GC(82) Metaspace: 41296K(41792K)->41296K(41792K) NonClass: 36276K(36544K)->36276K(36544K) Class: 5019K(5248K)->5019K(5248K)
[2022-12-18T21:56:04.212+0900][gc          ] GC(82) Pause Young (Normal) (G1 Evacuation Pause) 825M->214M(1024M) 15.521ms
[2022-12-18T21:56:04.212+0900][gc,cpu      ] GC(82) User=0.01s Sys=0.03s Real=0.02s
[2022-12-18T21:56:11.451+0900][gc,start    ] GC(83) Pause Young (Normal) (G1 Evacuation Pause)
[2022-12-18T21:56:11.451+0900][gc,task     ] GC(83) Using 8 workers of 8 for evacuation
[2022-12-18T21:56:11.467+0900][gc,phases   ] GC(83)   Pre Evacuate Collection Set: 0.2ms
[2022-12-18T21:56:11.467+0900][gc,phases   ] GC(83)   Merge Heap Roots: 0.2ms
[2022-12-18T21:56:11.467+0900][gc,phases   ] GC(83)   Evacuate Collection Set: 15.4ms
[2022-12-18T21:56:11.467+0900][gc,phases   ] GC(83)   Post Evacuate Collection Set: 0.6ms
[2022-12-18T21:56:11.467+0900][gc,phases   ] GC(83)   Other: 0.3ms
[2022-12-18T21:56:11.467+0900][gc,heap     ] GC(83) Eden regions: 611->0(611)
[2022-12-18T21:56:11.467+0900][gc,heap     ] GC(83) Survivor regions: 3->3(77)
[2022-12-18T21:56:11.467+0900][gc,heap     ] GC(83) Old regions: 83->83
[2022-12-18T21:56:11.467+0900][gc,heap     ] GC(83) Archive regions: 2->2
[2022-12-18T21:56:11.467+0900][gc,heap     ] GC(83) Humongous regions: 129->129
[2022-12-18T21:56:11.468+0900][gc,metaspace] GC(83) Metaspace: 41296K(41792K)->41296K(41792K) NonClass: 36276K(36544K)->36276K(36544K) Class: 5019K(5248K)->5019K(5248K)
[2022-12-18T21:56:11.468+0900][gc          ] GC(83) Pause Young (Normal) (G1 Evacuation Pause) 825M->214M(1024M) 16.757ms
[2022-12-18T21:56:11.468+0900][gc,cpu      ] GC(83) User=0.01s Sys=0.02s Real=0.01s
[2022-12-18T21:56:18.863+0900][gc,start    ] GC(84) Pause Young (Normal) (G1 Evacuation Pause)
[2022-12-18T21:56:18.863+0900][gc,task     ] GC(84) Using 8 workers of 8 for evacuation
[2022-12-18T21:56:18.872+0900][gc,phases   ] GC(84)   Pre Evacuate Collection Set: 0.2ms
[2022-12-18T21:56:18.872+0900][gc,phases   ] GC(84)   Merge Heap Roots: 0.1ms
[2022-12-18T21:56:18.872+0900][gc,phases   ] GC(84)   Evacuate Collection Set: 7.3ms
[2022-12-18T21:56:18.872+0900][gc,phases   ] GC(84)   Post Evacuate Collection Set: 0.6ms
[2022-12-18T21:56:18.872+0900][gc,phases   ] GC(84)   Other: 0.4ms
[2022-12-18T21:56:18.872+0900][gc,heap     ] GC(84) Eden regions: 611->0(611)
[2022-12-18T21:56:18.872+0900][gc,heap     ] GC(84) Survivor regions: 3->3(77)
[2022-12-18T21:56:18.872+0900][gc,heap     ] GC(84) Old regions: 83->83
[2022-12-18T21:56:18.872+0900][gc,heap     ] GC(84) Archive regions: 2->2
[2022-12-18T21:56:18.872+0900][gc,heap     ] GC(84) Humongous regions: 129->129
[2022-12-18T21:56:18.872+0900][gc,metaspace] GC(84) Metaspace: 41296K(41792K)->41296K(41792K) NonClass: 36276K(36544K)->36276K(36544K) Class: 5019K(5248K)->5019K(5248K)
[2022-12-18T21:56:18.872+0900][gc          ] GC(84) Pause Young (Normal) (G1 Evacuation Pause) 825M->214M(1024M) 8.662ms
[2022-12-18T21:56:18.872+0900][gc,cpu      ] GC(84) User=0.01s Sys=0.02s Real=0.01s
[2022-12-18T21:56:27.851+0900][gc,start    ] GC(85) Pause Young (Normal) (G1 Evacuation Pause)
[2022-12-18T21:56:27.852+0900][gc,task     ] GC(85) Using 8 workers of 8 for evacuation
[2022-12-18T21:56:27.867+0900][gc,phases   ] GC(85)   Pre Evacuate Collection Set: 0.2ms
[2022-12-18T21:56:27.867+0900][gc,phases   ] GC(85)   Merge Heap Roots: 0.1ms
[2022-12-18T21:56:27.867+0900][gc,phases   ] GC(85)   Evacuate Collection Set: 14.1ms
[2022-12-18T21:56:27.867+0900][gc,phases   ] GC(85)   Post Evacuate Collection Set: 0.6ms
[2022-12-18T21:56:27.867+0900][gc,phases   ] GC(85)   Other: 0.4ms
[2022-12-18T21:56:27.867+0900][gc,heap     ] GC(85) Eden regions: 611->0(611)
[2022-12-18T21:56:27.867+0900][gc,heap     ] GC(85) Survivor regions: 3->3(77)
[2022-12-18T21:56:27.867+0900][gc,heap     ] GC(85) Old regions: 83->83
[2022-12-18T21:56:27.867+0900][gc,heap     ] GC(85) Archive regions: 2->2
[2022-12-18T21:56:27.867+0900][gc,heap     ] GC(85) Humongous regions: 129->129
[2022-12-18T21:56:27.867+0900][gc,metaspace] GC(85) Metaspace: 41296K(41792K)->41296K(41792K) NonClass: 36276K(36544K)->36276K(36544K) Class: 5019K(5248K)->5019K(5248K)
[2022-12-18T21:56:27.867+0900][gc          ] GC(85) Pause Young (Normal) (G1 Evacuation Pause) 825M->214M(1024M) 15.539ms
[2022-12-18T21:56:27.867+0900][gc,cpu      ] GC(85) User=0.01s Sys=0.02s Real=0.01s
[2022-12-18T21:56:35.694+0900][gc,start    ] GC(86) Pause Young (Normal) (G1 Evacuation Pause)
[2022-12-18T21:56:35.694+0900][gc,task     ] GC(86) Using 8 workers of 8 for evacuation
[2022-12-18T21:56:35.705+0900][gc,phases   ] GC(86)   Pre Evacuate Collection Set: 0.2ms
[2022-12-18T21:56:35.705+0900][gc,phases   ] GC(86)   Merge Heap Roots: 0.1ms
[2022-12-18T21:56:35.705+0900][gc,phases   ] GC(86)   Evacuate Collection Set: 9.4ms
[2022-12-18T21:56:35.705+0900][gc,phases   ] GC(86)   Post Evacuate Collection Set: 0.5ms
[2022-12-18T21:56:35.705+0900][gc,phases   ] GC(86)   Other: 0.3ms
[2022-12-18T21:56:35.705+0900][gc,heap     ] GC(86) Eden regions: 611->0(611)
[2022-12-18T21:56:35.705+0900][gc,heap     ] GC(86) Survivor regions: 3->3(77)
[2022-12-18T21:56:35.705+0900][gc,heap     ] GC(86) Old regions: 83->83
[2022-12-18T21:56:35.705+0900][gc,heap     ] GC(86) Archive regions: 2->2
[2022-12-18T21:56:35.705+0900][gc,heap     ] GC(86) Humongous regions: 129->129
[2022-12-18T21:56:35.705+0900][gc,metaspace] GC(86) Metaspace: 41296K(41792K)->41296K(41792K) NonClass: 36277K(36544K)->36277K(36544K) Class: 5019K(5248K)->5019K(5248K)
[2022-12-18T21:56:35.705+0900][gc          ] GC(86) Pause Young (Normal) (G1 Evacuation Pause) 825M->214M(1024M) 10.598ms
[2022-12-18T21:56:35.705+0900][gc,cpu      ] GC(86) User=0.01s Sys=0.02s Real=0.01s
[2022-12-18T21:56:44.864+0900][gc,start    ] GC(87) Pause Young (Normal) (G1 Evacuation Pause)
[2022-12-18T21:56:44.864+0900][gc,task     ] GC(87) Using 8 workers of 8 for evacuation
[2022-12-18T21:56:44.875+0900][gc,phases   ] GC(87)   Pre Evacuate Collection Set: 0.3ms
[2022-12-18T21:56:44.875+0900][gc,phases   ] GC(87)   Merge Heap Roots: 0.1ms
[2022-12-18T21:56:44.875+0900][gc,phases   ] GC(87)   Evacuate Collection Set: 9.7ms
[2022-12-18T21:56:44.875+0900][gc,phases   ] GC(87)   Post Evacuate Collection Set: 0.6ms
[2022-12-18T21:56:44.875+0900][gc,phases   ] GC(87)   Other: 0.9ms
[2022-12-18T21:56:44.875+0900][gc,heap     ] GC(87) Eden regions: 611->0(611)
[2022-12-18T21:56:44.875+0900][gc,heap     ] GC(87) Survivor regions: 3->3(77)
[2022-12-18T21:56:44.875+0900][gc,heap     ] GC(87) Old regions: 83->83
[2022-12-18T21:56:44.875+0900][gc,heap     ] GC(87) Archive regions: 2->2
[2022-12-18T21:56:44.875+0900][gc,heap     ] GC(87) Humongous regions: 129->129
[2022-12-18T21:56:44.875+0900][gc,metaspace] GC(87) Metaspace: 41296K(41792K)->41296K(41792K) NonClass: 36277K(36544K)->36277K(36544K) Class: 5019K(5248K)->5019K(5248K)
[2022-12-18T21:56:44.875+0900][gc          ] GC(87) Pause Young (Normal) (G1 Evacuation Pause) 825M->214M(1024M) 11.687ms
[2022-12-18T21:56:44.875+0900][gc,cpu      ] GC(87) User=0.01s Sys=0.02s Real=0.01s
[2022-12-18T21:56:52.517+0900][gc,start    ] GC(88) Pause Young (Normal) (G1 Evacuation Pause)
[2022-12-18T21:56:52.518+0900][gc,task     ] GC(88) Using 8 workers of 8 for evacuation
[2022-12-18T21:56:52.533+0900][gc,phases   ] GC(88)   Pre Evacuate Collection Set: 0.2ms
[2022-12-18T21:56:52.533+0900][gc,phases   ] GC(88)   Merge Heap Roots: 0.1ms
[2022-12-18T21:56:52.533+0900][gc,phases   ] GC(88)   Evacuate Collection Set: 13.6ms
[2022-12-18T21:56:52.533+0900][gc,phases   ] GC(88)   Post Evacuate Collection Set: 1.3ms
[2022-12-18T21:56:52.533+0900][gc,phases   ] GC(88)   Other: 1.0ms
[2022-12-18T21:56:52.533+0900][gc,heap     ] GC(88) Eden regions: 611->0(611)
[2022-12-18T21:56:52.533+0900][gc,heap     ] GC(88) Survivor regions: 3->3(77)
[2022-12-18T21:56:52.533+0900][gc,heap     ] GC(88) Old regions: 83->83
[2022-12-18T21:56:52.533+0900][gc,heap     ] GC(88) Archive regions: 2->2
[2022-12-18T21:56:52.533+0900][gc,heap     ] GC(88) Humongous regions: 129->129
[2022-12-18T21:56:52.533+0900][gc,metaspace] GC(88) Metaspace: 41296K(41792K)->41296K(41792K) NonClass: 36277K(36544K)->36277K(36544K) Class: 5019K(5248K)->5019K(5248K)
[2022-12-18T21:56:52.533+0900][gc          ] GC(88) Pause Young (Normal) (G1 Evacuation Pause) 825M->214M(1024M) 16.356ms
[2022-12-18T21:56:52.533+0900][gc,cpu      ] GC(88) User=0.01s Sys=0.03s Real=0.02s
[2022-12-18T21:57:01.607+0900][gc,start    ] GC(89) Pause Young (Normal) (G1 Evacuation Pause)
[2022-12-18T21:57:01.607+0900][gc,task     ] GC(89) Using 8 workers of 8 for evacuation
[2022-12-18T21:57:01.621+0900][gc,phases   ] GC(89)   Pre Evacuate Collection Set: 0.3ms
[2022-12-18T21:57:01.621+0900][gc,phases   ] GC(89)   Merge Heap Roots: 0.2ms
[2022-12-18T21:57:01.621+0900][gc,phases   ] GC(89)   Evacuate Collection Set: 11.8ms
[2022-12-18T21:57:01.621+0900][gc,phases   ] GC(89)   Post Evacuate Collection Set: 0.7ms
[2022-12-18T21:57:01.621+0900][gc,phases   ] GC(89)   Other: 0.9ms
[2022-12-18T21:57:01.621+0900][gc,heap     ] GC(89) Eden regions: 611->0(611)
[2022-12-18T21:57:01.621+0900][gc,heap     ] GC(89) Survivor regions: 3->3(77)
[2022-12-18T21:57:01.621+0900][gc,heap     ] GC(89) Old regions: 83->83
[2022-12-18T21:57:01.621+0900][gc,heap     ] GC(89) Archive regions: 2->2
[2022-12-18T21:57:01.621+0900][gc,heap     ] GC(89) Humongous regions: 129->129
[2022-12-18T21:57:01.621+0900][gc,metaspace] GC(89) Metaspace: 41296K(41792K)->41296K(41792K) NonClass: 36277K(36544K)->36277K(36544K) Class: 5019K(5248K)->5019K(5248K)
[2022-12-18T21:57:01.621+0900][gc          ] GC(89) Pause Young (Normal) (G1 Evacuation Pause) 825M->214M(1024M) 13.924ms
[2022-12-18T21:57:01.621+0900][gc,cpu      ] GC(89) User=0.00s Sys=0.02s Real=0.02s
[2022-12-18T21:57:09.249+0900][gc,start    ] GC(90) Pause Young (Normal) (G1 Evacuation Pause)
[2022-12-18T21:57:09.249+0900][gc,task     ] GC(90) Using 8 workers of 8 for evacuation
[2022-12-18T21:57:09.283+0900][gc,mmu      ] GC(90) MMU target violated: 21.0ms (20.0ms/21.0ms)
[2022-12-18T21:57:09.283+0900][gc,phases   ] GC(90)   Pre Evacuate Collection Set: 0.3ms
[2022-12-18T21:57:09.283+0900][gc,phases   ] GC(90)   Merge Heap Roots: 0.1ms
[2022-12-18T21:57:09.283+0900][gc,phases   ] GC(90)   Evacuate Collection Set: 32.3ms
[2022-12-18T21:57:09.283+0900][gc,phases   ] GC(90)   Post Evacuate Collection Set: 1.3ms
[2022-12-18T21:57:09.283+0900][gc,phases   ] GC(90)   Other: 0.8ms
[2022-12-18T21:57:09.283+0900][gc,heap     ] GC(90) Eden regions: 611->0(274)
[2022-12-18T21:57:09.283+0900][gc,heap     ] GC(90) Survivor regions: 3->3(77)
[2022-12-18T21:57:09.283+0900][gc,heap     ] GC(90) Old regions: 83->83
[2022-12-18T21:57:09.283+0900][gc,heap     ] GC(90) Archive regions: 2->2
[2022-12-18T21:57:09.283+0900][gc,heap     ] GC(90) Humongous regions: 129->129
[2022-12-18T21:57:09.284+0900][gc,metaspace] GC(90) Metaspace: 41297K(41792K)->41297K(41792K) NonClass: 36278K(36544K)->36278K(36544K) Class: 5019K(5248K)->5019K(5248K)
[2022-12-18T21:57:09.284+0900][gc          ] GC(90) Pause Young (Normal) (G1 Evacuation Pause) 825M->214M(1024M) 34.963ms
[2022-12-18T21:57:09.284+0900][gc,cpu      ] GC(90) User=0.01s Sys=0.04s Real=0.04s
[2022-12-18T21:57:12.773+0900][gc,start    ] GC(91) Pause Young (Normal) (G1 Evacuation Pause)
[2022-12-18T21:57:12.774+0900][gc,task     ] GC(91) Using 8 workers of 8 for evacuation
[2022-12-18T21:57:12.784+0900][gc,phases   ] GC(91)   Pre Evacuate Collection Set: 0.3ms
[2022-12-18T21:57:12.784+0900][gc,phases   ] GC(91)   Merge Heap Roots: 0.1ms
[2022-12-18T21:57:12.784+0900][gc,phases   ] GC(91)   Evacuate Collection Set: 8.6ms
[2022-12-18T21:57:12.784+0900][gc,phases   ] GC(91)   Post Evacuate Collection Set: 0.5ms
[2022-12-18T21:57:12.784+0900][gc,phases   ] GC(91)   Other: 1.6ms
[2022-12-18T21:57:12.784+0900][gc,heap     ] GC(91) Eden regions: 274->0(611)
[2022-12-18T21:57:12.784+0900][gc,heap     ] GC(91) Survivor regions: 3->3(35)
[2022-12-18T21:57:12.784+0900][gc,heap     ] GC(91) Old regions: 83->83
[2022-12-18T21:57:12.784+0900][gc,heap     ] GC(91) Archive regions: 2->2
[2022-12-18T21:57:12.784+0900][gc,heap     ] GC(91) Humongous regions: 129->129
[2022-12-18T21:57:12.784+0900][gc,metaspace] GC(91) Metaspace: 41297K(41792K)->41297K(41792K) NonClass: 36278K(36544K)->36278K(36544K) Class: 5019K(5248K)->5019K(5248K)
[2022-12-18T21:57:12.784+0900][gc          ] GC(91) Pause Young (Normal) (G1 Evacuation Pause) 488M->214M(1024M) 11.148ms
[2022-12-18T21:57:12.784+0900][gc,cpu      ] GC(91) User=0.01s Sys=0.01s Real=0.01s
[2022-12-18T21:57:22.816+0900][gc,start    ] GC(92) Pause Young (Normal) (G1 Evacuation Pause)
[2022-12-18T21:57:22.817+0900][gc,task     ] GC(92) Using 8 workers of 8 for evacuation
[2022-12-18T21:57:22.830+0900][gc,phases   ] GC(92)   Pre Evacuate Collection Set: 0.2ms
[2022-12-18T21:57:22.830+0900][gc,phases   ] GC(92)   Merge Heap Roots: 0.1ms
[2022-12-18T21:57:22.830+0900][gc,phases   ] GC(92)   Evacuate Collection Set: 8.1ms
[2022-12-18T21:57:22.830+0900][gc,phases   ] GC(92)   Post Evacuate Collection Set: 3.8ms
[2022-12-18T21:57:22.830+0900][gc,phases   ] GC(92)   Other: 1.0ms
[2022-12-18T21:57:22.830+0900][gc,heap     ] GC(92) Eden regions: 611->0(480)
[2022-12-18T21:57:22.830+0900][gc,heap     ] GC(92) Survivor regions: 3->3(77)
[2022-12-18T21:57:22.830+0900][gc,heap     ] GC(92) Old regions: 83->83
[2022-12-18T21:57:22.830+0900][gc,heap     ] GC(92) Archive regions: 2->2
[2022-12-18T21:57:22.830+0900][gc,heap     ] GC(92) Humongous regions: 129->129
[2022-12-18T21:57:22.830+0900][gc,metaspace] GC(92) Metaspace: 41297K(41792K)->41297K(41792K) NonClass: 36278K(36544K)->36278K(36544K) Class: 5019K(5248K)->5019K(5248K)
[2022-12-18T21:57:22.830+0900][gc          ] GC(92) Pause Young (Normal) (G1 Evacuation Pause) 825M->215M(1024M) 13.256ms
[2022-12-18T21:57:22.830+0900][gc,cpu      ] GC(92) User=0.01s Sys=0.02s Real=0.02s
[2022-12-18T21:57:28.556+0900][gc,start    ] GC(93) Pause Young (Normal) (G1 Evacuation Pause)
[2022-12-18T21:57:28.557+0900][gc,task     ] GC(93) Using 8 workers of 8 for evacuation
[2022-12-18T21:57:28.564+0900][gc,phases   ] GC(93)   Pre Evacuate Collection Set: 0.2ms
[2022-12-18T21:57:28.564+0900][gc,phases   ] GC(93)   Merge Heap Roots: 0.1ms
[2022-12-18T21:57:28.564+0900][gc,phases   ] GC(93)   Evacuate Collection Set: 6.5ms
[2022-12-18T21:57:28.564+0900][gc,phases   ] GC(93)   Post Evacuate Collection Set: 0.6ms
[2022-12-18T21:57:28.564+0900][gc,phases   ] GC(93)   Other: 1.0ms
[2022-12-18T21:57:28.564+0900][gc,heap     ] GC(93) Eden regions: 480->0(599)
[2022-12-18T21:57:28.564+0900][gc,heap     ] GC(93) Survivor regions: 3->3(61)
[2022-12-18T21:57:28.564+0900][gc,heap     ] GC(93) Old regions: 83->83
[2022-12-18T21:57:28.564+0900][gc,heap     ] GC(93) Archive regions: 2->2
[2022-12-18T21:57:28.564+0900][gc,heap     ] GC(93) Humongous regions: 129->129
[2022-12-18T21:57:28.564+0900][gc,metaspace] GC(93) Metaspace: 41297K(41792K)->41297K(41792K) NonClass: 36278K(36544K)->36278K(36544K) Class: 5019K(5248K)->5019K(5248K)
[2022-12-18T21:57:28.564+0900][gc          ] GC(93) Pause Young (Normal) (G1 Evacuation Pause) 695M->215M(1024M) 8.609ms
[2022-12-18T21:57:28.564+0900][gc,cpu      ] GC(93) User=0.01s Sys=0.02s Real=0.01s
[2022-12-18T21:57:39.591+0900][gc,start    ] GC(94) Pause Young (Normal) (G1 Evacuation Pause)
[2022-12-18T21:57:39.591+0900][gc,task     ] GC(94) Using 8 workers of 8 for evacuation
[2022-12-18T21:57:39.605+0900][gc,phases   ] GC(94)   Pre Evacuate Collection Set: 0.2ms
[2022-12-18T21:57:39.605+0900][gc,phases   ] GC(94)   Merge Heap Roots: 0.2ms
[2022-12-18T21:57:39.605+0900][gc,phases   ] GC(94)   Evacuate Collection Set: 12.3ms
[2022-12-18T21:57:39.605+0900][gc,phases   ] GC(94)   Post Evacuate Collection Set: 0.6ms
[2022-12-18T21:57:39.605+0900][gc,phases   ] GC(94)   Other: 0.9ms
[2022-12-18T21:57:39.605+0900][gc,heap     ] GC(94) Eden regions: 599->0(336)
[2022-12-18T21:57:39.605+0900][gc,heap     ] GC(94) Survivor regions: 3->4(76)
[2022-12-18T21:57:39.605+0900][gc,heap     ] GC(94) Old regions: 83->83
[2022-12-18T21:57:39.605+0900][gc,heap     ] GC(94) Archive regions: 2->2
[2022-12-18T21:57:39.605+0900][gc,heap     ] GC(94) Humongous regions: 129->129
[2022-12-18T21:57:39.605+0900][gc,metaspace] GC(94) Metaspace: 41297K(41792K)->41297K(41792K) NonClass: 36278K(36544K)->36278K(36544K) Class: 5019K(5248K)->5019K(5248K)
[2022-12-18T21:57:39.605+0900][gc          ] GC(94) Pause Young (Normal) (G1 Evacuation Pause) 814M->216M(1024M) 14.239ms
[2022-12-18T21:57:39.605+0900][gc,cpu      ] GC(94) User=0.01s Sys=0.02s Real=0.01s
[2022-12-18T21:57:45.762+0900][gc,start    ] GC(95) Pause Young (Normal) (G1 Evacuation Pause)
[2022-12-18T21:57:45.763+0900][gc,task     ] GC(95) Using 8 workers of 8 for evacuation
[2022-12-18T21:57:45.776+0900][gc,phases   ] GC(95)   Pre Evacuate Collection Set: 0.3ms
[2022-12-18T21:57:45.776+0900][gc,phases   ] GC(95)   Merge Heap Roots: 0.1ms
[2022-12-18T21:57:45.776+0900][gc,phases   ] GC(95)   Evacuate Collection Set: 10.9ms
[2022-12-18T21:57:45.776+0900][gc,phases   ] GC(95)   Post Evacuate Collection Set: 0.9ms
[2022-12-18T21:57:45.776+0900][gc,phases   ] GC(95)   Other: 1.1ms
[2022-12-18T21:57:45.776+0900][gc,heap     ] GC(95) Eden regions: 336->0(520)
[2022-12-18T21:57:45.776+0900][gc,heap     ] GC(95) Survivor regions: 4->4(43)
[2022-12-18T21:57:45.776+0900][gc,heap     ] GC(95) Old regions: 83->83
[2022-12-18T21:57:45.776+0900][gc,heap     ] GC(95) Archive regions: 2->2
[2022-12-18T21:57:45.776+0900][gc,heap     ] GC(95) Humongous regions: 129->129
[2022-12-18T21:57:45.776+0900][gc,metaspace] GC(95) Metaspace: 41297K(41792K)->41297K(41792K) NonClass: 36278K(36544K)->36278K(36544K) Class: 5019K(5248K)->5019K(5248K)
[2022-12-18T21:57:45.776+0900][gc          ] GC(95) Pause Young (Normal) (G1 Evacuation Pause) 552M->216M(1024M) 13.409ms
[2022-12-18T21:57:45.776+0900][gc,cpu      ] GC(95) User=0.01s Sys=0.01s Real=0.01s
[2022-12-18T21:57:52.852+0900][gc,start    ] GC(96) Pause Young (Normal) (G1 Evacuation Pause)
[2022-12-18T21:57:52.852+0900][gc,task     ] GC(96) Using 8 workers of 8 for evacuation
[2022-12-18T21:57:52.872+0900][gc,mmu      ] GC(96) MMU target violated: 20.1ms (20.0ms/21.0ms)
[2022-12-18T21:57:52.872+0900][gc,phases   ] GC(96)   Pre Evacuate Collection Set: 0.2ms
[2022-12-18T21:57:52.872+0900][gc,phases   ] GC(96)   Merge Heap Roots: 0.1ms
[2022-12-18T21:57:52.872+0900][gc,phases   ] GC(96)   Evacuate Collection Set: 19.0ms
[2022-12-18T21:57:52.872+0900][gc,phases   ] GC(96)   Post Evacuate Collection Set: 0.7ms
[2022-12-18T21:57:52.872+0900][gc,phases   ] GC(96)   Other: 0.5ms
[2022-12-18T21:57:52.872+0900][gc,heap     ] GC(96) Eden regions: 520->0(494)
[2022-12-18T21:57:52.872+0900][gc,heap     ] GC(96) Survivor regions: 4->4(66)
[2022-12-18T21:57:52.872+0900][gc,heap     ] GC(96) Old regions: 83->84
[2022-12-18T21:57:52.872+0900][gc,heap     ] GC(96) Archive regions: 2->2
[2022-12-18T21:57:52.872+0900][gc,heap     ] GC(96) Humongous regions: 129->129
[2022-12-18T21:57:52.872+0900][gc,metaspace] GC(96) Metaspace: 41297K(41792K)->41297K(41792K) NonClass: 36278K(36544K)->36278K(36544K) Class: 5019K(5248K)->5019K(5248K)
[2022-12-18T21:57:52.872+0900][gc          ] GC(96) Pause Young (Normal) (G1 Evacuation Pause) 736M->216M(1024M) 20.628ms
[2022-12-18T21:57:52.872+0900][gc,cpu      ] GC(96) User=0.01s Sys=0.03s Real=0.02s
[2022-12-18T21:57:59.708+0900][gc,start    ] GC(97) Pause Young (Normal) (G1 Evacuation Pause)
[2022-12-18T21:57:59.709+0900][gc,task     ] GC(97) Using 8 workers of 8 for evacuation
[2022-12-18T21:57:59.719+0900][gc,phases   ] GC(97)   Pre Evacuate Collection Set: 0.2ms
[2022-12-18T21:57:59.719+0900][gc,phases   ] GC(97)   Merge Heap Roots: 0.1ms
[2022-12-18T21:57:59.719+0900][gc,phases   ] GC(97)   Evacuate Collection Set: 9.5ms
[2022-12-18T21:57:59.719+0900][gc,phases   ] GC(97)   Post Evacuate Collection Set: 0.7ms
[2022-12-18T21:57:59.719+0900][gc,phases   ] GC(97)   Other: 0.9ms
[2022-12-18T21:57:59.719+0900][gc,heap     ] GC(97) Eden regions: 487->0(610)
[2022-12-18T21:57:59.719+0900][gc,heap     ] GC(97) Survivor regions: 4->4(62)
[2022-12-18T21:57:59.719+0900][gc,heap     ] GC(97) Old regions: 84->84
[2022-12-18T21:57:59.719+0900][gc,heap     ] GC(97) Archive regions: 2->2
[2022-12-18T21:57:59.719+0900][gc,heap     ] GC(97) Humongous regions: 129->129
[2022-12-18T21:57:59.719+0900][gc,metaspace] GC(97) Metaspace: 41297K(41792K)->41297K(41792K) NonClass: 36278K(36544K)->36278K(36544K) Class: 5019K(5248K)->5019K(5248K)
[2022-12-18T21:57:59.719+0900][gc          ] GC(97) Pause Young (Normal) (G1 Evacuation Pause) 703M->217M(1024M) 11.469ms
[2022-12-18T21:57:59.719+0900][gc,cpu      ] GC(97) User=0.01s Sys=0.02s Real=0.01s
[2022-12-18T21:58:09.819+0900][gc,start    ] GC(98) Pause Young (Normal) (G1 Evacuation Pause)
[2022-12-18T21:58:09.820+0900][gc,task     ] GC(98) Using 8 workers of 8 for evacuation
[2022-12-18T21:58:09.844+0900][gc,mmu      ] GC(98) MMU target violated: 21.0ms (20.0ms/21.0ms)
[2022-12-18T21:58:09.844+0900][gc,phases   ] GC(98)   Pre Evacuate Collection Set: 0.1ms
[2022-12-18T21:58:09.844+0900][gc,phases   ] GC(98)   Merge Heap Roots: 0.2ms
[2022-12-18T21:58:09.844+0900][gc,phases   ] GC(98)   Evacuate Collection Set: 22.5ms
[2022-12-18T21:58:09.844+0900][gc,phases   ] GC(98)   Post Evacuate Collection Set: 0.9ms
[2022-12-18T21:58:09.844+0900][gc,phases   ] GC(98)   Other: 1.0ms
[2022-12-18T21:58:09.844+0900][gc,heap     ] GC(98) Eden regions: 610->0(86)
[2022-12-18T21:58:09.844+0900][gc,heap     ] GC(98) Survivor regions: 4->5(77)
[2022-12-18T21:58:09.844+0900][gc,heap     ] GC(98) Old regions: 84->84
[2022-12-18T21:58:09.844+0900][gc,heap     ] GC(98) Archive regions: 2->2
[2022-12-18T21:58:09.844+0900][gc,heap     ] GC(98) Humongous regions: 129->129
[2022-12-18T21:58:09.844+0900][gc,metaspace] GC(98) Metaspace: 41297K(41792K)->41297K(41792K) NonClass: 36278K(36544K)->36278K(36544K) Class: 5019K(5248K)->5019K(5248K)
[2022-12-18T21:58:09.844+0900][gc          ] GC(98) Pause Young (Normal) (G1 Evacuation Pause) 827M->217M(1024M) 24.682ms
[2022-12-18T21:58:09.844+0900][gc,cpu      ] GC(98) User=0.01s Sys=0.02s Real=0.03s
[2022-12-18T21:58:10.968+0900][gc,start    ] GC(99) Pause Young (Normal) (G1 Evacuation Pause)
[2022-12-18T21:58:10.968+0900][gc,task     ] GC(99) Using 8 workers of 8 for evacuation
[2022-12-18T21:58:10.971+0900][gc,phases   ] GC(99)   Pre Evacuate Collection Set: 0.1ms
[2022-12-18T21:58:10.971+0900][gc,phases   ] GC(99)   Merge Heap Roots: 0.1ms
[2022-12-18T21:58:10.971+0900][gc,phases   ] GC(99)   Evacuate Collection Set: 2.1ms
[2022-12-18T21:58:10.971+0900][gc,phases   ] GC(99)   Post Evacuate Collection Set: 0.3ms
[2022-12-18T21:58:10.971+0900][gc,phases   ] GC(99)   Other: 0.1ms
[2022-12-18T21:58:10.971+0900][gc,heap     ] GC(99) Eden regions: 79->0(609)
[2022-12-18T21:58:10.971+0900][gc,heap     ] GC(99) Survivor regions: 5->5(11)
[2022-12-18T21:58:10.971+0900][gc,heap     ] GC(99) Old regions: 84->84
[2022-12-18T21:58:10.971+0900][gc,heap     ] GC(99) Archive regions: 2->2
[2022-12-18T21:58:10.971+0900][gc,heap     ] GC(99) Humongous regions: 129->129
[2022-12-18T21:58:10.971+0900][gc,metaspace] GC(99) Metaspace: 41297K(41792K)->41297K(41792K) NonClass: 36278K(36544K)->36278K(36544K) Class: 5019K(5248K)->5019K(5248K)
[2022-12-18T21:58:10.971+0900][gc          ] GC(99) Pause Young (Normal) (G1 Evacuation Pause) 296M->217M(1024M) 2.709ms
[2022-12-18T21:58:10.971+0900][gc,cpu      ] GC(99) User=0.01s Sys=0.00s Real=0.01s
[2022-12-18T21:58:20.818+0900][gc,start    ] GC(100) Pause Young (Normal) (G1 Evacuation Pause)
[2022-12-18T21:58:20.819+0900][gc,task     ] GC(100) Using 8 workers of 8 for evacuation
[2022-12-18T21:58:20.837+0900][gc,phases   ] GC(100)   Pre Evacuate Collection Set: 0.2ms
[2022-12-18T21:58:20.837+0900][gc,phases   ] GC(100)   Merge Heap Roots: 0.2ms
[2022-12-18T21:58:20.837+0900][gc,phases   ] GC(100)   Evacuate Collection Set: 17.0ms
[2022-12-18T21:58:20.837+0900][gc,phases   ] GC(100)   Post Evacuate Collection Set: 0.6ms
[2022-12-18T21:58:20.837+0900][gc,phases   ] GC(100)   Other: 0.9ms
[2022-12-18T21:58:20.837+0900][gc,heap     ] GC(100) Eden regions: 609->0(534)
[2022-12-18T21:58:20.837+0900][gc,heap     ] GC(100) Survivor regions: 5->5(77)
[2022-12-18T21:58:20.837+0900][gc,heap     ] GC(100) Old regions: 84->84
[2022-12-18T21:58:20.837+0900][gc,heap     ] GC(100) Archive regions: 2->2
[2022-12-18T21:58:20.837+0900][gc,heap     ] GC(100) Humongous regions: 129->129
[2022-12-18T21:58:20.837+0900][gc,metaspace] GC(100) Metaspace: 41299K(41792K)->41299K(41792K) NonClass: 36280K(36544K)->36280K(36544K) Class: 5019K(5248K)->5019K(5248K)
[2022-12-18T21:58:20.837+0900][gc          ] GC(100) Pause Young (Normal) (G1 Evacuation Pause) 826M->218M(1024M) 18.996ms
[2022-12-18T21:58:20.837+0900][gc,cpu      ] GC(100) User=0.01s Sys=0.02s Real=0.02s
[2022-12-18T21:58:27.761+0900][gc,start    ] GC(101) Pause Young (Normal) (G1 Evacuation Pause)
[2022-12-18T21:58:27.762+0900][gc,task     ] GC(101) Using 8 workers of 8 for evacuation
[2022-12-18T21:58:27.775+0900][gc,phases   ] GC(101)   Pre Evacuate Collection Set: 0.2ms
[2022-12-18T21:58:27.775+0900][gc,phases   ] GC(101)   Merge Heap Roots: 0.2ms
[2022-12-18T21:58:27.775+0900][gc,phases   ] GC(101)   Evacuate Collection Set: 12.2ms
[2022-12-18T21:58:27.775+0900][gc,phases   ] GC(101)   Post Evacuate Collection Set: 0.7ms
[2022-12-18T21:58:27.775+0900][gc,phases   ] GC(101)   Other: 1.0ms
[2022-12-18T21:58:27.775+0900][gc,heap     ] GC(101) Eden regions: 528->0(609)
[2022-12-18T21:58:27.775+0900][gc,heap     ] GC(101) Survivor regions: 5->5(67)
[2022-12-18T21:58:27.775+0900][gc,heap     ] GC(101) Old regions: 84->84
[2022-12-18T21:58:27.775+0900][gc,heap     ] GC(101) Archive regions: 2->2
[2022-12-18T21:58:27.775+0900][gc,heap     ] GC(101) Humongous regions: 129->129
[2022-12-18T21:58:27.775+0900][gc,metaspace] GC(101) Metaspace: 41301K(41792K)->41301K(41792K) NonClass: 36282K(36544K)->36282K(36544K) Class: 5019K(5248K)->5019K(5248K)
[2022-12-18T21:58:27.775+0900][gc          ] GC(101) Pause Young (Normal) (G1 Evacuation Pause) 746M->218M(1024M) 14.315ms
[2022-12-18T21:58:27.775+0900][gc,cpu      ] GC(101) User=0.02s Sys=0.03s Real=0.01s
[2022-12-18T21:58:35.953+0900][gc,start    ] GC(102) Pause Young (Normal) (G1 Evacuation Pause)
[2022-12-18T21:58:35.954+0900][gc,task     ] GC(102) Using 8 workers of 8 for evacuation
[2022-12-18T21:58:35.978+0900][gc,mmu      ] GC(102) MMU target violated: 20.1ms (20.0ms/21.0ms)
[2022-12-18T21:58:35.978+0900][gc,phases   ] GC(102)   Pre Evacuate Collection Set: 1.5ms
[2022-12-18T21:58:35.978+0900][gc,phases   ] GC(102)   Merge Heap Roots: 0.1ms
[2022-12-18T21:58:35.978+0900][gc,phases   ] GC(102)   Evacuate Collection Set: 19.0ms
[2022-12-18T21:58:35.978+0900][gc,phases   ] GC(102)   Post Evacuate Collection Set: 0.7ms
[2022-12-18T21:58:35.978+0900][gc,phases   ] GC(102)   Other: 3.8ms
[2022-12-18T21:58:35.978+0900][gc,heap     ] GC(102) Eden regions: 609->0(609)
[2022-12-18T21:58:35.978+0900][gc,heap     ] GC(102) Survivor regions: 5->5(77)
[2022-12-18T21:58:35.978+0900][gc,heap     ] GC(102) Old regions: 84->84
[2022-12-18T21:58:35.978+0900][gc,heap     ] GC(102) Archive regions: 2->2
[2022-12-18T21:58:35.978+0900][gc,heap     ] GC(102) Humongous regions: 129->129
[2022-12-18T21:58:35.978+0900][gc,metaspace] GC(102) Metaspace: 41301K(41792K)->41301K(41792K) NonClass: 36282K(36544K)->36282K(36544K) Class: 5019K(5248K)->5019K(5248K)
[2022-12-18T21:58:35.978+0900][gc          ] GC(102) Pause Young (Normal) (G1 Evacuation Pause) 827M->218M(1024M) 25.231ms
[2022-12-18T21:58:35.978+0900][gc,cpu      ] GC(102) User=0.01s Sys=0.03s Real=0.02s
[2022-12-18T21:58:44.776+0900][gc,start    ] GC(103) Pause Young (Normal) (G1 Evacuation Pause)
[2022-12-18T21:58:44.777+0900][gc,task     ] GC(103) Using 8 workers of 8 for evacuation
[2022-12-18T21:58:44.787+0900][gc,phases   ] GC(103)   Pre Evacuate Collection Set: 0.3ms
[2022-12-18T21:58:44.787+0900][gc,phases   ] GC(103)   Merge Heap Roots: 0.2ms
[2022-12-18T21:58:44.787+0900][gc,phases   ] GC(103)   Evacuate Collection Set: 9.6ms
[2022-12-18T21:58:44.787+0900][gc,phases   ] GC(103)   Post Evacuate Collection Set: 0.6ms
[2022-12-18T21:58:44.787+0900][gc,phases   ] GC(103)   Other: 1.0ms
[2022-12-18T21:58:44.787+0900][gc,heap     ] GC(103) Eden regions: 609->0(563)
[2022-12-18T21:58:44.787+0900][gc,heap     ] GC(103) Survivor regions: 5->6(77)
[2022-12-18T21:58:44.787+0900][gc,heap     ] GC(103) Old regions: 84->85
[2022-12-18T21:58:44.787+0900][gc,heap     ] GC(103) Archive regions: 2->2
[2022-12-18T21:58:44.787+0900][gc,heap     ] GC(103) Humongous regions: 129->129
[2022-12-18T21:58:44.787+0900][gc,metaspace] GC(103) Metaspace: 41301K(41792K)->41301K(41792K) NonClass: 36282K(36544K)->36282K(36544K) Class: 5019K(5248K)->5019K(5248K)
[2022-12-18T21:58:44.788+0900][gc          ] GC(103) Pause Young (Normal) (G1 Evacuation Pause) 827M->219M(1024M) 11.717ms
[2022-12-18T21:58:44.788+0900][gc,cpu      ] GC(103) User=0.01s Sys=0.02s Real=0.01s
[2022-12-18T21:58:52.794+0900][gc,start    ] GC(104) Pause Young (Normal) (G1 Evacuation Pause)
[2022-12-18T21:58:52.794+0900][gc,task     ] GC(104) Using 8 workers of 8 for evacuation
[2022-12-18T21:58:52.809+0900][gc,phases   ] GC(104)   Pre Evacuate Collection Set: 0.3ms
[2022-12-18T21:58:52.809+0900][gc,phases   ] GC(104)   Merge Heap Roots: 0.2ms
[2022-12-18T21:58:52.809+0900][gc,phases   ] GC(104)   Evacuate Collection Set: 13.5ms
[2022-12-18T21:58:52.809+0900][gc,phases   ] GC(104)   Post Evacuate Collection Set: 0.8ms
[2022-12-18T21:58:52.809+0900][gc,phases   ] GC(104)   Other: 0.5ms
[2022-12-18T21:58:52.809+0900][gc,heap     ] GC(104) Eden regions: 550->0(608)
[2022-12-18T21:58:52.809+0900][gc,heap     ] GC(104) Survivor regions: 6->6(70)
[2022-12-18T21:58:52.809+0900][gc,heap     ] GC(104) Old regions: 85->85
[2022-12-18T21:58:52.809+0900][gc,heap     ] GC(104) Archive regions: 2->2
[2022-12-18T21:58:52.809+0900][gc,heap     ] GC(104) Humongous regions: 129->129
[2022-12-18T21:58:52.809+0900][gc,metaspace] GC(104) Metaspace: 41301K(41792K)->41301K(41792K) NonClass: 36282K(36544K)->36282K(36544K) Class: 5019K(5248K)->5019K(5248K)
[2022-12-18T21:58:52.809+0900][gc          ] GC(104) Pause Young (Normal) (G1 Evacuation Pause) 769M->219M(1024M) 15.321ms
[2022-12-18T21:58:52.809+0900][gc,cpu      ] GC(104) User=0.01s Sys=0.03s Real=0.01s
[2022-12-18T21:59:01.640+0900][gc,start    ] GC(105) Pause Young (Normal) (G1 Evacuation Pause)
[2022-12-18T21:59:01.641+0900][gc,task     ] GC(105) Using 8 workers of 8 for evacuation
[2022-12-18T21:59:01.658+0900][gc,phases   ] GC(105)   Pre Evacuate Collection Set: 0.2ms
[2022-12-18T21:59:01.658+0900][gc,phases   ] GC(105)   Merge Heap Roots: 0.2ms
[2022-12-18T21:59:01.658+0900][gc,phases   ] GC(105)   Evacuate Collection Set: 15.4ms
[2022-12-18T21:59:01.658+0900][gc,phases   ] GC(105)   Post Evacuate Collection Set: 0.7ms
[2022-12-18T21:59:01.658+0900][gc,phases   ] GC(105)   Other: 0.9ms
[2022-12-18T21:59:01.658+0900][gc,heap     ] GC(105) Eden regions: 608->0(608)
[2022-12-18T21:59:01.658+0900][gc,heap     ] GC(105) Survivor regions: 6->6(77)
[2022-12-18T21:59:01.658+0900][gc,heap     ] GC(105) Old regions: 85->85
[2022-12-18T21:59:01.658+0900][gc,heap     ] GC(105) Archive regions: 2->2
[2022-12-18T21:59:01.658+0900][gc,heap     ] GC(105) Humongous regions: 129->129
[2022-12-18T21:59:01.658+0900][gc,metaspace] GC(105) Metaspace: 41301K(41792K)->41301K(41792K) NonClass: 36282K(36544K)->36282K(36544K) Class: 5019K(5248K)->5019K(5248K)
[2022-12-18T21:59:01.658+0900][gc          ] GC(105) Pause Young (Normal) (G1 Evacuation Pause) 827M->220M(1024M) 17.544ms
[2022-12-18T21:59:01.658+0900][gc,cpu      ] GC(105) User=0.02s Sys=0.03s Real=0.01s
[2022-12-18T21:59:09.965+0900][gc,start    ] GC(106) Pause Young (Normal) (G1 Evacuation Pause)
[2022-12-18T21:59:09.966+0900][gc,task     ] GC(106) Using 8 workers of 8 for evacuation
[2022-12-18T21:59:09.981+0900][gc,phases   ] GC(106)   Pre Evacuate Collection Set: 0.3ms
[2022-12-18T21:59:09.982+0900][gc,phases   ] GC(106)   Merge Heap Roots: 0.3ms
[2022-12-18T21:59:09.982+0900][gc,phases   ] GC(106)   Evacuate Collection Set: 14.4ms
[2022-12-18T21:59:09.982+0900][gc,phases   ] GC(106)   Post Evacuate Collection Set: 0.7ms
[2022-12-18T21:59:09.982+0900][gc,phases   ] GC(106)   Other: 1.0ms
[2022-12-18T21:59:09.982+0900][gc,heap     ] GC(106) Eden regions: 608->0(608)
[2022-12-18T21:59:09.982+0900][gc,heap     ] GC(106) Survivor regions: 6->6(77)
[2022-12-18T21:59:09.982+0900][gc,heap     ] GC(106) Old regions: 85->85
[2022-12-18T21:59:09.982+0900][gc,heap     ] GC(106) Archive regions: 2->2
[2022-12-18T21:59:09.982+0900][gc,heap     ] GC(106) Humongous regions: 129->129
[2022-12-18T21:59:09.982+0900][gc,metaspace] GC(106) Metaspace: 41301K(41792K)->41301K(41792K) NonClass: 36282K(36544K)->36282K(36544K) Class: 5019K(5248K)->5019K(5248K)
[2022-12-18T21:59:09.982+0900][gc          ] GC(106) Pause Young (Normal) (G1 Evacuation Pause) 828M->220M(1024M) 16.675ms
[2022-12-18T21:59:09.982+0900][gc,cpu      ] GC(106) User=0.02s Sys=0.02s Real=0.02s
[2022-12-18T21:59:17.665+0900][gc,start    ] GC(107) Pause Young (Normal) (G1 Evacuation Pause)
[2022-12-18T21:59:17.666+0900][gc,task     ] GC(107) Using 8 workers of 8 for evacuation
[2022-12-18T21:59:17.677+0900][gc,phases   ] GC(107)   Pre Evacuate Collection Set: 0.2ms
[2022-12-18T21:59:17.677+0900][gc,phases   ] GC(107)   Merge Heap Roots: 0.2ms
[2022-12-18T21:59:17.677+0900][gc,phases   ] GC(107)   Evacuate Collection Set: 10.4ms
[2022-12-18T21:59:17.677+0900][gc,phases   ] GC(107)   Post Evacuate Collection Set: 0.6ms
[2022-12-18T21:59:17.677+0900][gc,phases   ] GC(107)   Other: 0.5ms
[2022-12-18T21:59:17.677+0900][gc,heap     ] GC(107) Eden regions: 608->0(608)
[2022-12-18T21:59:17.677+0900][gc,heap     ] GC(107) Survivor regions: 6->6(77)
[2022-12-18T21:59:17.677+0900][gc,heap     ] GC(107) Old regions: 85->86
[2022-12-18T21:59:17.677+0900][gc,heap     ] GC(107) Archive regions: 2->2
[2022-12-18T21:59:17.677+0900][gc,heap     ] GC(107) Humongous regions: 129->129
[2022-12-18T21:59:17.677+0900][gc,metaspace] GC(107) Metaspace: 41301K(41792K)->41301K(41792K) NonClass: 36282K(36544K)->36282K(36544K) Class: 5019K(5248K)->5019K(5248K)
[2022-12-18T21:59:17.677+0900][gc          ] GC(107) Pause Young (Normal) (G1 Evacuation Pause) 828M->221M(1024M) 11.947ms
[2022-12-18T21:59:17.677+0900][gc,cpu      ] GC(107) User=0.02s Sys=0.03s Real=0.01s
[2022-12-18T21:59:23.635+0900][gc,start    ] GC(108) Pause Young (Normal) (G1 Evacuation Pause)
[2022-12-18T21:59:23.636+0900][gc,task     ] GC(108) Using 8 workers of 8 for evacuation
[2022-12-18T21:59:23.649+0900][gc,phases   ] GC(108)   Pre Evacuate Collection Set: 0.3ms
[2022-12-18T21:59:23.649+0900][gc,phases   ] GC(108)   Merge Heap Roots: 0.2ms
[2022-12-18T21:59:23.649+0900][gc,phases   ] GC(108)   Evacuate Collection Set: 12.0ms
[2022-12-18T21:59:23.649+0900][gc,phases   ] GC(108)   Post Evacuate Collection Set: 0.7ms
[2022-12-18T21:59:23.649+0900][gc,phases   ] GC(108)   Other: 0.3ms
[2022-12-18T21:59:23.649+0900][gc,heap     ] GC(108) Eden regions: 608->0(608)
[2022-12-18T21:59:23.649+0900][gc,heap     ] GC(108) Survivor regions: 6->6(77)
[2022-12-18T21:59:23.649+0900][gc,heap     ] GC(108) Old regions: 86->86
[2022-12-18T21:59:23.649+0900][gc,heap     ] GC(108) Archive regions: 2->2
[2022-12-18T21:59:23.649+0900][gc,heap     ] GC(108) Humongous regions: 129->129
[2022-12-18T21:59:23.649+0900][gc,metaspace] GC(108) Metaspace: 41301K(41792K)->41301K(41792K) NonClass: 36282K(36544K)->36282K(36544K) Class: 5019K(5248K)->5019K(5248K)
[2022-12-18T21:59:23.649+0900][gc          ] GC(108) Pause Young (Normal) (G1 Evacuation Pause) 829M->221M(1024M) 13.571ms
[2022-12-18T21:59:23.649+0900][gc,cpu      ] GC(108) User=0.01s Sys=0.02s Real=0.01s
[2022-12-18T21:59:31.837+0900][gc,start    ] GC(109) Pause Young (Normal) (G1 Evacuation Pause)
[2022-12-18T21:59:31.838+0900][gc,task     ] GC(109) Using 8 workers of 8 for evacuation
[2022-12-18T21:59:31.855+0900][gc,phases   ] GC(109)   Pre Evacuate Collection Set: 0.2ms
[2022-12-18T21:59:31.855+0900][gc,phases   ] GC(109)   Merge Heap Roots: 0.3ms
[2022-12-18T21:59:31.855+0900][gc,phases   ] GC(109)   Evacuate Collection Set: 15.5ms
[2022-12-18T21:59:31.855+0900][gc,phases   ] GC(109)   Post Evacuate Collection Set: 0.7ms
[2022-12-18T21:59:31.855+0900][gc,phases   ] GC(109)   Other: 0.9ms
[2022-12-18T21:59:31.855+0900][gc,heap     ] GC(109) Eden regions: 608->0(608)
[2022-12-18T21:59:31.855+0900][gc,heap     ] GC(109) Survivor regions: 6->6(77)
[2022-12-18T21:59:31.855+0900][gc,heap     ] GC(109) Old regions: 86->87
[2022-12-18T21:59:31.855+0900][gc,heap     ] GC(109) Archive regions: 2->2
[2022-12-18T21:59:31.855+0900][gc,heap     ] GC(109) Humongous regions: 129->129
[2022-12-18T21:59:31.855+0900][gc,metaspace] GC(109) Metaspace: 41301K(41792K)->41301K(41792K) NonClass: 36282K(36544K)->36282K(36544K) Class: 5019K(5248K)->5019K(5248K)
[2022-12-18T21:59:31.855+0900][gc          ] GC(109) Pause Young (Normal) (G1 Evacuation Pause) 829M->222M(1024M) 17.612ms
[2022-12-18T21:59:31.855+0900][gc,cpu      ] GC(109) User=0.02s Sys=0.02s Real=0.02s
[2022-12-18T21:59:39.918+0900][gc,start    ] GC(110) Pause Young (Normal) (G1 Evacuation Pause)
[2022-12-18T21:59:39.918+0900][gc,task     ] GC(110) Using 8 workers of 8 for evacuation
[2022-12-18T21:59:39.929+0900][gc,phases   ] GC(110)   Pre Evacuate Collection Set: 0.2ms
[2022-12-18T21:59:39.929+0900][gc,phases   ] GC(110)   Merge Heap Roots: 0.2ms
[2022-12-18T21:59:39.929+0900][gc,phases   ] GC(110)   Evacuate Collection Set: 9.7ms
[2022-12-18T21:59:39.929+0900][gc,phases   ] GC(110)   Post Evacuate Collection Set: 0.6ms
[2022-12-18T21:59:39.929+0900][gc,phases   ] GC(110)   Other: 0.4ms
[2022-12-18T21:59:39.929+0900][gc,heap     ] GC(110) Eden regions: 608->0(607)
[2022-12-18T21:59:39.929+0900][gc,heap     ] GC(110) Survivor regions: 6->7(77)
[2022-12-18T21:59:39.929+0900][gc,heap     ] GC(110) Old regions: 87->87
[2022-12-18T21:59:39.929+0900][gc,heap     ] GC(110) Archive regions: 2->2
[2022-12-18T21:59:39.929+0900][gc,heap     ] GC(110) Humongous regions: 129->129
[2022-12-18T21:59:39.929+0900][gc,metaspace] GC(110) Metaspace: 41301K(41792K)->41301K(41792K) NonClass: 36282K(36544K)->36282K(36544K) Class: 5019K(5248K)->5019K(5248K)
[2022-12-18T21:59:39.929+0900][gc          ] GC(110) Pause Young (Normal) (G1 Evacuation Pause) 830M->222M(1024M) 11.225ms
[2022-12-18T21:59:39.929+0900][gc,cpu      ] GC(110) User=0.02s Sys=0.02s Real=0.01s
[2022-12-18T21:59:47.896+0900][gc,start    ] GC(111) Pause Young (Normal) (G1 Evacuation Pause)
[2022-12-18T21:59:47.896+0900][gc,task     ] GC(111) Using 8 workers of 8 for evacuation
[2022-12-18T21:59:47.918+0900][gc,mmu      ] GC(111) MMU target violated: 21.0ms (20.0ms/21.0ms)
[2022-12-18T21:59:47.918+0900][gc,phases   ] GC(111)   Pre Evacuate Collection Set: 0.3ms
[2022-12-18T21:59:47.918+0900][gc,phases   ] GC(111)   Merge Heap Roots: 0.4ms
[2022-12-18T21:59:47.918+0900][gc,phases   ] GC(111)   Evacuate Collection Set: 17.1ms
[2022-12-18T21:59:47.918+0900][gc,phases   ] GC(111)   Post Evacuate Collection Set: 4.1ms
[2022-12-18T21:59:47.918+0900][gc,phases   ] GC(111)   Other: 0.4ms
[2022-12-18T21:59:47.918+0900][gc,heap     ] GC(111) Eden regions: 607->0(608)
[2022-12-18T21:59:47.918+0900][gc,heap     ] GC(111) Survivor regions: 7->6(77)
[2022-12-18T21:59:47.918+0900][gc,heap     ] GC(111) Old regions: 87->87
[2022-12-18T21:59:47.918+0900][gc,heap     ] GC(111) Archive regions: 2->2
[2022-12-18T21:59:47.918+0900][gc,heap     ] GC(111) Humongous regions: 129->129
[2022-12-18T21:59:47.918+0900][gc,metaspace] GC(111) Metaspace: 41301K(41792K)->41301K(41792K) NonClass: 36282K(36544K)->36282K(36544K) Class: 5019K(5248K)->5019K(5248K)
[2022-12-18T21:59:47.918+0900][gc          ] GC(111) Pause Young (Normal) (G1 Evacuation Pause) 829M->222M(1024M) 22.263ms
[2022-12-18T21:59:47.918+0900][gc,cpu      ] GC(111) User=0.02s Sys=0.02s Real=0.02s
[2022-12-18T21:59:55.207+0900][gc,start    ] GC(112) Pause Young (Normal) (G1 Evacuation Pause)
[2022-12-18T21:59:55.208+0900][gc,task     ] GC(112) Using 8 workers of 8 for evacuation
[2022-12-18T21:59:55.223+0900][gc,phases   ] GC(112)   Pre Evacuate Collection Set: 0.2ms
[2022-12-18T21:59:55.223+0900][gc,phases   ] GC(112)   Merge Heap Roots: 0.4ms
[2022-12-18T21:59:55.223+0900][gc,phases   ] GC(112)   Evacuate Collection Set: 13.3ms
[2022-12-18T21:59:55.223+0900][gc,phases   ] GC(112)   Post Evacuate Collection Set: 0.5ms
[2022-12-18T21:59:55.223+0900][gc,phases   ] GC(112)   Other: 1.2ms
[2022-12-18T21:59:55.223+0900][gc,heap     ] GC(112) Eden regions: 608->0(608)
[2022-12-18T21:59:55.223+0900][gc,heap     ] GC(112) Survivor regions: 6->6(77)
[2022-12-18T21:59:55.223+0900][gc,heap     ] GC(112) Old regions: 87->88
[2022-12-18T21:59:55.223+0900][gc,heap     ] GC(112) Archive regions: 2->2
[2022-12-18T21:59:55.223+0900][gc,heap     ] GC(112) Humongous regions: 129->129
[2022-12-18T21:59:55.223+0900][gc,metaspace] GC(112) Metaspace: 41301K(41792K)->41301K(41792K) NonClass: 36282K(36544K)->36282K(36544K) Class: 5019K(5248K)->5019K(5248K)
[2022-12-18T21:59:55.223+0900][gc          ] GC(112) Pause Young (Normal) (G1 Evacuation Pause) 830M->223M(1024M) 15.632ms
[2022-12-18T21:59:55.223+0900][gc,cpu      ] GC(112) User=0.02s Sys=0.03s Real=0.02s
[2022-12-18T22:00:02.469+0900][gc,start    ] GC(113) Pause Young (Normal) (G1 Evacuation Pause)
[2022-12-18T22:00:02.470+0900][gc,task     ] GC(113) Using 8 workers of 8 for evacuation
[2022-12-18T22:00:02.487+0900][gc,phases   ] GC(113)   Pre Evacuate Collection Set: 0.2ms
[2022-12-18T22:00:02.487+0900][gc,phases   ] GC(113)   Merge Heap Roots: 0.2ms
[2022-12-18T22:00:02.487+0900][gc,phases   ] GC(113)   Evacuate Collection Set: 12.3ms
[2022-12-18T22:00:02.487+0900][gc,phases   ] GC(113)   Post Evacuate Collection Set: 4.2ms
[2022-12-18T22:00:02.487+0900][gc,phases   ] GC(113)   Other: 0.9ms
[2022-12-18T22:00:02.487+0900][gc,heap     ] GC(113) Eden regions: 608->0(607)
[2022-12-18T22:00:02.487+0900][gc,heap     ] GC(113) Survivor regions: 6->7(77)
[2022-12-18T22:00:02.487+0900][gc,heap     ] GC(113) Old regions: 88->88
[2022-12-18T22:00:02.487+0900][gc,heap     ] GC(113) Archive regions: 2->2
[2022-12-18T22:00:02.487+0900][gc,heap     ] GC(113) Humongous regions: 129->129
[2022-12-18T22:00:02.487+0900][gc,metaspace] GC(113) Metaspace: 41301K(41792K)->41301K(41792K) NonClass: 36282K(36544K)->36282K(36544K) Class: 5019K(5248K)->5019K(5248K)
[2022-12-18T22:00:02.487+0900][gc          ] GC(113) Pause Young (Normal) (G1 Evacuation Pause) 831M->223M(1024M) 17.889ms
[2022-12-18T22:00:02.487+0900][gc,cpu      ] GC(113) User=0.02s Sys=0.02s Real=0.02s
[2022-12-18T22:00:10.133+0900][gc,start    ] GC(114) Pause Young (Normal) (G1 Evacuation Pause)
[2022-12-18T22:00:10.134+0900][gc,task     ] GC(114) Using 8 workers of 8 for evacuation
[2022-12-18T22:00:10.151+0900][gc,phases   ] GC(114)   Pre Evacuate Collection Set: 0.3ms
[2022-12-18T22:00:10.151+0900][gc,phases   ] GC(114)   Merge Heap Roots: 0.3ms
[2022-12-18T22:00:10.151+0900][gc,phases   ] GC(114)   Evacuate Collection Set: 15.6ms
[2022-12-18T22:00:10.151+0900][gc,phases   ] GC(114)   Post Evacuate Collection Set: 0.6ms
[2022-12-18T22:00:10.151+0900][gc,phases   ] GC(114)   Other: 1.0ms
[2022-12-18T22:00:10.151+0900][gc,heap     ] GC(114) Eden regions: 607->0(607)
[2022-12-18T22:00:10.151+0900][gc,heap     ] GC(114) Survivor regions: 7->7(77)
[2022-12-18T22:00:10.151+0900][gc,heap     ] GC(114) Old regions: 88->88
[2022-12-18T22:00:10.151+0900][gc,heap     ] GC(114) Archive regions: 2->2
[2022-12-18T22:00:10.151+0900][gc,heap     ] GC(114) Humongous regions: 129->129
[2022-12-18T22:00:10.151+0900][gc,metaspace] GC(114) Metaspace: 41301K(41792K)->41301K(41792K) NonClass: 36282K(36544K)->36282K(36544K) Class: 5019K(5248K)->5019K(5248K)
[2022-12-18T22:00:10.151+0900][gc          ] GC(114) Pause Young (Normal) (G1 Evacuation Pause) 830M->224M(1024M) 17.811ms
[2022-12-18T22:00:10.151+0900][gc,cpu      ] GC(114) User=0.02s Sys=0.02s Real=0.02s
[2022-12-18T22:00:16.911+0900][gc,start    ] GC(115) Pause Young (Normal) (G1 Evacuation Pause)
[2022-12-18T22:00:16.912+0900][gc,task     ] GC(115) Using 8 workers of 8 for evacuation
[2022-12-18T22:00:16.927+0900][gc,phases   ] GC(115)   Pre Evacuate Collection Set: 0.2ms
[2022-12-18T22:00:16.927+0900][gc,phases   ] GC(115)   Merge Heap Roots: 0.2ms
[2022-12-18T22:00:16.927+0900][gc,phases   ] GC(115)   Evacuate Collection Set: 13.7ms
[2022-12-18T22:00:16.927+0900][gc,phases   ] GC(115)   Post Evacuate Collection Set: 1.0ms
[2022-12-18T22:00:16.927+0900][gc,phases   ] GC(115)   Other: 1.0ms
[2022-12-18T22:00:16.927+0900][gc,heap     ] GC(115) Eden regions: 607->0(607)
[2022-12-18T22:00:16.927+0900][gc,heap     ] GC(115) Survivor regions: 7->7(77)
[2022-12-18T22:00:16.927+0900][gc,heap     ] GC(115) Old regions: 88->89
[2022-12-18T22:00:16.927+0900][gc,heap     ] GC(115) Archive regions: 2->2
[2022-12-18T22:00:16.927+0900][gc,heap     ] GC(115) Humongous regions: 129->129
[2022-12-18T22:00:16.927+0900][gc,metaspace] GC(115) Metaspace: 41301K(41792K)->41301K(41792K) NonClass: 36282K(36544K)->36282K(36544K) Class: 5019K(5248K)->5019K(5248K)
[2022-12-18T22:00:16.927+0900][gc          ] GC(115) Pause Young (Normal) (G1 Evacuation Pause) 831M->224M(1024M) 16.235ms
[2022-12-18T22:00:16.927+0900][gc,cpu      ] GC(115) User=0.02s Sys=0.02s Real=0.01s
[2022-12-18T22:00:23.797+0900][gc,start    ] GC(116) Pause Young (Normal) (G1 Evacuation Pause)
[2022-12-18T22:00:23.798+0900][gc,task     ] GC(116) Using 8 workers of 8 for evacuation
[2022-12-18T22:00:23.810+0900][gc,phases   ] GC(116)   Pre Evacuate Collection Set: 0.2ms
[2022-12-18T22:00:23.810+0900][gc,phases   ] GC(116)   Merge Heap Roots: 0.3ms
[2022-12-18T22:00:23.810+0900][gc,phases   ] GC(116)   Evacuate Collection Set: 10.8ms
[2022-12-18T22:00:23.810+0900][gc,phases   ] GC(116)   Post Evacuate Collection Set: 0.6ms
[2022-12-18T22:00:23.810+0900][gc,phases   ] GC(116)   Other: 1.0ms
[2022-12-18T22:00:23.811+0900][gc,heap     ] GC(116) Eden regions: 607->0(607)
[2022-12-18T22:00:23.811+0900][gc,heap     ] GC(116) Survivor regions: 7->7(77)
[2022-12-18T22:00:23.811+0900][gc,heap     ] GC(116) Old regions: 89->89
[2022-12-18T22:00:23.811+0900][gc,heap     ] GC(116) Archive regions: 2->2
[2022-12-18T22:00:23.811+0900][gc,heap     ] GC(116) Humongous regions: 129->129
[2022-12-18T22:00:23.811+0900][gc,metaspace] GC(116) Metaspace: 41301K(41792K)->41301K(41792K) NonClass: 36282K(36544K)->36282K(36544K) Class: 5019K(5248K)->5019K(5248K)
[2022-12-18T22:00:23.811+0900][gc          ] GC(116) Pause Young (Normal) (G1 Evacuation Pause) 831M->224M(1024M) 13.088ms
[2022-12-18T22:00:23.811+0900][gc,cpu      ] GC(116) User=0.02s Sys=0.02s Real=0.02s
[2022-12-18T22:00:31.782+0900][gc,start    ] GC(117) Pause Young (Normal) (G1 Evacuation Pause)
[2022-12-18T22:00:31.782+0900][gc,task     ] GC(117) Using 8 workers of 8 for evacuation
[2022-12-18T22:00:31.798+0900][gc,phases   ] GC(117)   Pre Evacuate Collection Set: 0.2ms
[2022-12-18T22:00:31.798+0900][gc,phases   ] GC(117)   Merge Heap Roots: 0.2ms
[2022-12-18T22:00:31.798+0900][gc,phases   ] GC(117)   Evacuate Collection Set: 14.0ms
[2022-12-18T22:00:31.798+0900][gc,phases   ] GC(117)   Post Evacuate Collection Set: 0.6ms
[2022-12-18T22:00:31.798+0900][gc,phases   ] GC(117)   Other: 0.4ms
[2022-12-18T22:00:31.798+0900][gc,heap     ] GC(117) Eden regions: 607->0(607)
[2022-12-18T22:00:31.798+0900][gc,heap     ] GC(117) Survivor regions: 7->7(77)
[2022-12-18T22:00:31.798+0900][gc,heap     ] GC(117) Old regions: 89->90
[2022-12-18T22:00:31.798+0900][gc,heap     ] GC(117) Archive regions: 2->2
[2022-12-18T22:00:31.798+0900][gc,heap     ] GC(117) Humongous regions: 129->129
[2022-12-18T22:00:31.798+0900][gc,metaspace] GC(117) Metaspace: 41301K(41792K)->41301K(41792K) NonClass: 36282K(36544K)->36282K(36544K) Class: 5019K(5248K)->5019K(5248K)
[2022-12-18T22:00:31.798+0900][gc          ] GC(117) Pause Young (Normal) (G1 Evacuation Pause) 831M->225M(1024M) 15.539ms
[2022-12-18T22:00:31.798+0900][gc,cpu      ] GC(117) User=0.03s Sys=0.04s Real=0.01s
[2022-12-18T22:00:38.430+0900][gc,start    ] GC(118) Pause Young (Normal) (G1 Evacuation Pause)
[2022-12-18T22:00:38.430+0900][gc,task     ] GC(118) Using 8 workers of 8 for evacuation
[2022-12-18T22:00:38.445+0900][gc,phases   ] GC(118)   Pre Evacuate Collection Set: 0.3ms
[2022-12-18T22:00:38.445+0900][gc,phases   ] GC(118)   Merge Heap Roots: 0.3ms
[2022-12-18T22:00:38.445+0900][gc,phases   ] GC(118)   Evacuate Collection Set: 14.2ms
[2022-12-18T22:00:38.445+0900][gc,phases   ] GC(118)   Post Evacuate Collection Set: 0.7ms
[2022-12-18T22:00:38.445+0900][gc,phases   ] GC(118)   Other: 0.3ms
[2022-12-18T22:00:38.445+0900][gc,heap     ] GC(118) Eden regions: 607->0(607)
[2022-12-18T22:00:38.445+0900][gc,heap     ] GC(118) Survivor regions: 7->7(77)
[2022-12-18T22:00:38.445+0900][gc,heap     ] GC(118) Old regions: 90->90
[2022-12-18T22:00:38.445+0900][gc,heap     ] GC(118) Archive regions: 2->2
[2022-12-18T22:00:38.445+0900][gc,heap     ] GC(118) Humongous regions: 129->129
[2022-12-18T22:00:38.445+0900][gc,metaspace] GC(118) Metaspace: 41301K(41792K)->41301K(41792K) NonClass: 36282K(36544K)->36282K(36544K) Class: 5019K(5248K)->5019K(5248K)
[2022-12-18T22:00:38.445+0900][gc          ] GC(118) Pause Young (Normal) (G1 Evacuation Pause) 832M->225M(1024M) 15.755ms
[2022-12-18T22:00:38.445+0900][gc,cpu      ] GC(118) User=0.02s Sys=0.03s Real=0.01s
[2022-12-18T22:00:45.982+0900][gc,start    ] GC(119) Pause Young (Normal) (G1 Evacuation Pause)
[2022-12-18T22:00:45.983+0900][gc,task     ] GC(119) Using 8 workers of 8 for evacuation
[2022-12-18T22:00:45.996+0900][gc,phases   ] GC(119)   Pre Evacuate Collection Set: 0.3ms
[2022-12-18T22:00:45.996+0900][gc,phases   ] GC(119)   Merge Heap Roots: 0.2ms
[2022-12-18T22:00:45.996+0900][gc,phases   ] GC(119)   Evacuate Collection Set: 11.9ms
[2022-12-18T22:00:45.996+0900][gc,phases   ] GC(119)   Post Evacuate Collection Set: 0.6ms
[2022-12-18T22:00:45.996+0900][gc,phases   ] GC(119)   Other: 1.0ms
[2022-12-18T22:00:45.996+0900][gc,heap     ] GC(119) Eden regions: 607->0(607)
[2022-12-18T22:00:45.996+0900][gc,heap     ] GC(119) Survivor regions: 7->7(77)
[2022-12-18T22:00:45.996+0900][gc,heap     ] GC(119) Old regions: 90->90
[2022-12-18T22:00:45.996+0900][gc,heap     ] GC(119) Archive regions: 2->2
[2022-12-18T22:00:45.996+0900][gc,heap     ] GC(119) Humongous regions: 129->129
[2022-12-18T22:00:45.996+0900][gc,metaspace] GC(119) Metaspace: 41301K(41792K)->41301K(41792K) NonClass: 36282K(36544K)->36282K(36544K) Class: 5019K(5248K)->5019K(5248K)
[2022-12-18T22:00:45.996+0900][gc          ] GC(119) Pause Young (Normal) (G1 Evacuation Pause) 832M->226M(1024M) 14.072ms
[2022-12-18T22:00:45.996+0900][gc,cpu      ] GC(119) User=0.02s Sys=0.02s Real=0.01s
[2022-12-18T22:00:52.156+0900][gc,start    ] GC(120) Pause Young (Normal) (G1 Evacuation Pause)
[2022-12-18T22:00:52.156+0900][gc,task     ] GC(120) Using 8 workers of 8 for evacuation
[2022-12-18T22:00:52.171+0900][gc,phases   ] GC(120)   Pre Evacuate Collection Set: 0.2ms
[2022-12-18T22:00:52.171+0900][gc,phases   ] GC(120)   Merge Heap Roots: 0.3ms
[2022-12-18T22:00:52.171+0900][gc,phases   ] GC(120)   Evacuate Collection Set: 13.6ms
[2022-12-18T22:00:52.171+0900][gc,phases   ] GC(120)   Post Evacuate Collection Set: 0.6ms
[2022-12-18T22:00:52.171+0900][gc,phases   ] GC(120)   Other: 0.3ms
[2022-12-18T22:00:52.171+0900][gc,heap     ] GC(120) Eden regions: 607->0(607)
[2022-12-18T22:00:52.171+0900][gc,heap     ] GC(120) Survivor regions: 7->7(77)
[2022-12-18T22:00:52.171+0900][gc,heap     ] GC(120) Old regions: 90->91
[2022-12-18T22:00:52.171+0900][gc,heap     ] GC(120) Archive regions: 2->2
[2022-12-18T22:00:52.171+0900][gc,heap     ] GC(120) Humongous regions: 129->129
[2022-12-18T22:00:52.171+0900][gc,metaspace] GC(120) Metaspace: 41301K(41792K)->41301K(41792K) NonClass: 36282K(36544K)->36282K(36544K) Class: 5019K(5248K)->5019K(5248K)
[2022-12-18T22:00:52.171+0900][gc          ] GC(120) Pause Young (Normal) (G1 Evacuation Pause) 833M->226M(1024M) 14.998ms
[2022-12-18T22:00:52.171+0900][gc,cpu      ] GC(120) User=0.02s Sys=0.03s Real=0.02s
[2022-12-18T22:00:59.949+0900][gc,start    ] GC(121) Pause Young (Normal) (G1 Evacuation Pause)
[2022-12-18T22:00:59.950+0900][gc,task     ] GC(121) Using 8 workers of 8 for evacuation
[2022-12-18T22:00:59.969+0900][gc,phases   ] GC(121)   Pre Evacuate Collection Set: 0.3ms
[2022-12-18T22:00:59.969+0900][gc,phases   ] GC(121)   Merge Heap Roots: 0.3ms
[2022-12-18T22:00:59.969+0900][gc,phases   ] GC(121)   Evacuate Collection Set: 13.4ms
[2022-12-18T22:00:59.969+0900][gc,phases   ] GC(121)   Post Evacuate Collection Set: 4.4ms
[2022-12-18T22:00:59.969+0900][gc,phases   ] GC(121)   Other: 1.0ms
[2022-12-18T22:00:59.969+0900][gc,heap     ] GC(121) Eden regions: 607->0(607)
[2022-12-18T22:00:59.969+0900][gc,heap     ] GC(121) Survivor regions: 7->7(77)
[2022-12-18T22:00:59.969+0900][gc,heap     ] GC(121) Old regions: 91->91
[2022-12-18T22:00:59.969+0900][gc,heap     ] GC(121) Archive regions: 2->2
[2022-12-18T22:00:59.969+0900][gc,heap     ] GC(121) Humongous regions: 129->129
[2022-12-18T22:00:59.969+0900][gc,metaspace] GC(121) Metaspace: 41301K(41792K)->41301K(41792K) NonClass: 36282K(36544K)->36282K(36544K) Class: 5019K(5248K)->5019K(5248K)
[2022-12-18T22:00:59.969+0900][gc          ] GC(121) Pause Young (Normal) (G1 Evacuation Pause) 833M->227M(1024M) 19.462ms
[2022-12-18T22:00:59.969+0900][gc,cpu      ] GC(121) User=0.02s Sys=0.02s Real=0.02s
[2022-12-18T22:01:07.077+0900][gc,start    ] GC(122) Pause Young (Normal) (G1 Evacuation Pause)
[2022-12-18T22:01:07.077+0900][gc,task     ] GC(122) Using 8 workers of 8 for evacuation
[2022-12-18T22:01:07.093+0900][gc,phases   ] GC(122)   Pre Evacuate Collection Set: 0.2ms
[2022-12-18T22:01:07.093+0900][gc,phases   ] GC(122)   Merge Heap Roots: 0.3ms
[2022-12-18T22:01:07.093+0900][gc,phases   ] GC(122)   Evacuate Collection Set: 14.6ms
[2022-12-18T22:01:07.093+0900][gc,phases   ] GC(122)   Post Evacuate Collection Set: 0.6ms
[2022-12-18T22:01:07.093+0900][gc,phases   ] GC(122)   Other: 0.4ms
[2022-12-18T22:01:07.093+0900][gc,heap     ] GC(122) Eden regions: 607->0(607)
[2022-12-18T22:01:07.093+0900][gc,heap     ] GC(122) Survivor regions: 7->7(77)
[2022-12-18T22:01:07.093+0900][gc,heap     ] GC(122) Old regions: 91->92
[2022-12-18T22:01:07.093+0900][gc,heap     ] GC(122) Archive regions: 2->2
[2022-12-18T22:01:07.093+0900][gc,heap     ] GC(122) Humongous regions: 129->129
[2022-12-18T22:01:07.093+0900][gc,metaspace] GC(122) Metaspace: 41301K(41792K)->41301K(41792K) NonClass: 36282K(36544K)->36282K(36544K) Class: 5019K(5248K)->5019K(5248K)
[2022-12-18T22:01:07.093+0900][gc          ] GC(122) Pause Young (Normal) (G1 Evacuation Pause) 834M->227M(1024M) 16.246ms
[2022-12-18T22:01:07.093+0900][gc,cpu      ] GC(122) User=0.02s Sys=0.03s Real=0.02s
[2022-12-18T22:01:14.491+0900][gc,start    ] GC(123) Pause Young (Normal) (G1 Evacuation Pause)
[2022-12-18T22:01:14.491+0900][gc,task     ] GC(123) Using 8 workers of 8 for evacuation
[2022-12-18T22:01:14.507+0900][gc,phases   ] GC(123)   Pre Evacuate Collection Set: 0.2ms
[2022-12-18T22:01:14.507+0900][gc,phases   ] GC(123)   Merge Heap Roots: 0.3ms
[2022-12-18T22:01:14.507+0900][gc,phases   ] GC(123)   Evacuate Collection Set: 14.3ms
[2022-12-18T22:01:14.507+0900][gc,phases   ] GC(123)   Post Evacuate Collection Set: 0.8ms
[2022-12-18T22:01:14.507+0900][gc,phases   ] GC(123)   Other: 0.4ms
[2022-12-18T22:01:14.507+0900][gc,heap     ] GC(123) Eden regions: 607->0(607)
[2022-12-18T22:01:14.507+0900][gc,heap     ] GC(123) Survivor regions: 7->7(77)
[2022-12-18T22:01:14.507+0900][gc,heap     ] GC(123) Old regions: 92->92
[2022-12-18T22:01:14.507+0900][gc,heap     ] GC(123) Archive regions: 2->2
[2022-12-18T22:01:14.507+0900][gc,heap     ] GC(123) Humongous regions: 129->129
[2022-12-18T22:01:14.507+0900][gc,metaspace] GC(123) Metaspace: 41301K(41792K)->41301K(41792K) NonClass: 36282K(36544K)->36282K(36544K) Class: 5019K(5248K)->5019K(5248K)
[2022-12-18T22:01:14.507+0900][gc          ] GC(123) Pause Young (Normal) (G1 Evacuation Pause) 834M->228M(1024M) 16.017ms
[2022-12-18T22:01:14.507+0900][gc,cpu      ] GC(123) User=0.02s Sys=0.03s Real=0.01s
[2022-12-18T22:01:22.216+0900][gc,start    ] GC(124) Pause Young (Normal) (G1 Evacuation Pause)
[2022-12-18T22:01:22.216+0900][gc,task     ] GC(124) Using 8 workers of 8 for evacuation
[2022-12-18T22:01:22.231+0900][gc,phases   ] GC(124)   Pre Evacuate Collection Set: 0.2ms
[2022-12-18T22:01:22.231+0900][gc,phases   ] GC(124)   Merge Heap Roots: 0.3ms
[2022-12-18T22:01:22.231+0900][gc,phases   ] GC(124)   Evacuate Collection Set: 11.5ms
[2022-12-18T22:01:22.231+0900][gc,phases   ] GC(124)   Post Evacuate Collection Set: 2.3ms
[2022-12-18T22:01:22.231+0900][gc,phases   ] GC(124)   Other: 0.2ms
[2022-12-18T22:01:22.231+0900][gc,heap     ] GC(124) Eden regions: 607->0(607)
[2022-12-18T22:01:22.231+0900][gc,heap     ] GC(124) Survivor regions: 7->7(77)
[2022-12-18T22:01:22.231+0900][gc,heap     ] GC(124) Old regions: 92->93
[2022-12-18T22:01:22.231+0900][gc,heap     ] GC(124) Archive regions: 2->2
[2022-12-18T22:01:22.231+0900][gc,heap     ] GC(124) Humongous regions: 129->129
[2022-12-18T22:01:22.231+0900][gc,metaspace] GC(124) Metaspace: 41301K(41792K)->41301K(41792K) NonClass: 36282K(36544K)->36282K(36544K) Class: 5019K(5248K)->5019K(5248K)
[2022-12-18T22:01:22.231+0900][gc          ] GC(124) Pause Young (Normal) (G1 Evacuation Pause) 835M->228M(1024M) 14.630ms
[2022-12-18T22:01:22.231+0900][gc,cpu      ] GC(124) User=0.02s Sys=0.02s Real=0.02s
[2022-12-18T22:01:29.747+0900][gc,start    ] GC(125) Pause Young (Normal) (G1 Evacuation Pause)
[2022-12-18T22:01:29.748+0900][gc,task     ] GC(125) Using 8 workers of 8 for evacuation
[2022-12-18T22:01:29.764+0900][gc,phases   ] GC(125)   Pre Evacuate Collection Set: 1.2ms
[2022-12-18T22:01:29.764+0900][gc,phases   ] GC(125)   Merge Heap Roots: 1.6ms
[2022-12-18T22:01:29.764+0900][gc,phases   ] GC(125)   Evacuate Collection Set: 11.7ms
[2022-12-18T22:01:29.764+0900][gc,phases   ] GC(125)   Post Evacuate Collection Set: 0.6ms
[2022-12-18T22:01:29.764+0900][gc,phases   ] GC(125)   Other: 0.9ms
[2022-12-18T22:01:29.764+0900][gc,heap     ] GC(125) Eden regions: 607->0(608)
[2022-12-18T22:01:29.764+0900][gc,heap     ] GC(125) Survivor regions: 7->6(77)
[2022-12-18T22:01:29.764+0900][gc,heap     ] GC(125) Old regions: 93->93
[2022-12-18T22:01:29.764+0900][gc,heap     ] GC(125) Archive regions: 2->2
[2022-12-18T22:01:29.764+0900][gc,heap     ] GC(125) Humongous regions: 129->129
[2022-12-18T22:01:29.764+0900][gc,metaspace] GC(125) Metaspace: 41301K(41792K)->41301K(41792K) NonClass: 36282K(36544K)->36282K(36544K) Class: 5019K(5248K)->5019K(5248K)
[2022-12-18T22:01:29.764+0900][gc          ] GC(125) Pause Young (Normal) (G1 Evacuation Pause) 835M->228M(1024M) 16.157ms
[2022-12-18T22:01:29.764+0900][gc,cpu      ] GC(125) User=0.02s Sys=0.02s Real=0.02s
[2022-12-18T22:01:37.094+0900][gc,start    ] GC(126) Pause Young (Normal) (G1 Evacuation Pause)
[2022-12-18T22:01:37.095+0900][gc,task     ] GC(126) Using 8 workers of 8 for evacuation
[2022-12-18T22:01:37.113+0900][gc,phases   ] GC(126)   Pre Evacuate Collection Set: 0.3ms
[2022-12-18T22:01:37.113+0900][gc,phases   ] GC(126)   Merge Heap Roots: 0.3ms
[2022-12-18T22:01:37.113+0900][gc,phases   ] GC(126)   Evacuate Collection Set: 17.0ms
[2022-12-18T22:01:37.113+0900][gc,phases   ] GC(126)   Post Evacuate Collection Set: 0.7ms
[2022-12-18T22:01:37.113+0900][gc,phases   ] GC(126)   Other: 1.1ms
[2022-12-18T22:01:37.113+0900][gc,heap     ] GC(126) Eden regions: 608->0(608)
[2022-12-18T22:01:37.113+0900][gc,heap     ] GC(126) Survivor regions: 6->6(77)
[2022-12-18T22:01:37.113+0900][gc,heap     ] GC(126) Old regions: 93->93
[2022-12-18T22:01:37.113+0900][gc,heap     ] GC(126) Archive regions: 2->2
[2022-12-18T22:01:37.113+0900][gc,heap     ] GC(126) Humongous regions: 129->129
[2022-12-18T22:01:37.113+0900][gc,metaspace] GC(126) Metaspace: 41301K(41792K)->41301K(41792K) NonClass: 36282K(36544K)->36282K(36544K) Class: 5019K(5248K)->5019K(5248K)
[2022-12-18T22:01:37.113+0900][gc          ] GC(126) Pause Young (Normal) (G1 Evacuation Pause) 836M->228M(1024M) 19.447ms
[2022-12-18T22:01:37.113+0900][gc,cpu      ] GC(126) User=0.02s Sys=0.02s Real=0.02s
[2022-12-18T22:01:44.853+0900][gc,start    ] GC(127) Pause Young (Normal) (G1 Evacuation Pause)
[2022-12-18T22:01:44.854+0900][gc,task     ] GC(127) Using 8 workers of 8 for evacuation
[2022-12-18T22:01:44.872+0900][gc,phases   ] GC(127)   Pre Evacuate Collection Set: 0.3ms
[2022-12-18T22:01:44.872+0900][gc,phases   ] GC(127)   Merge Heap Roots: 0.3ms
[2022-12-18T22:01:44.872+0900][gc,phases   ] GC(127)   Evacuate Collection Set: 16.6ms
[2022-12-18T22:01:44.872+0900][gc,phases   ] GC(127)   Post Evacuate Collection Set: 0.7ms
[2022-12-18T22:01:44.872+0900][gc,phases   ] GC(127)   Other: 1.0ms
[2022-12-18T22:01:44.872+0900][gc,heap     ] GC(127) Eden regions: 608->0(608)
[2022-12-18T22:01:44.872+0900][gc,heap     ] GC(127) Survivor regions: 6->6(77)
[2022-12-18T22:01:44.872+0900][gc,heap     ] GC(127) Old regions: 93->94
[2022-12-18T22:01:44.872+0900][gc,heap     ] GC(127) Archive regions: 2->2
[2022-12-18T22:01:44.872+0900][gc,heap     ] GC(127) Humongous regions: 129->129
[2022-12-18T22:01:44.872+0900][gc,metaspace] GC(127) Metaspace: 41301K(41792K)->41301K(41792K) NonClass: 36282K(36544K)->36282K(36544K) Class: 5019K(5248K)->5019K(5248K)
[2022-12-18T22:01:44.872+0900][gc          ] GC(127) Pause Young (Normal) (G1 Evacuation Pause) 836M->229M(1024M) 18.893ms
[2022-12-18T22:01:44.872+0900][gc,cpu      ] GC(127) User=0.02s Sys=0.03s Real=0.02s
[2022-12-18T22:01:52.702+0900][gc,start    ] GC(128) Pause Young (Normal) (G1 Evacuation Pause)
[2022-12-18T22:01:52.702+0900][gc,task     ] GC(128) Using 8 workers of 8 for evacuation
[2022-12-18T22:01:52.713+0900][gc,phases   ] GC(128)   Pre Evacuate Collection Set: 0.2ms
[2022-12-18T22:01:52.713+0900][gc,phases   ] GC(128)   Merge Heap Roots: 0.2ms
[2022-12-18T22:01:52.713+0900][gc,phases   ] GC(128)   Evacuate Collection Set: 9.7ms
[2022-12-18T22:01:52.713+0900][gc,phases   ] GC(128)   Post Evacuate Collection Set: 0.9ms
[2022-12-18T22:01:52.713+0900][gc,phases   ] GC(128)   Other: 0.4ms
[2022-12-18T22:01:52.713+0900][gc,heap     ] GC(128) Eden regions: 608->0(608)
[2022-12-18T22:01:52.713+0900][gc,heap     ] GC(128) Survivor regions: 6->6(77)
[2022-12-18T22:01:52.713+0900][gc,heap     ] GC(128) Old regions: 94->94
[2022-12-18T22:01:52.713+0900][gc,heap     ] GC(128) Archive regions: 2->2
[2022-12-18T22:01:52.713+0900][gc,heap     ] GC(128) Humongous regions: 129->129
[2022-12-18T22:01:52.713+0900][gc,metaspace] GC(128) Metaspace: 41301K(41792K)->41301K(41792K) NonClass: 36282K(36544K)->36282K(36544K) Class: 5019K(5248K)->5019K(5248K)
[2022-12-18T22:01:52.713+0900][gc          ] GC(128) Pause Young (Normal) (G1 Evacuation Pause) 837M->229M(1024M) 11.517ms
[2022-12-18T22:01:52.713+0900][gc,cpu      ] GC(128) User=0.02s Sys=0.03s Real=0.01s
[2022-12-18T22:02:01.713+0900][gc,start    ] GC(129) Pause Young (Normal) (G1 Evacuation Pause)
[2022-12-18T22:02:01.713+0900][gc,task     ] GC(129) Using 8 workers of 8 for evacuation
[2022-12-18T22:02:01.725+0900][gc,phases   ] GC(129)   Pre Evacuate Collection Set: 0.3ms
[2022-12-18T22:02:01.725+0900][gc,phases   ] GC(129)   Merge Heap Roots: 0.3ms
[2022-12-18T22:02:01.725+0900][gc,phases   ] GC(129)   Evacuate Collection Set: 10.5ms
[2022-12-18T22:02:01.725+0900][gc,phases   ] GC(129)   Post Evacuate Collection Set: 0.7ms
[2022-12-18T22:02:01.725+0900][gc,phases   ] GC(129)   Other: 0.4ms
[2022-12-18T22:02:01.725+0900][gc,heap     ] GC(129) Eden regions: 608->0(608)
[2022-12-18T22:02:01.725+0900][gc,heap     ] GC(129) Survivor regions: 6->6(77)
[2022-12-18T22:02:01.725+0900][gc,heap     ] GC(129) Old regions: 94->95
[2022-12-18T22:02:01.725+0900][gc,heap     ] GC(129) Archive regions: 2->2
[2022-12-18T22:02:01.725+0900][gc,heap     ] GC(129) Humongous regions: 129->129
[2022-12-18T22:02:01.725+0900][gc,metaspace] GC(129) Metaspace: 41301K(41792K)->41301K(41792K) NonClass: 36282K(36544K)->36282K(36544K) Class: 5019K(5248K)->5019K(5248K)
[2022-12-18T22:02:01.725+0900][gc          ] GC(129) Pause Young (Normal) (G1 Evacuation Pause) 837M->229M(1024M) 12.229ms
[2022-12-18T22:02:01.725+0900][gc,cpu      ] GC(129) User=0.03s Sys=0.02s Real=0.01s
[2022-12-18T22:47:20.734+0900][gc,start    ] GC(130) Pause Young (Normal) (G1 Evacuation Pause)
[2022-12-18T22:47:20.735+0900][gc,task     ] GC(130) Using 8 workers of 8 for evacuation
[2022-12-18T22:47:20.869+0900][gc,mmu      ] GC(130) MMU target violated: 21.0ms (20.0ms/21.0ms)
[2022-12-18T22:47:20.869+0900][gc,phases   ] GC(130)   Pre Evacuate Collection Set: 5.5ms
[2022-12-18T22:47:20.869+0900][gc,phases   ] GC(130)   Merge Heap Roots: 2.3ms
[2022-12-18T22:47:20.869+0900][gc,phases   ] GC(130)   Evacuate Collection Set: 124.5ms
[2022-12-18T22:47:20.869+0900][gc,phases   ] GC(130)   Post Evacuate Collection Set: 1.4ms
[2022-12-18T22:47:20.869+0900][gc,phases   ] GC(130)   Other: 3.1ms
[2022-12-18T22:47:20.869+0900][gc,heap     ] GC(130) Eden regions: 608->0(42)
[2022-12-18T22:47:20.869+0900][gc,heap     ] GC(130) Survivor regions: 6->9(77)
[2022-12-18T22:47:20.869+0900][gc,heap     ] GC(130) Old regions: 95->95
[2022-12-18T22:47:20.869+0900][gc,heap     ] GC(130) Archive regions: 2->2
[2022-12-18T22:47:20.869+0900][gc,heap     ] GC(130) Humongous regions: 129->129
[2022-12-18T22:47:20.869+0900][gc,metaspace] GC(130) Metaspace: 41311K(41792K)->41311K(41792K) NonClass: 36292K(36544K)->36292K(36544K) Class: 5019K(5248K)->5019K(5248K)
[2022-12-18T22:47:20.869+0900][gc          ] GC(130) Pause Young (Normal) (G1 Evacuation Pause) 837M->233M(1024M) 135.193ms
[2022-12-18T22:47:20.869+0900][gc,cpu      ] GC(130) User=0.04s Sys=0.14s Real=0.13s
[2022-12-18T22:53:01.625+0900][gc,start    ] GC(131) Pause Young (Normal) (G1 Evacuation Pause)
[2022-12-18T22:53:01.626+0900][gc,task     ] GC(131) Using 8 workers of 8 for evacuation
[2022-12-18T22:53:01.669+0900][gc,mmu      ] GC(131) MMU target violated: 21.0ms (20.0ms/21.0ms)
[2022-12-18T22:53:01.669+0900][gc,phases   ] GC(131)   Pre Evacuate Collection Set: 1.0ms
[2022-12-18T22:53:01.669+0900][gc,phases   ] GC(131)   Merge Heap Roots: 0.7ms
[2022-12-18T22:53:01.669+0900][gc,phases   ] GC(131)   Evacuate Collection Set: 40.3ms
[2022-12-18T22:53:01.669+0900][gc,phases   ] GC(131)   Post Evacuate Collection Set: 0.8ms
[2022-12-18T22:53:01.669+0900][gc,phases   ] GC(131)   Other: 1.2ms
[2022-12-18T22:53:01.669+0900][gc,heap     ] GC(131) Eden regions: 42->0(48)
[2022-12-18T22:53:01.669+0900][gc,heap     ] GC(131) Survivor regions: 9->3(7)
[2022-12-18T22:53:01.669+0900][gc,heap     ] GC(131) Old regions: 95->101
[2022-12-18T22:53:01.669+0900][gc,heap     ] GC(131) Archive regions: 2->2
[2022-12-18T22:53:01.669+0900][gc,heap     ] GC(131) Humongous regions: 129->129
[2022-12-18T22:53:01.669+0900][gc,metaspace] GC(131) Metaspace: 41311K(41792K)->41311K(41792K) NonClass: 36292K(36544K)->36292K(36544K) Class: 5019K(5248K)->5019K(5248K)
[2022-12-18T22:53:01.669+0900][gc          ] GC(131) Pause Young (Normal) (G1 Evacuation Pause) 275M->233M(1024M) 44.076ms
[2022-12-18T22:53:01.669+0900][gc,cpu      ] GC(131) User=0.05s Sys=0.04s Real=0.04s
[2022-12-18T22:59:35.212+0900][gc,start    ] GC(132) Pause Young (Normal) (G1 Evacuation Pause)
[2022-12-18T22:59:35.214+0900][gc,task     ] GC(132) Using 8 workers of 8 for evacuation
[2022-12-18T22:59:35.241+0900][gc,mmu      ] GC(132) MMU target violated: 21.0ms (20.0ms/21.0ms)
[2022-12-18T22:59:35.241+0900][gc,phases   ] GC(132)   Pre Evacuate Collection Set: 0.9ms
[2022-12-18T22:59:35.241+0900][gc,phases   ] GC(132)   Merge Heap Roots: 0.2ms
[2022-12-18T22:59:35.241+0900][gc,phases   ] GC(132)   Evacuate Collection Set: 23.7ms
[2022-12-18T22:59:35.241+0900][gc,phases   ] GC(132)   Post Evacuate Collection Set: 1.2ms
[2022-12-18T22:59:35.241+0900][gc,phases   ] GC(132)   Other: 2.6ms
[2022-12-18T22:59:35.241+0900][gc,heap     ] GC(132) Eden regions: 48->0(45)
[2022-12-18T22:59:35.241+0900][gc,heap     ] GC(132) Survivor regions: 3->6(7)
[2022-12-18T22:59:35.241+0900][gc,heap     ] GC(132) Old regions: 101->101
[2022-12-18T22:59:35.241+0900][gc,heap     ] GC(132) Archive regions: 2->2
[2022-12-18T22:59:35.241+0900][gc,heap     ] GC(132) Humongous regions: 129->129
[2022-12-18T22:59:35.241+0900][gc,metaspace] GC(132) Metaspace: 41311K(41792K)->41311K(41792K) NonClass: 36292K(36544K)->36292K(36544K) Class: 5019K(5248K)->5019K(5248K)
[2022-12-18T22:59:35.241+0900][gc          ] GC(132) Pause Young (Normal) (G1 Evacuation Pause) 281M->236M(1024M) 28.801ms
[2022-12-18T22:59:35.241+0900][gc,cpu      ] GC(132) User=0.03s Sys=0.05s Real=0.03s
[2022-12-18T23:05:38.878+0900][gc,start    ] GC(133) Pause Young (Normal) (G1 Evacuation Pause)
[2022-12-18T23:05:38.886+0900][gc,task     ] GC(133) Using 8 workers of 8 for evacuation
[2022-12-18T23:05:38.905+0900][gc,phases   ] GC(133)   Pre Evacuate Collection Set: 0.7ms
[2022-12-18T23:05:38.905+0900][gc,phases   ] GC(133)   Merge Heap Roots: 0.1ms
[2022-12-18T23:05:38.905+0900][gc,phases   ] GC(133)   Evacuate Collection Set: 16.5ms
[2022-12-18T23:05:38.905+0900][gc,phases   ] GC(133)   Post Evacuate Collection Set: 0.9ms
[2022-12-18T23:05:38.905+0900][gc,phases   ] GC(133)   Other: 8.3ms
[2022-12-18T23:05:38.905+0900][gc,heap     ] GC(133) Eden regions: 45->0(45)
[2022-12-18T23:05:38.905+0900][gc,heap     ] GC(133) Survivor regions: 6->6(7)
[2022-12-18T23:05:38.905+0900][gc,heap     ] GC(133) Old regions: 101->106
[2022-12-18T23:05:38.905+0900][gc,heap     ] GC(133) Archive regions: 2->2
[2022-12-18T23:05:38.905+0900][gc,heap     ] GC(133) Humongous regions: 129->129
[2022-12-18T23:05:38.905+0900][gc,metaspace] GC(133) Metaspace: 41311K(41792K)->41311K(41792K) NonClass: 36292K(36544K)->36292K(36544K) Class: 5019K(5248K)->5019K(5248K)
[2022-12-18T23:05:38.905+0900][gc          ] GC(133) Pause Young (Normal) (G1 Evacuation Pause) 281M->240M(1024M) 26.631ms
[2022-12-18T23:05:38.905+0900][gc,cpu      ] GC(133) User=0.04s Sys=0.03s Real=0.03s
