[2022-12-17T19:58:53.124+0900][gc] Using G1
[2022-12-17T19:58:53.125+0900][gc,init] Version: 17.0.5+8-LTS (release)
[2022-12-17T19:58:53.125+0900][gc,init] CPUs: 8 total, 8 available
[2022-12-17T19:58:53.125+0900][gc,init] Memory: 8192M
[2022-12-17T19:58:53.125+0900][gc,init] Large Page Support: Disabled
[2022-12-17T19:58:53.125+0900][gc,init] NUMA Support: Disabled
[2022-12-17T19:58:53.125+0900][gc,init] Compressed Oops: Enabled (Zero based)
[2022-12-17T19:58:53.125+0900][gc,init] Heap Region Size: 1M
[2022-12-17T19:58:53.125+0900][gc,init] Heap Min Capacity: 1G
[2022-12-17T19:58:53.125+0900][gc,init] Heap Initial Capacity: 1G
[2022-12-17T19:58:53.125+0900][gc,init] Heap Max Capacity: 1G
[2022-12-17T19:58:53.125+0900][gc,init] Pre-touch: Disabled
[2022-12-17T19:58:53.125+0900][gc,init] Parallel Workers: 8
[2022-12-17T19:58:53.125+0900][gc,init] Concurrent Workers: 2
[2022-12-17T19:58:53.125+0900][gc,init] Concurrent Refinement Workers: 8
[2022-12-17T19:58:53.125+0900][gc,init] Periodic GC: Disabled
[2022-12-17T19:58:53.125+0900][gc,metaspace] CDS archive(s) mapped at: [0x0000000800000000-0x0000000800bd8000-0x0000000800bd8000), size 12419072, SharedBaseAddress: 0x0000000800000000, ArchiveRelocationMode: 0.
[2022-12-17T19:58:53.125+0900][gc,metaspace] Compressed class space mapped at: 0x0000000800c00000-0x0000000840c00000, reserved size: 1073741824
[2022-12-17T19:58:53.125+0900][gc,metaspace] Narrow klass base: 0x0000000800000000, Narrow klass shift: 0, Narrow klass range: 0x100000000
[2022-12-17T19:58:54.446+0900][gc,start    ] GC(0) Pause Young (Normal) (G1 Evacuation Pause)
[2022-12-17T19:58:54.446+0900][gc,task     ] GC(0) Using 8 workers of 8 for evacuation
[2022-12-17T19:58:54.449+0900][gc,phases   ] GC(0)   Pre Evacuate Collection Set: 0.1ms
[2022-12-17T19:58:54.449+0900][gc,phases   ] GC(0)   Merge Heap Roots: 0.0ms
[2022-12-17T19:58:54.449+0900][gc,phases   ] GC(0)   Evacuate Collection Set: 2.3ms
[2022-12-17T19:58:54.449+0900][gc,phases   ] GC(0)   Post Evacuate Collection Set: 0.2ms
[2022-12-17T19:58:54.449+0900][gc,phases   ] GC(0)   Other: 0.2ms
[2022-12-17T19:58:54.449+0900][gc,heap     ] GC(0) Eden regions: 51->0(44)
[2022-12-17T19:58:54.449+0900][gc,heap     ] GC(0) Survivor regions: 0->7(7)
[2022-12-17T19:58:54.449+0900][gc,heap     ] GC(0) Old regions: 0->1
[2022-12-17T19:58:54.449+0900][gc,heap     ] GC(0) Archive regions: 2->2
[2022-12-17T19:58:54.449+0900][gc,heap     ] GC(0) Humongous regions: 0->0
[2022-12-17T19:58:54.449+0900][gc,metaspace] GC(0) Metaspace: 18771K(19008K)->18771K(19008K) NonClass: 16252K(16384K)->16252K(16384K) Class: 2519K(2624K)->2519K(2624K)
[2022-12-17T19:58:54.449+0900][gc          ] GC(0) Pause Young (Normal) (G1 Evacuation Pause) 51M->8M(1024M) 2.899ms
[2022-12-17T19:58:54.449+0900][gc,cpu      ] GC(0) User=0.01s Sys=0.00s Real=0.00s
[2022-12-17T19:58:54.529+0900][gc,start    ] GC(1) Pause Young (Concurrent Start) (Metadata GC Threshold)
[2022-12-17T19:58:54.529+0900][gc,task     ] GC(1) Using 8 workers of 8 for evacuation
[2022-12-17T19:58:54.532+0900][gc,phases   ] GC(1)   Pre Evacuate Collection Set: 0.1ms
[2022-12-17T19:58:54.532+0900][gc,phases   ] GC(1)   Merge Heap Roots: 0.0ms
[2022-12-17T19:58:54.532+0900][gc,phases   ] GC(1)   Evacuate Collection Set: 3.1ms
[2022-12-17T19:58:54.532+0900][gc,phases   ] GC(1)   Post Evacuate Collection Set: 0.2ms
[2022-12-17T19:58:54.532+0900][gc,phases   ] GC(1)   Other: 0.1ms
[2022-12-17T19:58:54.532+0900][gc,heap     ] GC(1) Eden regions: 10->0(49)
[2022-12-17T19:58:54.532+0900][gc,heap     ] GC(1) Survivor regions: 7->2(7)
[2022-12-17T19:58:54.532+0900][gc,heap     ] GC(1) Old regions: 1->7
[2022-12-17T19:58:54.532+0900][gc,heap     ] GC(1) Archive regions: 2->2
[2022-12-17T19:58:54.532+0900][gc,heap     ] GC(1) Humongous regions: 0->0
[2022-12-17T19:58:54.532+0900][gc,metaspace] GC(1) Metaspace: 21233K(21504K)->21233K(21504K) NonClass: 18377K(18496K)->18377K(18496K) Class: 2855K(3008K)->2855K(3008K)
[2022-12-17T19:58:54.532+0900][gc          ] GC(1) Pause Young (Concurrent Start) (Metadata GC Threshold) 17M->9M(1024M) 3.548ms
[2022-12-17T19:58:54.532+0900][gc,cpu      ] GC(1) User=0.01s Sys=0.01s Real=0.01s
[2022-12-17T19:58:54.532+0900][gc          ] GC(2) Concurrent Mark Cycle
[2022-12-17T19:58:54.532+0900][gc,marking  ] GC(2) Concurrent Clear Claimed Marks
[2022-12-17T19:58:54.532+0900][gc,marking  ] GC(2) Concurrent Clear Claimed Marks 0.015ms
[2022-12-17T19:58:54.532+0900][gc,marking  ] GC(2) Concurrent Scan Root Regions
[2022-12-17T19:58:54.534+0900][gc,marking  ] GC(2) Concurrent Scan Root Regions 1.361ms
[2022-12-17T19:58:54.534+0900][gc,marking  ] GC(2) Concurrent Mark
[2022-12-17T19:58:54.534+0900][gc,marking  ] GC(2) Concurrent Mark From Roots
[2022-12-17T19:58:54.534+0900][gc,task     ] GC(2) Using 2 workers of 2 for marking
[2022-12-17T19:58:54.534+0900][gc,marking  ] GC(2) Concurrent Mark From Roots 0.492ms
[2022-12-17T19:58:54.534+0900][gc,marking  ] GC(2) Concurrent Preclean
[2022-12-17T19:58:54.534+0900][gc,marking  ] GC(2) Concurrent Preclean 0.014ms
[2022-12-17T19:58:54.534+0900][gc,start    ] GC(2) Pause Remark
[2022-12-17T19:58:54.535+0900][gc          ] GC(2) Pause Remark 9M->9M(1024M) 0.748ms
[2022-12-17T19:58:54.535+0900][gc,cpu      ] GC(2) User=0.00s Sys=0.00s Real=0.00s
[2022-12-17T19:58:54.535+0900][gc,marking  ] GC(2) Concurrent Mark 1.338ms
[2022-12-17T19:58:54.535+0900][gc,marking  ] GC(2) Concurrent Rebuild Remembered Sets
[2022-12-17T19:58:54.535+0900][gc,marking  ] GC(2) Concurrent Rebuild Remembered Sets 0.004ms
[2022-12-17T19:58:54.535+0900][gc,start    ] GC(2) Pause Cleanup
[2022-12-17T19:58:54.535+0900][gc          ] GC(2) Pause Cleanup 9M->9M(1024M) 0.006ms
[2022-12-17T19:58:54.535+0900][gc,cpu      ] GC(2) User=0.00s Sys=0.00s Real=0.00s
[2022-12-17T19:58:54.535+0900][gc,marking  ] GC(2) Concurrent Cleanup for Next Mark
[2022-12-17T19:58:54.536+0900][gc,marking  ] GC(2) Concurrent Cleanup for Next Mark 1.236ms
[2022-12-17T19:58:54.536+0900][gc          ] GC(2) Concurrent Mark Cycle 4.109ms
[2022-12-17T19:58:54.949+0900][gc,start    ] GC(3) Pause Young (Normal) (G1 Evacuation Pause)
[2022-12-17T19:58:54.949+0900][gc,task     ] GC(3) Using 8 workers of 8 for evacuation
[2022-12-17T19:58:54.952+0900][gc,phases   ] GC(3)   Pre Evacuate Collection Set: 0.1ms
[2022-12-17T19:58:54.952+0900][gc,phases   ] GC(3)   Merge Heap Roots: 0.1ms
[2022-12-17T19:58:54.952+0900][gc,phases   ] GC(3)   Evacuate Collection Set: 1.7ms
[2022-12-17T19:58:54.952+0900][gc,phases   ] GC(3)   Post Evacuate Collection Set: 0.3ms
[2022-12-17T19:58:54.952+0900][gc,phases   ] GC(3)   Other: 0.1ms
[2022-12-17T19:58:54.952+0900][gc,heap     ] GC(3) Eden regions: 49->0(45)
[2022-12-17T19:58:54.952+0900][gc,heap     ] GC(3) Survivor regions: 2->6(7)
[2022-12-17T19:58:54.952+0900][gc,heap     ] GC(3) Old regions: 7->7
[2022-12-17T19:58:54.952+0900][gc,heap     ] GC(3) Archive regions: 2->2
[2022-12-17T19:58:54.952+0900][gc,heap     ] GC(3) Humongous regions: 129->129
[2022-12-17T19:58:54.952+0900][gc,metaspace] GC(3) Metaspace: 32953K(33216K)->32953K(33216K) NonClass: 28963K(29120K)->28963K(29120K) Class: 3990K(4096K)->3990K(4096K)
[2022-12-17T19:58:54.952+0900][gc          ] GC(3) Pause Young (Normal) (G1 Evacuation Pause) 187M->142M(1024M) 2.343ms
[2022-12-17T19:58:54.952+0900][gc,cpu      ] GC(3) User=0.02s Sys=0.00s Real=0.01s
[2022-12-17T19:58:55.046+0900][gc,start    ] GC(4) Pause Young (Concurrent Start) (Metadata GC Threshold)
[2022-12-17T19:58:55.046+0900][gc,task     ] GC(4) Using 8 workers of 8 for evacuation
[2022-12-17T19:58:55.049+0900][gc,phases   ] GC(4)   Pre Evacuate Collection Set: 0.1ms
[2022-12-17T19:58:55.065+0900][gc,phases   ] GC(4)   Merge Heap Roots: 0.1ms
[2022-12-17T19:58:55.065+0900][gc,phases   ] GC(4)   Evacuate Collection Set: 2.0ms
[2022-12-17T19:58:55.065+0900][gc,phases   ] GC(4)   Post Evacuate Collection Set: 0.3ms
[2022-12-17T19:58:55.065+0900][gc,phases   ] GC(4)   Other: 0.1ms
[2022-12-17T19:58:55.065+0900][gc,heap     ] GC(4) Eden regions: 14->0(49)
[2022-12-17T19:58:55.065+0900][gc,heap     ] GC(4) Survivor regions: 6->2(7)
[2022-12-17T19:58:55.065+0900][gc,heap     ] GC(4) Old regions: 7->13
[2022-12-17T19:58:55.065+0900][gc,heap     ] GC(4) Archive regions: 2->2
[2022-12-17T19:58:55.065+0900][gc,heap     ] GC(4) Humongous regions: 129->129
[2022-12-17T19:58:55.065+0900][gc,metaspace] GC(4) Metaspace: 35714K(35968K)->35714K(35968K) NonClass: 31288K(31424K)->31288K(31424K) Class: 4426K(4544K)->4426K(4544K)
[2022-12-17T19:58:55.065+0900][gc          ] GC(4) Pause Young (Concurrent Start) (Metadata GC Threshold) 155M->143M(1024M) 18.600ms
[2022-12-17T19:58:55.065+0900][gc,cpu      ] GC(4) User=0.02s Sys=0.00s Real=0.02s
[2022-12-17T19:58:55.065+0900][gc          ] GC(5) Concurrent Mark Cycle
[2022-12-17T19:58:55.065+0900][gc,marking  ] GC(5) Concurrent Clear Claimed Marks
[2022-12-17T19:58:55.065+0900][gc,marking  ] GC(5) Concurrent Clear Claimed Marks 0.016ms
[2022-12-17T19:58:55.065+0900][gc,marking  ] GC(5) Concurrent Scan Root Regions
[2022-12-17T19:58:55.066+0900][gc,marking  ] GC(5) Concurrent Scan Root Regions 1.603ms
[2022-12-17T19:58:55.066+0900][gc,marking  ] GC(5) Concurrent Mark
[2022-12-17T19:58:55.067+0900][gc,marking  ] GC(5) Concurrent Mark From Roots
[2022-12-17T19:58:55.067+0900][gc,task     ] GC(5) Using 2 workers of 2 for marking
[2022-12-17T19:58:55.070+0900][gc,marking  ] GC(5) Concurrent Mark From Roots 3.135ms
[2022-12-17T19:58:55.070+0900][gc,marking  ] GC(5) Concurrent Preclean
[2022-12-17T19:58:55.070+0900][gc,marking  ] GC(5) Concurrent Preclean 0.057ms
[2022-12-17T19:58:55.070+0900][gc,start    ] GC(5) Pause Remark
[2022-12-17T19:58:55.072+0900][gc          ] GC(5) Pause Remark 143M->143M(1024M) 1.485ms
[2022-12-17T19:58:55.072+0900][gc,cpu      ] GC(5) User=0.00s Sys=0.00s Real=0.00s
[2022-12-17T19:58:55.072+0900][gc,marking  ] GC(5) Concurrent Mark 5.162ms
[2022-12-17T19:58:55.072+0900][gc,marking  ] GC(5) Concurrent Rebuild Remembered Sets
[2022-12-17T19:58:55.075+0900][gc,marking  ] GC(5) Concurrent Rebuild Remembered Sets 2.927ms
[2022-12-17T19:58:55.090+0900][gc,start    ] GC(5) Pause Cleanup
[2022-12-17T19:58:55.090+0900][gc          ] GC(5) Pause Cleanup 143M->143M(1024M) 0.085ms
[2022-12-17T19:58:55.090+0900][gc,cpu      ] GC(5) User=0.01s Sys=0.00s Real=0.00s
[2022-12-17T19:58:55.090+0900][gc,marking  ] GC(5) Concurrent Cleanup for Next Mark
[2022-12-17T19:58:55.093+0900][gc,marking  ] GC(5) Concurrent Cleanup for Next Mark 2.624ms
[2022-12-17T19:58:55.107+0900][gc          ] GC(5) Concurrent Mark Cycle 41.880ms
[2022-12-17T20:00:01.981+0900][gc,heap,exit] Heap
[2022-12-17T20:00:01.982+0900][gc,heap,exit]  garbage-first heap   total 1048576K, used 171976K [0x00000007c0000000, 0x0000000800000000)
[2022-12-17T20:00:01.982+0900][gc,heap,exit]   region size 1024K, 27 young (27648K), 2 survivors (2048K)
[2022-12-17T20:00:01.982+0900][gc,heap,exit]  Metaspace       used 38739K, committed 39168K, reserved 1089536K
[2022-12-17T20:00:01.982+0900][gc,heap,exit]   class space    used 5046K, committed 5248K, reserved 1048576K
