[2022-12-17T19:58:42.568+0900][gc] Using G1
[2022-12-17T19:58:42.569+0900][gc,init] Version: 17.0.5+8-LTS (release)
[2022-12-17T19:58:42.569+0900][gc,init] CPUs: 8 total, 8 available
[2022-12-17T19:58:42.569+0900][gc,init] Memory: 8192M
[2022-12-17T19:58:42.569+0900][gc,init] Large Page Support: Disabled
[2022-12-17T19:58:42.569+0900][gc,init] NUMA Support: Disabled
[2022-12-17T19:58:42.570+0900][gc,init] Compressed Oops: Enabled (Zero based)
[2022-12-17T19:58:42.570+0900][gc,init] Heap Region Size: 1M
[2022-12-17T19:58:42.570+0900][gc,init] Heap Min Capacity: 1G
[2022-12-17T19:58:42.570+0900][gc,init] Heap Initial Capacity: 1G
[2022-12-17T19:58:42.570+0900][gc,init] Heap Max Capacity: 1G
[2022-12-17T19:58:42.570+0900][gc,init] Pre-touch: Disabled
[2022-12-17T19:58:42.570+0900][gc,init] Parallel Workers: 8
[2022-12-17T19:58:42.570+0900][gc,init] Concurrent Workers: 2
[2022-12-17T19:58:42.570+0900][gc,init] Concurrent Refinement Workers: 8
[2022-12-17T19:58:42.570+0900][gc,init] Periodic GC: Disabled
[2022-12-17T19:58:42.570+0900][gc,metaspace] CDS archive(s) mapped at: [0x0000000800000000-0x0000000800bd8000-0x0000000800bd8000), size 12419072, SharedBaseAddress: 0x0000000800000000, ArchiveRelocationMode: 0.
[2022-12-17T19:58:42.570+0900][gc,metaspace] Compressed class space mapped at: 0x0000000800c00000-0x0000000840c00000, reserved size: 1073741824
[2022-12-17T19:58:42.570+0900][gc,metaspace] Narrow klass base: 0x0000000800000000, Narrow klass shift: 0, Narrow klass range: 0x100000000
[2022-12-17T19:58:43.441+0900][gc,start    ] GC(0) Pause Young (Normal) (G1 Evacuation Pause)
[2022-12-17T19:58:43.441+0900][gc,task     ] GC(0) Using 8 workers of 8 for evacuation
[2022-12-17T19:58:43.444+0900][gc,phases   ] GC(0)   Pre Evacuate Collection Set: 0.2ms
[2022-12-17T19:58:43.444+0900][gc,phases   ] GC(0)   Merge Heap Roots: 0.0ms
[2022-12-17T19:58:43.444+0900][gc,phases   ] GC(0)   Evacuate Collection Set: 2.6ms
[2022-12-17T19:58:43.444+0900][gc,phases   ] GC(0)   Post Evacuate Collection Set: 0.2ms
[2022-12-17T19:58:43.444+0900][gc,phases   ] GC(0)   Other: 0.2ms
[2022-12-17T19:58:43.444+0900][gc,heap     ] GC(0) Eden regions: 51->0(44)
[2022-12-17T19:58:43.444+0900][gc,heap     ] GC(0) Survivor regions: 0->7(7)
[2022-12-17T19:58:43.444+0900][gc,heap     ] GC(0) Old regions: 0->1
[2022-12-17T19:58:43.444+0900][gc,heap     ] GC(0) Archive regions: 2->2
[2022-12-17T19:58:43.444+0900][gc,heap     ] GC(0) Humongous regions: 0->0
[2022-12-17T19:58:43.444+0900][gc,metaspace] GC(0) Metaspace: 18748K(18944K)->18748K(18944K) NonClass: 16234K(16320K)->16234K(16320K) Class: 2513K(2624K)->2513K(2624K)
[2022-12-17T19:58:43.444+0900][gc          ] GC(0) Pause Young (Normal) (G1 Evacuation Pause) 51M->8M(1024M) 3.302ms
[2022-12-17T19:58:43.444+0900][gc,cpu      ] GC(0) User=0.01s Sys=0.00s Real=0.00s
[2022-12-17T19:58:43.528+0900][gc,start    ] GC(1) Pause Young (Concurrent Start) (Metadata GC Threshold)
[2022-12-17T19:58:43.528+0900][gc,task     ] GC(1) Using 8 workers of 8 for evacuation
[2022-12-17T19:58:43.531+0900][gc,phases   ] GC(1)   Pre Evacuate Collection Set: 0.1ms
[2022-12-17T19:58:43.531+0900][gc,phases   ] GC(1)   Merge Heap Roots: 0.0ms
[2022-12-17T19:58:43.531+0900][gc,phases   ] GC(1)   Evacuate Collection Set: 2.3ms
[2022-12-17T19:58:43.531+0900][gc,phases   ] GC(1)   Post Evacuate Collection Set: 0.2ms
[2022-12-17T19:58:43.531+0900][gc,phases   ] GC(1)   Other: 0.1ms
[2022-12-17T19:58:43.531+0900][gc,heap     ] GC(1) Eden regions: 10->0(50)
[2022-12-17T19:58:43.531+0900][gc,heap     ] GC(1) Survivor regions: 7->1(7)
[2022-12-17T19:58:43.531+0900][gc,heap     ] GC(1) Old regions: 1->8
[2022-12-17T19:58:43.531+0900][gc,heap     ] GC(1) Archive regions: 2->2
[2022-12-17T19:58:43.531+0900][gc,heap     ] GC(1) Humongous regions: 0->0
[2022-12-17T19:58:43.531+0900][gc,metaspace] GC(1) Metaspace: 21296K(21504K)->21296K(21504K) NonClass: 18432K(18496K)->18432K(18496K) Class: 2863K(3008K)->2863K(3008K)
[2022-12-17T19:58:43.531+0900][gc          ] GC(1) Pause Young (Concurrent Start) (Metadata GC Threshold) 18M->8M(1024M) 2.741ms
[2022-12-17T19:58:43.531+0900][gc,cpu      ] GC(1) User=0.01s Sys=0.00s Real=0.01s
[2022-12-17T19:58:43.531+0900][gc          ] GC(2) Concurrent Mark Cycle
[2022-12-17T19:58:43.531+0900][gc,marking  ] GC(2) Concurrent Clear Claimed Marks
[2022-12-17T19:58:43.531+0900][gc,marking  ] GC(2) Concurrent Clear Claimed Marks 0.010ms
[2022-12-17T19:58:43.531+0900][gc,marking  ] GC(2) Concurrent Scan Root Regions
[2022-12-17T19:58:43.532+0900][gc,marking  ] GC(2) Concurrent Scan Root Regions 1.185ms
[2022-12-17T19:58:43.532+0900][gc,marking  ] GC(2) Concurrent Mark
[2022-12-17T19:58:43.532+0900][gc,marking  ] GC(2) Concurrent Mark From Roots
[2022-12-17T19:58:43.532+0900][gc,task     ] GC(2) Using 2 workers of 2 for marking
[2022-12-17T19:58:43.533+0900][gc,marking  ] GC(2) Concurrent Mark From Roots 0.498ms
[2022-12-17T19:58:43.533+0900][gc,marking  ] GC(2) Concurrent Preclean
[2022-12-17T19:58:43.533+0900][gc,marking  ] GC(2) Concurrent Preclean 0.013ms
[2022-12-17T19:58:43.533+0900][gc,start    ] GC(2) Pause Remark
[2022-12-17T19:58:43.534+0900][gc          ] GC(2) Pause Remark 9M->9M(1024M) 0.773ms
[2022-12-17T19:58:43.534+0900][gc,cpu      ] GC(2) User=0.00s Sys=0.00s Real=0.00s
[2022-12-17T19:58:43.534+0900][gc,marking  ] GC(2) Concurrent Mark 1.376ms
[2022-12-17T19:58:43.534+0900][gc,marking  ] GC(2) Concurrent Rebuild Remembered Sets
[2022-12-17T19:58:43.535+0900][gc,marking  ] GC(2) Concurrent Rebuild Remembered Sets 1.349ms
[2022-12-17T19:58:43.535+0900][gc,start    ] GC(2) Pause Cleanup
[2022-12-17T19:58:43.535+0900][gc          ] GC(2) Pause Cleanup 9M->9M(1024M) 0.065ms
[2022-12-17T19:58:43.535+0900][gc,cpu      ] GC(2) User=0.00s Sys=0.00s Real=0.00s
[2022-12-17T19:58:43.535+0900][gc,marking  ] GC(2) Concurrent Cleanup for Next Mark
[2022-12-17T19:58:43.537+0900][gc,marking  ] GC(2) Concurrent Cleanup for Next Mark 1.283ms
[2022-12-17T19:58:43.537+0900][gc          ] GC(2) Concurrent Mark Cycle 5.486ms
[2022-12-17T19:58:43.964+0900][gc,start    ] GC(3) Pause Young (Normal) (G1 Evacuation Pause)
[2022-12-17T19:58:43.964+0900][gc,task     ] GC(3) Using 8 workers of 8 for evacuation
[2022-12-17T19:58:43.966+0900][gc,phases   ] GC(3)   Pre Evacuate Collection Set: 0.1ms
[2022-12-17T19:58:43.967+0900][gc,phases   ] GC(3)   Merge Heap Roots: 0.1ms
[2022-12-17T19:58:43.967+0900][gc,phases   ] GC(3)   Evacuate Collection Set: 1.7ms
[2022-12-17T19:58:43.967+0900][gc,phases   ] GC(3)   Post Evacuate Collection Set: 0.3ms
[2022-12-17T19:58:43.967+0900][gc,phases   ] GC(3)   Other: 0.1ms
[2022-12-17T19:58:43.967+0900][gc,heap     ] GC(3) Eden regions: 50->0(45)
[2022-12-17T19:58:43.967+0900][gc,heap     ] GC(3) Survivor regions: 1->6(7)
[2022-12-17T19:58:43.967+0900][gc,heap     ] GC(3) Old regions: 8->8
[2022-12-17T19:58:43.967+0900][gc,heap     ] GC(3) Archive regions: 2->2
[2022-12-17T19:58:43.967+0900][gc,heap     ] GC(3) Humongous regions: 129->129
[2022-12-17T19:58:43.967+0900][gc,metaspace] GC(3) Metaspace: 33088K(33344K)->33088K(33344K) NonClass: 29088K(29248K)->29088K(29248K) Class: 4000K(4096K)->4000K(4096K)
[2022-12-17T19:58:43.967+0900][gc          ] GC(3) Pause Young (Normal) (G1 Evacuation Pause) 187M->142M(1024M) 2.372ms
[2022-12-17T19:58:43.967+0900][gc,cpu      ] GC(3) User=0.02s Sys=0.00s Real=0.00s
[2022-12-17T19:58:44.590+0900][gc,start    ] GC(4) Pause Young (Concurrent Start) (Metadata GC Threshold)
[2022-12-17T19:58:44.590+0900][gc,task     ] GC(4) Using 8 workers of 8 for evacuation
[2022-12-17T19:58:44.593+0900][gc,phases   ] GC(4)   Pre Evacuate Collection Set: 0.1ms
[2022-12-17T19:58:44.593+0900][gc,phases   ] GC(4)   Merge Heap Roots: 0.0ms
[2022-12-17T19:58:44.593+0900][gc,phases   ] GC(4)   Evacuate Collection Set: 2.9ms
[2022-12-17T19:58:44.593+0900][gc,phases   ] GC(4)   Post Evacuate Collection Set: 0.2ms
[2022-12-17T19:58:44.593+0900][gc,phases   ] GC(4)   Other: 0.2ms
[2022-12-17T19:58:44.593+0900][gc,heap     ] GC(4) Eden regions: 14->0(49)
[2022-12-17T19:58:44.593+0900][gc,heap     ] GC(4) Survivor regions: 6->2(7)
[2022-12-17T19:58:44.593+0900][gc,heap     ] GC(4) Old regions: 8->13
[2022-12-17T19:58:44.593+0900][gc,heap     ] GC(4) Archive regions: 2->2
[2022-12-17T19:58:44.593+0900][gc,heap     ] GC(4) Humongous regions: 129->129
[2022-12-17T19:58:44.593+0900][gc,metaspace] GC(4) Metaspace: 35801K(36096K)->35801K(36096K) NonClass: 31367K(31552K)->31367K(31552K) Class: 4434K(4544K)->4434K(4544K)
[2022-12-17T19:58:44.593+0900][gc          ] GC(4) Pause Young (Concurrent Start) (Metadata GC Threshold) 155M->143M(1024M) 3.535ms
[2022-12-17T19:58:44.593+0900][gc,cpu      ] GC(4) User=0.02s Sys=0.00s Real=0.00s
[2022-12-17T19:58:44.593+0900][gc          ] GC(5) Concurrent Mark Cycle
[2022-12-17T19:58:44.593+0900][gc,marking  ] GC(5) Concurrent Clear Claimed Marks
[2022-12-17T19:58:44.593+0900][gc,marking  ] GC(5) Concurrent Clear Claimed Marks 0.019ms
[2022-12-17T19:58:44.593+0900][gc,marking  ] GC(5) Concurrent Scan Root Regions
[2022-12-17T19:58:44.597+0900][gc,marking  ] GC(5) Concurrent Scan Root Regions 3.290ms
[2022-12-17T19:58:44.597+0900][gc,marking  ] GC(5) Concurrent Mark
[2022-12-17T19:58:44.597+0900][gc,marking  ] GC(5) Concurrent Mark From Roots
[2022-12-17T19:58:44.597+0900][gc,task     ] GC(5) Using 2 workers of 2 for marking
[2022-12-17T19:58:44.602+0900][gc,marking  ] GC(5) Concurrent Mark From Roots 4.980ms
[2022-12-17T19:58:44.602+0900][gc,marking  ] GC(5) Concurrent Preclean
[2022-12-17T19:58:44.602+0900][gc,marking  ] GC(5) Concurrent Preclean 0.052ms
[2022-12-17T19:58:44.602+0900][gc,start    ] GC(5) Pause Remark
[2022-12-17T19:58:44.603+0900][gc          ] GC(5) Pause Remark 144M->144M(1024M) 1.140ms
[2022-12-17T19:58:44.603+0900][gc,cpu      ] GC(5) User=0.01s Sys=0.00s Real=0.00s
[2022-12-17T19:58:44.603+0900][gc,marking  ] GC(5) Concurrent Mark 6.388ms
[2022-12-17T19:58:44.603+0900][gc,marking  ] GC(5) Concurrent Rebuild Remembered Sets
[2022-12-17T19:58:44.609+0900][gc,marking  ] GC(5) Concurrent Rebuild Remembered Sets 5.523ms
[2022-12-17T19:58:44.609+0900][gc,start    ] GC(5) Pause Cleanup
[2022-12-17T19:58:44.609+0900][gc          ] GC(5) Pause Cleanup 144M->144M(1024M) 0.079ms
[2022-12-17T19:58:44.609+0900][gc,cpu      ] GC(5) User=0.00s Sys=0.00s Real=0.00s
[2022-12-17T19:58:44.609+0900][gc,marking  ] GC(5) Concurrent Cleanup for Next Mark
[2022-12-17T19:58:44.611+0900][gc,marking  ] GC(5) Concurrent Cleanup for Next Mark 1.836ms
[2022-12-17T19:58:44.611+0900][gc          ] GC(5) Concurrent Mark Cycle 17.375ms
[2022-12-17T19:59:56.955+0900][gc,heap,exit] Heap
[2022-12-17T19:59:56.955+0900][gc,heap,exit]  garbage-first heap   total 1048576K, used 173757K [0x00000007c0000000, 0x0000000800000000)
[2022-12-17T19:59:56.955+0900][gc,heap,exit]   region size 1024K, 29 young (29696K), 2 survivors (2048K)
[2022-12-17T19:59:56.955+0900][gc,heap,exit]  Metaspace       used 38876K, committed 39360K, reserved 1089536K
[2022-12-17T19:59:56.955+0900][gc,heap,exit]   class space    used 5072K, committed 5312K, reserved 1048576K
