[2022-12-17T17:35:06.013+0900][gc] Using G1
[2022-12-17T17:35:06.015+0900][gc,init] Version: 17.0.5+8-LTS (release)
[2022-12-17T17:35:06.015+0900][gc,init] CPUs: 8 total, 8 available
[2022-12-17T17:35:06.015+0900][gc,init] Memory: 8192M
[2022-12-17T17:35:06.015+0900][gc,init] Large Page Support: Disabled
[2022-12-17T17:35:06.015+0900][gc,init] NUMA Support: Disabled
[2022-12-17T17:35:06.015+0900][gc,init] Compressed Oops: Enabled (Zero based)
[2022-12-17T17:35:06.015+0900][gc,init] Heap Region Size: 1M
[2022-12-17T17:35:06.015+0900][gc,init] Heap Min Capacity: 1G
[2022-12-17T17:35:06.015+0900][gc,init] Heap Initial Capacity: 1G
[2022-12-17T17:35:06.015+0900][gc,init] Heap Max Capacity: 1G
[2022-12-17T17:35:06.015+0900][gc,init] Pre-touch: Disabled
[2022-12-17T17:35:06.015+0900][gc,init] Parallel Workers: 8
[2022-12-17T17:35:06.015+0900][gc,init] Concurrent Workers: 2
[2022-12-17T17:35:06.015+0900][gc,init] Concurrent Refinement Workers: 8
[2022-12-17T17:35:06.015+0900][gc,init] Periodic GC: Disabled
[2022-12-17T17:35:06.015+0900][gc,metaspace] CDS archive(s) mapped at: [0x0000000800000000-0x0000000800bd8000-0x0000000800bd8000), size 12419072, SharedBaseAddress: 0x0000000800000000, ArchiveRelocationMode: 0.
[2022-12-17T17:35:06.015+0900][gc,metaspace] Compressed class space mapped at: 0x0000000800c00000-0x0000000840c00000, reserved size: 1073741824
[2022-12-17T17:35:06.015+0900][gc,metaspace] Narrow klass base: 0x0000000800000000, Narrow klass shift: 0, Narrow klass range: 0x100000000
[2022-12-17T17:35:07.302+0900][gc,start    ] GC(0) Pause Young (Normal) (G1 Evacuation Pause)
[2022-12-17T17:35:07.302+0900][gc,task     ] GC(0) Using 8 workers of 8 for evacuation
[2022-12-17T17:35:07.305+0900][gc,phases   ] GC(0)   Pre Evacuate Collection Set: 0.1ms
[2022-12-17T17:35:07.305+0900][gc,phases   ] GC(0)   Merge Heap Roots: 0.0ms
[2022-12-17T17:35:07.305+0900][gc,phases   ] GC(0)   Evacuate Collection Set: 2.5ms
[2022-12-17T17:35:07.305+0900][gc,phases   ] GC(0)   Post Evacuate Collection Set: 0.2ms
[2022-12-17T17:35:07.305+0900][gc,phases   ] GC(0)   Other: 0.2ms
[2022-12-17T17:35:07.305+0900][gc,heap     ] GC(0) Eden regions: 51->0(44)
[2022-12-17T17:35:07.305+0900][gc,heap     ] GC(0) Survivor regions: 0->7(7)
[2022-12-17T17:35:07.305+0900][gc,heap     ] GC(0) Old regions: 0->1
[2022-12-17T17:35:07.305+0900][gc,heap     ] GC(0) Archive regions: 2->2
[2022-12-17T17:35:07.305+0900][gc,heap     ] GC(0) Humongous regions: 0->0
[2022-12-17T17:35:07.305+0900][gc,metaspace] GC(0) Metaspace: 18991K(19200K)->18991K(19200K) NonClass: 16425K(16576K)->16425K(16576K) Class: 2566K(2624K)->2566K(2624K)
[2022-12-17T17:35:07.305+0900][gc          ] GC(0) Pause Young (Normal) (G1 Evacuation Pause) 51M->8M(1024M) 3.141ms
[2022-12-17T17:35:07.305+0900][gc,cpu      ] GC(0) User=0.02s Sys=0.01s Real=0.00s
[2022-12-17T17:35:07.436+0900][gc,start    ] GC(1) Pause Young (Concurrent Start) (Metadata GC Threshold)
[2022-12-17T17:35:07.436+0900][gc,task     ] GC(1) Using 8 workers of 8 for evacuation
[2022-12-17T17:35:07.439+0900][gc,phases   ] GC(1)   Pre Evacuate Collection Set: 0.1ms
[2022-12-17T17:35:07.439+0900][gc,phases   ] GC(1)   Merge Heap Roots: 0.0ms
[2022-12-17T17:35:07.439+0900][gc,phases   ] GC(1)   Evacuate Collection Set: 2.5ms
[2022-12-17T17:35:07.439+0900][gc,phases   ] GC(1)   Post Evacuate Collection Set: 0.2ms
[2022-12-17T17:35:07.439+0900][gc,phases   ] GC(1)   Other: 0.1ms
[2022-12-17T17:35:07.439+0900][gc,heap     ] GC(1) Eden regions: 11->0(49)
[2022-12-17T17:35:07.439+0900][gc,heap     ] GC(1) Survivor regions: 7->2(7)
[2022-12-17T17:35:07.439+0900][gc,heap     ] GC(1) Old regions: 1->8
[2022-12-17T17:35:07.439+0900][gc,heap     ] GC(1) Archive regions: 2->2
[2022-12-17T17:35:07.439+0900][gc,heap     ] GC(1) Humongous regions: 129->129
[2022-12-17T17:35:07.439+0900][gc,metaspace] GC(1) Metaspace: 21322K(21504K)->21322K(21504K) NonClass: 18426K(18496K)->18426K(18496K) Class: 2896K(3008K)->2896K(3008K)
[2022-12-17T17:35:07.439+0900][gc          ] GC(1) Pause Young (Concurrent Start) (Metadata GC Threshold) 147M->138M(1024M) 3.076ms
[2022-12-17T17:35:07.439+0900][gc,cpu      ] GC(1) User=0.01s Sys=0.00s Real=0.00s
[2022-12-17T17:35:07.439+0900][gc          ] GC(2) Concurrent Mark Cycle
[2022-12-17T17:35:07.439+0900][gc,marking  ] GC(2) Concurrent Clear Claimed Marks
[2022-12-17T17:35:07.439+0900][gc,marking  ] GC(2) Concurrent Clear Claimed Marks 0.009ms
[2022-12-17T17:35:07.439+0900][gc,marking  ] GC(2) Concurrent Scan Root Regions
[2022-12-17T17:35:07.440+0900][gc,marking  ] GC(2) Concurrent Scan Root Regions 1.292ms
[2022-12-17T17:35:07.440+0900][gc,marking  ] GC(2) Concurrent Mark
[2022-12-17T17:35:07.440+0900][gc,marking  ] GC(2) Concurrent Mark From Roots
[2022-12-17T17:35:07.440+0900][gc,task     ] GC(2) Using 2 workers of 2 for marking
[2022-12-17T17:35:07.441+0900][gc,marking  ] GC(2) Concurrent Mark From Roots 0.819ms
[2022-12-17T17:35:07.441+0900][gc,marking  ] GC(2) Concurrent Preclean
[2022-12-17T17:35:07.441+0900][gc,marking  ] GC(2) Concurrent Preclean 0.012ms
[2022-12-17T17:35:07.441+0900][gc,start    ] GC(2) Pause Remark
[2022-12-17T17:35:07.442+0900][gc          ] GC(2) Pause Remark 139M->139M(1024M) 0.795ms
[2022-12-17T17:35:07.442+0900][gc,cpu      ] GC(2) User=0.00s Sys=0.00s Real=0.00s
[2022-12-17T17:35:07.442+0900][gc,marking  ] GC(2) Concurrent Mark 1.696ms
[2022-12-17T17:35:07.442+0900][gc,marking  ] GC(2) Concurrent Rebuild Remembered Sets
[2022-12-17T17:35:07.444+0900][gc,marking  ] GC(2) Concurrent Rebuild Remembered Sets 1.694ms
[2022-12-17T17:35:07.444+0900][gc,start    ] GC(2) Pause Cleanup
[2022-12-17T17:35:07.444+0900][gc          ] GC(2) Pause Cleanup 139M->139M(1024M) 0.076ms
[2022-12-17T17:35:07.444+0900][gc,cpu      ] GC(2) User=0.00s Sys=0.00s Real=0.00s
[2022-12-17T17:35:07.444+0900][gc,marking  ] GC(2) Concurrent Cleanup for Next Mark
[2022-12-17T17:35:07.446+0900][gc,marking  ] GC(2) Concurrent Cleanup for Next Mark 1.886ms
[2022-12-17T17:35:07.446+0900][gc          ] GC(2) Concurrent Mark Cycle 6.885ms
[2022-12-17T17:35:07.836+0900][gc,start    ] GC(3) Pause Young (Normal) (G1 Evacuation Pause)
[2022-12-17T17:35:07.836+0900][gc,task     ] GC(3) Using 8 workers of 8 for evacuation
[2022-12-17T17:35:07.839+0900][gc,phases   ] GC(3)   Pre Evacuate Collection Set: 0.1ms
[2022-12-17T17:35:07.839+0900][gc,phases   ] GC(3)   Merge Heap Roots: 0.0ms
[2022-12-17T17:35:07.839+0900][gc,phases   ] GC(3)   Evacuate Collection Set: 2.1ms
[2022-12-17T17:35:07.839+0900][gc,phases   ] GC(3)   Post Evacuate Collection Set: 0.2ms
[2022-12-17T17:35:07.839+0900][gc,phases   ] GC(3)   Other: 0.1ms
[2022-12-17T17:35:07.839+0900][gc,heap     ] GC(3) Eden regions: 49->0(45)
[2022-12-17T17:35:07.839+0900][gc,heap     ] GC(3) Survivor regions: 2->6(7)
[2022-12-17T17:35:07.839+0900][gc,heap     ] GC(3) Old regions: 8->8
[2022-12-17T17:35:07.839+0900][gc,heap     ] GC(3) Archive regions: 2->2
[2022-12-17T17:35:07.839+0900][gc,heap     ] GC(3) Humongous regions: 129->129
[2022-12-17T17:35:07.839+0900][gc,metaspace] GC(3) Metaspace: 32800K(33088K)->32800K(33088K) NonClass: 28740K(28928K)->28740K(28928K) Class: 4059K(4160K)->4059K(4160K)
[2022-12-17T17:35:07.839+0900][gc          ] GC(3) Pause Young (Normal) (G1 Evacuation Pause) 187M->142M(1024M) 2.615ms
[2022-12-17T17:35:07.839+0900][gc,cpu      ] GC(3) User=0.01s Sys=0.00s Real=0.00s
[2022-12-17T19:10:22.837+0900][gc,start    ] GC(4) Pause Young (Normal) (G1 Evacuation Pause)
[2022-12-17T19:10:22.839+0900][gc,task     ] GC(4) Using 8 workers of 8 for evacuation
[2022-12-17T19:10:22.861+0900][gc,phases   ] GC(4)   Pre Evacuate Collection Set: 3.8ms
[2022-12-17T19:10:22.861+0900][gc,phases   ] GC(4)   Merge Heap Roots: 1.0ms
[2022-12-17T19:10:22.861+0900][gc,phases   ] GC(4)   Evacuate Collection Set: 15.6ms
[2022-12-17T19:10:22.861+0900][gc,phases   ] GC(4)   Post Evacuate Collection Set: 1.3ms
[2022-12-17T19:10:22.861+0900][gc,phases   ] GC(4)   Other: 5.1ms
[2022-12-17T19:10:22.862+0900][gc,heap     ] GC(4) Eden regions: 45->0(50)
[2022-12-17T19:10:22.862+0900][gc,heap     ] GC(4) Survivor regions: 6->1(7)
[2022-12-17T19:10:22.862+0900][gc,heap     ] GC(4) Old regions: 8->13
[2022-12-17T19:10:22.862+0900][gc,heap     ] GC(4) Archive regions: 2->2
[2022-12-17T19:10:22.862+0900][gc,heap     ] GC(4) Humongous regions: 129->129
[2022-12-17T19:10:22.862+0900][gc,metaspace] GC(4) Metaspace: 35005K(35264K)->35005K(35264K) NonClass: 30692K(30848K)->30692K(30848K) Class: 4313K(4416K)->4313K(4416K)
[2022-12-17T19:10:22.863+0900][gc          ] GC(4) Pause Young (Normal) (G1 Evacuation Pause) 187M->143M(1024M) 26.183ms
[2022-12-17T19:10:22.863+0900][gc,cpu      ] GC(4) User=0.03s Sys=0.04s Real=0.03s
[2022-12-17T19:41:06.589+0900][gc,start    ] GC(5) Pause Young (Concurrent Start) (Metadata GC Threshold)
[2022-12-17T19:41:06.589+0900][gc,task     ] GC(5) Using 8 workers of 8 for evacuation
[2022-12-17T19:41:06.591+0900][gc,phases   ] GC(5)   Pre Evacuate Collection Set: 0.2ms
[2022-12-17T19:41:06.591+0900][gc,phases   ] GC(5)   Merge Heap Roots: 0.1ms
[2022-12-17T19:41:06.591+0900][gc,phases   ] GC(5)   Evacuate Collection Set: 1.2ms
[2022-12-17T19:41:06.591+0900][gc,phases   ] GC(5)   Post Evacuate Collection Set: 0.3ms
[2022-12-17T19:41:06.591+0900][gc,phases   ] GC(5)   Other: 0.4ms
[2022-12-17T19:41:06.591+0900][gc,heap     ] GC(5) Eden regions: 18->0(50)
[2022-12-17T19:41:06.591+0900][gc,heap     ] GC(5) Survivor regions: 1->1(7)
[2022-12-17T19:41:06.591+0900][gc,heap     ] GC(5) Old regions: 13->13
[2022-12-17T19:41:06.591+0900][gc,heap     ] GC(5) Archive regions: 2->2
[2022-12-17T19:41:06.591+0900][gc,heap     ] GC(5) Humongous regions: 129->129
[2022-12-17T19:41:06.591+0900][gc,metaspace] GC(5) Metaspace: 35815K(36096K)->35815K(36096K) NonClass: 31316K(31488K)->31316K(31488K) Class: 4499K(4608K)->4499K(4608K)
[2022-12-17T19:41:06.591+0900][gc          ] GC(5) Pause Young (Concurrent Start) (Metadata GC Threshold) 160M->143M(1024M) 2.301ms
[2022-12-17T19:41:06.591+0900][gc,cpu      ] GC(5) User=0.01s Sys=0.01s Real=0.01s
[2022-12-17T19:41:06.591+0900][gc          ] GC(6) Concurrent Mark Cycle
[2022-12-17T19:41:06.591+0900][gc,marking  ] GC(6) Concurrent Clear Claimed Marks
[2022-12-17T19:41:06.591+0900][gc,marking  ] GC(6) Concurrent Clear Claimed Marks 0.025ms
[2022-12-17T19:41:06.591+0900][gc,marking  ] GC(6) Concurrent Scan Root Regions
[2022-12-17T19:41:06.596+0900][gc,marking  ] GC(6) Concurrent Scan Root Regions 4.578ms
[2022-12-17T19:41:06.596+0900][gc,marking  ] GC(6) Concurrent Mark
[2022-12-17T19:41:06.596+0900][gc,marking  ] GC(6) Concurrent Mark From Roots
[2022-12-17T19:41:06.596+0900][gc,task     ] GC(6) Using 2 workers of 2 for marking
[2022-12-17T19:41:06.603+0900][gc,marking  ] GC(6) Concurrent Mark From Roots 6.987ms
[2022-12-17T19:41:06.619+0900][gc,marking  ] GC(6) Concurrent Preclean
[2022-12-17T19:41:06.619+0900][gc,marking  ] GC(6) Concurrent Preclean 0.271ms
[2022-12-17T19:41:06.619+0900][gc,start    ] GC(6) Pause Remark
[2022-12-17T19:41:06.626+0900][gc          ] GC(6) Pause Remark 144M->144M(1024M) 6.937ms
[2022-12-17T19:41:06.626+0900][gc,cpu      ] GC(6) User=0.02s Sys=0.01s Real=0.01s
[2022-12-17T19:41:06.627+0900][gc,marking  ] GC(6) Concurrent Mark 30.537ms
[2022-12-17T19:41:06.627+0900][gc,marking  ] GC(6) Concurrent Rebuild Remembered Sets
[2022-12-17T19:41:06.629+0900][gc,marking  ] GC(6) Concurrent Rebuild Remembered Sets 2.869ms
[2022-12-17T19:41:06.630+0900][gc,start    ] GC(6) Pause Cleanup
[2022-12-17T19:41:06.630+0900][gc          ] GC(6) Pause Cleanup 144M->144M(1024M) 0.092ms
[2022-12-17T19:41:06.647+0900][gc,cpu      ] GC(6) User=0.00s Sys=0.00s Real=0.01s
[2022-12-17T19:41:06.647+0900][gc,marking  ] GC(6) Concurrent Cleanup for Next Mark
[2022-12-17T19:41:06.658+0900][gc,marking  ] GC(6) Concurrent Cleanup for Next Mark 10.271ms
[2022-12-17T19:41:06.664+0900][gc          ] GC(6) Concurrent Mark Cycle 72.855ms
[2022-12-17T19:45:59.270+0900][gc,start    ] GC(7) Pause Young (Normal) (G1 Evacuation Pause)
[2022-12-17T19:45:59.270+0900][gc,task     ] GC(7) Using 8 workers of 8 for evacuation
[2022-12-17T19:45:59.309+0900][gc,mmu      ] GC(7) MMU target violated: 21.0ms (20.0ms/21.0ms)
[2022-12-17T19:45:59.310+0900][gc,phases   ] GC(7)   Pre Evacuate Collection Set: 0.9ms
[2022-12-17T19:45:59.310+0900][gc,phases   ] GC(7)   Merge Heap Roots: 0.3ms
[2022-12-17T19:45:59.310+0900][gc,phases   ] GC(7)   Evacuate Collection Set: 36.3ms
[2022-12-17T19:45:59.310+0900][gc,phases   ] GC(7)   Post Evacuate Collection Set: 1.4ms
[2022-12-17T19:45:59.310+0900][gc,phases   ] GC(7)   Other: 1.0ms
[2022-12-17T19:45:59.310+0900][gc,heap     ] GC(7) Eden regions: 50->0(47)
[2022-12-17T19:45:59.310+0900][gc,heap     ] GC(7) Survivor regions: 1->4(7)
[2022-12-17T19:45:59.310+0900][gc,heap     ] GC(7) Old regions: 13->13
[2022-12-17T19:45:59.310+0900][gc,heap     ] GC(7) Archive regions: 2->2
[2022-12-17T19:45:59.310+0900][gc,heap     ] GC(7) Humongous regions: 129->129
[2022-12-17T19:45:59.310+0900][gc,metaspace] GC(7) Metaspace: 40287K(40768K)->40287K(40768K) NonClass: 35171K(35392K)->35171K(35392K) Class: 5116K(5376K)->5116K(5376K)
[2022-12-17T19:45:59.310+0900][gc          ] GC(7) Pause Young (Normal) (G1 Evacuation Pause) 193M->146M(1024M) 39.931ms
[2022-12-17T19:45:59.310+0900][gc,cpu      ] GC(7) User=0.03s Sys=0.04s Real=0.04s
[2022-12-17T19:53:32.051+0900][gc,start    ] GC(8) Pause Young (Normal) (G1 Evacuation Pause)
[2022-12-17T19:53:32.051+0900][gc,task     ] GC(8) Using 8 workers of 8 for evacuation
[2022-12-17T19:53:32.063+0900][gc,phases   ] GC(8)   Pre Evacuate Collection Set: 0.6ms
[2022-12-17T19:53:32.063+0900][gc,phases   ] GC(8)   Merge Heap Roots: 0.2ms
[2022-12-17T19:53:32.063+0900][gc,phases   ] GC(8)   Evacuate Collection Set: 10.4ms
[2022-12-17T19:53:32.063+0900][gc,phases   ] GC(8)   Post Evacuate Collection Set: 0.4ms
[2022-12-17T19:53:32.063+0900][gc,phases   ] GC(8)   Other: 2.9ms
[2022-12-17T19:53:32.063+0900][gc,heap     ] GC(8) Eden regions: 47->0(46)
[2022-12-17T19:53:32.063+0900][gc,heap     ] GC(8) Survivor regions: 4->5(7)
[2022-12-17T19:53:32.063+0900][gc,heap     ] GC(8) Old regions: 13->13
[2022-12-17T19:53:32.063+0900][gc,heap     ] GC(8) Archive regions: 2->2
[2022-12-17T19:53:32.063+0900][gc,heap     ] GC(8) Humongous regions: 129->129
[2022-12-17T19:53:32.063+0900][gc,metaspace] GC(8) Metaspace: 40314K(40832K)->40314K(40832K) NonClass: 35197K(35456K)->35197K(35456K) Class: 5116K(5376K)->5116K(5376K)
[2022-12-17T19:53:32.063+0900][gc          ] GC(8) Pause Young (Normal) (G1 Evacuation Pause) 193M->147M(1024M) 12.611ms
[2022-12-17T19:53:32.063+0900][gc,cpu      ] GC(8) User=0.02s Sys=0.02s Real=0.01s
[2022-12-17T19:58:24.099+0900][gc,heap,exit] Heap
[2022-12-17T19:58:24.099+0900][gc,heap,exit]  garbage-first heap   total 1048576K, used 190835K [0x00000007c0000000, 0x0000000800000000)
[2022-12-17T19:58:24.099+0900][gc,heap,exit]   region size 1024K, 44 young (45056K), 5 survivors (5120K)
[2022-12-17T19:58:24.099+0900][gc,heap,exit]  Metaspace       used 41540K, committed 42048K, reserved 1089536K
[2022-12-17T19:58:24.099+0900][gc,heap,exit]   class space    used 5382K, committed 5632K, reserved 1048576K
