[2022-12-17T20:07:11.620+0900][gc] Using G1
[2022-12-17T20:07:11.621+0900][gc,init] Version: 17.0.5+8-LTS (release)
[2022-12-17T20:07:11.621+0900][gc,init] CPUs: 8 total, 8 available
[2022-12-17T20:07:11.621+0900][gc,init] Memory: 8192M
[2022-12-17T20:07:11.621+0900][gc,init] Large Page Support: Disabled
[2022-12-17T20:07:11.621+0900][gc,init] NUMA Support: Disabled
[2022-12-17T20:07:11.621+0900][gc,init] Compressed Oops: Enabled (Zero based)
[2022-12-17T20:07:11.621+0900][gc,init] Heap Region Size: 1M
[2022-12-17T20:07:11.621+0900][gc,init] Heap Min Capacity: 1G
[2022-12-17T20:07:11.621+0900][gc,init] Heap Initial Capacity: 1G
[2022-12-17T20:07:11.621+0900][gc,init] Heap Max Capacity: 1G
[2022-12-17T20:07:11.621+0900][gc,init] Pre-touch: Disabled
[2022-12-17T20:07:11.621+0900][gc,init] Parallel Workers: 8
[2022-12-17T20:07:11.621+0900][gc,init] Concurrent Workers: 2
[2022-12-17T20:07:11.621+0900][gc,init] Concurrent Refinement Workers: 8
[2022-12-17T20:07:11.621+0900][gc,init] Periodic GC: Disabled
[2022-12-17T20:07:11.621+0900][gc,metaspace] CDS archive(s) mapped at: [0x0000000800000000-0x0000000800bd8000-0x0000000800bd8000), size 12419072, SharedBaseAddress: 0x0000000800000000, ArchiveRelocationMode: 0.
[2022-12-17T20:07:11.621+0900][gc,metaspace] Compressed class space mapped at: 0x0000000800c00000-0x0000000840c00000, reserved size: 1073741824
[2022-12-17T20:07:11.621+0900][gc,metaspace] Narrow klass base: 0x0000000800000000, Narrow klass shift: 0, Narrow klass range: 0x100000000
[2022-12-17T20:07:12.491+0900][gc,start    ] GC(0) Pause Young (Normal) (G1 Evacuation Pause)
[2022-12-17T20:07:12.491+0900][gc,task     ] GC(0) Using 8 workers of 8 for evacuation
[2022-12-17T20:07:12.494+0900][gc,phases   ] GC(0)   Pre Evacuate Collection Set: 0.1ms
[2022-12-17T20:07:12.494+0900][gc,phases   ] GC(0)   Merge Heap Roots: 0.0ms
[2022-12-17T20:07:12.494+0900][gc,phases   ] GC(0)   Evacuate Collection Set: 2.2ms
[2022-12-17T20:07:12.494+0900][gc,phases   ] GC(0)   Post Evacuate Collection Set: 0.2ms
[2022-12-17T20:07:12.494+0900][gc,phases   ] GC(0)   Other: 0.2ms
[2022-12-17T20:07:12.494+0900][gc,heap     ] GC(0) Eden regions: 51->0(44)
[2022-12-17T20:07:12.494+0900][gc,heap     ] GC(0) Survivor regions: 0->7(7)
[2022-12-17T20:07:12.494+0900][gc,heap     ] GC(0) Old regions: 0->1
[2022-12-17T20:07:12.494+0900][gc,heap     ] GC(0) Archive regions: 2->2
[2022-12-17T20:07:12.494+0900][gc,heap     ] GC(0) Humongous regions: 0->0
[2022-12-17T20:07:12.494+0900][gc,metaspace] GC(0) Metaspace: 18704K(18944K)->18704K(18944K) NonClass: 16201K(16320K)->16201K(16320K) Class: 2503K(2624K)->2503K(2624K)
[2022-12-17T20:07:12.494+0900][gc          ] GC(0) Pause Young (Normal) (G1 Evacuation Pause) 51M->8M(1024M) 2.912ms
[2022-12-17T20:07:12.494+0900][gc,cpu      ] GC(0) User=0.02s Sys=0.00s Real=0.00s
[2022-12-17T20:07:12.567+0900][gc,start    ] GC(1) Pause Young (Concurrent Start) (Metadata GC Threshold)
[2022-12-17T20:07:12.567+0900][gc,task     ] GC(1) Using 8 workers of 8 for evacuation
[2022-12-17T20:07:12.570+0900][gc,phases   ] GC(1)   Pre Evacuate Collection Set: 0.1ms
[2022-12-17T20:07:12.571+0900][gc,phases   ] GC(1)   Merge Heap Roots: 0.0ms
[2022-12-17T20:07:12.571+0900][gc,phases   ] GC(1)   Evacuate Collection Set: 2.7ms
[2022-12-17T20:07:12.571+0900][gc,phases   ] GC(1)   Post Evacuate Collection Set: 0.2ms
[2022-12-17T20:07:12.571+0900][gc,phases   ] GC(1)   Other: 0.1ms
[2022-12-17T20:07:12.571+0900][gc,heap     ] GC(1) Eden regions: 11->0(50)
[2022-12-17T20:07:12.571+0900][gc,heap     ] GC(1) Survivor regions: 7->1(7)
[2022-12-17T20:07:12.571+0900][gc,heap     ] GC(1) Old regions: 1->8
[2022-12-17T20:07:12.571+0900][gc,heap     ] GC(1) Archive regions: 2->2
[2022-12-17T20:07:12.571+0900][gc,heap     ] GC(1) Humongous regions: 0->0
[2022-12-17T20:07:12.571+0900][gc,metaspace] GC(1) Metaspace: 21282K(21504K)->21282K(21504K) NonClass: 18419K(18496K)->18419K(18496K) Class: 2863K(3008K)->2863K(3008K)
[2022-12-17T20:07:12.571+0900][gc          ] GC(1) Pause Young (Concurrent Start) (Metadata GC Threshold) 18M->9M(1024M) 3.185ms
[2022-12-17T20:07:12.571+0900][gc,cpu      ] GC(1) User=0.01s Sys=0.01s Real=0.01s
[2022-12-17T20:07:12.571+0900][gc          ] GC(2) Concurrent Mark Cycle
[2022-12-17T20:07:12.571+0900][gc,marking  ] GC(2) Concurrent Clear Claimed Marks
[2022-12-17T20:07:12.571+0900][gc,marking  ] GC(2) Concurrent Clear Claimed Marks 0.010ms
[2022-12-17T20:07:12.571+0900][gc,marking  ] GC(2) Concurrent Scan Root Regions
[2022-12-17T20:07:12.572+0900][gc,marking  ] GC(2) Concurrent Scan Root Regions 1.308ms
[2022-12-17T20:07:12.572+0900][gc,marking  ] GC(2) Concurrent Mark
[2022-12-17T20:07:12.572+0900][gc,marking  ] GC(2) Concurrent Mark From Roots
[2022-12-17T20:07:12.572+0900][gc,task     ] GC(2) Using 2 workers of 2 for marking
[2022-12-17T20:07:12.572+0900][gc,marking  ] GC(2) Concurrent Mark From Roots 0.488ms
[2022-12-17T20:07:12.572+0900][gc,marking  ] GC(2) Concurrent Preclean
[2022-12-17T20:07:12.572+0900][gc,marking  ] GC(2) Concurrent Preclean 0.012ms
[2022-12-17T20:07:12.573+0900][gc,start    ] GC(2) Pause Remark
[2022-12-17T20:07:12.573+0900][gc          ] GC(2) Pause Remark 9M->9M(1024M) 0.741ms
[2022-12-17T20:07:12.573+0900][gc,cpu      ] GC(2) User=0.01s Sys=0.00s Real=0.00s
[2022-12-17T20:07:12.573+0900][gc,marking  ] GC(2) Concurrent Mark 1.328ms
[2022-12-17T20:07:12.573+0900][gc,marking  ] GC(2) Concurrent Rebuild Remembered Sets
[2022-12-17T20:07:12.575+0900][gc,marking  ] GC(2) Concurrent Rebuild Remembered Sets 1.392ms
[2022-12-17T20:07:12.575+0900][gc,start    ] GC(2) Pause Cleanup
[2022-12-17T20:07:12.575+0900][gc          ] GC(2) Pause Cleanup 9M->9M(1024M) 0.064ms
[2022-12-17T20:07:12.575+0900][gc,cpu      ] GC(2) User=0.00s Sys=0.00s Real=0.00s
[2022-12-17T20:07:12.575+0900][gc,marking  ] GC(2) Concurrent Cleanup for Next Mark
[2022-12-17T20:07:12.576+0900][gc,marking  ] GC(2) Concurrent Cleanup for Next Mark 1.365ms
[2022-12-17T20:07:12.576+0900][gc          ] GC(2) Concurrent Mark Cycle 5.708ms
[2022-12-17T20:07:13.080+0900][gc,start    ] GC(3) Pause Young (Normal) (G1 Evacuation Pause)
[2022-12-17T20:07:13.089+0900][gc,task     ] GC(3) Using 8 workers of 8 for evacuation
[2022-12-17T20:07:13.092+0900][gc,phases   ] GC(3)   Pre Evacuate Collection Set: 0.1ms
[2022-12-17T20:07:13.092+0900][gc,phases   ] GC(3)   Merge Heap Roots: 0.1ms
[2022-12-17T20:07:13.092+0900][gc,phases   ] GC(3)   Evacuate Collection Set: 2.1ms
[2022-12-17T20:07:13.092+0900][gc,phases   ] GC(3)   Post Evacuate Collection Set: 0.4ms
[2022-12-17T20:07:13.092+0900][gc,phases   ] GC(3)   Other: 9.5ms
[2022-12-17T20:07:13.092+0900][gc,heap     ] GC(3) Eden regions: 50->0(45)
[2022-12-17T20:07:13.092+0900][gc,heap     ] GC(3) Survivor regions: 1->6(7)
[2022-12-17T20:07:13.092+0900][gc,heap     ] GC(3) Old regions: 8->8
[2022-12-17T20:07:13.092+0900][gc,heap     ] GC(3) Archive regions: 2->2
[2022-12-17T20:07:13.092+0900][gc,heap     ] GC(3) Humongous regions: 129->129
[2022-12-17T20:07:13.092+0900][gc,metaspace] GC(3) Metaspace: 33077K(33344K)->33077K(33344K) NonClass: 29077K(29248K)->29077K(29248K) Class: 4000K(4096K)->4000K(4096K)
[2022-12-17T20:07:13.092+0900][gc          ] GC(3) Pause Young (Normal) (G1 Evacuation Pause) 188M->142M(1024M) 12.305ms
[2022-12-17T20:07:13.092+0900][gc,cpu      ] GC(3) User=0.01s Sys=0.00s Real=0.01s
[2022-12-17T20:07:13.174+0900][gc,start    ] GC(4) Pause Young (Concurrent Start) (Metadata GC Threshold)
[2022-12-17T20:07:13.190+0900][gc,task     ] GC(4) Using 8 workers of 8 for evacuation
[2022-12-17T20:07:13.193+0900][gc,phases   ] GC(4)   Pre Evacuate Collection Set: 0.2ms
[2022-12-17T20:07:13.193+0900][gc,phases   ] GC(4)   Merge Heap Roots: 0.1ms
[2022-12-17T20:07:13.193+0900][gc,phases   ] GC(4)   Evacuate Collection Set: 2.7ms
[2022-12-17T20:07:13.193+0900][gc,phases   ] GC(4)   Post Evacuate Collection Set: 0.3ms
[2022-12-17T20:07:13.193+0900][gc,phases   ] GC(4)   Other: 16.1ms
[2022-12-17T20:07:13.193+0900][gc,heap     ] GC(4) Eden regions: 13->0(49)
[2022-12-17T20:07:13.193+0900][gc,heap     ] GC(4) Survivor regions: 6->2(7)
[2022-12-17T20:07:13.193+0900][gc,heap     ] GC(4) Old regions: 8->13
[2022-12-17T20:07:13.193+0900][gc,heap     ] GC(4) Archive regions: 2->2
[2022-12-17T20:07:13.193+0900][gc,heap     ] GC(4) Humongous regions: 129->129
[2022-12-17T20:07:13.193+0900][gc,metaspace] GC(4) Metaspace: 35583K(35968K)->35583K(35968K) NonClass: 31159K(31424K)->31159K(31424K) Class: 4424K(4544K)->4424K(4544K)
[2022-12-17T20:07:13.193+0900][gc          ] GC(4) Pause Young (Concurrent Start) (Metadata GC Threshold) 155M->143M(1024M) 19.423ms
[2022-12-17T20:07:13.193+0900][gc,cpu      ] GC(4) User=0.02s Sys=0.00s Real=0.02s
[2022-12-17T20:07:13.193+0900][gc          ] GC(5) Concurrent Mark Cycle
[2022-12-17T20:07:13.193+0900][gc,marking  ] GC(5) Concurrent Clear Claimed Marks
[2022-12-17T20:07:13.193+0900][gc,marking  ] GC(5) Concurrent Clear Claimed Marks 0.019ms
[2022-12-17T20:07:13.193+0900][gc,marking  ] GC(5) Concurrent Scan Root Regions
[2022-12-17T20:07:13.195+0900][gc,marking  ] GC(5) Concurrent Scan Root Regions 1.909ms
[2022-12-17T20:07:13.195+0900][gc,marking  ] GC(5) Concurrent Mark
[2022-12-17T20:07:13.195+0900][gc,marking  ] GC(5) Concurrent Mark From Roots
[2022-12-17T20:07:13.195+0900][gc,task     ] GC(5) Using 2 workers of 2 for marking
[2022-12-17T20:07:13.199+0900][gc,marking  ] GC(5) Concurrent Mark From Roots 3.930ms
[2022-12-17T20:07:13.199+0900][gc,marking  ] GC(5) Concurrent Preclean
[2022-12-17T20:07:13.199+0900][gc,marking  ] GC(5) Concurrent Preclean 0.183ms
[2022-12-17T20:07:13.199+0900][gc,start    ] GC(5) Pause Remark
[2022-12-17T20:07:13.201+0900][gc          ] GC(5) Pause Remark 144M->144M(1024M) 1.339ms
[2022-12-17T20:07:13.201+0900][gc,cpu      ] GC(5) User=0.01s Sys=0.00s Real=0.01s
[2022-12-17T20:07:13.201+0900][gc,marking  ] GC(5) Concurrent Mark 5.823ms
[2022-12-17T20:07:13.201+0900][gc,marking  ] GC(5) Concurrent Rebuild Remembered Sets
[2022-12-17T20:07:13.205+0900][gc,marking  ] GC(5) Concurrent Rebuild Remembered Sets 4.328ms
[2022-12-17T20:07:13.206+0900][gc,start    ] GC(5) Pause Cleanup
[2022-12-17T20:07:13.206+0900][gc          ] GC(5) Pause Cleanup 144M->144M(1024M) 0.106ms
[2022-12-17T20:07:13.207+0900][gc,cpu      ] GC(5) User=0.00s Sys=0.00s Real=0.00s
[2022-12-17T20:07:13.207+0900][gc,marking  ] GC(5) Concurrent Cleanup for Next Mark
[2022-12-17T20:07:13.209+0900][gc,marking  ] GC(5) Concurrent Cleanup for Next Mark 2.404ms
[2022-12-17T20:07:13.209+0900][gc          ] GC(5) Concurrent Mark Cycle 15.909ms
[2022-12-17T20:13:19.891+0900][gc,start    ] GC(6) Pause Young (Prepare Mixed) (G1 Evacuation Pause)
[2022-12-17T20:13:19.892+0900][gc,task     ] GC(6) Using 8 workers of 8 for evacuation
[2022-12-17T20:13:19.910+0900][gc,phases   ] GC(6)   Pre Evacuate Collection Set: 0.9ms
[2022-12-17T20:13:19.910+0900][gc,phases   ] GC(6)   Merge Heap Roots: 0.2ms
[2022-12-17T20:13:19.910+0900][gc,phases   ] GC(6)   Evacuate Collection Set: 16.0ms
[2022-12-17T20:13:19.910+0900][gc,phases   ] GC(6)   Post Evacuate Collection Set: 0.8ms
[2022-12-17T20:13:19.910+0900][gc,phases   ] GC(6)   Other: 1.4ms
[2022-12-17T20:13:19.910+0900][gc,heap     ] GC(6) Eden regions: 49->0(47)
[2022-12-17T20:13:19.910+0900][gc,heap     ] GC(6) Survivor regions: 2->4(7)
[2022-12-17T20:13:19.910+0900][gc,heap     ] GC(6) Old regions: 13->13
[2022-12-17T20:13:19.910+0900][gc,heap     ] GC(6) Archive regions: 2->2
[2022-12-17T20:13:19.910+0900][gc,heap     ] GC(6) Humongous regions: 129->129
[2022-12-17T20:13:19.910+0900][gc,metaspace] GC(6) Metaspace: 38901K(39424K)->38901K(39424K) NonClass: 34083K(34368K)->34083K(34368K) Class: 4818K(5056K)->4818K(5056K)
[2022-12-17T20:13:19.910+0900][gc          ] GC(6) Pause Young (Prepare Mixed) (G1 Evacuation Pause) 192M->145M(1024M) 19.571ms
[2022-12-17T20:13:19.911+0900][gc,cpu      ] GC(6) User=0.03s Sys=0.03s Real=0.02s
[2022-12-17T20:16:43.401+0900][gc,heap,exit] Heap
[2022-12-17T20:16:43.402+0900][gc,heap,exit]  garbage-first heap   total 1048576K, used 185620K [0x00000007c0000000, 0x0000000800000000)
[2022-12-17T20:16:43.402+0900][gc,heap,exit]   region size 1024K, 40 young (40960K), 4 survivors (4096K)
[2022-12-17T20:16:43.402+0900][gc,heap,exit]  Metaspace       used 39750K, committed 40256K, reserved 1089536K
[2022-12-17T20:16:43.402+0900][gc,heap,exit]   class space    used 4980K, committed 5184K, reserved 1048576K
