[2022-12-17T20:06:22.462+0900][gc] Using G1
[2022-12-17T20:06:22.463+0900][gc,init] Version: 17.0.5+8-LTS (release)
[2022-12-17T20:06:22.463+0900][gc,init] CPUs: 8 total, 8 available
[2022-12-17T20:06:22.463+0900][gc,init] Memory: 8192M
[2022-12-17T20:06:22.463+0900][gc,init] Large Page Support: Disabled
[2022-12-17T20:06:22.463+0900][gc,init] NUMA Support: Disabled
[2022-12-17T20:06:22.463+0900][gc,init] Compressed Oops: Enabled (Zero based)
[2022-12-17T20:06:22.463+0900][gc,init] Heap Region Size: 1M
[2022-12-17T20:06:22.463+0900][gc,init] Heap Min Capacity: 1G
[2022-12-17T20:06:22.463+0900][gc,init] Heap Initial Capacity: 1G
[2022-12-17T20:06:22.463+0900][gc,init] Heap Max Capacity: 1G
[2022-12-17T20:06:22.463+0900][gc,init] Pre-touch: Disabled
[2022-12-17T20:06:22.463+0900][gc,init] Parallel Workers: 8
[2022-12-17T20:06:22.463+0900][gc,init] Concurrent Workers: 2
[2022-12-17T20:06:22.463+0900][gc,init] Concurrent Refinement Workers: 8
[2022-12-17T20:06:22.463+0900][gc,init] Periodic GC: Disabled
[2022-12-17T20:06:22.463+0900][gc,metaspace] CDS archive(s) mapped at: [0x0000000800000000-0x0000000800bd8000-0x0000000800bd8000), size 12419072, SharedBaseAddress: 0x0000000800000000, ArchiveRelocationMode: 0.
[2022-12-17T20:06:22.463+0900][gc,metaspace] Compressed class space mapped at: 0x0000000800c00000-0x0000000840c00000, reserved size: 1073741824
[2022-12-17T20:06:22.463+0900][gc,metaspace] Narrow klass base: 0x0000000800000000, Narrow klass shift: 0, Narrow klass range: 0x100000000
[2022-12-17T20:06:23.360+0900][gc,start    ] GC(0) Pause Young (Normal) (G1 Evacuation Pause)
[2022-12-17T20:06:23.360+0900][gc,task     ] GC(0) Using 8 workers of 8 for evacuation
[2022-12-17T20:06:23.362+0900][gc,phases   ] GC(0)   Pre Evacuate Collection Set: 0.1ms
[2022-12-17T20:06:23.362+0900][gc,phases   ] GC(0)   Merge Heap Roots: 0.0ms
[2022-12-17T20:06:23.362+0900][gc,phases   ] GC(0)   Evacuate Collection Set: 2.1ms
[2022-12-17T20:06:23.362+0900][gc,phases   ] GC(0)   Post Evacuate Collection Set: 0.2ms
[2022-12-17T20:06:23.362+0900][gc,phases   ] GC(0)   Other: 0.2ms
[2022-12-17T20:06:23.362+0900][gc,heap     ] GC(0) Eden regions: 51->0(44)
[2022-12-17T20:06:23.362+0900][gc,heap     ] GC(0) Survivor regions: 0->7(7)
[2022-12-17T20:06:23.362+0900][gc,heap     ] GC(0) Old regions: 0->1
[2022-12-17T20:06:23.362+0900][gc,heap     ] GC(0) Archive regions: 2->2
[2022-12-17T20:06:23.362+0900][gc,heap     ] GC(0) Humongous regions: 0->0
[2022-12-17T20:06:23.362+0900][gc,metaspace] GC(0) Metaspace: 18705K(18944K)->18705K(18944K) NonClass: 16202K(16320K)->16202K(16320K) Class: 2503K(2624K)->2503K(2624K)
[2022-12-17T20:06:23.363+0900][gc          ] GC(0) Pause Young (Normal) (G1 Evacuation Pause) 51M->8M(1024M) 2.755ms
[2022-12-17T20:06:23.363+0900][gc,cpu      ] GC(0) User=0.01s Sys=0.00s Real=0.00s
[2022-12-17T20:06:23.460+0900][gc,start    ] GC(1) Pause Young (Concurrent Start) (Metadata GC Threshold)
[2022-12-17T20:06:23.460+0900][gc,task     ] GC(1) Using 8 workers of 8 for evacuation
[2022-12-17T20:06:23.464+0900][gc,phases   ] GC(1)   Pre Evacuate Collection Set: 0.1ms
[2022-12-17T20:06:23.464+0900][gc,phases   ] GC(1)   Merge Heap Roots: 0.0ms
[2022-12-17T20:06:23.464+0900][gc,phases   ] GC(1)   Evacuate Collection Set: 3.4ms
[2022-12-17T20:06:23.464+0900][gc,phases   ] GC(1)   Post Evacuate Collection Set: 0.2ms
[2022-12-17T20:06:23.464+0900][gc,phases   ] GC(1)   Other: 0.1ms
[2022-12-17T20:06:23.464+0900][gc,heap     ] GC(1) Eden regions: 10->0(49)
[2022-12-17T20:06:23.464+0900][gc,heap     ] GC(1) Survivor regions: 7->2(7)
[2022-12-17T20:06:23.464+0900][gc,heap     ] GC(1) Old regions: 1->8
[2022-12-17T20:06:23.464+0900][gc,heap     ] GC(1) Archive regions: 2->2
[2022-12-17T20:06:23.464+0900][gc,heap     ] GC(1) Humongous regions: 0->0
[2022-12-17T20:06:23.464+0900][gc,metaspace] GC(1) Metaspace: 21232K(21504K)->21232K(21504K) NonClass: 18375K(18496K)->18375K(18496K) Class: 2857K(3008K)->2857K(3008K)
[2022-12-17T20:06:23.464+0900][gc          ] GC(1) Pause Young (Concurrent Start) (Metadata GC Threshold) 18M->9M(1024M) 3.878ms
[2022-12-17T20:06:23.464+0900][gc,cpu      ] GC(1) User=0.01s Sys=0.01s Real=0.00s
[2022-12-17T20:06:23.464+0900][gc          ] GC(2) Concurrent Mark Cycle
[2022-12-17T20:06:23.464+0900][gc,marking  ] GC(2) Concurrent Clear Claimed Marks
[2022-12-17T20:06:23.464+0900][gc,marking  ] GC(2) Concurrent Clear Claimed Marks 0.011ms
[2022-12-17T20:06:23.464+0900][gc,marking  ] GC(2) Concurrent Scan Root Regions
[2022-12-17T20:06:23.465+0900][gc,marking  ] GC(2) Concurrent Scan Root Regions 1.489ms
[2022-12-17T20:06:23.465+0900][gc,marking  ] GC(2) Concurrent Mark
[2022-12-17T20:06:23.465+0900][gc,marking  ] GC(2) Concurrent Mark From Roots
[2022-12-17T20:06:23.465+0900][gc,task     ] GC(2) Using 2 workers of 2 for marking
[2022-12-17T20:06:23.466+0900][gc,marking  ] GC(2) Concurrent Mark From Roots 0.474ms
[2022-12-17T20:06:23.466+0900][gc,marking  ] GC(2) Concurrent Preclean
[2022-12-17T20:06:23.466+0900][gc,marking  ] GC(2) Concurrent Preclean 0.012ms
[2022-12-17T20:06:23.466+0900][gc,start    ] GC(2) Pause Remark
[2022-12-17T20:06:23.467+0900][gc          ] GC(2) Pause Remark 9M->9M(1024M) 0.744ms
[2022-12-17T20:06:23.467+0900][gc,cpu      ] GC(2) User=0.00s Sys=0.00s Real=0.00s
[2022-12-17T20:06:23.467+0900][gc,marking  ] GC(2) Concurrent Mark 1.321ms
[2022-12-17T20:06:23.467+0900][gc,marking  ] GC(2) Concurrent Rebuild Remembered Sets
[2022-12-17T20:06:23.468+0900][gc,marking  ] GC(2) Concurrent Rebuild Remembered Sets 1.353ms
[2022-12-17T20:06:23.468+0900][gc,start    ] GC(2) Pause Cleanup
[2022-12-17T20:06:23.468+0900][gc          ] GC(2) Pause Cleanup 9M->9M(1024M) 0.058ms
[2022-12-17T20:06:23.468+0900][gc,cpu      ] GC(2) User=0.00s Sys=0.00s Real=0.00s
[2022-12-17T20:06:23.468+0900][gc,marking  ] GC(2) Concurrent Cleanup for Next Mark
[2022-12-17T20:06:23.469+0900][gc,marking  ] GC(2) Concurrent Cleanup for Next Mark 1.298ms
[2022-12-17T20:06:23.469+0900][gc          ] GC(2) Concurrent Mark Cycle 5.672ms
[2022-12-17T20:06:23.874+0900][gc,start    ] GC(3) Pause Young (Normal) (G1 Evacuation Pause)
[2022-12-17T20:06:23.874+0900][gc,task     ] GC(3) Using 8 workers of 8 for evacuation
[2022-12-17T20:06:23.876+0900][gc,phases   ] GC(3)   Pre Evacuate Collection Set: 0.1ms
[2022-12-17T20:06:23.876+0900][gc,phases   ] GC(3)   Merge Heap Roots: 0.0ms
[2022-12-17T20:06:23.876+0900][gc,phases   ] GC(3)   Evacuate Collection Set: 1.9ms
[2022-12-17T20:06:23.876+0900][gc,phases   ] GC(3)   Post Evacuate Collection Set: 0.2ms
[2022-12-17T20:06:23.876+0900][gc,phases   ] GC(3)   Other: 0.1ms
[2022-12-17T20:06:23.876+0900][gc,heap     ] GC(3) Eden regions: 49->0(45)
[2022-12-17T20:06:23.876+0900][gc,heap     ] GC(3) Survivor regions: 2->6(7)
[2022-12-17T20:06:23.876+0900][gc,heap     ] GC(3) Old regions: 8->8
[2022-12-17T20:06:23.876+0900][gc,heap     ] GC(3) Archive regions: 2->2
[2022-12-17T20:06:23.876+0900][gc,heap     ] GC(3) Humongous regions: 129->129
[2022-12-17T20:06:23.876+0900][gc,metaspace] GC(3) Metaspace: 32855K(33152K)->32855K(33152K) NonClass: 28837K(28992K)->28837K(28992K) Class: 4018K(4160K)->4018K(4160K)
[2022-12-17T20:06:23.876+0900][gc          ] GC(3) Pause Young (Normal) (G1 Evacuation Pause) 187M->143M(1024M) 2.378ms
[2022-12-17T20:06:23.876+0900][gc,cpu      ] GC(3) User=0.01s Sys=0.00s Real=0.00s
[2022-12-17T20:06:23.938+0900][gc,start    ] GC(4) Pause Young (Concurrent Start) (Metadata GC Threshold)
[2022-12-17T20:06:23.938+0900][gc,task     ] GC(4) Using 8 workers of 8 for evacuation
[2022-12-17T20:06:23.940+0900][gc,phases   ] GC(4)   Pre Evacuate Collection Set: 0.1ms
[2022-12-17T20:06:23.940+0900][gc,phases   ] GC(4)   Merge Heap Roots: 0.0ms
[2022-12-17T20:06:23.940+0900][gc,phases   ] GC(4)   Evacuate Collection Set: 1.7ms
[2022-12-17T20:06:23.940+0900][gc,phases   ] GC(4)   Post Evacuate Collection Set: 0.2ms
[2022-12-17T20:06:23.940+0900][gc,phases   ] GC(4)   Other: 0.1ms
[2022-12-17T20:06:23.940+0900][gc,heap     ] GC(4) Eden regions: 14->0(49)
[2022-12-17T20:06:23.940+0900][gc,heap     ] GC(4) Survivor regions: 6->2(7)
[2022-12-17T20:06:23.940+0900][gc,heap     ] GC(4) Old regions: 8->13
[2022-12-17T20:06:23.940+0900][gc,heap     ] GC(4) Archive regions: 2->2
[2022-12-17T20:06:23.940+0900][gc,heap     ] GC(4) Humongous regions: 129->129
[2022-12-17T20:06:23.940+0900][gc,metaspace] GC(4) Metaspace: 35681K(35968K)->35681K(35968K) NonClass: 31204K(31360K)->31204K(31360K) Class: 4477K(4608K)->4477K(4608K)
[2022-12-17T20:06:23.940+0900][gc          ] GC(4) Pause Young (Concurrent Start) (Metadata GC Threshold) 156M->143M(1024M) 2.144ms
[2022-12-17T20:06:23.940+0900][gc,cpu      ] GC(4) User=0.01s Sys=0.01s Real=0.01s
[2022-12-17T20:06:23.940+0900][gc          ] GC(5) Concurrent Mark Cycle
[2022-12-17T20:06:23.940+0900][gc,marking  ] GC(5) Concurrent Clear Claimed Marks
[2022-12-17T20:06:23.940+0900][gc,marking  ] GC(5) Concurrent Clear Claimed Marks 0.009ms
[2022-12-17T20:06:23.940+0900][gc,marking  ] GC(5) Concurrent Scan Root Regions
[2022-12-17T20:06:23.942+0900][gc,marking  ] GC(5) Concurrent Scan Root Regions 1.521ms
[2022-12-17T20:06:23.942+0900][gc,marking  ] GC(5) Concurrent Mark
[2022-12-17T20:06:23.942+0900][gc,marking  ] GC(5) Concurrent Mark From Roots
[2022-12-17T20:06:23.942+0900][gc,task     ] GC(5) Using 2 workers of 2 for marking
[2022-12-17T20:06:23.946+0900][gc,marking  ] GC(5) Concurrent Mark From Roots 3.645ms
[2022-12-17T20:06:23.946+0900][gc,marking  ] GC(5) Concurrent Preclean
[2022-12-17T20:06:23.946+0900][gc,marking  ] GC(5) Concurrent Preclean 0.063ms
[2022-12-17T20:06:23.946+0900][gc,start    ] GC(5) Pause Remark
[2022-12-17T20:06:23.947+0900][gc          ] GC(5) Pause Remark 145M->145M(1024M) 0.929ms
[2022-12-17T20:06:23.947+0900][gc,cpu      ] GC(5) User=0.00s Sys=0.00s Real=0.00s
[2022-12-17T20:06:23.947+0900][gc,marking  ] GC(5) Concurrent Mark 5.230ms
[2022-12-17T20:06:23.947+0900][gc,marking  ] GC(5) Concurrent Rebuild Remembered Sets
[2022-12-17T20:06:23.951+0900][gc,marking  ] GC(5) Concurrent Rebuild Remembered Sets 3.347ms
[2022-12-17T20:06:23.951+0900][gc,start    ] GC(5) Pause Cleanup
[2022-12-17T20:06:23.951+0900][gc          ] GC(5) Pause Cleanup 145M->145M(1024M) 0.064ms
[2022-12-17T20:06:23.951+0900][gc,cpu      ] GC(5) User=0.00s Sys=0.00s Real=0.00s
[2022-12-17T20:06:23.951+0900][gc,marking  ] GC(5) Concurrent Cleanup for Next Mark
[2022-12-17T20:06:23.952+0900][gc,marking  ] GC(5) Concurrent Cleanup for Next Mark 1.428ms
[2022-12-17T20:06:23.952+0900][gc          ] GC(5) Concurrent Mark Cycle 11.835ms
[2022-12-17T20:14:33.188+0900][gc,start    ] GC(6) Pause Young (Prepare Mixed) (G1 Evacuation Pause)
[2022-12-17T20:14:33.188+0900][gc,task     ] GC(6) Using 8 workers of 8 for evacuation
[2022-12-17T20:14:33.203+0900][gc,phases   ] GC(6)   Pre Evacuate Collection Set: 0.3ms
[2022-12-17T20:14:33.203+0900][gc,phases   ] GC(6)   Merge Heap Roots: 0.1ms
[2022-12-17T20:14:33.203+0900][gc,phases   ] GC(6)   Evacuate Collection Set: 13.5ms
[2022-12-17T20:14:33.203+0900][gc,phases   ] GC(6)   Post Evacuate Collection Set: 0.5ms
[2022-12-17T20:14:33.203+0900][gc,phases   ] GC(6)   Other: 0.6ms
[2022-12-17T20:14:33.203+0900][gc,heap     ] GC(6) Eden regions: 49->0(46)
[2022-12-17T20:14:33.203+0900][gc,heap     ] GC(6) Survivor regions: 2->5(7)
[2022-12-17T20:14:33.203+0900][gc,heap     ] GC(6) Old regions: 13->13
[2022-12-17T20:14:33.203+0900][gc,heap     ] GC(6) Archive regions: 2->2
[2022-12-17T20:14:33.203+0900][gc,heap     ] GC(6) Humongous regions: 129->129
[2022-12-17T20:14:33.203+0900][gc,metaspace] GC(6) Metaspace: 40031K(40512K)->40031K(40512K) NonClass: 34946K(35200K)->34946K(35200K) Class: 5085K(5312K)->5085K(5312K)
[2022-12-17T20:14:33.203+0900][gc          ] GC(6) Pause Young (Prepare Mixed) (G1 Evacuation Pause) 192M->146M(1024M) 15.143ms
[2022-12-17T20:14:33.203+0900][gc,cpu      ] GC(6) User=0.03s Sys=0.04s Real=0.02s
[2022-12-18T00:11:56.961+0900][gc,start    ] GC(7) Pause Young (Mixed) (G1 Evacuation Pause)
[2022-12-18T00:11:56.962+0900][gc,task     ] GC(7) Using 8 workers of 8 for evacuation
[2022-12-18T00:11:56.985+0900][gc,mmu      ] GC(7) MMU target violated: 21.0ms (20.0ms/21.0ms)
[2022-12-18T00:11:56.985+0900][gc,phases   ] GC(7)   Pre Evacuate Collection Set: 0.5ms
[2022-12-18T00:11:56.985+0900][gc,phases   ] GC(7)   Merge Heap Roots: 0.3ms
[2022-12-18T00:11:56.985+0900][gc,phases   ] GC(7)   Evacuate Collection Set: 21.9ms
[2022-12-18T00:11:56.985+0900][gc,phases   ] GC(7)   Post Evacuate Collection Set: 0.5ms
[2022-12-18T00:11:56.985+0900][gc,phases   ] GC(7)   Other: 1.5ms
[2022-12-18T00:11:56.985+0900][gc,heap     ] GC(7) Eden regions: 46->0(47)
[2022-12-18T00:11:56.985+0900][gc,heap     ] GC(7) Survivor regions: 5->4(7)
[2022-12-18T00:11:56.985+0900][gc,heap     ] GC(7) Old regions: 13->14
[2022-12-18T00:11:56.985+0900][gc,heap     ] GC(7) Archive regions: 2->2
[2022-12-18T00:11:56.985+0900][gc,heap     ] GC(7) Humongous regions: 129->129
[2022-12-18T00:11:56.985+0900][gc,metaspace] GC(7) Metaspace: 40842K(41344K)->40842K(41344K) NonClass: 35623K(35904K)->35623K(35904K) Class: 5219K(5440K)->5219K(5440K)
[2022-12-18T00:11:56.985+0900][gc          ] GC(7) Pause Young (Mixed) (G1 Evacuation Pause) 192M->146M(1024M) 24.772ms
[2022-12-18T00:11:56.986+0900][gc,cpu      ] GC(7) User=0.02s Sys=0.04s Real=0.02s
[2022-12-18T08:33:40.364+0900][gc,heap,exit] Heap
[2022-12-18T08:33:40.364+0900][gc,heap,exit]  garbage-first heap   total 1048576K, used 197824K [0x00000007c0000000, 0x0000000800000000)
[2022-12-18T08:33:40.364+0900][gc,heap,exit]   region size 1024K, 51 young (52224K), 4 survivors (4096K)
[2022-12-18T08:33:40.364+0900][gc,heap,exit]  Metaspace       used 41065K, committed 41600K, reserved 1089536K
[2022-12-18T08:33:40.364+0900][gc,heap,exit]   class space    used 5278K, committed 5504K, reserved 1048576K
