[2022-12-17T20:06:51.486+0900][gc] Using G1
[2022-12-17T20:06:51.487+0900][gc,init] Version: 17.0.5+8-LTS (release)
[2022-12-17T20:06:51.487+0900][gc,init] CPUs: 8 total, 8 available
[2022-12-17T20:06:51.487+0900][gc,init] Memory: 8192M
[2022-12-17T20:06:51.487+0900][gc,init] Large Page Support: Disabled
[2022-12-17T20:06:51.487+0900][gc,init] NUMA Support: Disabled
[2022-12-17T20:06:51.487+0900][gc,init] Compressed Oops: Enabled (Zero based)
[2022-12-17T20:06:51.487+0900][gc,init] Heap Region Size: 1M
[2022-12-17T20:06:51.487+0900][gc,init] Heap Min Capacity: 1G
[2022-12-17T20:06:51.487+0900][gc,init] Heap Initial Capacity: 1G
[2022-12-17T20:06:51.487+0900][gc,init] Heap Max Capacity: 1G
[2022-12-17T20:06:51.487+0900][gc,init] Pre-touch: Disabled
[2022-12-17T20:06:51.487+0900][gc,init] Parallel Workers: 8
[2022-12-17T20:06:51.487+0900][gc,init] Concurrent Workers: 2
[2022-12-17T20:06:51.487+0900][gc,init] Concurrent Refinement Workers: 8
[2022-12-17T20:06:51.487+0900][gc,init] Periodic GC: Disabled
[2022-12-17T20:06:51.487+0900][gc,metaspace] CDS archive(s) mapped at: [0x0000000800000000-0x0000000800bd8000-0x0000000800bd8000), size 12419072, SharedBaseAddress: 0x0000000800000000, ArchiveRelocationMode: 0.
[2022-12-17T20:06:51.487+0900][gc,metaspace] Compressed class space mapped at: 0x0000000800c00000-0x0000000840c00000, reserved size: 1073741824
[2022-12-17T20:06:51.487+0900][gc,metaspace] Narrow klass base: 0x0000000800000000, Narrow klass shift: 0, Narrow klass range: 0x100000000
[2022-12-17T20:06:52.535+0900][gc,start    ] GC(0) Pause Young (Normal) (G1 Evacuation Pause)
[2022-12-17T20:06:52.536+0900][gc,task     ] GC(0) Using 8 workers of 8 for evacuation
[2022-12-17T20:06:52.538+0900][gc,phases   ] GC(0)   Pre Evacuate Collection Set: 0.1ms
[2022-12-17T20:06:52.538+0900][gc,phases   ] GC(0)   Merge Heap Roots: 0.0ms
[2022-12-17T20:06:52.538+0900][gc,phases   ] GC(0)   Evacuate Collection Set: 2.1ms
[2022-12-17T20:06:52.538+0900][gc,phases   ] GC(0)   Post Evacuate Collection Set: 0.2ms
[2022-12-17T20:06:52.538+0900][gc,phases   ] GC(0)   Other: 0.3ms
[2022-12-17T20:06:52.538+0900][gc,heap     ] GC(0) Eden regions: 51->0(44)
[2022-12-17T20:06:52.538+0900][gc,heap     ] GC(0) Survivor regions: 0->7(7)
[2022-12-17T20:06:52.538+0900][gc,heap     ] GC(0) Old regions: 0->1
[2022-12-17T20:06:52.538+0900][gc,heap     ] GC(0) Archive regions: 2->2
[2022-12-17T20:06:52.538+0900][gc,heap     ] GC(0) Humongous regions: 0->0
[2022-12-17T20:06:52.538+0900][gc,metaspace] GC(0) Metaspace: 18918K(19136K)->18918K(19136K) NonClass: 16375K(16512K)->16375K(16512K) Class: 2542K(2624K)->2542K(2624K)
[2022-12-17T20:06:52.538+0900][gc          ] GC(0) Pause Young (Normal) (G1 Evacuation Pause) 51M->8M(1024M) 2.863ms
[2022-12-17T20:06:52.538+0900][gc,cpu      ] GC(0) User=0.01s Sys=0.00s Real=0.00s
[2022-12-17T20:06:52.610+0900][gc,start    ] GC(1) Pause Young (Concurrent Start) (Metadata GC Threshold)
[2022-12-17T20:06:52.610+0900][gc,task     ] GC(1) Using 8 workers of 8 for evacuation
[2022-12-17T20:06:52.613+0900][gc,phases   ] GC(1)   Pre Evacuate Collection Set: 0.1ms
[2022-12-17T20:06:52.613+0900][gc,phases   ] GC(1)   Merge Heap Roots: 0.0ms
[2022-12-17T20:06:52.613+0900][gc,phases   ] GC(1)   Evacuate Collection Set: 2.8ms
[2022-12-17T20:06:52.613+0900][gc,phases   ] GC(1)   Post Evacuate Collection Set: 0.2ms
[2022-12-17T20:06:52.613+0900][gc,phases   ] GC(1)   Other: 0.1ms
[2022-12-17T20:06:52.613+0900][gc,heap     ] GC(1) Eden regions: 9->0(49)
[2022-12-17T20:06:52.613+0900][gc,heap     ] GC(1) Survivor regions: 7->2(7)
[2022-12-17T20:06:52.613+0900][gc,heap     ] GC(1) Old regions: 1->8
[2022-12-17T20:06:52.613+0900][gc,heap     ] GC(1) Archive regions: 2->2
[2022-12-17T20:06:52.613+0900][gc,heap     ] GC(1) Humongous regions: 0->0
[2022-12-17T20:06:52.613+0900][gc,metaspace] GC(1) Metaspace: 21290K(21504K)->21290K(21504K) NonClass: 18426K(18496K)->18426K(18496K) Class: 2863K(3008K)->2863K(3008K)
[2022-12-17T20:06:52.613+0900][gc          ] GC(1) Pause Young (Concurrent Start) (Metadata GC Threshold) 17M->9M(1024M) 3.241ms
[2022-12-17T20:06:52.613+0900][gc,cpu      ] GC(1) User=0.01s Sys=0.01s Real=0.00s
[2022-12-17T20:06:52.613+0900][gc          ] GC(2) Concurrent Mark Cycle
[2022-12-17T20:06:52.613+0900][gc,marking  ] GC(2) Concurrent Clear Claimed Marks
[2022-12-17T20:06:52.613+0900][gc,marking  ] GC(2) Concurrent Clear Claimed Marks 0.012ms
[2022-12-17T20:06:52.613+0900][gc,marking  ] GC(2) Concurrent Scan Root Regions
[2022-12-17T20:06:52.615+0900][gc,marking  ] GC(2) Concurrent Scan Root Regions 1.364ms
[2022-12-17T20:06:52.615+0900][gc,marking  ] GC(2) Concurrent Mark
[2022-12-17T20:06:52.615+0900][gc,marking  ] GC(2) Concurrent Mark From Roots
[2022-12-17T20:06:52.615+0900][gc,task     ] GC(2) Using 2 workers of 2 for marking
[2022-12-17T20:06:52.615+0900][gc,marking  ] GC(2) Concurrent Mark From Roots 0.504ms
[2022-12-17T20:06:52.615+0900][gc,marking  ] GC(2) Concurrent Preclean
[2022-12-17T20:06:52.615+0900][gc,marking  ] GC(2) Concurrent Preclean 0.013ms
[2022-12-17T20:06:52.615+0900][gc,start    ] GC(2) Pause Remark
[2022-12-17T20:06:52.616+0900][gc          ] GC(2) Pause Remark 9M->9M(1024M) 0.819ms
[2022-12-17T20:06:52.616+0900][gc,cpu      ] GC(2) User=0.00s Sys=0.00s Real=0.00s
[2022-12-17T20:06:52.616+0900][gc,marking  ] GC(2) Concurrent Mark 1.449ms
[2022-12-17T20:06:52.616+0900][gc,marking  ] GC(2) Concurrent Rebuild Remembered Sets
[2022-12-17T20:06:52.618+0900][gc,marking  ] GC(2) Concurrent Rebuild Remembered Sets 1.355ms
[2022-12-17T20:06:52.618+0900][gc,start    ] GC(2) Pause Cleanup
[2022-12-17T20:06:52.618+0900][gc          ] GC(2) Pause Cleanup 9M->9M(1024M) 0.066ms
[2022-12-17T20:06:52.618+0900][gc,cpu      ] GC(2) User=0.00s Sys=0.00s Real=0.00s
[2022-12-17T20:06:52.618+0900][gc,marking  ] GC(2) Concurrent Cleanup for Next Mark
[2022-12-17T20:06:52.619+0900][gc,marking  ] GC(2) Concurrent Cleanup for Next Mark 1.235ms
[2022-12-17T20:06:52.619+0900][gc          ] GC(2) Concurrent Mark Cycle 5.673ms
[2022-12-17T20:06:53.004+0900][gc,start    ] GC(3) Pause Young (Normal) (G1 Evacuation Pause)
[2022-12-17T20:06:53.004+0900][gc,task     ] GC(3) Using 8 workers of 8 for evacuation
[2022-12-17T20:06:53.006+0900][gc,phases   ] GC(3)   Pre Evacuate Collection Set: 0.1ms
[2022-12-17T20:06:53.006+0900][gc,phases   ] GC(3)   Merge Heap Roots: 0.0ms
[2022-12-17T20:06:53.006+0900][gc,phases   ] GC(3)   Evacuate Collection Set: 1.8ms
[2022-12-17T20:06:53.006+0900][gc,phases   ] GC(3)   Post Evacuate Collection Set: 0.2ms
[2022-12-17T20:06:53.006+0900][gc,phases   ] GC(3)   Other: 0.1ms
[2022-12-17T20:06:53.006+0900][gc,heap     ] GC(3) Eden regions: 49->0(45)
[2022-12-17T20:06:53.006+0900][gc,heap     ] GC(3) Survivor regions: 2->6(7)
[2022-12-17T20:06:53.006+0900][gc,heap     ] GC(3) Old regions: 8->8
[2022-12-17T20:06:53.006+0900][gc,heap     ] GC(3) Archive regions: 2->2
[2022-12-17T20:06:53.006+0900][gc,heap     ] GC(3) Humongous regions: 129->129
[2022-12-17T20:06:53.006+0900][gc,metaspace] GC(3) Metaspace: 32971K(33216K)->32971K(33216K) NonClass: 28978K(29120K)->28978K(29120K) Class: 3992K(4096K)->3992K(4096K)
[2022-12-17T20:06:53.006+0900][gc          ] GC(3) Pause Young (Normal) (G1 Evacuation Pause) 187M->142M(1024M) 2.258ms
[2022-12-17T20:06:53.006+0900][gc,cpu      ] GC(3) User=0.01s Sys=0.00s Real=0.00s
[2022-12-17T20:07:13.027+0900][gc,start    ] GC(4) Pause Young (Concurrent Start) (Metadata GC Threshold)
[2022-12-17T20:07:13.027+0900][gc,task     ] GC(4) Using 8 workers of 8 for evacuation
[2022-12-17T20:07:13.040+0900][gc,phases   ] GC(4)   Pre Evacuate Collection Set: 0.2ms
[2022-12-17T20:07:13.040+0900][gc,phases   ] GC(4)   Merge Heap Roots: 0.2ms
[2022-12-17T20:07:13.040+0900][gc,phases   ] GC(4)   Evacuate Collection Set: 11.5ms
[2022-12-17T20:07:13.040+0900][gc,phases   ] GC(4)   Post Evacuate Collection Set: 1.0ms
[2022-12-17T20:07:13.040+0900][gc,phases   ] GC(4)   Other: 0.3ms
[2022-12-17T20:07:13.040+0900][gc,heap     ] GC(4) Eden regions: 14->0(49)
[2022-12-17T20:07:13.041+0900][gc,heap     ] GC(4) Survivor regions: 6->2(7)
[2022-12-17T20:07:13.041+0900][gc,heap     ] GC(4) Old regions: 8->13
[2022-12-17T20:07:13.041+0900][gc,heap     ] GC(4) Archive regions: 2->2
[2022-12-17T20:07:13.041+0900][gc,heap     ] GC(4) Humongous regions: 129->129
[2022-12-17T20:07:13.041+0900][gc,metaspace] GC(4) Metaspace: 35645K(35968K)->35645K(35968K) NonClass: 31230K(31424K)->31230K(31424K) Class: 4414K(4544K)->4414K(4544K)
[2022-12-17T20:07:13.041+0900][gc          ] GC(4) Pause Young (Concurrent Start) (Metadata GC Threshold) 156M->143M(1024M) 13.484ms
[2022-12-17T20:07:13.041+0900][gc,cpu      ] GC(4) User=0.02s Sys=0.00s Real=0.02s
[2022-12-17T20:07:13.041+0900][gc          ] GC(5) Concurrent Mark Cycle
[2022-12-17T20:07:13.041+0900][gc,marking  ] GC(5) Concurrent Clear Claimed Marks
[2022-12-17T20:07:13.041+0900][gc,marking  ] GC(5) Concurrent Clear Claimed Marks 0.018ms
[2022-12-17T20:07:13.041+0900][gc,marking  ] GC(5) Concurrent Scan Root Regions
[2022-12-17T20:07:13.044+0900][gc,marking  ] GC(5) Concurrent Scan Root Regions 3.478ms
[2022-12-17T20:07:13.044+0900][gc,marking  ] GC(5) Concurrent Mark
[2022-12-17T20:07:13.044+0900][gc,marking  ] GC(5) Concurrent Mark From Roots
[2022-12-17T20:07:13.044+0900][gc,task     ] GC(5) Using 2 workers of 2 for marking
[2022-12-17T20:07:13.049+0900][gc,marking  ] GC(5) Concurrent Mark From Roots 4.622ms
[2022-12-17T20:07:13.049+0900][gc,marking  ] GC(5) Concurrent Preclean
[2022-12-17T20:07:13.049+0900][gc,marking  ] GC(5) Concurrent Preclean 0.064ms
[2022-12-17T20:07:13.050+0900][gc,start    ] GC(5) Pause Remark
[2022-12-17T20:07:13.052+0900][gc          ] GC(5) Pause Remark 144M->144M(1024M) 1.885ms
[2022-12-17T20:07:13.052+0900][gc,cpu      ] GC(5) User=0.01s Sys=0.00s Real=0.00s
[2022-12-17T20:07:13.052+0900][gc,marking  ] GC(5) Concurrent Mark 7.890ms
[2022-12-17T20:07:13.052+0900][gc,marking  ] GC(5) Concurrent Rebuild Remembered Sets
[2022-12-17T20:07:13.056+0900][gc,marking  ] GC(5) Concurrent Rebuild Remembered Sets 3.493ms
[2022-12-17T20:07:13.056+0900][gc,start    ] GC(5) Pause Cleanup
[2022-12-17T20:07:13.056+0900][gc          ] GC(5) Pause Cleanup 144M->144M(1024M) 0.118ms
[2022-12-17T20:07:13.056+0900][gc,cpu      ] GC(5) User=0.00s Sys=0.00s Real=0.00s
[2022-12-17T20:07:13.056+0900][gc,marking  ] GC(5) Concurrent Cleanup for Next Mark
[2022-12-17T20:07:13.058+0900][gc,marking  ] GC(5) Concurrent Cleanup for Next Mark 1.441ms
[2022-12-17T20:07:13.058+0900][gc          ] GC(5) Concurrent Mark Cycle 16.999ms
[2022-12-17T20:15:42.648+0900][gc,start    ] GC(6) Pause Young (Normal) (G1 Evacuation Pause)
[2022-12-17T20:15:42.649+0900][gc,task     ] GC(6) Using 8 workers of 8 for evacuation
[2022-12-17T20:15:42.659+0900][gc,phases   ] GC(6)   Pre Evacuate Collection Set: 0.8ms
[2022-12-17T20:15:42.674+0900][gc,phases   ] GC(6)   Merge Heap Roots: 0.1ms
[2022-12-17T20:15:42.674+0900][gc,phases   ] GC(6)   Evacuate Collection Set: 7.8ms
[2022-12-17T20:15:42.674+0900][gc,phases   ] GC(6)   Post Evacuate Collection Set: 0.5ms
[2022-12-17T20:15:42.674+0900][gc,phases   ] GC(6)   Other: 1.5ms
[2022-12-17T20:15:42.674+0900][gc,heap     ] GC(6) Eden regions: 49->0(48)
[2022-12-17T20:15:42.674+0900][gc,heap     ] GC(6) Survivor regions: 2->3(7)
[2022-12-17T20:15:42.674+0900][gc,heap     ] GC(6) Old regions: 13->13
[2022-12-17T20:15:42.674+0900][gc,heap     ] GC(6) Archive regions: 2->2
[2022-12-17T20:15:42.674+0900][gc,heap     ] GC(6) Humongous regions: 129->129
[2022-12-17T20:15:42.674+0900][gc,metaspace] GC(6) Metaspace: 38642K(39104K)->38642K(39104K) NonClass: 33903K(34176K)->33903K(34176K) Class: 4739K(4928K)->4739K(4928K)
[2022-12-17T20:15:42.674+0900][gc          ] GC(6) Pause Young (Normal) (G1 Evacuation Pause) 192M->144M(1024M) 25.716ms
[2022-12-17T20:15:42.674+0900][gc,cpu      ] GC(6) User=0.02s Sys=0.02s Real=0.03s
[2022-12-17T20:16:41.941+0900][gc,heap,exit] Heap
[2022-12-17T20:16:41.941+0900][gc,heap,exit]  garbage-first heap   total 1048576K, used 166518K [0x00000007c0000000, 0x0000000800000000)
[2022-12-17T20:16:41.941+0900][gc,heap,exit]   region size 1024K, 21 young (21504K), 3 survivors (3072K)
[2022-12-17T20:16:41.941+0900][gc,heap,exit]  Metaspace       used 39296K, committed 39680K, reserved 1089536K
[2022-12-17T20:16:41.941+0900][gc,heap,exit]   class space    used 4885K, committed 5056K, reserved 1048576K
