[2022-12-17T20:00:17.409+0900][gc] Using G1
[2022-12-17T20:00:17.411+0900][gc,init] Version: 17.0.5+8-LTS (release)
[2022-12-17T20:00:17.411+0900][gc,init] CPUs: 8 total, 8 available
[2022-12-17T20:00:17.411+0900][gc,init] Memory: 8192M
[2022-12-17T20:00:17.411+0900][gc,init] Large Page Support: Disabled
[2022-12-17T20:00:17.411+0900][gc,init] NUMA Support: Disabled
[2022-12-17T20:00:17.411+0900][gc,init] Compressed Oops: Enabled (Zero based)
[2022-12-17T20:00:17.411+0900][gc,init] Heap Region Size: 1M
[2022-12-17T20:00:17.411+0900][gc,init] Heap Min Capacity: 1G
[2022-12-17T20:00:17.411+0900][gc,init] Heap Initial Capacity: 1G
[2022-12-17T20:00:17.411+0900][gc,init] Heap Max Capacity: 1G
[2022-12-17T20:00:17.411+0900][gc,init] Pre-touch: Disabled
[2022-12-17T20:00:17.411+0900][gc,init] Parallel Workers: 8
[2022-12-17T20:00:17.411+0900][gc,init] Concurrent Workers: 2
[2022-12-17T20:00:17.411+0900][gc,init] Concurrent Refinement Workers: 8
[2022-12-17T20:00:17.411+0900][gc,init] Periodic GC: Disabled
[2022-12-17T20:00:17.411+0900][gc,metaspace] CDS archive(s) mapped at: [0x0000000800000000-0x0000000800bd8000-0x0000000800bd8000), size 12419072, SharedBaseAddress: 0x0000000800000000, ArchiveRelocationMode: 0.
[2022-12-17T20:00:17.411+0900][gc,metaspace] Compressed class space mapped at: 0x0000000800c00000-0x0000000840c00000, reserved size: 1073741824
[2022-12-17T20:00:17.411+0900][gc,metaspace] Narrow klass base: 0x0000000800000000, Narrow klass shift: 0, Narrow klass range: 0x100000000
[2022-12-17T20:00:18.230+0900][gc,start    ] GC(0) Pause Young (Normal) (G1 Evacuation Pause)
[2022-12-17T20:00:18.230+0900][gc,task     ] GC(0) Using 8 workers of 8 for evacuation
[2022-12-17T20:00:18.233+0900][gc,phases   ] GC(0)   Pre Evacuate Collection Set: 0.1ms
[2022-12-17T20:00:18.233+0900][gc,phases   ] GC(0)   Merge Heap Roots: 0.0ms
[2022-12-17T20:00:18.233+0900][gc,phases   ] GC(0)   Evacuate Collection Set: 2.6ms
[2022-12-17T20:00:18.233+0900][gc,phases   ] GC(0)   Post Evacuate Collection Set: 0.2ms
[2022-12-17T20:00:18.233+0900][gc,phases   ] GC(0)   Other: 0.2ms
[2022-12-17T20:00:18.233+0900][gc,heap     ] GC(0) Eden regions: 51->0(44)
[2022-12-17T20:00:18.233+0900][gc,heap     ] GC(0) Survivor regions: 0->7(7)
[2022-12-17T20:00:18.233+0900][gc,heap     ] GC(0) Old regions: 0->1
[2022-12-17T20:00:18.233+0900][gc,heap     ] GC(0) Archive regions: 2->2
[2022-12-17T20:00:18.233+0900][gc,heap     ] GC(0) Humongous regions: 0->0
[2022-12-17T20:00:18.233+0900][gc,metaspace] GC(0) Metaspace: 18692K(18880K)->18692K(18880K) NonClass: 16189K(16256K)->16189K(16256K) Class: 2503K(2624K)->2503K(2624K)
[2022-12-17T20:00:18.233+0900][gc          ] GC(0) Pause Young (Normal) (G1 Evacuation Pause) 51M->8M(1024M) 3.332ms
[2022-12-17T20:00:18.233+0900][gc,cpu      ] GC(0) User=0.01s Sys=0.01s Real=0.00s
[2022-12-17T20:00:18.312+0900][gc,start    ] GC(1) Pause Young (Concurrent Start) (Metadata GC Threshold)
[2022-12-17T20:00:18.312+0900][gc,task     ] GC(1) Using 8 workers of 8 for evacuation
[2022-12-17T20:00:18.315+0900][gc,phases   ] GC(1)   Pre Evacuate Collection Set: 0.1ms
[2022-12-17T20:00:18.315+0900][gc,phases   ] GC(1)   Merge Heap Roots: 0.0ms
[2022-12-17T20:00:18.315+0900][gc,phases   ] GC(1)   Evacuate Collection Set: 2.8ms
[2022-12-17T20:00:18.315+0900][gc,phases   ] GC(1)   Post Evacuate Collection Set: 0.2ms
[2022-12-17T20:00:18.315+0900][gc,phases   ] GC(1)   Other: 0.1ms
[2022-12-17T20:00:18.315+0900][gc,heap     ] GC(1) Eden regions: 10->0(50)
[2022-12-17T20:00:18.315+0900][gc,heap     ] GC(1) Survivor regions: 7->1(7)
[2022-12-17T20:00:18.315+0900][gc,heap     ] GC(1) Old regions: 1->7
[2022-12-17T20:00:18.315+0900][gc,heap     ] GC(1) Archive regions: 2->2
[2022-12-17T20:00:18.315+0900][gc,heap     ] GC(1) Humongous regions: 0->0
[2022-12-17T20:00:18.315+0900][gc,metaspace] GC(1) Metaspace: 21286K(21504K)->21286K(21504K) NonClass: 18422K(18496K)->18422K(18496K) Class: 2863K(3008K)->2863K(3008K)
[2022-12-17T20:00:18.315+0900][gc          ] GC(1) Pause Young (Concurrent Start) (Metadata GC Threshold) 18M->8M(1024M) 3.247ms
[2022-12-17T20:00:18.315+0900][gc,cpu      ] GC(1) User=0.01s Sys=0.01s Real=0.00s
[2022-12-17T20:00:18.315+0900][gc          ] GC(2) Concurrent Mark Cycle
[2022-12-17T20:00:18.315+0900][gc,marking  ] GC(2) Concurrent Clear Claimed Marks
[2022-12-17T20:00:18.315+0900][gc,marking  ] GC(2) Concurrent Clear Claimed Marks 0.011ms
[2022-12-17T20:00:18.315+0900][gc,marking  ] GC(2) Concurrent Scan Root Regions
[2022-12-17T20:00:18.317+0900][gc,marking  ] GC(2) Concurrent Scan Root Regions 1.376ms
[2022-12-17T20:00:18.317+0900][gc,marking  ] GC(2) Concurrent Mark
[2022-12-17T20:00:18.317+0900][gc,marking  ] GC(2) Concurrent Mark From Roots
[2022-12-17T20:00:18.317+0900][gc,task     ] GC(2) Using 2 workers of 2 for marking
[2022-12-17T20:00:18.317+0900][gc,marking  ] GC(2) Concurrent Mark From Roots 0.479ms
[2022-12-17T20:00:18.317+0900][gc,marking  ] GC(2) Concurrent Preclean
[2022-12-17T20:00:18.317+0900][gc,marking  ] GC(2) Concurrent Preclean 0.012ms
[2022-12-17T20:00:18.317+0900][gc,start    ] GC(2) Pause Remark
[2022-12-17T20:00:18.318+0900][gc          ] GC(2) Pause Remark 9M->9M(1024M) 0.699ms
[2022-12-17T20:00:18.318+0900][gc,cpu      ] GC(2) User=0.01s Sys=0.00s Real=0.00s
[2022-12-17T20:00:18.318+0900][gc,marking  ] GC(2) Concurrent Mark 1.282ms
[2022-12-17T20:00:18.318+0900][gc,marking  ] GC(2) Concurrent Rebuild Remembered Sets
[2022-12-17T20:00:18.318+0900][gc,marking  ] GC(2) Concurrent Rebuild Remembered Sets 0.004ms
[2022-12-17T20:00:18.318+0900][gc,start    ] GC(2) Pause Cleanup
[2022-12-17T20:00:18.318+0900][gc          ] GC(2) Pause Cleanup 9M->9M(1024M) 0.008ms
[2022-12-17T20:00:18.318+0900][gc,cpu      ] GC(2) User=0.00s Sys=0.00s Real=0.00s
[2022-12-17T20:00:18.318+0900][gc,marking  ] GC(2) Concurrent Cleanup for Next Mark
[2022-12-17T20:00:18.319+0900][gc,marking  ] GC(2) Concurrent Cleanup for Next Mark 1.209ms
[2022-12-17T20:00:18.319+0900][gc          ] GC(2) Concurrent Mark Cycle 4.003ms
[2022-12-17T20:00:18.777+0900][gc,start    ] GC(3) Pause Young (Normal) (G1 Evacuation Pause)
[2022-12-17T20:00:18.777+0900][gc,task     ] GC(3) Using 8 workers of 8 for evacuation
[2022-12-17T20:00:18.780+0900][gc,phases   ] GC(3)   Pre Evacuate Collection Set: 0.1ms
[2022-12-17T20:00:18.780+0900][gc,phases   ] GC(3)   Merge Heap Roots: 0.1ms
[2022-12-17T20:00:18.780+0900][gc,phases   ] GC(3)   Evacuate Collection Set: 2.2ms
[2022-12-17T20:00:18.780+0900][gc,phases   ] GC(3)   Post Evacuate Collection Set: 0.2ms
[2022-12-17T20:00:18.780+0900][gc,phases   ] GC(3)   Other: 0.1ms
[2022-12-17T20:00:18.780+0900][gc,heap     ] GC(3) Eden regions: 50->0(45)
[2022-12-17T20:00:18.780+0900][gc,heap     ] GC(3) Survivor regions: 1->6(7)
[2022-12-17T20:00:18.780+0900][gc,heap     ] GC(3) Old regions: 7->7
[2022-12-17T20:00:18.780+0900][gc,heap     ] GC(3) Archive regions: 2->2
[2022-12-17T20:00:18.780+0900][gc,heap     ] GC(3) Humongous regions: 129->129
[2022-12-17T20:00:18.780+0900][gc,metaspace] GC(3) Metaspace: 33074K(33280K)->33074K(33280K) NonClass: 29013K(29120K)->29013K(29120K) Class: 4060K(4160K)->4060K(4160K)
[2022-12-17T20:00:18.780+0900][gc          ] GC(3) Pause Young (Normal) (G1 Evacuation Pause) 187M->142M(1024M) 2.634ms
[2022-12-17T20:00:18.780+0900][gc,cpu      ] GC(3) User=0.02s Sys=0.00s Real=0.01s
[2022-12-17T20:00:18.831+0900][gc,start    ] GC(4) Pause Young (Concurrent Start) (Metadata GC Threshold)
[2022-12-17T20:00:18.831+0900][gc,task     ] GC(4) Using 8 workers of 8 for evacuation
[2022-12-17T20:00:18.833+0900][gc,phases   ] GC(4)   Pre Evacuate Collection Set: 0.1ms
[2022-12-17T20:00:18.833+0900][gc,phases   ] GC(4)   Merge Heap Roots: 0.1ms
[2022-12-17T20:00:18.833+0900][gc,phases   ] GC(4)   Evacuate Collection Set: 2.0ms
[2022-12-17T20:00:18.833+0900][gc,phases   ] GC(4)   Post Evacuate Collection Set: 0.1ms
[2022-12-17T20:00:18.833+0900][gc,phases   ] GC(4)   Other: 0.1ms
[2022-12-17T20:00:18.833+0900][gc,heap     ] GC(4) Eden regions: 12->0(49)
[2022-12-17T20:00:18.833+0900][gc,heap     ] GC(4) Survivor regions: 6->2(7)
[2022-12-17T20:00:18.833+0900][gc,heap     ] GC(4) Old regions: 7->13
[2022-12-17T20:00:18.833+0900][gc,heap     ] GC(4) Archive regions: 2->2
[2022-12-17T20:00:18.833+0900][gc,heap     ] GC(4) Humongous regions: 129->129
[2022-12-17T20:00:18.833+0900][gc,metaspace] GC(4) Metaspace: 35658K(35968K)->35658K(35968K) NonClass: 31170K(31360K)->31170K(31360K) Class: 4487K(4608K)->4487K(4608K)
[2022-12-17T20:00:18.833+0900][gc          ] GC(4) Pause Young (Concurrent Start) (Metadata GC Threshold) 154M->143M(1024M) 2.503ms
[2022-12-17T20:00:18.833+0900][gc,cpu      ] GC(4) User=0.01s Sys=0.00s Real=0.00s
[2022-12-17T20:00:18.833+0900][gc          ] GC(5) Concurrent Mark Cycle
[2022-12-17T20:00:18.834+0900][gc,marking  ] GC(5) Concurrent Clear Claimed Marks
[2022-12-17T20:00:18.834+0900][gc,marking  ] GC(5) Concurrent Clear Claimed Marks 0.011ms
[2022-12-17T20:00:18.834+0900][gc,marking  ] GC(5) Concurrent Scan Root Regions
[2022-12-17T20:00:18.835+0900][gc,marking  ] GC(5) Concurrent Scan Root Regions 1.380ms
[2022-12-17T20:00:18.835+0900][gc,marking  ] GC(5) Concurrent Mark
[2022-12-17T20:00:18.835+0900][gc,marking  ] GC(5) Concurrent Mark From Roots
[2022-12-17T20:00:18.835+0900][gc,task     ] GC(5) Using 2 workers of 2 for marking
[2022-12-17T20:00:18.838+0900][gc,marking  ] GC(5) Concurrent Mark From Roots 3.169ms
[2022-12-17T20:00:18.838+0900][gc,marking  ] GC(5) Concurrent Preclean
[2022-12-17T20:00:18.838+0900][gc,marking  ] GC(5) Concurrent Preclean 0.061ms
[2022-12-17T20:00:18.838+0900][gc,start    ] GC(5) Pause Remark
[2022-12-17T20:00:18.839+0900][gc          ] GC(5) Pause Remark 145M->145M(1024M) 0.926ms
[2022-12-17T20:00:18.839+0900][gc,cpu      ] GC(5) User=0.01s Sys=0.00s Real=0.00s
[2022-12-17T20:00:18.839+0900][gc,marking  ] GC(5) Concurrent Mark 4.438ms
[2022-12-17T20:00:18.839+0900][gc,marking  ] GC(5) Concurrent Rebuild Remembered Sets
[2022-12-17T20:00:18.842+0900][gc,marking  ] GC(5) Concurrent Rebuild Remembered Sets 2.668ms
[2022-12-17T20:00:18.842+0900][gc,start    ] GC(5) Pause Cleanup
[2022-12-17T20:00:18.842+0900][gc          ] GC(5) Pause Cleanup 145M->145M(1024M) 0.132ms
[2022-12-17T20:00:18.842+0900][gc,cpu      ] GC(5) User=0.00s Sys=0.00s Real=0.00s
[2022-12-17T20:00:18.842+0900][gc,marking  ] GC(5) Concurrent Cleanup for Next Mark
[2022-12-17T20:00:18.844+0900][gc,marking  ] GC(5) Concurrent Cleanup for Next Mark 1.399ms
[2022-12-17T20:00:18.844+0900][gc          ] GC(5) Concurrent Mark Cycle 10.350ms
[2022-12-17T20:03:22.648+0900][gc,heap,exit] Heap
[2022-12-17T20:03:22.648+0900][gc,heap,exit]  garbage-first heap   total 1048576K, used 168248K [0x00000007c0000000, 0x0000000800000000)
[2022-12-17T20:03:22.648+0900][gc,heap,exit]   region size 1024K, 23 young (23552K), 2 survivors (2048K)
[2022-12-17T20:03:22.648+0900][gc,heap,exit]  Metaspace       used 37953K, committed 38464K, reserved 1089536K
[2022-12-17T20:03:22.648+0900][gc,heap,exit]   class space    used 4945K, committed 5184K, reserved 1048576K
