[2022-12-18T08:33:38.433+0900][gc] Using G1
[2022-12-18T08:33:38.434+0900][gc,init] Version: 17.0.5+8-LTS (release)
[2022-12-18T08:33:38.434+0900][gc,init] CPUs: 8 total, 8 available
[2022-12-18T08:33:38.434+0900][gc,init] Memory: 8192M
[2022-12-18T08:33:38.434+0900][gc,init] Large Page Support: Disabled
[2022-12-18T08:33:38.435+0900][gc,init] NUMA Support: Disabled
[2022-12-18T08:33:38.435+0900][gc,init] Compressed Oops: Enabled (Zero based)
[2022-12-18T08:33:38.435+0900][gc,init] Heap Region Size: 1M
[2022-12-18T08:33:38.435+0900][gc,init] Heap Min Capacity: 512M
[2022-12-18T08:33:38.435+0900][gc,init] Heap Initial Capacity: 512M
[2022-12-18T08:33:38.435+0900][gc,init] Heap Max Capacity: 512M
[2022-12-18T08:33:38.435+0900][gc,init] Pre-touch: Disabled
[2022-12-18T08:33:38.435+0900][gc,init] Parallel Workers: 8
[2022-12-18T08:33:38.435+0900][gc,init] Concurrent Workers: 2
[2022-12-18T08:33:38.435+0900][gc,init] Concurrent Refinement Workers: 8
[2022-12-18T08:33:38.435+0900][gc,init] Periodic GC: Disabled
[2022-12-18T08:33:38.435+0900][gc,metaspace] CDS archive(s) mapped at: [0x0000000800000000-0x0000000800bd8000-0x0000000800bd8000), size 12419072, SharedBaseAddress: 0x0000000800000000, ArchiveRelocationMode: 0.
[2022-12-18T08:33:38.435+0900][gc,metaspace] Compressed class space mapped at: 0x0000000800c00000-0x0000000840c00000, reserved size: 1073741824
[2022-12-18T08:33:38.435+0900][gc,metaspace] Narrow klass base: 0x0000000800000000, Narrow klass shift: 0, Narrow klass range: 0x100000000
[2022-12-18T08:33:40.002+0900][gc,start    ] GC(0) Pause Young (Normal) (G1 Evacuation Pause)
[2022-12-18T08:33:40.002+0900][gc,task     ] GC(0) Using 8 workers of 8 for evacuation
[2022-12-18T08:33:40.007+0900][gc,phases   ] GC(0)   Pre Evacuate Collection Set: 0.1ms
[2022-12-18T08:33:40.007+0900][gc,phases   ] GC(0)   Merge Heap Roots: 0.0ms
[2022-12-18T08:33:40.007+0900][gc,phases   ] GC(0)   Evacuate Collection Set: 4.8ms
[2022-12-18T08:33:40.007+0900][gc,phases   ] GC(0)   Post Evacuate Collection Set: 0.2ms
[2022-12-18T08:33:40.007+0900][gc,phases   ] GC(0)   Other: 0.2ms
[2022-12-18T08:33:40.007+0900][gc,heap     ] GC(0) Eden regions: 25->0(21)
[2022-12-18T08:33:40.007+0900][gc,heap     ] GC(0) Survivor regions: 0->4(4)
[2022-12-18T08:33:40.007+0900][gc,heap     ] GC(0) Old regions: 0->4
[2022-12-18T08:33:40.007+0900][gc,heap     ] GC(0) Archive regions: 2->2
[2022-12-18T08:33:40.007+0900][gc,heap     ] GC(0) Humongous regions: 0->0
[2022-12-18T08:33:40.007+0900][gc,metaspace] GC(0) Metaspace: 7797K(7936K)->7797K(7936K) NonClass: 6920K(6976K)->6920K(6976K) Class: 877K(960K)->877K(960K)
[2022-12-18T08:33:40.007+0900][gc          ] GC(0) Pause Young (Normal) (G1 Evacuation Pause) 25M->7M(512M) 5.521ms
[2022-12-18T08:33:40.007+0900][gc,cpu      ] GC(0) User=0.01s Sys=0.01s Real=0.00s
[2022-12-18T10:18:54.034+0900][gc,start    ] GC(1) Pause Young (Normal) (G1 Evacuation Pause)
[2022-12-18T10:18:54.035+0900][gc,task     ] GC(1) Using 8 workers of 8 for evacuation
[2022-12-18T10:18:54.046+0900][gc,phases   ] GC(1)   Pre Evacuate Collection Set: 0.3ms
[2022-12-18T10:18:54.046+0900][gc,phases   ] GC(1)   Merge Heap Roots: 0.3ms
[2022-12-18T10:18:54.046+0900][gc,phases   ] GC(1)   Evacuate Collection Set: 8.7ms
[2022-12-18T10:18:54.046+0900][gc,phases   ] GC(1)   Post Evacuate Collection Set: 2.0ms
[2022-12-18T10:18:54.047+0900][gc,phases   ] GC(1)   Other: 2.5ms
[2022-12-18T10:18:54.047+0900][gc,heap     ] GC(1) Eden regions: 21->0(24)
[2022-12-18T10:18:54.047+0900][gc,heap     ] GC(1) Survivor regions: 4->1(4)
[2022-12-18T10:18:54.047+0900][gc,heap     ] GC(1) Old regions: 4->8
[2022-12-18T10:18:54.047+0900][gc,heap     ] GC(1) Archive regions: 2->2
[2022-12-18T10:18:54.047+0900][gc,heap     ] GC(1) Humongous regions: 0->0
[2022-12-18T10:18:54.048+0900][gc,metaspace] GC(1) Metaspace: 8573K(8768K)->8573K(8768K) NonClass: 7658K(7744K)->7658K(7744K) Class: 914K(1024K)->914K(1024K)
[2022-12-18T10:18:54.048+0900][gc          ] GC(1) Pause Young (Normal) (G1 Evacuation Pause) 28M->8M(512M) 13.998ms
[2022-12-18T10:18:54.048+0900][gc,cpu      ] GC(1) User=0.02s Sys=0.01s Real=0.01s
[2022-12-18T13:31:24.489+0900][gc,start    ] GC(2) Pause Young (Normal) (G1 Evacuation Pause)
[2022-12-18T13:31:24.489+0900][gc,task     ] GC(2) Using 8 workers of 8 for evacuation
[2022-12-18T13:31:24.496+0900][gc,phases   ] GC(2)   Pre Evacuate Collection Set: 0.8ms
[2022-12-18T13:31:24.496+0900][gc,phases   ] GC(2)   Merge Heap Roots: 0.4ms
[2022-12-18T13:31:24.496+0900][gc,phases   ] GC(2)   Evacuate Collection Set: 4.1ms
[2022-12-18T13:31:24.496+0900][gc,phases   ] GC(2)   Post Evacuate Collection Set: 0.5ms
[2022-12-18T13:31:24.496+0900][gc,phases   ] GC(2)   Other: 1.3ms
[2022-12-18T13:31:24.496+0900][gc,heap     ] GC(2) Eden regions: 24->0(24)
[2022-12-18T13:31:24.496+0900][gc,heap     ] GC(2) Survivor regions: 1->1(4)
[2022-12-18T13:31:24.496+0900][gc,heap     ] GC(2) Old regions: 8->8
[2022-12-18T13:31:24.496+0900][gc,heap     ] GC(2) Archive regions: 2->2
[2022-12-18T13:31:24.496+0900][gc,heap     ] GC(2) Humongous regions: 0->0
[2022-12-18T13:31:24.496+0900][gc,metaspace] GC(2) Metaspace: 8577K(8768K)->8577K(8768K) NonClass: 7663K(7744K)->7663K(7744K) Class: 914K(1024K)->914K(1024K)
[2022-12-18T13:31:24.496+0900][gc          ] GC(2) Pause Young (Normal) (G1 Evacuation Pause) 32M->8M(512M) 7.557ms
[2022-12-18T13:31:24.496+0900][gc,cpu      ] GC(2) User=0.00s Sys=0.01s Real=0.01s
[2022-12-18T16:47:38.567+0900][gc,start    ] GC(3) Pause Young (Normal) (G1 Evacuation Pause)
[2022-12-18T16:47:38.567+0900][gc,task     ] GC(3) Using 8 workers of 8 for evacuation
[2022-12-18T16:47:38.582+0900][gc,phases   ] GC(3)   Pre Evacuate Collection Set: 1.0ms
[2022-12-18T16:47:38.582+0900][gc,phases   ] GC(3)   Merge Heap Roots: 0.7ms
[2022-12-18T16:47:38.582+0900][gc,phases   ] GC(3)   Evacuate Collection Set: 12.6ms
[2022-12-18T16:47:38.582+0900][gc,phases   ] GC(3)   Post Evacuate Collection Set: 0.2ms
[2022-12-18T16:47:38.582+0900][gc,phases   ] GC(3)   Other: 1.7ms
[2022-12-18T16:47:38.582+0900][gc,heap     ] GC(3) Eden regions: 24->0(24)
[2022-12-18T16:47:38.582+0900][gc,heap     ] GC(3) Survivor regions: 1->1(4)
[2022-12-18T16:47:38.582+0900][gc,heap     ] GC(3) Old regions: 8->8
[2022-12-18T16:47:38.582+0900][gc,heap     ] GC(3) Archive regions: 2->2
[2022-12-18T16:47:38.582+0900][gc,heap     ] GC(3) Humongous regions: 0->0
[2022-12-18T16:47:38.582+0900][gc,metaspace] GC(3) Metaspace: 8592K(8768K)->8592K(8768K) NonClass: 7677K(7744K)->7677K(7744K) Class: 914K(1024K)->914K(1024K)
[2022-12-18T16:47:38.582+0900][gc          ] GC(3) Pause Young (Normal) (G1 Evacuation Pause) 32M->8M(512M) 15.250ms
[2022-12-18T16:47:38.582+0900][gc,cpu      ] GC(3) User=0.00s Sys=0.01s Real=0.02s
[2022-12-18T19:29:57.814+0900][gc,start    ] GC(4) Pause Young (Normal) (G1 Evacuation Pause)
[2022-12-18T19:29:57.815+0900][gc,task     ] GC(4) Using 8 workers of 8 for evacuation
[2022-12-18T19:29:57.849+0900][gc,mmu      ] GC(4) MMU target violated: 21.0ms (20.0ms/21.0ms)
[2022-12-18T19:29:57.849+0900][gc,phases   ] GC(4)   Pre Evacuate Collection Set: 4.0ms
[2022-12-18T19:29:57.849+0900][gc,phases   ] GC(4)   Merge Heap Roots: 1.5ms
[2022-12-18T19:29:57.849+0900][gc,phases   ] GC(4)   Evacuate Collection Set: 25.1ms
[2022-12-18T19:29:57.849+0900][gc,phases   ] GC(4)   Post Evacuate Collection Set: 2.3ms
[2022-12-18T19:29:57.849+0900][gc,phases   ] GC(4)   Other: 3.6ms
[2022-12-18T19:29:57.849+0900][gc,heap     ] GC(4) Eden regions: 24->0(24)
[2022-12-18T19:29:57.849+0900][gc,heap     ] GC(4) Survivor regions: 1->1(4)
[2022-12-18T19:29:57.849+0900][gc,heap     ] GC(4) Old regions: 8->8
[2022-12-18T19:29:57.850+0900][gc,heap     ] GC(4) Archive regions: 2->2
[2022-12-18T19:29:57.850+0900][gc,heap     ] GC(4) Humongous regions: 0->0
[2022-12-18T19:29:57.850+0900][gc,metaspace] GC(4) Metaspace: 8692K(8896K)->8692K(8896K) NonClass: 7777K(7872K)->7777K(7872K) Class: 914K(1024K)->914K(1024K)
[2022-12-18T19:29:57.850+0900][gc          ] GC(4) Pause Young (Normal) (G1 Evacuation Pause) 32M->8M(512M) 35.128ms
[2022-12-18T19:29:57.850+0900][gc,cpu      ] GC(4) User=0.01s Sys=0.03s Real=0.04s
[2022-12-18T22:18:59.501+0900][gc,start    ] GC(5) Pause Young (Normal) (G1 Evacuation Pause)
[2022-12-18T22:18:59.502+0900][gc,task     ] GC(5) Using 8 workers of 8 for evacuation
[2022-12-18T22:18:59.531+0900][gc,mmu      ] GC(5) MMU target violated: 21.0ms (20.0ms/21.0ms)
[2022-12-18T22:18:59.531+0900][gc,phases   ] GC(5)   Pre Evacuate Collection Set: 3.2ms
[2022-12-18T22:18:59.531+0900][gc,phases   ] GC(5)   Merge Heap Roots: 0.7ms
[2022-12-18T22:18:59.531+0900][gc,phases   ] GC(5)   Evacuate Collection Set: 21.1ms
[2022-12-18T22:18:59.531+0900][gc,phases   ] GC(5)   Post Evacuate Collection Set: 2.2ms
[2022-12-18T22:18:59.531+0900][gc,phases   ] GC(5)   Other: 6.0ms
[2022-12-18T22:18:59.531+0900][gc,heap     ] GC(5) Eden regions: 24->0(24)
[2022-12-18T22:18:59.531+0900][gc,heap     ] GC(5) Survivor regions: 1->1(4)
[2022-12-18T22:18:59.531+0900][gc,heap     ] GC(5) Old regions: 8->8
[2022-12-18T22:18:59.531+0900][gc,heap     ] GC(5) Archive regions: 2->2
[2022-12-18T22:18:59.531+0900][gc,heap     ] GC(5) Humongous regions: 0->0
[2022-12-18T22:18:59.531+0900][gc,metaspace] GC(5) Metaspace: 8692K(8896K)->8692K(8896K) NonClass: 7777K(7872K)->7777K(7872K) Class: 914K(1024K)->914K(1024K)
[2022-12-18T22:18:59.532+0900][gc          ] GC(5) Pause Young (Normal) (G1 Evacuation Pause) 32M->8M(512M) 30.957ms
[2022-12-18T22:18:59.533+0900][gc,cpu      ] GC(5) User=0.01s Sys=0.04s Real=0.03s
