[2022-12-17T19:59:48.722+0900][gc] Using G1
[2022-12-17T19:59:48.723+0900][gc,init] Version: 17.0.5+8-LTS (release)
[2022-12-17T19:59:48.723+0900][gc,init] CPUs: 8 total, 8 available
[2022-12-17T19:59:48.723+0900][gc,init] Memory: 8192M
[2022-12-17T19:59:48.723+0900][gc,init] Large Page Support: Disabled
[2022-12-17T19:59:48.723+0900][gc,init] NUMA Support: Disabled
[2022-12-17T19:59:48.723+0900][gc,init] Compressed Oops: Enabled (Zero based)
[2022-12-17T19:59:48.723+0900][gc,init] Heap Region Size: 1M
[2022-12-17T19:59:48.723+0900][gc,init] Heap Min Capacity: 512M
[2022-12-17T19:59:48.723+0900][gc,init] Heap Initial Capacity: 512M
[2022-12-17T19:59:48.723+0900][gc,init] Heap Max Capacity: 512M
[2022-12-17T19:59:48.723+0900][gc,init] Pre-touch: Disabled
[2022-12-17T19:59:48.723+0900][gc,init] Parallel Workers: 8
[2022-12-17T19:59:48.723+0900][gc,init] Concurrent Workers: 2
[2022-12-17T19:59:48.723+0900][gc,init] Concurrent Refinement Workers: 8
[2022-12-17T19:59:48.723+0900][gc,init] Periodic GC: Disabled
[2022-12-17T19:59:48.723+0900][gc,metaspace] CDS archive(s) mapped at: [0x0000000800000000-0x0000000800bd8000-0x0000000800bd8000), size 12419072, SharedBaseAddress: 0x0000000800000000, ArchiveRelocationMode: 0.
[2022-12-17T19:59:48.723+0900][gc,metaspace] Compressed class space mapped at: 0x0000000800c00000-0x0000000840c00000, reserved size: 1073741824
[2022-12-17T19:59:48.723+0900][gc,metaspace] Narrow klass base: 0x0000000800000000, Narrow klass shift: 0, Narrow klass range: 0x100000000
[2022-12-17T19:59:51.473+0900][gc,start    ] GC(0) Pause Young (Normal) (G1 Evacuation Pause)
[2022-12-17T19:59:51.473+0900][gc,task     ] GC(0) Using 8 workers of 8 for evacuation
[2022-12-17T19:59:51.476+0900][gc,phases   ] GC(0)   Pre Evacuate Collection Set: 0.0ms
[2022-12-17T19:59:51.476+0900][gc,phases   ] GC(0)   Merge Heap Roots: 0.1ms
[2022-12-17T19:59:51.476+0900][gc,phases   ] GC(0)   Evacuate Collection Set: 2.8ms
[2022-12-17T19:59:51.476+0900][gc,phases   ] GC(0)   Post Evacuate Collection Set: 0.3ms
[2022-12-17T19:59:51.476+0900][gc,phases   ] GC(0)   Other: 0.2ms
[2022-12-17T19:59:51.476+0900][gc,heap     ] GC(0) Eden regions: 25->0(21)
[2022-12-17T19:59:51.476+0900][gc,heap     ] GC(0) Survivor regions: 0->4(4)
[2022-12-17T19:59:51.476+0900][gc,heap     ] GC(0) Old regions: 0->4
[2022-12-17T19:59:51.476+0900][gc,heap     ] GC(0) Archive regions: 2->2
[2022-12-17T19:59:51.476+0900][gc,heap     ] GC(0) Humongous regions: 0->0
[2022-12-17T19:59:51.476+0900][gc,metaspace] GC(0) Metaspace: 7746K(7936K)->7746K(7936K) NonClass: 6872K(6976K)->6872K(6976K) Class: 873K(960K)->873K(960K)
[2022-12-17T19:59:51.476+0900][gc          ] GC(0) Pause Young (Normal) (G1 Evacuation Pause) 25M->8M(512M) 3.502ms
[2022-12-17T19:59:51.476+0900][gc,cpu      ] GC(0) User=0.01s Sys=0.01s Real=0.00s
[2022-12-17T20:03:25.065+0900][gc,heap,exit] Heap
[2022-12-17T20:03:25.066+0900][gc,heap,exit]  garbage-first heap   total 524288K, used 15413K [0x00000007e0000000, 0x0000000800000000)
[2022-12-17T20:03:25.066+0900][gc,heap,exit]   region size 1024K, 11 young (11264K), 4 survivors (4096K)
[2022-12-17T20:03:25.066+0900][gc,heap,exit]  Metaspace       used 8307K, committed 8512K, reserved 1056768K
[2022-12-17T20:03:25.066+0900][gc,heap,exit]   class space    used 914K, committed 1024K, reserved 1048576K
