[2022-12-17T20:05:34.415+0900][gc] Using G1
[2022-12-17T20:05:34.416+0900][gc,init] Version: 17.0.5+8-LTS (release)
[2022-12-17T20:05:34.416+0900][gc,init] CPUs: 8 total, 8 available
[2022-12-17T20:05:34.416+0900][gc,init] Memory: 8192M
[2022-12-17T20:05:34.416+0900][gc,init] Large Page Support: Disabled
[2022-12-17T20:05:34.416+0900][gc,init] NUMA Support: Disabled
[2022-12-17T20:05:34.416+0900][gc,init] Compressed Oops: Enabled (Zero based)
[2022-12-17T20:05:34.416+0900][gc,init] Heap Region Size: 1M
[2022-12-17T20:05:34.416+0900][gc,init] Heap Min Capacity: 512M
[2022-12-17T20:05:34.416+0900][gc,init] Heap Initial Capacity: 512M
[2022-12-17T20:05:34.416+0900][gc,init] Heap Max Capacity: 512M
[2022-12-17T20:05:34.416+0900][gc,init] Pre-touch: Disabled
[2022-12-17T20:05:34.416+0900][gc,init] Parallel Workers: 8
[2022-12-17T20:05:34.416+0900][gc,init] Concurrent Workers: 2
[2022-12-17T20:05:34.416+0900][gc,init] Concurrent Refinement Workers: 8
[2022-12-17T20:05:34.416+0900][gc,init] Periodic GC: Disabled
[2022-12-17T20:05:34.416+0900][gc,metaspace] CDS archive(s) mapped at: [0x0000000800000000-0x0000000800bd8000-0x0000000800bd8000), size 12419072, SharedBaseAddress: 0x0000000800000000, ArchiveRelocationMode: 0.
[2022-12-17T20:05:34.416+0900][gc,metaspace] Compressed class space mapped at: 0x0000000800c00000-0x0000000840c00000, reserved size: 1073741824
[2022-12-17T20:05:34.416+0900][gc,metaspace] Narrow klass base: 0x0000000800000000, Narrow klass shift: 0, Narrow klass range: 0x100000000
[2022-12-17T20:06:23.000+0900][gc,start    ] GC(0) Pause Young (Normal) (G1 Evacuation Pause)
[2022-12-17T20:06:23.000+0900][gc,task     ] GC(0) Using 8 workers of 8 for evacuation
[2022-12-17T20:06:23.009+0900][gc,phases   ] GC(0)   Pre Evacuate Collection Set: 0.1ms
[2022-12-17T20:06:23.009+0900][gc,phases   ] GC(0)   Merge Heap Roots: 0.0ms
[2022-12-17T20:06:23.009+0900][gc,phases   ] GC(0)   Evacuate Collection Set: 8.2ms
[2022-12-17T20:06:23.009+0900][gc,phases   ] GC(0)   Post Evacuate Collection Set: 0.2ms
[2022-12-17T20:06:23.009+0900][gc,phases   ] GC(0)   Other: 0.3ms
[2022-12-17T20:06:23.009+0900][gc,heap     ] GC(0) Eden regions: 25->0(21)
[2022-12-17T20:06:23.009+0900][gc,heap     ] GC(0) Survivor regions: 0->4(4)
[2022-12-17T20:06:23.009+0900][gc,heap     ] GC(0) Old regions: 0->4
[2022-12-17T20:06:23.009+0900][gc,heap     ] GC(0) Archive regions: 2->2
[2022-12-17T20:06:23.009+0900][gc,heap     ] GC(0) Humongous regions: 0->0
[2022-12-17T20:06:23.009+0900][gc,metaspace] GC(0) Metaspace: 7828K(8000K)->7828K(8000K) NonClass: 6941K(7040K)->6941K(7040K) Class: 887K(960K)->887K(960K)
[2022-12-17T20:06:23.009+0900][gc          ] GC(0) Pause Young (Normal) (G1 Evacuation Pause) 25M->7M(512M) 8.986ms
[2022-12-17T20:06:23.009+0900][gc,cpu      ] GC(0) User=0.01s Sys=0.02s Real=0.00s
[2022-12-17T20:14:29.232+0900][gc,heap,exit] Heap
[2022-12-17T20:14:29.233+0900][gc,heap,exit]  garbage-first heap   total 524288K, used 15449K [0x00000007e0000000, 0x0000000800000000)
[2022-12-17T20:14:29.233+0900][gc,heap,exit]   region size 1024K, 12 young (12288K), 4 survivors (4096K)
[2022-12-17T20:14:29.233+0900][gc,heap,exit]  Metaspace       used 8389K, committed 8576K, reserved 1056768K
[2022-12-17T20:14:29.233+0900][gc,heap,exit]   class space    used 914K, committed 1024K, reserved 1048576K
